<!doctype html public "-//w3c//dtd html 4.0 transitional//en">
<html><head>
<title>Static Call Graph - [.\Objects\ble_peripheral_mp.axf]</title></head>
<body><HR>
<H1>Static Call Graph for image .\Objects\ble_peripheral_mp.axf</H1><HR>
<BR><P>#&#060CALLGRAPH&#062# ARM Linker, 6180002: Last Updated: Tue Jul 28 15:11:33 2026
<BR><P>
<H3>Maximum Stack Usage =         64 bytes + Unknown(Cycles, Untraceable Function Pointers)</H3><H3>
Call chain for Maximum Stack Depth:</H3>
main &rArr; lpwr_ctrl_goto_sleep &rArr; patch_hw_flash_release_deep_power_down &rArr; patch_hw_flash_release_read_enhanced
<P>
<H3>
Mutually Recursive functions
</H3> <LI><a href="#[3]">MemoryManagement_Handler</a>&nbsp;&nbsp;&nbsp;&rArr;&nbsp;&nbsp;&nbsp;<a href="#[3]">MemoryManagement_Handler</a><BR>
 <LI><a href="#[4]">BusFault_Handler</a>&nbsp;&nbsp;&nbsp;&rArr;&nbsp;&nbsp;&nbsp;<a href="#[4]">BusFault_Handler</a><BR>
 <LI><a href="#[5]">UsageFault_Handler</a>&nbsp;&nbsp;&nbsp;&rArr;&nbsp;&nbsp;&nbsp;<a href="#[5]">UsageFault_Handler</a><BR>
 <LI><a href="#[7]">DebugMon_Handler</a>&nbsp;&nbsp;&nbsp;&rArr;&nbsp;&nbsp;&nbsp;<a href="#[7]">DebugMon_Handler</a><BR>
 <LI><a href="#[a]">RTC_CH0_IRQ_Handler</a>&nbsp;&nbsp;&nbsp;&rArr;&nbsp;&nbsp;&nbsp;<a href="#[a]">RTC_CH0_IRQ_Handler</a><BR>
 <LI><a href="#[b]">GPADC0_IRQ_Handler</a>&nbsp;&nbsp;&nbsp;&rArr;&nbsp;&nbsp;&nbsp;<a href="#[b]">GPADC0_IRQ_Handler</a><BR>
 <LI><a href="#[c]">LLC_IRQ_Handler</a>&nbsp;&nbsp;&nbsp;&rArr;&nbsp;&nbsp;&nbsp;<a href="#[c]">LLC_IRQ_Handler</a><BR>
 <LI><a href="#[d]">I2S_IRQ_Handler</a>&nbsp;&nbsp;&nbsp;&rArr;&nbsp;&nbsp;&nbsp;<a href="#[d]">I2S_IRQ_Handler</a><BR>
 <LI><a href="#[e]">QDEC_IRQ_Handler</a>&nbsp;&nbsp;&nbsp;&rArr;&nbsp;&nbsp;&nbsp;<a href="#[e]">QDEC_IRQ_Handler</a><BR>
 <LI><a href="#[f]">AUDIO0_IRQ_Handler</a>&nbsp;&nbsp;&nbsp;&rArr;&nbsp;&nbsp;&nbsp;<a href="#[f]">AUDIO0_IRQ_Handler</a><BR>
 <LI><a href="#[10]">CRYPT0_IRQ_Handler</a>&nbsp;&nbsp;&nbsp;&rArr;&nbsp;&nbsp;&nbsp;<a href="#[10]">CRYPT0_IRQ_Handler</a><BR>
 <LI><a href="#[11]">TRNG_IRQ_Handler</a>&nbsp;&nbsp;&nbsp;&rArr;&nbsp;&nbsp;&nbsp;<a href="#[11]">TRNG_IRQ_Handler</a><BR>
 <LI><a href="#[12]">RF_CAL_IRQ_Handler</a>&nbsp;&nbsp;&nbsp;&rArr;&nbsp;&nbsp;&nbsp;<a href="#[12]">RF_CAL_IRQ_Handler</a><BR>
 <LI><a href="#[13]">UART0_IRQ_Handler</a>&nbsp;&nbsp;&nbsp;&rArr;&nbsp;&nbsp;&nbsp;<a href="#[13]">UART0_IRQ_Handler</a><BR>
 <LI><a href="#[14]">UART1_IRQ_Handler</a>&nbsp;&nbsp;&nbsp;&rArr;&nbsp;&nbsp;&nbsp;<a href="#[14]">UART1_IRQ_Handler</a><BR>
 <LI><a href="#[15]">UART2_IRQ_Handler</a>&nbsp;&nbsp;&nbsp;&rArr;&nbsp;&nbsp;&nbsp;<a href="#[15]">UART2_IRQ_Handler</a><BR>
 <LI><a href="#[16]">SPI0_IRQ_Handler</a>&nbsp;&nbsp;&nbsp;&rArr;&nbsp;&nbsp;&nbsp;<a href="#[16]">SPI0_IRQ_Handler</a><BR>
 <LI><a href="#[17]">SPI1_IRQ_Handler</a>&nbsp;&nbsp;&nbsp;&rArr;&nbsp;&nbsp;&nbsp;<a href="#[17]">SPI1_IRQ_Handler</a><BR>
 <LI><a href="#[18]">I2C0_IRQ_Handler</a>&nbsp;&nbsp;&nbsp;&rArr;&nbsp;&nbsp;&nbsp;<a href="#[18]">I2C0_IRQ_Handler</a><BR>
 <LI><a href="#[19]">I2C1_IRQ_Handler</a>&nbsp;&nbsp;&nbsp;&rArr;&nbsp;&nbsp;&nbsp;<a href="#[19]">I2C1_IRQ_Handler</a><BR>
 <LI><a href="#[1a]">I2C2_IRQ_Handler</a>&nbsp;&nbsp;&nbsp;&rArr;&nbsp;&nbsp;&nbsp;<a href="#[1a]">I2C2_IRQ_Handler</a><BR>
 <LI><a href="#[1b]">DMA_IRQ0_Handler</a>&nbsp;&nbsp;&nbsp;&rArr;&nbsp;&nbsp;&nbsp;<a href="#[1b]">DMA_IRQ0_Handler</a><BR>
 <LI><a href="#[1c]">DMA_IRQ4_Handler</a>&nbsp;&nbsp;&nbsp;&rArr;&nbsp;&nbsp;&nbsp;<a href="#[1c]">DMA_IRQ4_Handler</a><BR>
 <LI><a href="#[1d]">TIMER0_IRQ_Handler</a>&nbsp;&nbsp;&nbsp;&rArr;&nbsp;&nbsp;&nbsp;<a href="#[1d]">TIMER0_IRQ_Handler</a><BR>
 <LI><a href="#[1e]">GPIO_IRQ0_Handler</a>&nbsp;&nbsp;&nbsp;&rArr;&nbsp;&nbsp;&nbsp;<a href="#[1e]">GPIO_IRQ0_Handler</a><BR>
 <LI><a href="#[1f]">GPIO_IRQ1_Handler</a>&nbsp;&nbsp;&nbsp;&rArr;&nbsp;&nbsp;&nbsp;<a href="#[1f]">GPIO_IRQ1_Handler</a><BR>
 <LI><a href="#[20]">GPIO_IRQ2_Handler</a>&nbsp;&nbsp;&nbsp;&rArr;&nbsp;&nbsp;&nbsp;<a href="#[20]">GPIO_IRQ2_Handler</a><BR>
 <LI><a href="#[21]">PMU_IRQ_Handler</a>&nbsp;&nbsp;&nbsp;&rArr;&nbsp;&nbsp;&nbsp;<a href="#[21]">PMU_IRQ_Handler</a><BR>
 <LI><a href="#[22]">QSPI0_IRQ_Handler</a>&nbsp;&nbsp;&nbsp;&rArr;&nbsp;&nbsp;&nbsp;<a href="#[22]">QSPI0_IRQ_Handler</a><BR>
 <LI><a href="#[23]">QSPI1_IRQ_Handler</a>&nbsp;&nbsp;&nbsp;&rArr;&nbsp;&nbsp;&nbsp;<a href="#[23]">QSPI1_IRQ_Handler</a><BR>
 <LI><a href="#[24]">QSPI2_IRQ_Handler</a>&nbsp;&nbsp;&nbsp;&rArr;&nbsp;&nbsp;&nbsp;<a href="#[24]">QSPI2_IRQ_Handler</a><BR>
 <LI><a href="#[25]">QSPI3_IRQ_Handler</a>&nbsp;&nbsp;&nbsp;&rArr;&nbsp;&nbsp;&nbsp;<a href="#[25]">QSPI3_IRQ_Handler</a><BR>
 <LI><a href="#[26]">SW_IRQ0_Handler</a>&nbsp;&nbsp;&nbsp;&rArr;&nbsp;&nbsp;&nbsp;<a href="#[26]">SW_IRQ0_Handler</a><BR>
 <LI><a href="#[27]">SW_IRQ1_Handler</a>&nbsp;&nbsp;&nbsp;&rArr;&nbsp;&nbsp;&nbsp;<a href="#[27]">SW_IRQ1_Handler</a><BR>
 <LI><a href="#[28]">USB_IRQ_Handler</a>&nbsp;&nbsp;&nbsp;&rArr;&nbsp;&nbsp;&nbsp;<a href="#[28]">USB_IRQ_Handler</a><BR>
 <LI><a href="#[29]">RTC_CH3_IRQ_Handler</a>&nbsp;&nbsp;&nbsp;&rArr;&nbsp;&nbsp;&nbsp;<a href="#[29]">RTC_CH3_IRQ_Handler</a><BR>
 <LI><a href="#[2a]">DMA_IRQ1_Handler</a>&nbsp;&nbsp;&nbsp;&rArr;&nbsp;&nbsp;&nbsp;<a href="#[2a]">DMA_IRQ1_Handler</a><BR>
 <LI><a href="#[2b]">DMA_IRQ2_Handler</a>&nbsp;&nbsp;&nbsp;&rArr;&nbsp;&nbsp;&nbsp;<a href="#[2b]">DMA_IRQ2_Handler</a><BR>
 <LI><a href="#[2c]">DMA_IRQ3_Handler</a>&nbsp;&nbsp;&nbsp;&rArr;&nbsp;&nbsp;&nbsp;<a href="#[2c]">DMA_IRQ3_Handler</a><BR>
 <LI><a href="#[2d]">DMA_IRQ5_Handler</a>&nbsp;&nbsp;&nbsp;&rArr;&nbsp;&nbsp;&nbsp;<a href="#[2d]">DMA_IRQ5_Handler</a><BR>
 <LI><a href="#[2e]">DMA_IRQ6_Handler</a>&nbsp;&nbsp;&nbsp;&rArr;&nbsp;&nbsp;&nbsp;<a href="#[2e]">DMA_IRQ6_Handler</a><BR>
 <LI><a href="#[2f]">DMA_IRQ7_Handler</a>&nbsp;&nbsp;&nbsp;&rArr;&nbsp;&nbsp;&nbsp;<a href="#[2f]">DMA_IRQ7_Handler</a><BR>
 <LI><a href="#[30]">TIMER1_IRQ_Handler</a>&nbsp;&nbsp;&nbsp;&rArr;&nbsp;&nbsp;&nbsp;<a href="#[30]">TIMER1_IRQ_Handler</a><BR>
 <LI><a href="#[31]">TIMER2_IRQ_Handler</a>&nbsp;&nbsp;&nbsp;&rArr;&nbsp;&nbsp;&nbsp;<a href="#[31]">TIMER2_IRQ_Handler</a><BR>
 <LI><a href="#[32]">TIMER3_IRQ_Handler</a>&nbsp;&nbsp;&nbsp;&rArr;&nbsp;&nbsp;&nbsp;<a href="#[32]">TIMER3_IRQ_Handler</a><BR>
 <LI><a href="#[33]">SW_IRQ2_Handler</a>&nbsp;&nbsp;&nbsp;&rArr;&nbsp;&nbsp;&nbsp;<a href="#[33]">SW_IRQ2_Handler</a><BR>
 <LI><a href="#[34]">FP_IRQ_Handler</a>&nbsp;&nbsp;&nbsp;&rArr;&nbsp;&nbsp;&nbsp;<a href="#[34]">FP_IRQ_Handler</a><BR>
 <LI><a href="#[35]">RTC_CH1_IRQ_Handler</a>&nbsp;&nbsp;&nbsp;&rArr;&nbsp;&nbsp;&nbsp;<a href="#[35]">RTC_CH1_IRQ_Handler</a><BR>
 <LI><a href="#[36]">RTC_CH2_IRQ_Handler</a>&nbsp;&nbsp;&nbsp;&rArr;&nbsp;&nbsp;&nbsp;<a href="#[36]">RTC_CH2_IRQ_Handler</a><BR>
 <LI><a href="#[37]">AUDIO1_IRQ_Handler</a>&nbsp;&nbsp;&nbsp;&rArr;&nbsp;&nbsp;&nbsp;<a href="#[37]">AUDIO1_IRQ_Handler</a><BR>
 <LI><a href="#[38]">GPADC1_IRQ_Handler</a>&nbsp;&nbsp;&nbsp;&rArr;&nbsp;&nbsp;&nbsp;<a href="#[38]">GPADC1_IRQ_Handler</a><BR>
 <LI><a href="#[39]">I2C3_IRQ_Handler</a>&nbsp;&nbsp;&nbsp;&rArr;&nbsp;&nbsp;&nbsp;<a href="#[39]">I2C3_IRQ_Handler</a><BR>
 <LI><a href="#[3a]">USB_PHY_IRQ_Handler</a>&nbsp;&nbsp;&nbsp;&rArr;&nbsp;&nbsp;&nbsp;<a href="#[3a]">USB_PHY_IRQ_Handler</a><BR>
 <LI><a href="#[3b]">STIM0_IRQ0_Handler</a>&nbsp;&nbsp;&nbsp;&rArr;&nbsp;&nbsp;&nbsp;<a href="#[3b]">STIM0_IRQ0_Handler</a><BR>
 <LI><a href="#[3c]">STIM0_IRQ1_Handler</a>&nbsp;&nbsp;&nbsp;&rArr;&nbsp;&nbsp;&nbsp;<a href="#[3c]">STIM0_IRQ1_Handler</a><BR>
 <LI><a href="#[3d]">STIM0_IRQ2_Handler</a>&nbsp;&nbsp;&nbsp;&rArr;&nbsp;&nbsp;&nbsp;<a href="#[3d]">STIM0_IRQ2_Handler</a><BR>
 <LI><a href="#[3e]">STIM0_IRQ3_Handler</a>&nbsp;&nbsp;&nbsp;&rArr;&nbsp;&nbsp;&nbsp;<a href="#[3e]">STIM0_IRQ3_Handler</a><BR>
 <LI><a href="#[3f]">STIM1_IRQ0_Handler</a>&nbsp;&nbsp;&nbsp;&rArr;&nbsp;&nbsp;&nbsp;<a href="#[3f]">STIM1_IRQ0_Handler</a><BR>
 <LI><a href="#[40]">STIM1_IRQ1_Handler</a>&nbsp;&nbsp;&nbsp;&rArr;&nbsp;&nbsp;&nbsp;<a href="#[40]">STIM1_IRQ1_Handler</a><BR>
 <LI><a href="#[41]">STIM1_IRQ2_Handler</a>&nbsp;&nbsp;&nbsp;&rArr;&nbsp;&nbsp;&nbsp;<a href="#[41]">STIM1_IRQ2_Handler</a><BR>
 <LI><a href="#[42]">STIM1_IRQ3_Handler</a>&nbsp;&nbsp;&nbsp;&rArr;&nbsp;&nbsp;&nbsp;<a href="#[42]">STIM1_IRQ3_Handler</a><BR>
 <LI><a href="#[43]">WDT1_IRQ_Handler</a>&nbsp;&nbsp;&nbsp;&rArr;&nbsp;&nbsp;&nbsp;<a href="#[43]">WDT1_IRQ_Handler</a><BR>
 <LI><a href="#[44]">CRYPT1_IRQ_Handler</a>&nbsp;&nbsp;&nbsp;&rArr;&nbsp;&nbsp;&nbsp;<a href="#[44]">CRYPT1_IRQ_Handler</a><BR>
 <LI><a href="#[48]">NMI_Handler_Proc</a>&nbsp;&nbsp;&nbsp;&rArr;&nbsp;&nbsp;&nbsp;<a href="#[48]">NMI_Handler_Proc</a><BR>
 <LI><a href="#[4a]">os_error_handler</a>&nbsp;&nbsp;&nbsp;&rArr;&nbsp;&nbsp;&nbsp;<a href="#[4a]">os_error_handler</a><BR>
 <LI><a href="#[4b]">system_error_handler</a>&nbsp;&nbsp;&nbsp;&rArr;&nbsp;&nbsp;&nbsp;<a href="#[4b]">system_error_handler</a><BR>
</UL>
<P>
<H3>
Function Pointers
</H3><UL>
 <LI><a href="#[f]">AUDIO0_IRQ_Handler</a> from startup_armcm33.o(.text) referenced from startup_armcm33.o(RESET)
 <LI><a href="#[37]">AUDIO1_IRQ_Handler</a> from startup_armcm33.o(.text) referenced from startup_armcm33.o(RESET)
 <LI><a href="#[4]">BusFault_Handler</a> from startup_armcm33.o(.text) referenced from startup_armcm33.o(RESET)
 <LI><a href="#[10]">CRYPT0_IRQ_Handler</a> from startup_armcm33.o(.text) referenced from startup_armcm33.o(RESET)
 <LI><a href="#[44]">CRYPT1_IRQ_Handler</a> from startup_armcm33.o(.text) referenced from startup_armcm33.o(RESET)
 <LI><a href="#[1b]">DMA_IRQ0_Handler</a> from startup_armcm33.o(.text) referenced from startup_armcm33.o(RESET)
 <LI><a href="#[2a]">DMA_IRQ1_Handler</a> from startup_armcm33.o(.text) referenced from startup_armcm33.o(RESET)
 <LI><a href="#[2b]">DMA_IRQ2_Handler</a> from startup_armcm33.o(.text) referenced from startup_armcm33.o(RESET)
 <LI><a href="#[2c]">DMA_IRQ3_Handler</a> from startup_armcm33.o(.text) referenced from startup_armcm33.o(RESET)
 <LI><a href="#[1c]">DMA_IRQ4_Handler</a> from startup_armcm33.o(.text) referenced from startup_armcm33.o(RESET)
 <LI><a href="#[2d]">DMA_IRQ5_Handler</a> from startup_armcm33.o(.text) referenced from startup_armcm33.o(RESET)
 <LI><a href="#[2e]">DMA_IRQ6_Handler</a> from startup_armcm33.o(.text) referenced from startup_armcm33.o(RESET)
 <LI><a href="#[2f]">DMA_IRQ7_Handler</a> from startup_armcm33.o(.text) referenced from startup_armcm33.o(RESET)
 <LI><a href="#[7]">DebugMon_Handler</a> from startup_armcm33.o(.text) referenced from startup_armcm33.o(RESET)
 <LI><a href="#[34]">FP_IRQ_Handler</a> from startup_armcm33.o(.text) referenced from startup_armcm33.o(RESET)
 <LI><a href="#[b]">GPADC0_IRQ_Handler</a> from startup_armcm33.o(.text) referenced from startup_armcm33.o(RESET)
 <LI><a href="#[38]">GPADC1_IRQ_Handler</a> from startup_armcm33.o(.text) referenced from startup_armcm33.o(RESET)
 <LI><a href="#[1e]">GPIO_IRQ0_Handler</a> from startup_armcm33.o(.text) referenced from startup_armcm33.o(RESET)
 <LI><a href="#[1f]">GPIO_IRQ1_Handler</a> from startup_armcm33.o(.text) referenced from startup_armcm33.o(RESET)
 <LI><a href="#[20]">GPIO_IRQ2_Handler</a> from startup_armcm33.o(.text) referenced from startup_armcm33.o(RESET)
 <LI><a href="#[2]">HardFault_Handler</a> from startup_armcm33.o(.text) referenced from startup_armcm33.o(RESET)
 <LI><a href="#[49]">HardFault_Handler_Proc</a> from err_debug.o(.text.HardFault_Handler_Proc) referenced from startup_armcm33.o(.text)
 <LI><a href="#[18]">I2C0_IRQ_Handler</a> from startup_armcm33.o(.text) referenced from startup_armcm33.o(RESET)
 <LI><a href="#[19]">I2C1_IRQ_Handler</a> from startup_armcm33.o(.text) referenced from startup_armcm33.o(RESET)
 <LI><a href="#[1a]">I2C2_IRQ_Handler</a> from startup_armcm33.o(.text) referenced from startup_armcm33.o(RESET)
 <LI><a href="#[39]">I2C3_IRQ_Handler</a> from startup_armcm33.o(.text) referenced from startup_armcm33.o(RESET)
 <LI><a href="#[d]">I2S_IRQ_Handler</a> from startup_armcm33.o(.text) referenced from startup_armcm33.o(RESET)
 <LI><a href="#[c]">LLC_IRQ_Handler</a> from startup_armcm33.o(.text) referenced from startup_armcm33.o(RESET)
 <LI><a href="#[3]">MemoryManagement_Handler</a> from startup_armcm33.o(.text) referenced from startup_armcm33.o(RESET)
 <LI><a href="#[1]">NMI_Handler</a> from startup_armcm33.o(.text) referenced from startup_armcm33.o(RESET)
 <LI><a href="#[48]">NMI_Handler_Proc</a> from err_debug.o(.text.NMI_Handler_Proc) referenced from startup_armcm33.o(.text)
 <LI><a href="#[21]">PMU_IRQ_Handler</a> from startup_armcm33.o(.text) referenced from startup_armcm33.o(RESET)
 <LI><a href="#[8]">PendSV_Handler</a> from ht32f675x5_rom_lib_mp_r2.lib(ABSOLUTE) referenced from startup_armcm33.o(RESET)
 <LI><a href="#[e]">QDEC_IRQ_Handler</a> from startup_armcm33.o(.text) referenced from startup_armcm33.o(RESET)
 <LI><a href="#[22]">QSPI0_IRQ_Handler</a> from startup_armcm33.o(.text) referenced from startup_armcm33.o(RESET)
 <LI><a href="#[23]">QSPI1_IRQ_Handler</a> from startup_armcm33.o(.text) referenced from startup_armcm33.o(RESET)
 <LI><a href="#[24]">QSPI2_IRQ_Handler</a> from startup_armcm33.o(.text) referenced from startup_armcm33.o(RESET)
 <LI><a href="#[25]">QSPI3_IRQ_Handler</a> from startup_armcm33.o(.text) referenced from startup_armcm33.o(RESET)
 <LI><a href="#[12]">RF_CAL_IRQ_Handler</a> from startup_armcm33.o(.text) referenced from startup_armcm33.o(RESET)
 <LI><a href="#[a]">RTC_CH0_IRQ_Handler</a> from startup_armcm33.o(.text) referenced from startup_armcm33.o(RESET)
 <LI><a href="#[35]">RTC_CH1_IRQ_Handler</a> from startup_armcm33.o(.text) referenced from startup_armcm33.o(RESET)
 <LI><a href="#[36]">RTC_CH2_IRQ_Handler</a> from startup_armcm33.o(.text) referenced from startup_armcm33.o(RESET)
 <LI><a href="#[29]">RTC_CH3_IRQ_Handler</a> from startup_armcm33.o(.text) referenced from startup_armcm33.o(RESET)
 <LI><a href="#[0]">Reset_Handler</a> from startup_armcm33.o(.text) referenced from startup_armcm33.o(RESET)
 <LI><a href="#[16]">SPI0_IRQ_Handler</a> from startup_armcm33.o(.text) referenced from startup_armcm33.o(RESET)
 <LI><a href="#[17]">SPI1_IRQ_Handler</a> from startup_armcm33.o(.text) referenced from startup_armcm33.o(RESET)
 <LI><a href="#[3b]">STIM0_IRQ0_Handler</a> from startup_armcm33.o(.text) referenced from startup_armcm33.o(RESET)
 <LI><a href="#[3c]">STIM0_IRQ1_Handler</a> from startup_armcm33.o(.text) referenced from startup_armcm33.o(RESET)
 <LI><a href="#[3d]">STIM0_IRQ2_Handler</a> from startup_armcm33.o(.text) referenced from startup_armcm33.o(RESET)
 <LI><a href="#[3e]">STIM0_IRQ3_Handler</a> from startup_armcm33.o(.text) referenced from startup_armcm33.o(RESET)
 <LI><a href="#[3f]">STIM1_IRQ0_Handler</a> from startup_armcm33.o(.text) referenced from startup_armcm33.o(RESET)
 <LI><a href="#[40]">STIM1_IRQ1_Handler</a> from startup_armcm33.o(.text) referenced from startup_armcm33.o(RESET)
 <LI><a href="#[41]">STIM1_IRQ2_Handler</a> from startup_armcm33.o(.text) referenced from startup_armcm33.o(RESET)
 <LI><a href="#[42]">STIM1_IRQ3_Handler</a> from startup_armcm33.o(.text) referenced from startup_armcm33.o(RESET)
 <LI><a href="#[6]">SVC_Handler</a> from ht32f675x5_rom_lib_mp_r2.lib(ABSOLUTE) referenced from startup_armcm33.o(RESET)
 <LI><a href="#[26]">SW_IRQ0_Handler</a> from startup_armcm33.o(.text) referenced from startup_armcm33.o(RESET)
 <LI><a href="#[27]">SW_IRQ1_Handler</a> from startup_armcm33.o(.text) referenced from startup_armcm33.o(RESET)
 <LI><a href="#[33]">SW_IRQ2_Handler</a> from startup_armcm33.o(.text) referenced from startup_armcm33.o(RESET)
 <LI><a href="#[9]">SysTick_Handler</a> from ht32f675x5_rom_lib_mp_r2.lib(ABSOLUTE) referenced from startup_armcm33.o(RESET)
 <LI><a href="#[46]">SystemInit</a> from system_armcm33.o(.text.SystemInit) referenced from startup_armcm33.o(.text)
 <LI><a href="#[1d]">TIMER0_IRQ_Handler</a> from startup_armcm33.o(.text) referenced from startup_armcm33.o(RESET)
 <LI><a href="#[30]">TIMER1_IRQ_Handler</a> from startup_armcm33.o(.text) referenced from startup_armcm33.o(RESET)
 <LI><a href="#[31]">TIMER2_IRQ_Handler</a> from startup_armcm33.o(.text) referenced from startup_armcm33.o(RESET)
 <LI><a href="#[32]">TIMER3_IRQ_Handler</a> from startup_armcm33.o(.text) referenced from startup_armcm33.o(RESET)
 <LI><a href="#[11]">TRNG_IRQ_Handler</a> from startup_armcm33.o(.text) referenced from startup_armcm33.o(RESET)
 <LI><a href="#[13]">UART0_IRQ_Handler</a> from startup_armcm33.o(.text) referenced from startup_armcm33.o(RESET)
 <LI><a href="#[14]">UART1_IRQ_Handler</a> from startup_armcm33.o(.text) referenced from startup_armcm33.o(RESET)
 <LI><a href="#[15]">UART2_IRQ_Handler</a> from startup_armcm33.o(.text) referenced from startup_armcm33.o(RESET)
 <LI><a href="#[28]">USB_IRQ_Handler</a> from startup_armcm33.o(.text) referenced from startup_armcm33.o(RESET)
 <LI><a href="#[3a]">USB_PHY_IRQ_Handler</a> from startup_armcm33.o(.text) referenced from startup_armcm33.o(RESET)
 <LI><a href="#[5]">UsageFault_Handler</a> from startup_armcm33.o(.text) referenced from startup_armcm33.o(RESET)
 <LI><a href="#[43]">WDT1_IRQ_Handler</a> from startup_armcm33.o(.text) referenced from startup_armcm33.o(RESET)
 <LI><a href="#[47]">__main</a> from entry.o(.ARM.Collect$$$$00000000) referenced from startup_armcm33.o(.text)
 <LI><a href="#[4d]">lpwr_after_wakeup</a> from main.o(.text.lpwr_after_wakeup) referenced 2 times from main.o(.text.main)
 <LI><a href="#[4c]">lpwr_before_sleep</a> from main.o(.text.lpwr_before_sleep) referenced 2 times from main.o(.text.main)
 <LI><a href="#[45]">main</a> from main.o(.text.main) referenced from entry9a.o(.ARM.Collect$$$$0000000B)
 <LI><a href="#[4a]">os_error_handler</a> from err_debug.o(.text.os_error_handler) referenced 2 times from err_debug.o(.text.err_debug_init)
 <LI><a href="#[4b]">system_error_handler</a> from err_debug.o(.text.system_error_handler) referenced 2 times from err_debug.o(.text.err_debug_init)
</UL>
<P>
<H3>
Global Symbols
</H3>
<P><STRONG><a name="[6]"></a>SVC_Handler</STRONG> (Thumb, 0 bytes, Stack size 0 bytes, ht32f675x5_rom_lib_mp_r2.lib(ABSOLUTE), UNUSED)
<BR>[Address Reference Count : 1]<UL><LI> startup_armcm33.o(RESET)
</UL>
<P><STRONG><a name="[8]"></a>PendSV_Handler</STRONG> (Thumb, 0 bytes, Stack size 0 bytes, ht32f675x5_rom_lib_mp_r2.lib(ABSOLUTE), UNUSED)
<BR>[Address Reference Count : 1]<UL><LI> startup_armcm33.o(RESET)
</UL>
<P><STRONG><a name="[9]"></a>SysTick_Handler</STRONG> (Thumb, 0 bytes, Stack size 0 bytes, ht32f675x5_rom_lib_mp_r2.lib(ABSOLUTE), UNUSED)
<BR>[Address Reference Count : 1]<UL><LI> startup_armcm33.o(RESET)
</UL>
<P><STRONG><a name="[57]"></a>rom_delay_ms</STRONG> (Thumb, 0 bytes, Stack size 0 bytes, ht32f675x5_rom_lib_mp_r2.lib(ABSOLUTE))
<BR><BR>[Called By]<UL><LI><a href="#[45]">&gt;&gt;</a>&nbsp;&nbsp;&nbsp;main (via Veneer)
</UL>

<P><STRONG><a name="[84]"></a>rom_delay_us</STRONG> (Thumb, 0 bytes, Stack size 0 bytes, ht32f675x5_rom_lib_mp_r2.lib(ABSOLUTE), UNUSED)
<BR><BR>[Called By]<UL><LI><a href="#[93]">&gt;&gt;</a>&nbsp;&nbsp;&nbsp;patch_hw_flash_write_bytes_in_page_suspendable (via Veneer)
<LI><a href="#[83]">&gt;&gt;</a>&nbsp;&nbsp;&nbsp;patch_hw_flash_get_unique_id (via Veneer)
</UL>

<P><STRONG><a name="[61]"></a>rom_hal_pmu_cfg_dcxo_hclk_param</STRONG> (Thumb, 0 bytes, Stack size 0 bytes, ht32f675x5_rom_lib_mp_r2.lib(ABSOLUTE))
<BR><BR>[Called By]<UL><LI><a href="#[45]">&gt;&gt;</a>&nbsp;&nbsp;&nbsp;main (via Veneer)
</UL>

<P><STRONG><a name="[5d]"></a>rom_hal_pmu_sel_power_act_out_mode</STRONG> (Thumb, 0 bytes, Stack size 0 bytes, ht32f675x5_rom_lib_mp_r2.lib(ABSOLUTE))
<BR><BR>[Called By]<UL><LI><a href="#[45]">&gt;&gt;</a>&nbsp;&nbsp;&nbsp;main (via Veneer)
</UL>

<P><STRONG><a name="[62]"></a>rom_hal_pmu_set_sys_clk_src</STRONG> (Thumb, 0 bytes, Stack size 0 bytes, ht32f675x5_rom_lib_mp_r2.lib(ABSOLUTE))
<BR><BR>[Called By]<UL><LI><a href="#[45]">&gt;&gt;</a>&nbsp;&nbsp;&nbsp;main (via Veneer)
<LI><a href="#[6b]">&gt;&gt;</a>&nbsp;&nbsp;&nbsp;lpwr_ctrl_goto_sleep (via Veneer)
</UL>

<P><STRONG><a name="[72]"></a>rom_hw_cache_init</STRONG> (Thumb, 0 bytes, Stack size 0 bytes, ht32f675x5_rom_lib_mp_r2.lib(ABSOLUTE))
<BR><BR>[Called By]<UL><LI><a href="#[6b]">&gt;&gt;</a>&nbsp;&nbsp;&nbsp;lpwr_ctrl_goto_sleep (via Veneer)
</UL>

<P><STRONG><a name="[69]"></a>rom_hw_crg_enable_clk_gate</STRONG> (Thumb, 0 bytes, Stack size 0 bytes, ht32f675x5_rom_lib_mp_r2.lib(ABSOLUTE))
<BR><BR>[Called By]<UL><LI><a href="#[45]">&gt;&gt;</a>&nbsp;&nbsp;&nbsp;main (via Veneer)
</UL>

<P><STRONG><a name="[6e]"></a>rom_hw_crg_get_sys_clk_src</STRONG> (Thumb, 0 bytes, Stack size 0 bytes, ht32f675x5_rom_lib_mp_r2.lib(ABSOLUTE))
<BR><BR>[Called By]<UL><LI><a href="#[6b]">&gt;&gt;</a>&nbsp;&nbsp;&nbsp;lpwr_ctrl_goto_sleep (via Veneer)
</UL>

<P><STRONG><a name="[66]"></a>rom_hw_crg_keep_reset</STRONG> (Thumb, 0 bytes, Stack size 0 bytes, ht32f675x5_rom_lib_mp_r2.lib(ABSOLUTE))
<BR><BR>[Called By]<UL><LI><a href="#[45]">&gt;&gt;</a>&nbsp;&nbsp;&nbsp;main (via Veneer)
</UL>

<P><STRONG><a name="[6a]"></a>rom_hw_crg_release_reset</STRONG> (Thumb, 0 bytes, Stack size 0 bytes, ht32f675x5_rom_lib_mp_r2.lib(ABSOLUTE))
<BR><BR>[Called By]<UL><LI><a href="#[45]">&gt;&gt;</a>&nbsp;&nbsp;&nbsp;main (via Veneer)
</UL>

<P><STRONG><a name="[52]"></a>rom_hw_efuse_read_bytes</STRONG> (Thumb, 0 bytes, Stack size 0 bytes, ht32f675x5_rom_lib_mp_r2.lib(ABSOLUTE))
<BR><BR>[Called By]<UL><LI><a href="#[45]">&gt;&gt;</a>&nbsp;&nbsp;&nbsp;main (via Veneer)
<LI><a href="#[51]">&gt;&gt;</a>&nbsp;&nbsp;&nbsp;lpwr_ctrl_init (via Veneer)
</UL>

<P><STRONG><a name="[8c]"></a>rom_hw_flash_chip_erase</STRONG> (Thumb, 0 bytes, Stack size 0 bytes, ht32f675x5_rom_lib_mp_r2.lib(ABSOLUTE), UNUSED)
<BR><BR>[Called By]<UL><LI><a href="#[8b]">&gt;&gt;</a>&nbsp;&nbsp;&nbsp;patch_hw_flash_chip_erase (via Veneer)
</UL>

<P><STRONG><a name="[86]"></a>rom_hw_flash_enter_deep_power_down</STRONG> (Thumb, 0 bytes, Stack size 0 bytes, ht32f675x5_rom_lib_mp_r2.lib(ABSOLUTE))
<BR><BR>[Called By]<UL><LI><a href="#[70]">&gt;&gt;</a>&nbsp;&nbsp;&nbsp;patch_hw_flash_enter_deep_power_down (via Veneer)
</UL>

<P><STRONG><a name="[8a]"></a>rom_hw_flash_erase</STRONG> (Thumb, 0 bytes, Stack size 0 bytes, ht32f675x5_rom_lib_mp_r2.lib(ABSOLUTE), UNUSED)
<BR><BR>[Called By]<UL><LI><a href="#[89]">&gt;&gt;</a>&nbsp;&nbsp;&nbsp;patch_hw_flash_erase (via Veneer)
</UL>

<P><STRONG><a name="[80]"></a>rom_hw_flash_exit_abnormal_state</STRONG> (Thumb, 0 bytes, Stack size 0 bytes, ht32f675x5_rom_lib_mp_r2.lib(ABSOLUTE), UNUSED)
<BR><BR>[Called By]<UL><LI><a href="#[7f]">&gt;&gt;</a>&nbsp;&nbsp;&nbsp;patch_hw_flash_exit_abnormal_state (via Veneer)
</UL>

<P><STRONG><a name="[82]"></a>rom_hw_flash_get_id</STRONG> (Thumb, 0 bytes, Stack size 0 bytes, ht32f675x5_rom_lib_mp_r2.lib(ABSOLUTE), UNUSED)
<BR><BR>[Called By]<UL><LI><a href="#[81]">&gt;&gt;</a>&nbsp;&nbsp;&nbsp;patch_hw_flash_get_id (via Veneer)
</UL>

<P><STRONG><a name="[90]"></a>rom_hw_flash_read_bytes</STRONG> (Thumb, 0 bytes, Stack size 0 bytes, ht32f675x5_rom_lib_mp_r2.lib(ABSOLUTE), UNUSED)
<BR><BR>[Called By]<UL><LI><a href="#[8f]">&gt;&gt;</a>&nbsp;&nbsp;&nbsp;patch_hw_flash_read_bytes (via Veneer)
</UL>

<P><STRONG><a name="[76]"></a>rom_hw_flash_read_status</STRONG> (Thumb, 0 bytes, Stack size 0 bytes, ht32f675x5_rom_lib_mp_r2.lib(ABSOLUTE), UNUSED)
<BR><BR>[Called By]<UL><LI><a href="#[75]">&gt;&gt;</a>&nbsp;&nbsp;&nbsp;patch_hw_flash_read_status (via Veneer)
</UL>

<P><STRONG><a name="[7a]"></a>rom_hw_flash_read_status_high</STRONG> (Thumb, 0 bytes, Stack size 0 bytes, ht32f675x5_rom_lib_mp_r2.lib(ABSOLUTE), UNUSED)
<BR><BR>[Called By]<UL><LI><a href="#[79]">&gt;&gt;</a>&nbsp;&nbsp;&nbsp;patch_hw_flash_read_status_high (via Veneer)
</UL>

<P><STRONG><a name="[7c]"></a>rom_hw_flash_read_status_low</STRONG> (Thumb, 0 bytes, Stack size 0 bytes, ht32f675x5_rom_lib_mp_r2.lib(ABSOLUTE), UNUSED)
<BR><BR>[Called By]<UL><LI><a href="#[7b]">&gt;&gt;</a>&nbsp;&nbsp;&nbsp;patch_hw_flash_read_status_low (via Veneer)
</UL>

<P><STRONG><a name="[87]"></a>rom_hw_flash_release_deep_power_down</STRONG> (Thumb, 0 bytes, Stack size 0 bytes, ht32f675x5_rom_lib_mp_r2.lib(ABSOLUTE))
<BR><BR>[Called By]<UL><LI><a href="#[71]">&gt;&gt;</a>&nbsp;&nbsp;&nbsp;patch_hw_flash_release_deep_power_down (via Veneer)
</UL>

<P><STRONG><a name="[92]"></a>rom_hw_flash_release_read_enhanced</STRONG> (Thumb, 0 bytes, Stack size 0 bytes, ht32f675x5_rom_lib_mp_r2.lib(ABSOLUTE), UNUSED)
<BR><BR>[Called By]<UL><LI><a href="#[94]">&gt;&gt;</a>&nbsp;&nbsp;&nbsp;patch_hw_flash_write_bytes_suspendable (via Veneer)
<LI><a href="#[91]">&gt;&gt;</a>&nbsp;&nbsp;&nbsp;patch_hw_flash_erase_suspendable (via Veneer)
</UL>

<P><STRONG><a name="[74]"></a>rom_hw_flash_send_command</STRONG> (Thumb, 0 bytes, Stack size 0 bytes, ht32f675x5_rom_lib_mp_r2.lib(ABSOLUTE))
<BR><BR>[Called By]<UL><LI><a href="#[93]">&gt;&gt;</a>&nbsp;&nbsp;&nbsp;patch_hw_flash_write_bytes_in_page_suspendable (via Veneer)
<LI><a href="#[88]">&gt;&gt;</a>&nbsp;&nbsp;&nbsp;patch_hw_flash_set_block_protect (via Veneer)
<LI><a href="#[73]">&gt;&gt;</a>&nbsp;&nbsp;&nbsp;patch_hw_flash_release_read_enhanced (via Veneer)
<LI><a href="#[83]">&gt;&gt;</a>&nbsp;&nbsp;&nbsp;patch_hw_flash_get_unique_id (via Veneer)
<LI><a href="#[91]">&gt;&gt;</a>&nbsp;&nbsp;&nbsp;patch_hw_flash_erase_suspendable (via Veneer)
</UL>

<P><STRONG><a name="[7e]"></a>rom_hw_flash_set_quad_enable</STRONG> (Thumb, 0 bytes, Stack size 0 bytes, ht32f675x5_rom_lib_mp_r2.lib(ABSOLUTE), UNUSED)
<BR><BR>[Called By]<UL><LI><a href="#[7d]">&gt;&gt;</a>&nbsp;&nbsp;&nbsp;patch_hw_flash_set_quad_enable (via Veneer)
</UL>

<P><STRONG><a name="[85]"></a>rom_hw_flash_wait_idle</STRONG> (Thumb, 0 bytes, Stack size 0 bytes, ht32f675x5_rom_lib_mp_r2.lib(ABSOLUTE), UNUSED)
<BR><BR>[Called By]<UL><LI><a href="#[93]">&gt;&gt;</a>&nbsp;&nbsp;&nbsp;patch_hw_flash_write_bytes_in_page_suspendable (via Veneer)
<LI><a href="#[88]">&gt;&gt;</a>&nbsp;&nbsp;&nbsp;patch_hw_flash_set_block_protect (via Veneer)
<LI><a href="#[83]">&gt;&gt;</a>&nbsp;&nbsp;&nbsp;patch_hw_flash_get_unique_id (via Veneer)
<LI><a href="#[91]">&gt;&gt;</a>&nbsp;&nbsp;&nbsp;patch_hw_flash_erase_suspendable (via Veneer)
</UL>

<P><STRONG><a name="[8e]"></a>rom_hw_flash_write_bytes</STRONG> (Thumb, 0 bytes, Stack size 0 bytes, ht32f675x5_rom_lib_mp_r2.lib(ABSOLUTE), UNUSED)
<BR><BR>[Called By]<UL><LI><a href="#[8d]">&gt;&gt;</a>&nbsp;&nbsp;&nbsp;patch_hw_flash_write_bytes (via Veneer)
</UL>

<P><STRONG><a name="[78]"></a>rom_hw_flash_write_status</STRONG> (Thumb, 0 bytes, Stack size 0 bytes, ht32f675x5_rom_lib_mp_r2.lib(ABSOLUTE), UNUSED)
<BR><BR>[Called By]<UL><LI><a href="#[77]">&gt;&gt;</a>&nbsp;&nbsp;&nbsp;patch_hw_flash_write_status (via Veneer)
</UL>

<P><STRONG><a name="[53]"></a>rom_hw_gpio_set_pin_pull_mode</STRONG> (Thumb, 0 bytes, Stack size 0 bytes, ht32f675x5_rom_lib_mp_r2.lib(ABSOLUTE))
<BR><BR>[Called By]<UL><LI><a href="#[51]">&gt;&gt;</a>&nbsp;&nbsp;&nbsp;lpwr_ctrl_init (via Veneer)
</UL>

<P><STRONG><a name="[6c]"></a>rom_hw_pmu_clr_sram_block_ret</STRONG> (Thumb, 0 bytes, Stack size 0 bytes, ht32f675x5_rom_lib_mp_r2.lib(ABSOLUTE))
<BR><BR>[Called By]<UL><LI><a href="#[65]">&gt;&gt;</a>&nbsp;&nbsp;&nbsp;patch_hal_pmu_set_sram_ret (via Veneer)
</UL>

<P><STRONG><a name="[59]"></a>rom_hw_pmu_dcdc_init</STRONG> (Thumb, 0 bytes, Stack size 0 bytes, ht32f675x5_rom_lib_mp_r2.lib(ABSOLUTE))
<BR><BR>[Called By]<UL><LI><a href="#[45]">&gt;&gt;</a>&nbsp;&nbsp;&nbsp;main (via Veneer)
</UL>

<P><STRONG><a name="[60]"></a>rom_hw_pmu_sel_dcxo_hclk_pwr</STRONG> (Thumb, 0 bytes, Stack size 0 bytes, ht32f675x5_rom_lib_mp_r2.lib(ABSOLUTE))
<BR><BR>[Called By]<UL><LI><a href="#[45]">&gt;&gt;</a>&nbsp;&nbsp;&nbsp;main (via Veneer)
</UL>

<P><STRONG><a name="[5a]"></a>rom_hw_pmu_set_dcdc_act_voltage</STRONG> (Thumb, 0 bytes, Stack size 0 bytes, ht32f675x5_rom_lib_mp_r2.lib(ABSOLUTE))
<BR><BR>[Called By]<UL><LI><a href="#[45]">&gt;&gt;</a>&nbsp;&nbsp;&nbsp;main (via Veneer)
</UL>

<P><STRONG><a name="[58]"></a>rom_hw_pmu_set_ldo_act_voltage</STRONG> (Thumb, 0 bytes, Stack size 0 bytes, ht32f675x5_rom_lib_mp_r2.lib(ABSOLUTE))
<BR><BR>[Called By]<UL><LI><a href="#[45]">&gt;&gt;</a>&nbsp;&nbsp;&nbsp;main (via Veneer)
</UL>

<P><STRONG><a name="[5b]"></a>rom_hw_pmu_set_ldo_dig_voltage</STRONG> (Thumb, 0 bytes, Stack size 0 bytes, ht32f675x5_rom_lib_mp_r2.lib(ABSOLUTE))
<BR><BR>[Called By]<UL><LI><a href="#[45]">&gt;&gt;</a>&nbsp;&nbsp;&nbsp;main (via Veneer)
</UL>

<P><STRONG><a name="[5c]"></a>rom_hw_pmu_set_ldo_ret_sleep_voltage</STRONG> (Thumb, 0 bytes, Stack size 0 bytes, ht32f675x5_rom_lib_mp_r2.lib(ABSOLUTE))
<BR><BR>[Called By]<UL><LI><a href="#[45]">&gt;&gt;</a>&nbsp;&nbsp;&nbsp;main (via Veneer)
</UL>

<P><STRONG><a name="[54]"></a>rom_hw_pmu_set_low_power_mode</STRONG> (Thumb, 0 bytes, Stack size 0 bytes, ht32f675x5_rom_lib_mp_r2.lib(ABSOLUTE))
<BR><BR>[Called By]<UL><LI><a href="#[51]">&gt;&gt;</a>&nbsp;&nbsp;&nbsp;lpwr_ctrl_init (via Veneer)
</UL>

<P><STRONG><a name="[5e]"></a>rom_hw_pmu_set_rc_hclk_tune</STRONG> (Thumb, 0 bytes, Stack size 0 bytes, ht32f675x5_rom_lib_mp_r2.lib(ABSOLUTE))
<BR><BR>[Called By]<UL><LI><a href="#[45]">&gt;&gt;</a>&nbsp;&nbsp;&nbsp;main (via Veneer)
</UL>

<P><STRONG><a name="[5f]"></a>rom_hw_pmu_set_rc_lclk_tune</STRONG> (Thumb, 0 bytes, Stack size 0 bytes, ht32f675x5_rom_lib_mp_r2.lib(ABSOLUTE))
<BR><BR>[Called By]<UL><LI><a href="#[45]">&gt;&gt;</a>&nbsp;&nbsp;&nbsp;main (via Veneer)
</UL>

<P><STRONG><a name="[6d]"></a>rom_hw_pmu_set_sram_block_ret</STRONG> (Thumb, 0 bytes, Stack size 0 bytes, ht32f675x5_rom_lib_mp_r2.lib(ABSOLUTE))
<BR><BR>[Called By]<UL><LI><a href="#[65]">&gt;&gt;</a>&nbsp;&nbsp;&nbsp;patch_hal_pmu_set_sram_ret (via Veneer)
</UL>

<P><STRONG><a name="[55]"></a>rom_hw_pmu_set_wakeup_source</STRONG> (Thumb, 0 bytes, Stack size 0 bytes, ht32f675x5_rom_lib_mp_r2.lib(ABSOLUTE))
<BR><BR>[Called By]<UL><LI><a href="#[51]">&gt;&gt;</a>&nbsp;&nbsp;&nbsp;lpwr_ctrl_init (via Veneer)
</UL>

<P><STRONG><a name="[67]"></a>rom_hw_sys_ctrl_enable_cp_remap</STRONG> (Thumb, 0 bytes, Stack size 0 bytes, ht32f675x5_rom_lib_mp_r2.lib(ABSOLUTE))
<BR><BR>[Called By]<UL><LI><a href="#[45]">&gt;&gt;</a>&nbsp;&nbsp;&nbsp;main (via Veneer)
</UL>

<P><STRONG><a name="[63]"></a>rom_hw_sys_ctrl_peri_int_ctrl</STRONG> (Thumb, 0 bytes, Stack size 0 bytes, ht32f675x5_rom_lib_mp_r2.lib(ABSOLUTE))
<BR><BR>[Called By]<UL><LI><a href="#[45]">&gt;&gt;</a>&nbsp;&nbsp;&nbsp;main (via Veneer)
</UL>

<P><STRONG><a name="[6f]"></a>rom_hw_sys_ctrl_read_com_reg</STRONG> (Thumb, 0 bytes, Stack size 0 bytes, ht32f675x5_rom_lib_mp_r2.lib(ABSOLUTE))
<BR><BR>[Called By]<UL><LI><a href="#[6b]">&gt;&gt;</a>&nbsp;&nbsp;&nbsp;lpwr_ctrl_goto_sleep (via Veneer)
</UL>

<P><STRONG><a name="[68]"></a>rom_hw_sys_ctrl_write_com_reg</STRONG> (Thumb, 0 bytes, Stack size 0 bytes, ht32f675x5_rom_lib_mp_r2.lib(ABSOLUTE))
<BR><BR>[Called By]<UL><LI><a href="#[45]">&gt;&gt;</a>&nbsp;&nbsp;&nbsp;main (via Veneer)
</UL>

<P><STRONG><a name="[56]"></a>rom_hw_wdt_disable</STRONG> (Thumb, 0 bytes, Stack size 0 bytes, ht32f675x5_rom_lib_mp_r2.lib(ABSOLUTE))
<BR><BR>[Called By]<UL><LI><a href="#[45]">&gt;&gt;</a>&nbsp;&nbsp;&nbsp;main (via Veneer)
</UL>

<P><STRONG><a name="[47]"></a>__main</STRONG> (Thumb, 0 bytes, Stack size unknown bytes, entry.o(.ARM.Collect$$$$00000000))
<BR>[Address Reference Count : 1]<UL><LI> startup_armcm33.o(.text)
</UL>
<P><STRONG><a name="[95]"></a>_main_stk</STRONG> (Thumb, 0 bytes, Stack size unknown bytes, entry2.o(.ARM.Collect$$$$00000001))

<P><STRONG><a name="[4e]"></a>_main_scatterload</STRONG> (Thumb, 0 bytes, Stack size unknown bytes, entry5.o(.ARM.Collect$$$$00000004))
<BR><BR>[Calls]<UL><LI><a href="#[4f]">&gt;&gt;</a>&nbsp;&nbsp;&nbsp;__scatterload
</UL>

<P><STRONG><a name="[50]"></a>__main_after_scatterload</STRONG> (Thumb, 0 bytes, Stack size unknown bytes, entry5.o(.ARM.Collect$$$$00000004))
<BR><BR>[Called By]<UL><LI><a href="#[4f]">&gt;&gt;</a>&nbsp;&nbsp;&nbsp;__scatterload
</UL>

<P><STRONG><a name="[96]"></a>_main_clock</STRONG> (Thumb, 0 bytes, Stack size unknown bytes, entry7b.o(.ARM.Collect$$$$00000008))

<P><STRONG><a name="[97]"></a>_main_cpp_init</STRONG> (Thumb, 0 bytes, Stack size unknown bytes, entry8b.o(.ARM.Collect$$$$0000000A))

<P><STRONG><a name="[98]"></a>_main_init</STRONG> (Thumb, 0 bytes, Stack size unknown bytes, entry9a.o(.ARM.Collect$$$$0000000B))

<P><STRONG><a name="[99]"></a>__rt_final_cpp</STRONG> (Thumb, 0 bytes, Stack size unknown bytes, entry10a.o(.ARM.Collect$$$$0000000D))

<P><STRONG><a name="[9a]"></a>__rt_final_exit</STRONG> (Thumb, 0 bytes, Stack size unknown bytes, entry11a.o(.ARM.Collect$$$$0000000F))

<P><STRONG><a name="[0]"></a>Reset_Handler</STRONG> (Thumb, 20 bytes, Stack size 0 bytes, startup_armcm33.o(.text))
<BR>[Address Reference Count : 1]<UL><LI> startup_armcm33.o(RESET)
</UL>
<P><STRONG><a name="[1]"></a>NMI_Handler</STRONG> (Thumb, 18 bytes, Stack size 0 bytes, startup_armcm33.o(.text))
<BR>[Address Reference Count : 1]<UL><LI> startup_armcm33.o(RESET)
</UL>
<P><STRONG><a name="[2]"></a>HardFault_Handler</STRONG> (Thumb, 18 bytes, Stack size 0 bytes, startup_armcm33.o(.text))
<BR>[Address Reference Count : 1]<UL><LI> startup_armcm33.o(RESET)
</UL>
<P><STRONG><a name="[3]"></a>MemoryManagement_Handler</STRONG> (Thumb, 2 bytes, Stack size 0 bytes, startup_armcm33.o(.text))
<BR><BR>[Calls]<UL><LI><a href="#[3]">&gt;&gt;</a>&nbsp;&nbsp;&nbsp;MemoryManagement_Handler
</UL>
<BR>[Called By]<UL><LI><a href="#[3]">&gt;&gt;</a>&nbsp;&nbsp;&nbsp;MemoryManagement_Handler
</UL>
<BR>[Address Reference Count : 1]<UL><LI> startup_armcm33.o(RESET)
</UL>
<P><STRONG><a name="[4]"></a>BusFault_Handler</STRONG> (Thumb, 2 bytes, Stack size 0 bytes, startup_armcm33.o(.text))
<BR><BR>[Calls]<UL><LI><a href="#[4]">&gt;&gt;</a>&nbsp;&nbsp;&nbsp;BusFault_Handler
</UL>
<BR>[Called By]<UL><LI><a href="#[4]">&gt;&gt;</a>&nbsp;&nbsp;&nbsp;BusFault_Handler
</UL>
<BR>[Address Reference Count : 1]<UL><LI> startup_armcm33.o(RESET)
</UL>
<P><STRONG><a name="[5]"></a>UsageFault_Handler</STRONG> (Thumb, 2 bytes, Stack size 0 bytes, startup_armcm33.o(.text))
<BR><BR>[Calls]<UL><LI><a href="#[5]">&gt;&gt;</a>&nbsp;&nbsp;&nbsp;UsageFault_Handler
</UL>
<BR>[Called By]<UL><LI><a href="#[5]">&gt;&gt;</a>&nbsp;&nbsp;&nbsp;UsageFault_Handler
</UL>
<BR>[Address Reference Count : 1]<UL><LI> startup_armcm33.o(RESET)
</UL>
<P><STRONG><a name="[7]"></a>DebugMon_Handler</STRONG> (Thumb, 2 bytes, Stack size 0 bytes, startup_armcm33.o(.text))
<BR><BR>[Calls]<UL><LI><a href="#[7]">&gt;&gt;</a>&nbsp;&nbsp;&nbsp;DebugMon_Handler
</UL>
<BR>[Called By]<UL><LI><a href="#[7]">&gt;&gt;</a>&nbsp;&nbsp;&nbsp;DebugMon_Handler
</UL>
<BR>[Address Reference Count : 1]<UL><LI> startup_armcm33.o(RESET)
</UL>
<P><STRONG><a name="[a]"></a>RTC_CH0_IRQ_Handler</STRONG> (Thumb, 2 bytes, Stack size 0 bytes, startup_armcm33.o(.text))
<BR><BR>[Calls]<UL><LI><a href="#[a]">&gt;&gt;</a>&nbsp;&nbsp;&nbsp;RTC_CH0_IRQ_Handler
</UL>
<BR>[Called By]<UL><LI><a href="#[a]">&gt;&gt;</a>&nbsp;&nbsp;&nbsp;RTC_CH0_IRQ_Handler
</UL>
<BR>[Address Reference Count : 1]<UL><LI> startup_armcm33.o(RESET)
</UL>
<P><STRONG><a name="[b]"></a>GPADC0_IRQ_Handler</STRONG> (Thumb, 2 bytes, Stack size 0 bytes, startup_armcm33.o(.text))
<BR><BR>[Calls]<UL><LI><a href="#[b]">&gt;&gt;</a>&nbsp;&nbsp;&nbsp;GPADC0_IRQ_Handler
</UL>
<BR>[Called By]<UL><LI><a href="#[b]">&gt;&gt;</a>&nbsp;&nbsp;&nbsp;GPADC0_IRQ_Handler
</UL>
<BR>[Address Reference Count : 1]<UL><LI> startup_armcm33.o(RESET)
</UL>
<P><STRONG><a name="[c]"></a>LLC_IRQ_Handler</STRONG> (Thumb, 2 bytes, Stack size 0 bytes, startup_armcm33.o(.text))
<BR><BR>[Calls]<UL><LI><a href="#[c]">&gt;&gt;</a>&nbsp;&nbsp;&nbsp;LLC_IRQ_Handler
</UL>
<BR>[Called By]<UL><LI><a href="#[c]">&gt;&gt;</a>&nbsp;&nbsp;&nbsp;LLC_IRQ_Handler
</UL>
<BR>[Address Reference Count : 1]<UL><LI> startup_armcm33.o(RESET)
</UL>
<P><STRONG><a name="[d]"></a>I2S_IRQ_Handler</STRONG> (Thumb, 2 bytes, Stack size 0 bytes, startup_armcm33.o(.text))
<BR><BR>[Calls]<UL><LI><a href="#[d]">&gt;&gt;</a>&nbsp;&nbsp;&nbsp;I2S_IRQ_Handler
</UL>
<BR>[Called By]<UL><LI><a href="#[d]">&gt;&gt;</a>&nbsp;&nbsp;&nbsp;I2S_IRQ_Handler
</UL>
<BR>[Address Reference Count : 1]<UL><LI> startup_armcm33.o(RESET)
</UL>
<P><STRONG><a name="[e]"></a>QDEC_IRQ_Handler</STRONG> (Thumb, 2 bytes, Stack size 0 bytes, startup_armcm33.o(.text))
<BR><BR>[Calls]<UL><LI><a href="#[e]">&gt;&gt;</a>&nbsp;&nbsp;&nbsp;QDEC_IRQ_Handler
</UL>
<BR>[Called By]<UL><LI><a href="#[e]">&gt;&gt;</a>&nbsp;&nbsp;&nbsp;QDEC_IRQ_Handler
</UL>
<BR>[Address Reference Count : 1]<UL><LI> startup_armcm33.o(RESET)
</UL>
<P><STRONG><a name="[f]"></a>AUDIO0_IRQ_Handler</STRONG> (Thumb, 2 bytes, Stack size 0 bytes, startup_armcm33.o(.text))
<BR><BR>[Calls]<UL><LI><a href="#[f]">&gt;&gt;</a>&nbsp;&nbsp;&nbsp;AUDIO0_IRQ_Handler
</UL>
<BR>[Called By]<UL><LI><a href="#[f]">&gt;&gt;</a>&nbsp;&nbsp;&nbsp;AUDIO0_IRQ_Handler
</UL>
<BR>[Address Reference Count : 1]<UL><LI> startup_armcm33.o(RESET)
</UL>
<P><STRONG><a name="[10]"></a>CRYPT0_IRQ_Handler</STRONG> (Thumb, 2 bytes, Stack size 0 bytes, startup_armcm33.o(.text))
<BR><BR>[Calls]<UL><LI><a href="#[10]">&gt;&gt;</a>&nbsp;&nbsp;&nbsp;CRYPT0_IRQ_Handler
</UL>
<BR>[Called By]<UL><LI><a href="#[10]">&gt;&gt;</a>&nbsp;&nbsp;&nbsp;CRYPT0_IRQ_Handler
</UL>
<BR>[Address Reference Count : 1]<UL><LI> startup_armcm33.o(RESET)
</UL>
<P><STRONG><a name="[11]"></a>TRNG_IRQ_Handler</STRONG> (Thumb, 2 bytes, Stack size 0 bytes, startup_armcm33.o(.text))
<BR><BR>[Calls]<UL><LI><a href="#[11]">&gt;&gt;</a>&nbsp;&nbsp;&nbsp;TRNG_IRQ_Handler
</UL>
<BR>[Called By]<UL><LI><a href="#[11]">&gt;&gt;</a>&nbsp;&nbsp;&nbsp;TRNG_IRQ_Handler
</UL>
<BR>[Address Reference Count : 1]<UL><LI> startup_armcm33.o(RESET)
</UL>
<P><STRONG><a name="[12]"></a>RF_CAL_IRQ_Handler</STRONG> (Thumb, 2 bytes, Stack size 0 bytes, startup_armcm33.o(.text))
<BR><BR>[Calls]<UL><LI><a href="#[12]">&gt;&gt;</a>&nbsp;&nbsp;&nbsp;RF_CAL_IRQ_Handler
</UL>
<BR>[Called By]<UL><LI><a href="#[12]">&gt;&gt;</a>&nbsp;&nbsp;&nbsp;RF_CAL_IRQ_Handler
</UL>
<BR>[Address Reference Count : 1]<UL><LI> startup_armcm33.o(RESET)
</UL>
<P><STRONG><a name="[13]"></a>UART0_IRQ_Handler</STRONG> (Thumb, 2 bytes, Stack size 0 bytes, startup_armcm33.o(.text))
<BR><BR>[Calls]<UL><LI><a href="#[13]">&gt;&gt;</a>&nbsp;&nbsp;&nbsp;UART0_IRQ_Handler
</UL>
<BR>[Called By]<UL><LI><a href="#[13]">&gt;&gt;</a>&nbsp;&nbsp;&nbsp;UART0_IRQ_Handler
</UL>
<BR>[Address Reference Count : 1]<UL><LI> startup_armcm33.o(RESET)
</UL>
<P><STRONG><a name="[14]"></a>UART1_IRQ_Handler</STRONG> (Thumb, 2 bytes, Stack size 0 bytes, startup_armcm33.o(.text))
<BR><BR>[Calls]<UL><LI><a href="#[14]">&gt;&gt;</a>&nbsp;&nbsp;&nbsp;UART1_IRQ_Handler
</UL>
<BR>[Called By]<UL><LI><a href="#[14]">&gt;&gt;</a>&nbsp;&nbsp;&nbsp;UART1_IRQ_Handler
</UL>
<BR>[Address Reference Count : 1]<UL><LI> startup_armcm33.o(RESET)
</UL>
<P><STRONG><a name="[15]"></a>UART2_IRQ_Handler</STRONG> (Thumb, 2 bytes, Stack size 0 bytes, startup_armcm33.o(.text))
<BR><BR>[Calls]<UL><LI><a href="#[15]">&gt;&gt;</a>&nbsp;&nbsp;&nbsp;UART2_IRQ_Handler
</UL>
<BR>[Called By]<UL><LI><a href="#[15]">&gt;&gt;</a>&nbsp;&nbsp;&nbsp;UART2_IRQ_Handler
</UL>
<BR>[Address Reference Count : 1]<UL><LI> startup_armcm33.o(RESET)
</UL>
<P><STRONG><a name="[16]"></a>SPI0_IRQ_Handler</STRONG> (Thumb, 2 bytes, Stack size 0 bytes, startup_armcm33.o(.text))
<BR><BR>[Calls]<UL><LI><a href="#[16]">&gt;&gt;</a>&nbsp;&nbsp;&nbsp;SPI0_IRQ_Handler
</UL>
<BR>[Called By]<UL><LI><a href="#[16]">&gt;&gt;</a>&nbsp;&nbsp;&nbsp;SPI0_IRQ_Handler
</UL>
<BR>[Address Reference Count : 1]<UL><LI> startup_armcm33.o(RESET)
</UL>
<P><STRONG><a name="[17]"></a>SPI1_IRQ_Handler</STRONG> (Thumb, 2 bytes, Stack size 0 bytes, startup_armcm33.o(.text))
<BR><BR>[Calls]<UL><LI><a href="#[17]">&gt;&gt;</a>&nbsp;&nbsp;&nbsp;SPI1_IRQ_Handler
</UL>
<BR>[Called By]<UL><LI><a href="#[17]">&gt;&gt;</a>&nbsp;&nbsp;&nbsp;SPI1_IRQ_Handler
</UL>
<BR>[Address Reference Count : 1]<UL><LI> startup_armcm33.o(RESET)
</UL>
<P><STRONG><a name="[18]"></a>I2C0_IRQ_Handler</STRONG> (Thumb, 2 bytes, Stack size 0 bytes, startup_armcm33.o(.text))
<BR><BR>[Calls]<UL><LI><a href="#[18]">&gt;&gt;</a>&nbsp;&nbsp;&nbsp;I2C0_IRQ_Handler
</UL>
<BR>[Called By]<UL><LI><a href="#[18]">&gt;&gt;</a>&nbsp;&nbsp;&nbsp;I2C0_IRQ_Handler
</UL>
<BR>[Address Reference Count : 1]<UL><LI> startup_armcm33.o(RESET)
</UL>
<P><STRONG><a name="[19]"></a>I2C1_IRQ_Handler</STRONG> (Thumb, 2 bytes, Stack size 0 bytes, startup_armcm33.o(.text))
<BR><BR>[Calls]<UL><LI><a href="#[19]">&gt;&gt;</a>&nbsp;&nbsp;&nbsp;I2C1_IRQ_Handler
</UL>
<BR>[Called By]<UL><LI><a href="#[19]">&gt;&gt;</a>&nbsp;&nbsp;&nbsp;I2C1_IRQ_Handler
</UL>
<BR>[Address Reference Count : 1]<UL><LI> startup_armcm33.o(RESET)
</UL>
<P><STRONG><a name="[1a]"></a>I2C2_IRQ_Handler</STRONG> (Thumb, 2 bytes, Stack size 0 bytes, startup_armcm33.o(.text))
<BR><BR>[Calls]<UL><LI><a href="#[1a]">&gt;&gt;</a>&nbsp;&nbsp;&nbsp;I2C2_IRQ_Handler
</UL>
<BR>[Called By]<UL><LI><a href="#[1a]">&gt;&gt;</a>&nbsp;&nbsp;&nbsp;I2C2_IRQ_Handler
</UL>
<BR>[Address Reference Count : 1]<UL><LI> startup_armcm33.o(RESET)
</UL>
<P><STRONG><a name="[1b]"></a>DMA_IRQ0_Handler</STRONG> (Thumb, 2 bytes, Stack size 0 bytes, startup_armcm33.o(.text))
<BR><BR>[Calls]<UL><LI><a href="#[1b]">&gt;&gt;</a>&nbsp;&nbsp;&nbsp;DMA_IRQ0_Handler
</UL>
<BR>[Called By]<UL><LI><a href="#[1b]">&gt;&gt;</a>&nbsp;&nbsp;&nbsp;DMA_IRQ0_Handler
</UL>
<BR>[Address Reference Count : 1]<UL><LI> startup_armcm33.o(RESET)
</UL>
<P><STRONG><a name="[1c]"></a>DMA_IRQ4_Handler</STRONG> (Thumb, 2 bytes, Stack size 0 bytes, startup_armcm33.o(.text))
<BR><BR>[Calls]<UL><LI><a href="#[1c]">&gt;&gt;</a>&nbsp;&nbsp;&nbsp;DMA_IRQ4_Handler
</UL>
<BR>[Called By]<UL><LI><a href="#[1c]">&gt;&gt;</a>&nbsp;&nbsp;&nbsp;DMA_IRQ4_Handler
</UL>
<BR>[Address Reference Count : 1]<UL><LI> startup_armcm33.o(RESET)
</UL>
<P><STRONG><a name="[1d]"></a>TIMER0_IRQ_Handler</STRONG> (Thumb, 2 bytes, Stack size 0 bytes, startup_armcm33.o(.text))
<BR><BR>[Calls]<UL><LI><a href="#[1d]">&gt;&gt;</a>&nbsp;&nbsp;&nbsp;TIMER0_IRQ_Handler
</UL>
<BR>[Called By]<UL><LI><a href="#[1d]">&gt;&gt;</a>&nbsp;&nbsp;&nbsp;TIMER0_IRQ_Handler
</UL>
<BR>[Address Reference Count : 1]<UL><LI> startup_armcm33.o(RESET)
</UL>
<P><STRONG><a name="[1e]"></a>GPIO_IRQ0_Handler</STRONG> (Thumb, 2 bytes, Stack size 0 bytes, startup_armcm33.o(.text))
<BR><BR>[Calls]<UL><LI><a href="#[1e]">&gt;&gt;</a>&nbsp;&nbsp;&nbsp;GPIO_IRQ0_Handler
</UL>
<BR>[Called By]<UL><LI><a href="#[1e]">&gt;&gt;</a>&nbsp;&nbsp;&nbsp;GPIO_IRQ0_Handler
</UL>
<BR>[Address Reference Count : 1]<UL><LI> startup_armcm33.o(RESET)
</UL>
<P><STRONG><a name="[1f]"></a>GPIO_IRQ1_Handler</STRONG> (Thumb, 2 bytes, Stack size 0 bytes, startup_armcm33.o(.text))
<BR><BR>[Calls]<UL><LI><a href="#[1f]">&gt;&gt;</a>&nbsp;&nbsp;&nbsp;GPIO_IRQ1_Handler
</UL>
<BR>[Called By]<UL><LI><a href="#[1f]">&gt;&gt;</a>&nbsp;&nbsp;&nbsp;GPIO_IRQ1_Handler
</UL>
<BR>[Address Reference Count : 1]<UL><LI> startup_armcm33.o(RESET)
</UL>
<P><STRONG><a name="[20]"></a>GPIO_IRQ2_Handler</STRONG> (Thumb, 2 bytes, Stack size 0 bytes, startup_armcm33.o(.text))
<BR><BR>[Calls]<UL><LI><a href="#[20]">&gt;&gt;</a>&nbsp;&nbsp;&nbsp;GPIO_IRQ2_Handler
</UL>
<BR>[Called By]<UL><LI><a href="#[20]">&gt;&gt;</a>&nbsp;&nbsp;&nbsp;GPIO_IRQ2_Handler
</UL>
<BR>[Address Reference Count : 1]<UL><LI> startup_armcm33.o(RESET)
</UL>
<P><STRONG><a name="[21]"></a>PMU_IRQ_Handler</STRONG> (Thumb, 2 bytes, Stack size 0 bytes, startup_armcm33.o(.text))
<BR><BR>[Calls]<UL><LI><a href="#[21]">&gt;&gt;</a>&nbsp;&nbsp;&nbsp;PMU_IRQ_Handler
</UL>
<BR>[Called By]<UL><LI><a href="#[21]">&gt;&gt;</a>&nbsp;&nbsp;&nbsp;PMU_IRQ_Handler
</UL>
<BR>[Address Reference Count : 1]<UL><LI> startup_armcm33.o(RESET)
</UL>
<P><STRONG><a name="[22]"></a>QSPI0_IRQ_Handler</STRONG> (Thumb, 2 bytes, Stack size 0 bytes, startup_armcm33.o(.text))
<BR><BR>[Calls]<UL><LI><a href="#[22]">&gt;&gt;</a>&nbsp;&nbsp;&nbsp;QSPI0_IRQ_Handler
</UL>
<BR>[Called By]<UL><LI><a href="#[22]">&gt;&gt;</a>&nbsp;&nbsp;&nbsp;QSPI0_IRQ_Handler
</UL>
<BR>[Address Reference Count : 1]<UL><LI> startup_armcm33.o(RESET)
</UL>
<P><STRONG><a name="[23]"></a>QSPI1_IRQ_Handler</STRONG> (Thumb, 2 bytes, Stack size 0 bytes, startup_armcm33.o(.text))
<BR><BR>[Calls]<UL><LI><a href="#[23]">&gt;&gt;</a>&nbsp;&nbsp;&nbsp;QSPI1_IRQ_Handler
</UL>
<BR>[Called By]<UL><LI><a href="#[23]">&gt;&gt;</a>&nbsp;&nbsp;&nbsp;QSPI1_IRQ_Handler
</UL>
<BR>[Address Reference Count : 1]<UL><LI> startup_armcm33.o(RESET)
</UL>
<P><STRONG><a name="[24]"></a>QSPI2_IRQ_Handler</STRONG> (Thumb, 2 bytes, Stack size 0 bytes, startup_armcm33.o(.text))
<BR><BR>[Calls]<UL><LI><a href="#[24]">&gt;&gt;</a>&nbsp;&nbsp;&nbsp;QSPI2_IRQ_Handler
</UL>
<BR>[Called By]<UL><LI><a href="#[24]">&gt;&gt;</a>&nbsp;&nbsp;&nbsp;QSPI2_IRQ_Handler
</UL>
<BR>[Address Reference Count : 1]<UL><LI> startup_armcm33.o(RESET)
</UL>
<P><STRONG><a name="[25]"></a>QSPI3_IRQ_Handler</STRONG> (Thumb, 2 bytes, Stack size 0 bytes, startup_armcm33.o(.text))
<BR><BR>[Calls]<UL><LI><a href="#[25]">&gt;&gt;</a>&nbsp;&nbsp;&nbsp;QSPI3_IRQ_Handler
</UL>
<BR>[Called By]<UL><LI><a href="#[25]">&gt;&gt;</a>&nbsp;&nbsp;&nbsp;QSPI3_IRQ_Handler
</UL>
<BR>[Address Reference Count : 1]<UL><LI> startup_armcm33.o(RESET)
</UL>
<P><STRONG><a name="[26]"></a>SW_IRQ0_Handler</STRONG> (Thumb, 2 bytes, Stack size 0 bytes, startup_armcm33.o(.text))
<BR><BR>[Calls]<UL><LI><a href="#[26]">&gt;&gt;</a>&nbsp;&nbsp;&nbsp;SW_IRQ0_Handler
</UL>
<BR>[Called By]<UL><LI><a href="#[26]">&gt;&gt;</a>&nbsp;&nbsp;&nbsp;SW_IRQ0_Handler
</UL>
<BR>[Address Reference Count : 1]<UL><LI> startup_armcm33.o(RESET)
</UL>
<P><STRONG><a name="[27]"></a>SW_IRQ1_Handler</STRONG> (Thumb, 2 bytes, Stack size 0 bytes, startup_armcm33.o(.text))
<BR><BR>[Calls]<UL><LI><a href="#[27]">&gt;&gt;</a>&nbsp;&nbsp;&nbsp;SW_IRQ1_Handler
</UL>
<BR>[Called By]<UL><LI><a href="#[27]">&gt;&gt;</a>&nbsp;&nbsp;&nbsp;SW_IRQ1_Handler
</UL>
<BR>[Address Reference Count : 1]<UL><LI> startup_armcm33.o(RESET)
</UL>
<P><STRONG><a name="[28]"></a>USB_IRQ_Handler</STRONG> (Thumb, 2 bytes, Stack size 0 bytes, startup_armcm33.o(.text))
<BR><BR>[Calls]<UL><LI><a href="#[28]">&gt;&gt;</a>&nbsp;&nbsp;&nbsp;USB_IRQ_Handler
</UL>
<BR>[Called By]<UL><LI><a href="#[28]">&gt;&gt;</a>&nbsp;&nbsp;&nbsp;USB_IRQ_Handler
</UL>
<BR>[Address Reference Count : 1]<UL><LI> startup_armcm33.o(RESET)
</UL>
<P><STRONG><a name="[29]"></a>RTC_CH3_IRQ_Handler</STRONG> (Thumb, 2 bytes, Stack size 0 bytes, startup_armcm33.o(.text))
<BR><BR>[Calls]<UL><LI><a href="#[29]">&gt;&gt;</a>&nbsp;&nbsp;&nbsp;RTC_CH3_IRQ_Handler
</UL>
<BR>[Called By]<UL><LI><a href="#[29]">&gt;&gt;</a>&nbsp;&nbsp;&nbsp;RTC_CH3_IRQ_Handler
</UL>
<BR>[Address Reference Count : 1]<UL><LI> startup_armcm33.o(RESET)
</UL>
<P><STRONG><a name="[2a]"></a>DMA_IRQ1_Handler</STRONG> (Thumb, 2 bytes, Stack size 0 bytes, startup_armcm33.o(.text))
<BR><BR>[Calls]<UL><LI><a href="#[2a]">&gt;&gt;</a>&nbsp;&nbsp;&nbsp;DMA_IRQ1_Handler
</UL>
<BR>[Called By]<UL><LI><a href="#[2a]">&gt;&gt;</a>&nbsp;&nbsp;&nbsp;DMA_IRQ1_Handler
</UL>
<BR>[Address Reference Count : 1]<UL><LI> startup_armcm33.o(RESET)
</UL>
<P><STRONG><a name="[2b]"></a>DMA_IRQ2_Handler</STRONG> (Thumb, 2 bytes, Stack size 0 bytes, startup_armcm33.o(.text))
<BR><BR>[Calls]<UL><LI><a href="#[2b]">&gt;&gt;</a>&nbsp;&nbsp;&nbsp;DMA_IRQ2_Handler
</UL>
<BR>[Called By]<UL><LI><a href="#[2b]">&gt;&gt;</a>&nbsp;&nbsp;&nbsp;DMA_IRQ2_Handler
</UL>
<BR>[Address Reference Count : 1]<UL><LI> startup_armcm33.o(RESET)
</UL>
<P><STRONG><a name="[2c]"></a>DMA_IRQ3_Handler</STRONG> (Thumb, 2 bytes, Stack size 0 bytes, startup_armcm33.o(.text))
<BR><BR>[Calls]<UL><LI><a href="#[2c]">&gt;&gt;</a>&nbsp;&nbsp;&nbsp;DMA_IRQ3_Handler
</UL>
<BR>[Called By]<UL><LI><a href="#[2c]">&gt;&gt;</a>&nbsp;&nbsp;&nbsp;DMA_IRQ3_Handler
</UL>
<BR>[Address Reference Count : 1]<UL><LI> startup_armcm33.o(RESET)
</UL>
<P><STRONG><a name="[2d]"></a>DMA_IRQ5_Handler</STRONG> (Thumb, 2 bytes, Stack size 0 bytes, startup_armcm33.o(.text))
<BR><BR>[Calls]<UL><LI><a href="#[2d]">&gt;&gt;</a>&nbsp;&nbsp;&nbsp;DMA_IRQ5_Handler
</UL>
<BR>[Called By]<UL><LI><a href="#[2d]">&gt;&gt;</a>&nbsp;&nbsp;&nbsp;DMA_IRQ5_Handler
</UL>
<BR>[Address Reference Count : 1]<UL><LI> startup_armcm33.o(RESET)
</UL>
<P><STRONG><a name="[2e]"></a>DMA_IRQ6_Handler</STRONG> (Thumb, 2 bytes, Stack size 0 bytes, startup_armcm33.o(.text))
<BR><BR>[Calls]<UL><LI><a href="#[2e]">&gt;&gt;</a>&nbsp;&nbsp;&nbsp;DMA_IRQ6_Handler
</UL>
<BR>[Called By]<UL><LI><a href="#[2e]">&gt;&gt;</a>&nbsp;&nbsp;&nbsp;DMA_IRQ6_Handler
</UL>
<BR>[Address Reference Count : 1]<UL><LI> startup_armcm33.o(RESET)
</UL>
<P><STRONG><a name="[2f]"></a>DMA_IRQ7_Handler</STRONG> (Thumb, 2 bytes, Stack size 0 bytes, startup_armcm33.o(.text))
<BR><BR>[Calls]<UL><LI><a href="#[2f]">&gt;&gt;</a>&nbsp;&nbsp;&nbsp;DMA_IRQ7_Handler
</UL>
<BR>[Called By]<UL><LI><a href="#[2f]">&gt;&gt;</a>&nbsp;&nbsp;&nbsp;DMA_IRQ7_Handler
</UL>
<BR>[Address Reference Count : 1]<UL><LI> startup_armcm33.o(RESET)
</UL>
<P><STRONG><a name="[30]"></a>TIMER1_IRQ_Handler</STRONG> (Thumb, 2 bytes, Stack size 0 bytes, startup_armcm33.o(.text))
<BR><BR>[Calls]<UL><LI><a href="#[30]">&gt;&gt;</a>&nbsp;&nbsp;&nbsp;TIMER1_IRQ_Handler
</UL>
<BR>[Called By]<UL><LI><a href="#[30]">&gt;&gt;</a>&nbsp;&nbsp;&nbsp;TIMER1_IRQ_Handler
</UL>
<BR>[Address Reference Count : 1]<UL><LI> startup_armcm33.o(RESET)
</UL>
<P><STRONG><a name="[31]"></a>TIMER2_IRQ_Handler</STRONG> (Thumb, 2 bytes, Stack size 0 bytes, startup_armcm33.o(.text))
<BR><BR>[Calls]<UL><LI><a href="#[31]">&gt;&gt;</a>&nbsp;&nbsp;&nbsp;TIMER2_IRQ_Handler
</UL>
<BR>[Called By]<UL><LI><a href="#[31]">&gt;&gt;</a>&nbsp;&nbsp;&nbsp;TIMER2_IRQ_Handler
</UL>
<BR>[Address Reference Count : 1]<UL><LI> startup_armcm33.o(RESET)
</UL>
<P><STRONG><a name="[32]"></a>TIMER3_IRQ_Handler</STRONG> (Thumb, 2 bytes, Stack size 0 bytes, startup_armcm33.o(.text))
<BR><BR>[Calls]<UL><LI><a href="#[32]">&gt;&gt;</a>&nbsp;&nbsp;&nbsp;TIMER3_IRQ_Handler
</UL>
<BR>[Called By]<UL><LI><a href="#[32]">&gt;&gt;</a>&nbsp;&nbsp;&nbsp;TIMER3_IRQ_Handler
</UL>
<BR>[Address Reference Count : 1]<UL><LI> startup_armcm33.o(RESET)
</UL>
<P><STRONG><a name="[33]"></a>SW_IRQ2_Handler</STRONG> (Thumb, 2 bytes, Stack size 0 bytes, startup_armcm33.o(.text))
<BR><BR>[Calls]<UL><LI><a href="#[33]">&gt;&gt;</a>&nbsp;&nbsp;&nbsp;SW_IRQ2_Handler
</UL>
<BR>[Called By]<UL><LI><a href="#[33]">&gt;&gt;</a>&nbsp;&nbsp;&nbsp;SW_IRQ2_Handler
</UL>
<BR>[Address Reference Count : 1]<UL><LI> startup_armcm33.o(RESET)
</UL>
<P><STRONG><a name="[34]"></a>FP_IRQ_Handler</STRONG> (Thumb, 2 bytes, Stack size 0 bytes, startup_armcm33.o(.text))
<BR><BR>[Calls]<UL><LI><a href="#[34]">&gt;&gt;</a>&nbsp;&nbsp;&nbsp;FP_IRQ_Handler
</UL>
<BR>[Called By]<UL><LI><a href="#[34]">&gt;&gt;</a>&nbsp;&nbsp;&nbsp;FP_IRQ_Handler
</UL>
<BR>[Address Reference Count : 1]<UL><LI> startup_armcm33.o(RESET)
</UL>
<P><STRONG><a name="[35]"></a>RTC_CH1_IRQ_Handler</STRONG> (Thumb, 2 bytes, Stack size 0 bytes, startup_armcm33.o(.text))
<BR><BR>[Calls]<UL><LI><a href="#[35]">&gt;&gt;</a>&nbsp;&nbsp;&nbsp;RTC_CH1_IRQ_Handler
</UL>
<BR>[Called By]<UL><LI><a href="#[35]">&gt;&gt;</a>&nbsp;&nbsp;&nbsp;RTC_CH1_IRQ_Handler
</UL>
<BR>[Address Reference Count : 1]<UL><LI> startup_armcm33.o(RESET)
</UL>
<P><STRONG><a name="[36]"></a>RTC_CH2_IRQ_Handler</STRONG> (Thumb, 2 bytes, Stack size 0 bytes, startup_armcm33.o(.text))
<BR><BR>[Calls]<UL><LI><a href="#[36]">&gt;&gt;</a>&nbsp;&nbsp;&nbsp;RTC_CH2_IRQ_Handler
</UL>
<BR>[Called By]<UL><LI><a href="#[36]">&gt;&gt;</a>&nbsp;&nbsp;&nbsp;RTC_CH2_IRQ_Handler
</UL>
<BR>[Address Reference Count : 1]<UL><LI> startup_armcm33.o(RESET)
</UL>
<P><STRONG><a name="[37]"></a>AUDIO1_IRQ_Handler</STRONG> (Thumb, 2 bytes, Stack size 0 bytes, startup_armcm33.o(.text))
<BR><BR>[Calls]<UL><LI><a href="#[37]">&gt;&gt;</a>&nbsp;&nbsp;&nbsp;AUDIO1_IRQ_Handler
</UL>
<BR>[Called By]<UL><LI><a href="#[37]">&gt;&gt;</a>&nbsp;&nbsp;&nbsp;AUDIO1_IRQ_Handler
</UL>
<BR>[Address Reference Count : 1]<UL><LI> startup_armcm33.o(RESET)
</UL>
<P><STRONG><a name="[38]"></a>GPADC1_IRQ_Handler</STRONG> (Thumb, 2 bytes, Stack size 0 bytes, startup_armcm33.o(.text))
<BR><BR>[Calls]<UL><LI><a href="#[38]">&gt;&gt;</a>&nbsp;&nbsp;&nbsp;GPADC1_IRQ_Handler
</UL>
<BR>[Called By]<UL><LI><a href="#[38]">&gt;&gt;</a>&nbsp;&nbsp;&nbsp;GPADC1_IRQ_Handler
</UL>
<BR>[Address Reference Count : 1]<UL><LI> startup_armcm33.o(RESET)
</UL>
<P><STRONG><a name="[39]"></a>I2C3_IRQ_Handler</STRONG> (Thumb, 2 bytes, Stack size 0 bytes, startup_armcm33.o(.text))
<BR><BR>[Calls]<UL><LI><a href="#[39]">&gt;&gt;</a>&nbsp;&nbsp;&nbsp;I2C3_IRQ_Handler
</UL>
<BR>[Called By]<UL><LI><a href="#[39]">&gt;&gt;</a>&nbsp;&nbsp;&nbsp;I2C3_IRQ_Handler
</UL>
<BR>[Address Reference Count : 1]<UL><LI> startup_armcm33.o(RESET)
</UL>
<P><STRONG><a name="[3a]"></a>USB_PHY_IRQ_Handler</STRONG> (Thumb, 2 bytes, Stack size 0 bytes, startup_armcm33.o(.text))
<BR><BR>[Calls]<UL><LI><a href="#[3a]">&gt;&gt;</a>&nbsp;&nbsp;&nbsp;USB_PHY_IRQ_Handler
</UL>
<BR>[Called By]<UL><LI><a href="#[3a]">&gt;&gt;</a>&nbsp;&nbsp;&nbsp;USB_PHY_IRQ_Handler
</UL>
<BR>[Address Reference Count : 1]<UL><LI> startup_armcm33.o(RESET)
</UL>
<P><STRONG><a name="[3b]"></a>STIM0_IRQ0_Handler</STRONG> (Thumb, 2 bytes, Stack size 0 bytes, startup_armcm33.o(.text))
<BR><BR>[Calls]<UL><LI><a href="#[3b]">&gt;&gt;</a>&nbsp;&nbsp;&nbsp;STIM0_IRQ0_Handler
</UL>
<BR>[Called By]<UL><LI><a href="#[3b]">&gt;&gt;</a>&nbsp;&nbsp;&nbsp;STIM0_IRQ0_Handler
</UL>
<BR>[Address Reference Count : 1]<UL><LI> startup_armcm33.o(RESET)
</UL>
<P><STRONG><a name="[3c]"></a>STIM0_IRQ1_Handler</STRONG> (Thumb, 2 bytes, Stack size 0 bytes, startup_armcm33.o(.text))
<BR><BR>[Calls]<UL><LI><a href="#[3c]">&gt;&gt;</a>&nbsp;&nbsp;&nbsp;STIM0_IRQ1_Handler
</UL>
<BR>[Called By]<UL><LI><a href="#[3c]">&gt;&gt;</a>&nbsp;&nbsp;&nbsp;STIM0_IRQ1_Handler
</UL>
<BR>[Address Reference Count : 1]<UL><LI> startup_armcm33.o(RESET)
</UL>
<P><STRONG><a name="[3d]"></a>STIM0_IRQ2_Handler</STRONG> (Thumb, 2 bytes, Stack size 0 bytes, startup_armcm33.o(.text))
<BR><BR>[Calls]<UL><LI><a href="#[3d]">&gt;&gt;</a>&nbsp;&nbsp;&nbsp;STIM0_IRQ2_Handler
</UL>
<BR>[Called By]<UL><LI><a href="#[3d]">&gt;&gt;</a>&nbsp;&nbsp;&nbsp;STIM0_IRQ2_Handler
</UL>
<BR>[Address Reference Count : 1]<UL><LI> startup_armcm33.o(RESET)
</UL>
<P><STRONG><a name="[3e]"></a>STIM0_IRQ3_Handler</STRONG> (Thumb, 2 bytes, Stack size 0 bytes, startup_armcm33.o(.text))
<BR><BR>[Calls]<UL><LI><a href="#[3e]">&gt;&gt;</a>&nbsp;&nbsp;&nbsp;STIM0_IRQ3_Handler
</UL>
<BR>[Called By]<UL><LI><a href="#[3e]">&gt;&gt;</a>&nbsp;&nbsp;&nbsp;STIM0_IRQ3_Handler
</UL>
<BR>[Address Reference Count : 1]<UL><LI> startup_armcm33.o(RESET)
</UL>
<P><STRONG><a name="[3f]"></a>STIM1_IRQ0_Handler</STRONG> (Thumb, 2 bytes, Stack size 0 bytes, startup_armcm33.o(.text))
<BR><BR>[Calls]<UL><LI><a href="#[3f]">&gt;&gt;</a>&nbsp;&nbsp;&nbsp;STIM1_IRQ0_Handler
</UL>
<BR>[Called By]<UL><LI><a href="#[3f]">&gt;&gt;</a>&nbsp;&nbsp;&nbsp;STIM1_IRQ0_Handler
</UL>
<BR>[Address Reference Count : 1]<UL><LI> startup_armcm33.o(RESET)
</UL>
<P><STRONG><a name="[40]"></a>STIM1_IRQ1_Handler</STRONG> (Thumb, 2 bytes, Stack size 0 bytes, startup_armcm33.o(.text))
<BR><BR>[Calls]<UL><LI><a href="#[40]">&gt;&gt;</a>&nbsp;&nbsp;&nbsp;STIM1_IRQ1_Handler
</UL>
<BR>[Called By]<UL><LI><a href="#[40]">&gt;&gt;</a>&nbsp;&nbsp;&nbsp;STIM1_IRQ1_Handler
</UL>
<BR>[Address Reference Count : 1]<UL><LI> startup_armcm33.o(RESET)
</UL>
<P><STRONG><a name="[41]"></a>STIM1_IRQ2_Handler</STRONG> (Thumb, 2 bytes, Stack size 0 bytes, startup_armcm33.o(.text))
<BR><BR>[Calls]<UL><LI><a href="#[41]">&gt;&gt;</a>&nbsp;&nbsp;&nbsp;STIM1_IRQ2_Handler
</UL>
<BR>[Called By]<UL><LI><a href="#[41]">&gt;&gt;</a>&nbsp;&nbsp;&nbsp;STIM1_IRQ2_Handler
</UL>
<BR>[Address Reference Count : 1]<UL><LI> startup_armcm33.o(RESET)
</UL>
<P><STRONG><a name="[42]"></a>STIM1_IRQ3_Handler</STRONG> (Thumb, 2 bytes, Stack size 0 bytes, startup_armcm33.o(.text))
<BR><BR>[Calls]<UL><LI><a href="#[42]">&gt;&gt;</a>&nbsp;&nbsp;&nbsp;STIM1_IRQ3_Handler
</UL>
<BR>[Called By]<UL><LI><a href="#[42]">&gt;&gt;</a>&nbsp;&nbsp;&nbsp;STIM1_IRQ3_Handler
</UL>
<BR>[Address Reference Count : 1]<UL><LI> startup_armcm33.o(RESET)
</UL>
<P><STRONG><a name="[43]"></a>WDT1_IRQ_Handler</STRONG> (Thumb, 2 bytes, Stack size 0 bytes, startup_armcm33.o(.text))
<BR><BR>[Calls]<UL><LI><a href="#[43]">&gt;&gt;</a>&nbsp;&nbsp;&nbsp;WDT1_IRQ_Handler
</UL>
<BR>[Called By]<UL><LI><a href="#[43]">&gt;&gt;</a>&nbsp;&nbsp;&nbsp;WDT1_IRQ_Handler
</UL>
<BR>[Address Reference Count : 1]<UL><LI> startup_armcm33.o(RESET)
</UL>
<P><STRONG><a name="[44]"></a>CRYPT1_IRQ_Handler</STRONG> (Thumb, 2 bytes, Stack size 0 bytes, startup_armcm33.o(.text))
<BR><BR>[Calls]<UL><LI><a href="#[44]">&gt;&gt;</a>&nbsp;&nbsp;&nbsp;CRYPT1_IRQ_Handler
</UL>
<BR>[Called By]<UL><LI><a href="#[44]">&gt;&gt;</a>&nbsp;&nbsp;&nbsp;CRYPT1_IRQ_Handler
</UL>
<BR>[Address Reference Count : 1]<UL><LI> startup_armcm33.o(RESET)
</UL>
<P><STRONG><a name="[4f]"></a>__scatterload</STRONG> (Thumb, 28 bytes, Stack size 0 bytes, init.o(.text))
<BR><BR>[Calls]<UL><LI><a href="#[50]">&gt;&gt;</a>&nbsp;&nbsp;&nbsp;__main_after_scatterload
</UL>
<BR>[Called By]<UL><LI><a href="#[4e]">&gt;&gt;</a>&nbsp;&nbsp;&nbsp;_main_scatterload
</UL>

<P><STRONG><a name="[9b]"></a>__scatterload_rt2</STRONG> (Thumb, 0 bytes, Stack size 0 bytes, init.o(.text), UNUSED)

<P><STRONG><a name="[46]"></a>SystemInit</STRONG> (Thumb, 72 bytes, Stack size 0 bytes, system_armcm33.o(.text.SystemInit))
<BR>[Address Reference Count : 1]<UL><LI> startup_armcm33.o(.text)
</UL>
<P><STRONG><a name="[9c]"></a>__scatterload_copy</STRONG> (Thumb, 14 bytes, Stack size unknown bytes, handlers.o(i.__scatterload_copy), UNUSED)

<P><STRONG><a name="[9d]"></a>__scatterload_null</STRONG> (Thumb, 2 bytes, Stack size unknown bytes, handlers.o(i.__scatterload_null), UNUSED)

<P><STRONG><a name="[9e]"></a>__scatterload_zeroinit</STRONG> (Thumb, 14 bytes, Stack size unknown bytes, handlers.o(i.__scatterload_zeroinit), UNUSED)

<P><STRONG><a name="[49]"></a>HardFault_Handler_Proc</STRONG> (Thumb, 102 bytes, Stack size 4 bytes, err_debug.o(.text.HardFault_Handler_Proc))
<BR><BR>[Stack]<UL><LI>Max Depth = 4<LI>Call Chain = HardFault_Handler_Proc
</UL>
<BR>[Address Reference Count : 1]<UL><LI> startup_armcm33.o(.text)
</UL>
<P><STRONG><a name="[48]"></a>NMI_Handler_Proc</STRONG> (Thumb, 2 bytes, Stack size 0 bytes, err_debug.o(.text.NMI_Handler_Proc))
<BR><BR>[Calls]<UL><LI><a href="#[48]">&gt;&gt;</a>&nbsp;&nbsp;&nbsp;NMI_Handler_Proc
</UL>
<BR>[Called By]<UL><LI><a href="#[48]">&gt;&gt;</a>&nbsp;&nbsp;&nbsp;NMI_Handler_Proc
</UL>
<BR>[Address Reference Count : 1]<UL><LI> startup_armcm33.o(.text)
</UL>
<P><STRONG><a name="[64]"></a>err_debug_init</STRONG> (Thumb, 38 bytes, Stack size 0 bytes, err_debug.o(.text.err_debug_init))
<BR><BR>[Called By]<UL><LI><a href="#[45]">&gt;&gt;</a>&nbsp;&nbsp;&nbsp;main
</UL>

<P><STRONG><a name="[51]"></a>lpwr_ctrl_init</STRONG> (Thumb, 350 bytes, Stack size 24 bytes, lpwr_ctrl.o(.text.lpwr_ctrl_init))
<BR><BR>[Stack]<UL><LI>Max Depth = 24<LI>Call Chain = lpwr_ctrl_init
</UL>
<BR>[Calls]<UL><LI><a href="#[55]">&gt;&gt;</a>&nbsp;&nbsp;&nbsp;rom_hw_pmu_set_wakeup_source (via Veneer)
<LI><a href="#[54]">&gt;&gt;</a>&nbsp;&nbsp;&nbsp;rom_hw_pmu_set_low_power_mode (via Veneer)
<LI><a href="#[53]">&gt;&gt;</a>&nbsp;&nbsp;&nbsp;rom_hw_gpio_set_pin_pull_mode (via Veneer)
<LI><a href="#[52]">&gt;&gt;</a>&nbsp;&nbsp;&nbsp;rom_hw_efuse_read_bytes (via Veneer)
</UL>
<BR>[Called By]<UL><LI><a href="#[45]">&gt;&gt;</a>&nbsp;&nbsp;&nbsp;main
</UL>

<P><STRONG><a name="[45]"></a>main</STRONG> (Thumb, 242 bytes, Stack size 8 bytes, main.o(.text.main))
<BR><BR>[Stack]<UL><LI>Max Depth = 64<LI>Call Chain = main &rArr; lpwr_ctrl_goto_sleep &rArr; patch_hw_flash_release_deep_power_down &rArr; patch_hw_flash_release_read_enhanced
</UL>
<BR>[Calls]<UL><LI><a href="#[64]">&gt;&gt;</a>&nbsp;&nbsp;&nbsp;err_debug_init
<LI><a href="#[56]">&gt;&gt;</a>&nbsp;&nbsp;&nbsp;rom_hw_wdt_disable (via Veneer)
<LI><a href="#[68]">&gt;&gt;</a>&nbsp;&nbsp;&nbsp;rom_hw_sys_ctrl_write_com_reg (via Veneer)
<LI><a href="#[63]">&gt;&gt;</a>&nbsp;&nbsp;&nbsp;rom_hw_sys_ctrl_peri_int_ctrl (via Veneer)
<LI><a href="#[67]">&gt;&gt;</a>&nbsp;&nbsp;&nbsp;rom_hw_sys_ctrl_enable_cp_remap (via Veneer)
<LI><a href="#[5f]">&gt;&gt;</a>&nbsp;&nbsp;&nbsp;rom_hw_pmu_set_rc_lclk_tune (via Veneer)
<LI><a href="#[5e]">&gt;&gt;</a>&nbsp;&nbsp;&nbsp;rom_hw_pmu_set_rc_hclk_tune (via Veneer)
<LI><a href="#[5c]">&gt;&gt;</a>&nbsp;&nbsp;&nbsp;rom_hw_pmu_set_ldo_ret_sleep_voltage (via Veneer)
<LI><a href="#[5b]">&gt;&gt;</a>&nbsp;&nbsp;&nbsp;rom_hw_pmu_set_ldo_dig_voltage (via Veneer)
<LI><a href="#[58]">&gt;&gt;</a>&nbsp;&nbsp;&nbsp;rom_hw_pmu_set_ldo_act_voltage (via Veneer)
<LI><a href="#[5a]">&gt;&gt;</a>&nbsp;&nbsp;&nbsp;rom_hw_pmu_set_dcdc_act_voltage (via Veneer)
<LI><a href="#[60]">&gt;&gt;</a>&nbsp;&nbsp;&nbsp;rom_hw_pmu_sel_dcxo_hclk_pwr (via Veneer)
<LI><a href="#[59]">&gt;&gt;</a>&nbsp;&nbsp;&nbsp;rom_hw_pmu_dcdc_init (via Veneer)
<LI><a href="#[52]">&gt;&gt;</a>&nbsp;&nbsp;&nbsp;rom_hw_efuse_read_bytes (via Veneer)
<LI><a href="#[6a]">&gt;&gt;</a>&nbsp;&nbsp;&nbsp;rom_hw_crg_release_reset (via Veneer)
<LI><a href="#[66]">&gt;&gt;</a>&nbsp;&nbsp;&nbsp;rom_hw_crg_keep_reset (via Veneer)
<LI><a href="#[69]">&gt;&gt;</a>&nbsp;&nbsp;&nbsp;rom_hw_crg_enable_clk_gate (via Veneer)
<LI><a href="#[62]">&gt;&gt;</a>&nbsp;&nbsp;&nbsp;rom_hal_pmu_set_sys_clk_src (via Veneer)
<LI><a href="#[5d]">&gt;&gt;</a>&nbsp;&nbsp;&nbsp;rom_hal_pmu_sel_power_act_out_mode (via Veneer)
<LI><a href="#[61]">&gt;&gt;</a>&nbsp;&nbsp;&nbsp;rom_hal_pmu_cfg_dcxo_hclk_param (via Veneer)
<LI><a href="#[57]">&gt;&gt;</a>&nbsp;&nbsp;&nbsp;rom_delay_ms (via Veneer)
<LI><a href="#[65]">&gt;&gt;</a>&nbsp;&nbsp;&nbsp;patch_hal_pmu_set_sram_ret
<LI><a href="#[6b]">&gt;&gt;</a>&nbsp;&nbsp;&nbsp;lpwr_ctrl_goto_sleep (via Veneer)
<LI><a href="#[51]">&gt;&gt;</a>&nbsp;&nbsp;&nbsp;lpwr_ctrl_init
</UL>
<BR>[Address Reference Count : 1]<UL><LI> entry9a.o(.ARM.Collect$$$$0000000B)
</UL>
<P><STRONG><a name="[4a]"></a>os_error_handler</STRONG> (Thumb, 2 bytes, Stack size 0 bytes, err_debug.o(.text.os_error_handler))
<BR><BR>[Calls]<UL><LI><a href="#[4a]">&gt;&gt;</a>&nbsp;&nbsp;&nbsp;os_error_handler
</UL>
<BR>[Called By]<UL><LI><a href="#[4a]">&gt;&gt;</a>&nbsp;&nbsp;&nbsp;os_error_handler
</UL>
<BR>[Address Reference Count : 1]<UL><LI> err_debug.o(.text.err_debug_init)
</UL>
<P><STRONG><a name="[65]"></a>patch_hal_pmu_set_sram_ret</STRONG> (Thumb, 54 bytes, Stack size 8 bytes, patch_hal_pmu.o(.text.patch_hal_pmu_set_sram_ret))
<BR><BR>[Stack]<UL><LI>Max Depth = 8<LI>Call Chain = patch_hal_pmu_set_sram_ret
</UL>
<BR>[Calls]<UL><LI><a href="#[6d]">&gt;&gt;</a>&nbsp;&nbsp;&nbsp;rom_hw_pmu_set_sram_block_ret (via Veneer)
<LI><a href="#[6c]">&gt;&gt;</a>&nbsp;&nbsp;&nbsp;rom_hw_pmu_clr_sram_block_ret (via Veneer)
</UL>
<BR>[Called By]<UL><LI><a href="#[45]">&gt;&gt;</a>&nbsp;&nbsp;&nbsp;main
</UL>

<P><STRONG><a name="[4b]"></a>system_error_handler</STRONG> (Thumb, 2 bytes, Stack size 0 bytes, err_debug.o(.text.system_error_handler))
<BR><BR>[Calls]<UL><LI><a href="#[4b]">&gt;&gt;</a>&nbsp;&nbsp;&nbsp;system_error_handler
</UL>
<BR>[Called By]<UL><LI><a href="#[4b]">&gt;&gt;</a>&nbsp;&nbsp;&nbsp;system_error_handler
</UL>
<BR>[Address Reference Count : 1]<UL><LI> err_debug.o(.text.err_debug_init)
</UL>
<P><STRONG><a name="[6b]"></a>lpwr_ctrl_goto_sleep</STRONG> (Thumb, 282 bytes, Stack size 32 bytes, lpwr_ctrl.o(.ram.function))
<BR><BR>[Stack]<UL><LI>Max Depth = 56<LI>Call Chain = lpwr_ctrl_goto_sleep &rArr; patch_hw_flash_release_deep_power_down &rArr; patch_hw_flash_release_read_enhanced
</UL>
<BR>[Calls]<UL><LI><a href="#[6f]">&gt;&gt;</a>&nbsp;&nbsp;&nbsp;rom_hw_sys_ctrl_read_com_reg (via Veneer)
<LI><a href="#[6e]">&gt;&gt;</a>&nbsp;&nbsp;&nbsp;rom_hw_crg_get_sys_clk_src (via Veneer)
<LI><a href="#[72]">&gt;&gt;</a>&nbsp;&nbsp;&nbsp;rom_hw_cache_init (via Veneer)
<LI><a href="#[62]">&gt;&gt;</a>&nbsp;&nbsp;&nbsp;rom_hal_pmu_set_sys_clk_src (via Veneer)
<LI><a href="#[71]">&gt;&gt;</a>&nbsp;&nbsp;&nbsp;patch_hw_flash_release_deep_power_down
<LI><a href="#[70]">&gt;&gt;</a>&nbsp;&nbsp;&nbsp;patch_hw_flash_enter_deep_power_down
</UL>
<BR>[Called By]<UL><LI><a href="#[45]">&gt;&gt;</a>&nbsp;&nbsp;&nbsp;main (via Veneer)
</UL>

<P><STRONG><a name="[73]"></a>patch_hw_flash_release_read_enhanced</STRONG> (Thumb, 64 bytes, Stack size 16 bytes, patch_hw_flash.o(.ram.function))
<BR><BR>[Stack]<UL><LI>Max Depth = 16<LI>Call Chain = patch_hw_flash_release_read_enhanced
</UL>
<BR>[Calls]<UL><LI><a href="#[74]">&gt;&gt;</a>&nbsp;&nbsp;&nbsp;rom_hw_flash_send_command (via Veneer)
</UL>
<BR>[Called By]<UL><LI><a href="#[77]">&gt;&gt;</a>&nbsp;&nbsp;&nbsp;patch_hw_flash_write_status
<LI><a href="#[8d]">&gt;&gt;</a>&nbsp;&nbsp;&nbsp;patch_hw_flash_write_bytes
<LI><a href="#[7d]">&gt;&gt;</a>&nbsp;&nbsp;&nbsp;patch_hw_flash_set_quad_enable
<LI><a href="#[7b]">&gt;&gt;</a>&nbsp;&nbsp;&nbsp;patch_hw_flash_read_status_low
<LI><a href="#[79]">&gt;&gt;</a>&nbsp;&nbsp;&nbsp;patch_hw_flash_read_status_high
<LI><a href="#[75]">&gt;&gt;</a>&nbsp;&nbsp;&nbsp;patch_hw_flash_read_status
<LI><a href="#[8f]">&gt;&gt;</a>&nbsp;&nbsp;&nbsp;patch_hw_flash_read_bytes
<LI><a href="#[83]">&gt;&gt;</a>&nbsp;&nbsp;&nbsp;patch_hw_flash_get_unique_id
<LI><a href="#[81]">&gt;&gt;</a>&nbsp;&nbsp;&nbsp;patch_hw_flash_get_id
<LI><a href="#[7f]">&gt;&gt;</a>&nbsp;&nbsp;&nbsp;patch_hw_flash_exit_abnormal_state
<LI><a href="#[89]">&gt;&gt;</a>&nbsp;&nbsp;&nbsp;patch_hw_flash_erase
<LI><a href="#[8b]">&gt;&gt;</a>&nbsp;&nbsp;&nbsp;patch_hw_flash_chip_erase
<LI><a href="#[71]">&gt;&gt;</a>&nbsp;&nbsp;&nbsp;patch_hw_flash_release_deep_power_down
<LI><a href="#[70]">&gt;&gt;</a>&nbsp;&nbsp;&nbsp;patch_hw_flash_enter_deep_power_down
</UL>

<P><STRONG><a name="[75]"></a>patch_hw_flash_read_status</STRONG> (Thumb, 26 bytes, Stack size 16 bytes, patch_hw_flash.o(.ram.function), UNUSED)
<BR><BR>[Calls]<UL><LI><a href="#[76]">&gt;&gt;</a>&nbsp;&nbsp;&nbsp;rom_hw_flash_read_status (via Veneer)
<LI><a href="#[73]">&gt;&gt;</a>&nbsp;&nbsp;&nbsp;patch_hw_flash_release_read_enhanced
</UL>
<BR>[Called By]<UL><LI><a href="#[88]">&gt;&gt;</a>&nbsp;&nbsp;&nbsp;patch_hw_flash_set_block_protect
</UL>

<P><STRONG><a name="[77]"></a>patch_hw_flash_write_status</STRONG> (Thumb, 26 bytes, Stack size 16 bytes, patch_hw_flash.o(.ram.function), UNUSED)
<BR><BR>[Calls]<UL><LI><a href="#[78]">&gt;&gt;</a>&nbsp;&nbsp;&nbsp;rom_hw_flash_write_status (via Veneer)
<LI><a href="#[73]">&gt;&gt;</a>&nbsp;&nbsp;&nbsp;patch_hw_flash_release_read_enhanced
</UL>

<P><STRONG><a name="[79]"></a>patch_hw_flash_read_status_high</STRONG> (Thumb, 26 bytes, Stack size 16 bytes, patch_hw_flash.o(.ram.function), UNUSED)
<BR><BR>[Calls]<UL><LI><a href="#[7a]">&gt;&gt;</a>&nbsp;&nbsp;&nbsp;rom_hw_flash_read_status_high (via Veneer)
<LI><a href="#[73]">&gt;&gt;</a>&nbsp;&nbsp;&nbsp;patch_hw_flash_release_read_enhanced
</UL>

<P><STRONG><a name="[7b]"></a>patch_hw_flash_read_status_low</STRONG> (Thumb, 26 bytes, Stack size 16 bytes, patch_hw_flash.o(.ram.function), UNUSED)
<BR><BR>[Calls]<UL><LI><a href="#[7c]">&gt;&gt;</a>&nbsp;&nbsp;&nbsp;rom_hw_flash_read_status_low (via Veneer)
<LI><a href="#[73]">&gt;&gt;</a>&nbsp;&nbsp;&nbsp;patch_hw_flash_release_read_enhanced
</UL>

<P><STRONG><a name="[7d]"></a>patch_hw_flash_set_quad_enable</STRONG> (Thumb, 26 bytes, Stack size 16 bytes, patch_hw_flash.o(.ram.function), UNUSED)
<BR><BR>[Calls]<UL><LI><a href="#[7e]">&gt;&gt;</a>&nbsp;&nbsp;&nbsp;rom_hw_flash_set_quad_enable (via Veneer)
<LI><a href="#[73]">&gt;&gt;</a>&nbsp;&nbsp;&nbsp;patch_hw_flash_release_read_enhanced
</UL>

<P><STRONG><a name="[7f]"></a>patch_hw_flash_exit_abnormal_state</STRONG> (Thumb, 20 bytes, Stack size 8 bytes, patch_hw_flash.o(.ram.function), UNUSED)
<BR><BR>[Calls]<UL><LI><a href="#[80]">&gt;&gt;</a>&nbsp;&nbsp;&nbsp;rom_hw_flash_exit_abnormal_state (via Veneer)
<LI><a href="#[73]">&gt;&gt;</a>&nbsp;&nbsp;&nbsp;patch_hw_flash_release_read_enhanced
</UL>

<P><STRONG><a name="[81]"></a>patch_hw_flash_get_id</STRONG> (Thumb, 26 bytes, Stack size 16 bytes, patch_hw_flash.o(.ram.function), UNUSED)
<BR><BR>[Calls]<UL><LI><a href="#[82]">&gt;&gt;</a>&nbsp;&nbsp;&nbsp;rom_hw_flash_get_id (via Veneer)
<LI><a href="#[73]">&gt;&gt;</a>&nbsp;&nbsp;&nbsp;patch_hw_flash_release_read_enhanced
</UL>

<P><STRONG><a name="[83]"></a>patch_hw_flash_get_unique_id</STRONG> (Thumb, 168 bytes, Stack size 32 bytes, patch_hw_flash.o(.ram.function), UNUSED)
<BR><BR>[Calls]<UL><LI><a href="#[85]">&gt;&gt;</a>&nbsp;&nbsp;&nbsp;rom_hw_flash_wait_idle (via Veneer)
<LI><a href="#[74]">&gt;&gt;</a>&nbsp;&nbsp;&nbsp;rom_hw_flash_send_command (via Veneer)
<LI><a href="#[84]">&gt;&gt;</a>&nbsp;&nbsp;&nbsp;rom_delay_us (via Veneer)
<LI><a href="#[73]">&gt;&gt;</a>&nbsp;&nbsp;&nbsp;patch_hw_flash_release_read_enhanced
</UL>

<P><STRONG><a name="[70]"></a>patch_hw_flash_enter_deep_power_down</STRONG> (Thumb, 24 bytes, Stack size 8 bytes, patch_hw_flash.o(.ram.function))
<BR><BR>[Stack]<UL><LI>Max Depth = 24<LI>Call Chain = patch_hw_flash_enter_deep_power_down &rArr; patch_hw_flash_release_read_enhanced
</UL>
<BR>[Calls]<UL><LI><a href="#[86]">&gt;&gt;</a>&nbsp;&nbsp;&nbsp;rom_hw_flash_enter_deep_power_down (via Veneer)
<LI><a href="#[73]">&gt;&gt;</a>&nbsp;&nbsp;&nbsp;patch_hw_flash_release_read_enhanced
</UL>
<BR>[Called By]<UL><LI><a href="#[6b]">&gt;&gt;</a>&nbsp;&nbsp;&nbsp;lpwr_ctrl_goto_sleep
</UL>

<P><STRONG><a name="[71]"></a>patch_hw_flash_release_deep_power_down</STRONG> (Thumb, 20 bytes, Stack size 8 bytes, patch_hw_flash.o(.ram.function))
<BR><BR>[Stack]<UL><LI>Max Depth = 24<LI>Call Chain = patch_hw_flash_release_deep_power_down &rArr; patch_hw_flash_release_read_enhanced
</UL>
<BR>[Calls]<UL><LI><a href="#[87]">&gt;&gt;</a>&nbsp;&nbsp;&nbsp;rom_hw_flash_release_deep_power_down (via Veneer)
<LI><a href="#[73]">&gt;&gt;</a>&nbsp;&nbsp;&nbsp;patch_hw_flash_release_read_enhanced
</UL>
<BR>[Called By]<UL><LI><a href="#[6b]">&gt;&gt;</a>&nbsp;&nbsp;&nbsp;lpwr_ctrl_goto_sleep
</UL>

<P><STRONG><a name="[88]"></a>patch_hw_flash_set_block_protect</STRONG> (Thumb, 134 bytes, Stack size 24 bytes, patch_hw_flash.o(.ram.function), UNUSED)
<BR><BR>[Calls]<UL><LI><a href="#[85]">&gt;&gt;</a>&nbsp;&nbsp;&nbsp;rom_hw_flash_wait_idle (via Veneer)
<LI><a href="#[74]">&gt;&gt;</a>&nbsp;&nbsp;&nbsp;rom_hw_flash_send_command (via Veneer)
<LI><a href="#[75]">&gt;&gt;</a>&nbsp;&nbsp;&nbsp;patch_hw_flash_read_status
</UL>

<P><STRONG><a name="[89]"></a>patch_hw_flash_erase</STRONG> (Thumb, 38 bytes, Stack size 24 bytes, patch_hw_flash.o(.ram.function), UNUSED)
<BR><BR>[Calls]<UL><LI><a href="#[8a]">&gt;&gt;</a>&nbsp;&nbsp;&nbsp;rom_hw_flash_erase (via Veneer)
<LI><a href="#[73]">&gt;&gt;</a>&nbsp;&nbsp;&nbsp;patch_hw_flash_release_read_enhanced
</UL>

<P><STRONG><a name="[8b]"></a>patch_hw_flash_chip_erase</STRONG> (Thumb, 26 bytes, Stack size 16 bytes, patch_hw_flash.o(.ram.function), UNUSED)
<BR><BR>[Calls]<UL><LI><a href="#[8c]">&gt;&gt;</a>&nbsp;&nbsp;&nbsp;rom_hw_flash_chip_erase (via Veneer)
<LI><a href="#[73]">&gt;&gt;</a>&nbsp;&nbsp;&nbsp;patch_hw_flash_release_read_enhanced
</UL>

<P><STRONG><a name="[8d]"></a>patch_hw_flash_write_bytes</STRONG> (Thumb, 48 bytes, Stack size 32 bytes, patch_hw_flash.o(.ram.function), UNUSED)
<BR><BR>[Calls]<UL><LI><a href="#[8e]">&gt;&gt;</a>&nbsp;&nbsp;&nbsp;rom_hw_flash_write_bytes (via Veneer)
<LI><a href="#[73]">&gt;&gt;</a>&nbsp;&nbsp;&nbsp;patch_hw_flash_release_read_enhanced
</UL>

<P><STRONG><a name="[8f]"></a>patch_hw_flash_read_bytes</STRONG> (Thumb, 46 bytes, Stack size 24 bytes, patch_hw_flash.o(.ram.function), UNUSED)
<BR><BR>[Calls]<UL><LI><a href="#[90]">&gt;&gt;</a>&nbsp;&nbsp;&nbsp;rom_hw_flash_read_bytes (via Veneer)
<LI><a href="#[73]">&gt;&gt;</a>&nbsp;&nbsp;&nbsp;patch_hw_flash_release_read_enhanced
</UL>

<P><STRONG><a name="[91]"></a>patch_hw_flash_erase_suspendable</STRONG> (Thumb, 224 bytes, Stack size 32 bytes, patch_hw_flash.o(.ram.function), UNUSED)
<BR><BR>[Calls]<UL><LI><a href="#[85]">&gt;&gt;</a>&nbsp;&nbsp;&nbsp;rom_hw_flash_wait_idle (via Veneer)
<LI><a href="#[74]">&gt;&gt;</a>&nbsp;&nbsp;&nbsp;rom_hw_flash_send_command (via Veneer)
<LI><a href="#[92]">&gt;&gt;</a>&nbsp;&nbsp;&nbsp;rom_hw_flash_release_read_enhanced (via Veneer)
</UL>

<P><STRONG><a name="[93]"></a>patch_hw_flash_write_bytes_in_page_suspendable</STRONG> (Thumb, 460 bytes, Stack size 40 bytes, patch_hw_flash.o(.ram.function), UNUSED)
<BR><BR>[Calls]<UL><LI><a href="#[85]">&gt;&gt;</a>&nbsp;&nbsp;&nbsp;rom_hw_flash_wait_idle (via Veneer)
<LI><a href="#[74]">&gt;&gt;</a>&nbsp;&nbsp;&nbsp;rom_hw_flash_send_command (via Veneer)
<LI><a href="#[84]">&gt;&gt;</a>&nbsp;&nbsp;&nbsp;rom_delay_us (via Veneer)
</UL>
<BR>[Called By]<UL><LI><a href="#[94]">&gt;&gt;</a>&nbsp;&nbsp;&nbsp;patch_hw_flash_write_bytes_suspendable
</UL>

<P><STRONG><a name="[94]"></a>patch_hw_flash_write_bytes_suspendable</STRONG> (Thumb, 116 bytes, Stack size 48 bytes, patch_hw_flash.o(.ram.function), UNUSED)
<BR><BR>[Calls]<UL><LI><a href="#[92]">&gt;&gt;</a>&nbsp;&nbsp;&nbsp;rom_hw_flash_release_read_enhanced (via Veneer)
<LI><a href="#[93]">&gt;&gt;</a>&nbsp;&nbsp;&nbsp;patch_hw_flash_write_bytes_in_page_suspendable
</UL>
<P>
<H3>
Local Symbols
</H3>
<P><STRONG><a name="[4c]"></a>lpwr_before_sleep</STRONG> (Thumb, 4 bytes, Stack size 0 bytes, main.o(.text.lpwr_before_sleep))
<BR>[Address Reference Count : 1]<UL><LI> main.o(.text.main)
</UL>
<P><STRONG><a name="[4d]"></a>lpwr_after_wakeup</STRONG> (Thumb, 2 bytes, Stack size 0 bytes, main.o(.text.lpwr_after_wakeup))
<BR>[Address Reference Count : 1]<UL><LI> main.o(.text.main)
</UL><P>
<H3>
Undefined Global Symbols
</H3><HR></body></html>
