Component: Arm Compiler for Embedded 6.24 Tool: armlink [5f371500]

==============================================================================

Section Cross References

    startup_armcm33.o(RESET) refers to startup_armcm33.o(STACK) for __initial_sp
    startup_armcm33.o(RESET) refers to startup_armcm33.o(.text) for Reset_Handler
    startup_armcm33.o(RESET) refers to main.o(.ram.function) for GPIO_IRQ0_Handler
    startup_armcm33.o(.text) refers to startup_armcm33.o(STACK) for __initial_sp
    startup_armcm33.o(.text) refers to system_armcm33.o(.text.SystemInit) for SystemInit
    startup_armcm33.o(.text) refers to entry.o(.ARM.Collect$$$$00000000) for __main
    startup_armcm33.o(.text) refers to err_debug.o(.text.NMI_Handler_Proc) for NMI_Handler_Proc
    startup_armcm33.o(.text) refers to err_debug.o(.text.HardFault_Handler_Proc) for HardFault_Handler_Proc
    system_armcm33.o(.text.SystemInit) refers to startup_armcm33.o(RESET) for __Vectors
    system_armcm33.o(.text.SystemInit) refers to system_armcm33.o(.bss.new_vector) for __NEW_VECTOR_TABLE
    system_armcm33.o(.ARM.exidx.text.SystemInit) refers to system_armcm33.o(.text.SystemInit) for [Anonymous Symbol]
    app_debug.o(.text.app_debug_init) refers to app_debug.o(.bss.m_pstDebugBuf) for m_pstDebugBuf
    app_debug.o(.text.app_debug_init) refers to app_debug.o(.bss.m_u16DebugTxIdx) for m_u16DebugTxIdx
    app_debug.o(.text.app_debug_init) refers to app_debug.o(.bss.m_u16DebugRxIdx) for m_u16DebugRxIdx
    app_debug.o(.text.app_debug_init) refers to app_debug.o(.bss.m_pstDebugUartHandle) for m_pstDebugUartHandle
    app_debug.o(.text.app_debug_init) refers to app_debug.o(.bss.m_pstDebugGpioHandle) for m_pstDebugGpioHandle
    app_debug.o(.text.app_debug_init) refers to app_debug.o(.bss.m_u32DebugIoTx) for m_u32DebugIoTx
    app_debug.o(.text.app_debug_init) refers to app_debug.o(.bss.m_u32DebugUartBps) for m_u32DebugUartBps
    app_debug.o(.text.app_debug_init) refers to app_debug.o(.text.app_debug_reinit) for app_debug_reinit
    app_debug.o(.ARM.exidx.text.app_debug_init) refers to app_debug.o(.text.app_debug_init) for [Anonymous Symbol]
    app_debug.o(.text.app_debug_reinit) refers to app_debug.o(.bss.m_pstDebugUartHandle) for m_pstDebugUartHandle
    app_debug.o(.text.app_debug_reinit) refers to app_debug.o(.bss.m_pstDebugGpioHandle) for m_pstDebugGpioHandle
    app_debug.o(.text.app_debug_reinit) refers to app_debug.o(.bss.m_u32DebugIoTx) for m_u32DebugIoTx
    app_debug.o(.text.app_debug_reinit) refers to app_debug.o(.bss.m_u32DebugUartBps) for m_u32DebugUartBps
    app_debug.o(.ARM.exidx.text.app_debug_reinit) refers to app_debug.o(.text.app_debug_reinit) for [Anonymous Symbol]
    app_debug.o(.text.app_debug_deinit) refers to app_debug.o(.bss.m_pstDebugGpioHandle) for m_pstDebugGpioHandle
    app_debug.o(.text.app_debug_deinit) refers to app_debug.o(.bss.m_u32DebugIoTx) for m_u32DebugIoTx
    app_debug.o(.text.app_debug_deinit) refers to app_debug.o(.bss.m_pstDebugUartHandle) for m_pstDebugUartHandle
    app_debug.o(.ARM.exidx.text.app_debug_deinit) refers to app_debug.o(.text.app_debug_deinit) for [Anonymous Symbol]
    app_debug.o(.text.app_debug_print_complete) refers to app_debug.o(.bss.m_u16DebugTxIdx) for m_u16DebugTxIdx
    app_debug.o(.text.app_debug_print_complete) refers to app_debug.o(.bss.m_u16DebugRxIdx) for m_u16DebugRxIdx
    app_debug.o(.text.app_debug_print_complete) refers to app_debug.o(.bss.m_pstDebugBuf) for m_pstDebugBuf
    app_debug.o(.ARM.exidx.text.app_debug_print_complete) refers to app_debug.o(.text.app_debug_print_complete) for [Anonymous Symbol]
    app_debug.o(.text.app_debug_printf) refers to app_debug.o(.bss.m_pstDebugBuf) for m_pstDebugBuf
    app_debug.o(.text.app_debug_printf) refers to app_debug.o(.bss.m_u16DebugTxIdx) for m_u16DebugTxIdx
    app_debug.o(.text.app_debug_printf) refers to app_debug.o(.bss.m_u16DebugRxIdx) for m_u16DebugRxIdx
    app_debug.o(.text.app_debug_printf) refers to app_debug.o(.bss.m_pstDebugUartHandle) for m_pstDebugUartHandle
    app_debug.o(.ARM.exidx.text.app_debug_printf) refers to app_debug.o(.text.app_debug_printf) for [Anonymous Symbol]
    app_debug.o(.text.app_debug_printf_hex_string) refers to app_debug.o(.rodata.str1.1) for .L.str
    app_debug.o(.text.app_debug_printf_hex_string) refers to printf8.o(i.__0printf$8) for __2printf
    app_debug.o(.text.app_debug_printf_hex_string) refers to putchar.o(i.putchar) for putchar
    app_debug.o(.ARM.exidx.text.app_debug_printf_hex_string) refers to app_debug.o(.text.app_debug_printf_hex_string) for [Anonymous Symbol]
    app_debug.o(.text.app_printf_dec) refers to app_debug.o(.rodata.str1.1) for .L.str
    app_debug.o(.text.app_printf_dec) refers to printf8.o(i.__0printf$8) for __2printf
    app_debug.o(.text.app_printf_dec) refers to putchar.o(i.putchar) for putchar
    app_debug.o(.ARM.exidx.text.app_printf_dec) refers to app_debug.o(.text.app_printf_dec) for [Anonymous Symbol]
[...]
    rom_hw_adc_get_adc_rawdata               0x0000677d   Thumb Code     0  ht32f675x5_rom_lib_mp_r2.lib ABSOLUTE
    rom_hw_adc_get_adc_sample_cnt            0x000067a9   Thumb Code     0  ht32f675x5_rom_lib_mp_r2.lib ABSOLUTE
    rom_hw_adc_get_channel_sel               0x000067d5   Thumb Code     0  ht32f675x5_rom_lib_mp_r2.lib ABSOLUTE
    rom_hw_adc_get_fifo_count                0x00006805   Thumb Code     0  ht32f675x5_rom_lib_mp_r2.lib ABSOLUTE
    rom_hw_adc_get_interrupt_flag            0x00006835   Thumb Code     0  ht32f675x5_rom_lib_mp_r2.lib ABSOLUTE
    rom_hw_adc_init                          0x00006865   Thumb Code     0  ht32f675x5_rom_lib_mp_r2.lib ABSOLUTE
    rom_hw_adc_read_fifo                     0x000068d5   Thumb Code     0  ht32f675x5_rom_lib_mp_r2.lib ABSOLUTE
    rom_hw_adc_set_channel_sel               0x00006951   Thumb Code     0  ht32f675x5_rom_lib_mp_r2.lib ABSOLUTE
    rom_hw_adc_set_conversion_mode           0x00006979   Thumb Code     0  ht32f675x5_rom_lib_mp_r2.lib ABSOLUTE
    rom_hw_adc_set_data_format               0x000069b5   Thumb Code     0  ht32f675x5_rom_lib_mp_r2.lib ABSOLUTE
    rom_hw_adc_set_fifo_threshold            0x000069e1   Thumb Code     0  ht32f675x5_rom_lib_mp_r2.lib ABSOLUTE
    rom_hw_adc_set_sample_mode               0x00006a0d   Thumb Code     0  ht32f675x5_rom_lib_mp_r2.lib ABSOLUTE
    rom_hw_adc_set_vcm_voltage               0x00006a6d   Thumb Code     0  ht32f675x5_rom_lib_mp_r2.lib ABSOLUTE
    rom_hw_adc_start_sample                  0x00006aad   Thumb Code     0  ht32f675x5_rom_lib_mp_r2.lib ABSOLUTE
    rom_hw_adc_stop_sample                   0x00006ac9   Thumb Code     0  ht32f675x5_rom_lib_mp_r2.lib ABSOLUTE
    rom_hw_aes192_decrypt                    0x00006ae5   Thumb Code     0  ht32f675x5_rom_lib_mp_r2.lib ABSOLUTE
    rom_hw_aes192_encrypt                    0x00006b35   Thumb Code     0  ht32f675x5_rom_lib_mp_r2.lib ABSOLUTE
    rom_hw_aes256_decrypt                    0x00006b85   Thumb Code     0  ht32f675x5_rom_lib_mp_r2.lib ABSOLUTE
    rom_hw_aes256_encrypt                    0x00006bd5   Thumb Code     0  ht32f675x5_rom_lib_mp_r2.lib ABSOLUTE
    rom_hw_aes_decrypt                       0x00006c25   Thumb Code     0  ht32f675x5_rom_lib_mp_r2.lib ABSOLUTE
    rom_hw_aes_encrypt                       0x00006c75   Thumb Code     0  ht32f675x5_rom_lib_mp_r2.lib ABSOLUTE
    rom_hw_audio_adc_deinit                  0x00006cc5   Thumb Code     0  ht32f675x5_rom_lib_mp_r2.lib ABSOLUTE
    rom_hw_audio_adc_disable                 0x00006d09   Thumb Code     0  ht32f675x5_rom_lib_mp_r2.lib ABSOLUTE
    rom_hw_audio_adc_enable                  0x00006d61   Thumb Code     0  ht32f675x5_rom_lib_mp_r2.lib ABSOLUTE
    rom_hw_audio_adc_init                    0x00006df9   Thumb Code     0  ht32f675x5_rom_lib_mp_r2.lib ABSOLUTE
    rom_hw_audio_adc_set_input_mode          0x00006e41   Thumb Code     0  ht32f675x5_rom_lib_mp_r2.lib ABSOLUTE
    rom_hw_audio_adc_set_pga_gain            0x00006e8d   Thumb Code     0  ht32f675x5_rom_lib_mp_r2.lib ABSOLUTE
    rom_hw_audio_adc_set_sample_rate         0x00006ed9   Thumb Code     0  ht32f675x5_rom_lib_mp_r2.lib ABSOLUTE
    rom_hw_audio_adc_set_vcm_volt            0x00006f2d   Thumb Code     0  ht32f675x5_rom_lib_mp_r2.lib ABSOLUTE
    rom_hw_audio_cfg_cic                     0x00006f79   Thumb Code     0  ht32f675x5_rom_lib_mp_r2.lib ABSOLUTE
    rom_hw_audio_clear_interrupt_flag        0x00006fb5   Thumb Code     0  ht32f675x5_rom_lib_mp_r2.lib ABSOLUTE
    rom_hw_audio_disable_interrupt           0x00006fe5   Thumb Code     0  ht32f675x5_rom_lib_mp_r2.lib ABSOLUTE
    rom_hw_audio_enable_interrupt            0x0000701d   Thumb Code     0  ht32f675x5_rom_lib_mp_r2.lib ABSOLUTE
    rom_hw_audio_get_interrupt_flag          0x00007055   Thumb Code     0  ht32f675x5_rom_lib_mp_r2.lib ABSOLUTE
    rom_hw_audio_pdm_cfg_clk                 0x00007085   Thumb Code     0  ht32f675x5_rom_lib_mp_r2.lib ABSOLUTE
    rom_hw_audio_pdm_deinit                  0x000070d9   Thumb Code     0  ht32f675x5_rom_lib_mp_r2.lib ABSOLUTE
    rom_hw_audio_pdm_disable                 0x00007125   Thumb Code     0  ht32f675x5_rom_lib_mp_r2.lib ABSOLUTE
    rom_hw_audio_pdm_enable                  0x00007145   Thumb Code     0  ht32f675x5_rom_lib_mp_r2.lib ABSOLUTE
    rom_hw_audio_pdm_init                    0x00007165   Thumb Code     0  ht32f675x5_rom_lib_mp_r2.lib ABSOLUTE
    rom_hw_audio_pdm_set_digital_gain        0x000071c1   Thumb Code     0  ht32f675x5_rom_lib_mp_r2.lib ABSOLUTE
    rom_hw_audio_pdm_set_sample_rate         0x000071e1   Thumb Code     0  ht32f675x5_rom_lib_mp_r2.lib ABSOLUTE
    rom_hw_audio_read_fifo                   0x0000722d   Thumb Code     0  ht32f675x5_rom_lib_mp_r2.lib ABSOLUTE
    rom_hw_audio_select_cic_soure            0x00007269   Thumb Code     0  ht32f675x5_rom_lib_mp_r2.lib ABSOLUTE
    rom_hw_audio_select_fifo_data            0x00007295   Thumb Code     0  ht32f675x5_rom_lib_mp_r2.lib ABSOLUTE
    rom_hw_audio_set_compensation_filter     0x000072c1   Thumb Code     0  ht32f675x5_rom_lib_mp_r2.lib ABSOLUTE
    rom_hw_audio_set_slpf                    0x000072ed   Thumb Code     0  ht32f675x5_rom_lib_mp_r2.lib ABSOLUTE
    rom_hw_cache_init                        0x0000731d   Thumb Code     0  ht32f675x5_rom_lib_mp_r2.lib ABSOLUTE
    rom_hw_cache_set_mode                    0x00007361   Thumb Code     0  ht32f675x5_rom_lib_mp_r2.lib ABSOLUTE
    rom_hw_cbc_encrypt                       0x000073bd   Thumb Code     0  ht32f675x5_rom_lib_mp_r2.lib ABSOLUTE
    rom_hw_ccm_decrypt                       0x00007429   Thumb Code     0  ht32f675x5_rom_lib_mp_r2.lib ABSOLUTE
    rom_hw_ccm_encrypt                       0x00007489   Thumb Code     0  ht32f675x5_rom_lib_mp_r2.lib ABSOLUTE
    rom_hw_cmac_encrypt                      0x000074e9   Thumb Code     0  ht32f675x5_rom_lib_mp_r2.lib ABSOLUTE
    rom_hw_cpto_clear_interrupt_flag         0x00007539   Thumb Code     0  ht32f675x5_rom_lib_mp_r2.lib ABSOLUTE
    rom_hw_cpto_config_for_ccm               0x00007545   Thumb Code     0  ht32f675x5_rom_lib_mp_r2.lib ABSOLUTE
    rom_hw_cpto_config_key_and_data          0x00007585   Thumb Code     0  ht32f675x5_rom_lib_mp_r2.lib ABSOLUTE
    rom_hw_cpto_config_mode_and_start        0x000075fd   Thumb Code     0  ht32f675x5_rom_lib_mp_r2.lib ABSOLUTE
    rom_hw_cpto_disable_interrupt            0x000076fd   Thumb Code     0  ht32f675x5_rom_lib_mp_r2.lib ABSOLUTE
    rom_hw_cpto_enable_interrupt             0x00007711   Thumb Code     0  ht32f675x5_rom_lib_mp_r2.lib ABSOLUTE
    rom_hw_cpto_get_ctrl_write_addr          0x00007725   Thumb Code     0  ht32f675x5_rom_lib_mp_r2.lib ABSOLUTE
    rom_hw_cpto_get_data_write_addr          0x00007735   Thumb Code     0  ht32f675x5_rom_lib_mp_r2.lib ABSOLUTE
    rom_hw_cpto_get_interrupt_flag           0x00007745   Thumb Code     0  ht32f675x5_rom_lib_mp_r2.lib ABSOLUTE
    rom_hw_cpto_get_status                   0x00007755   Thumb Code     0  ht32f675x5_rom_lib_mp_r2.lib ABSOLUTE
    rom_hw_cpto_llc_get_work_mode            0x00007765   Thumb Code     0  ht32f675x5_rom_lib_mp_r2.lib ABSOLUTE
    rom_hw_cpto_llc_set_adv_write_addr       0x00007775   Thumb Code     0  ht32f675x5_rom_lib_mp_r2.lib ABSOLUTE
    rom_hw_cpto_llc_set_read_addr            0x00007795   Thumb Code     0  ht32f675x5_rom_lib_mp_r2.lib ABSOLUTE
    rom_hw_cpto_llc_set_work_mode            0x000077b5   Thumb Code     0  ht32f675x5_rom_lib_mp_r2.lib ABSOLUTE
    rom_hw_cpto_sw_set_addr                  0x000077d1   Thumb Code     0  ht32f675x5_rom_lib_mp_r2.lib ABSOLUTE
    rom_hw_cpto_sw_set_cfg                   0x00007831   Thumb Code     0  ht32f675x5_rom_lib_mp_r2.lib ABSOLUTE
    rom_hw_cpto_sw_set_data_len              0x0000783d   Thumb Code     0  ht32f675x5_rom_lib_mp_r2.lib ABSOLUTE
    rom_hw_cpto_sw_start                     0x0000785d   Thumb Code     0  ht32f675x5_rom_lib_mp_r2.lib ABSOLUTE
    rom_hw_crg_cfg_cali_rc_clk               0x0000786d   Thumb Code     0  ht32f675x5_rom_lib_mp_r2.lib ABSOLUTE
    rom_hw_crg_clear_reset_flag              0x0000789d   Thumb Code     0  ht32f675x5_rom_lib_mp_r2.lib ABSOLUTE
    rom_hw_crg_clk_gate_ctrl                 0x000078b9   Thumb Code     0  ht32f675x5_rom_lib_mp_r2.lib ABSOLUTE
    rom_hw_crg_cp_reset                      0x000078cd   Thumb Code     0  ht32f675x5_rom_lib_mp_r2.lib ABSOLUTE
    rom_hw_crg_disable_cali                  0x000078dd   Thumb Code     0  ht32f675x5_rom_lib_mp_r2.lib ABSOLUTE
    rom_hw_crg_disable_clk_gate              0x000078f1   Thumb Code     0  ht32f675x5_rom_lib_mp_r2.lib ABSOLUTE
    rom_hw_crg_disable_hclk_div_lclk         0x0000792d   Thumb Code     0  ht32f675x5_rom_lib_mp_r2.lib ABSOLUTE
    rom_hw_crg_disable_pmu_cali              0x00007941   Thumb Code     0  ht32f675x5_rom_lib_mp_r2.lib ABSOLUTE
    rom_hw_crg_disable_wdt1_reset_sys        0x00007955   Thumb Code     0  ht32f675x5_rom_lib_mp_r2.lib ABSOLUTE
    rom_hw_crg_enable_cali                   0x00007969   Thumb Code     0  ht32f675x5_rom_lib_mp_r2.lib ABSOLUTE
    rom_hw_crg_enable_clk_gate               0x0000797d   Thumb Code     0  ht32f675x5_rom_lib_mp_r2.lib ABSOLUTE
    rom_hw_crg_enable_hclk_div_lclk          0x000079b5   Thumb Code     0  ht32f675x5_rom_lib_mp_r2.lib ABSOLUTE
    rom_hw_crg_enable_pmu_cali               0x000079c9   Thumb Code     0  ht32f675x5_rom_lib_mp_r2.lib ABSOLUTE
    rom_hw_crg_enable_wdt1_reset_sys         0x000079dd   Thumb Code     0  ht32f675x5_rom_lib_mp_r2.lib ABSOLUTE
    rom_hw_crg_get_32k_cycles_of_dcxo_hclk   0x000079f1   Thumb Code     0  ht32f675x5_rom_lib_mp_r2.lib ABSOLUTE
    rom_hw_crg_get_lpwr_clk_src              0x00007a31   Thumb Code     0  ht32f675x5_rom_lib_mp_r2.lib ABSOLUTE
    rom_hw_crg_get_reset_flag                0x00007a4d   Thumb Code     0  ht32f675x5_rom_lib_mp_r2.lib ABSOLUTE
    rom_hw_crg_get_sys_clk_src               0x00007a69   Thumb Code     0  ht32f675x5_rom_lib_mp_r2.lib ABSOLUTE
    rom_hw_crg_keep_reset                    0x00007a85   Thumb Code     0  ht32f675x5_rom_lib_mp_r2.lib ABSOLUTE
    rom_hw_crg_mp_reset                      0x00007ac1   Thumb Code     0  ht32f675x5_rom_lib_mp_r2.lib ABSOLUTE
    rom_hw_crg_release_reset                 0x00007ad1   Thumb Code     0  ht32f675x5_rom_lib_mp_r2.lib ABSOLUTE
    rom_hw_crg_reset_ctrl                    0x00007b09   Thumb Code     0  ht32f675x5_rom_lib_mp_r2.lib ABSOLUTE
    rom_hw_crg_set_adc_clk_divisor           0x00007b1d   Thumb Code     0  ht32f675x5_rom_lib_mp_r2.lib ABSOLUTE
    rom_hw_crg_set_adc_clk_src               0x00007b59   Thumb Code     0  ht32f675x5_rom_lib_mp_r2.lib ABSOLUTE
    rom_hw_crg_set_ana_output_clk_src        0x00007b91   Thumb Code     0  ht32f675x5_rom_lib_mp_r2.lib ABSOLUTE
    rom_hw_crg_set_apb_clk_divisor           0x00007bb5   Thumb Code     0  ht32f675x5_rom_lib_mp_r2.lib ABSOLUTE
    rom_hw_crg_set_cp_ahb_clk_divisor        0x00007bfd   Thumb Code     0  ht32f675x5_rom_lib_mp_r2.lib ABSOLUTE
    rom_hw_crg_set_cpto_clk_divisor          0x00007c45   Thumb Code     0  ht32f675x5_rom_lib_mp_r2.lib ABSOLUTE
    rom_hw_crg_set_dcxo_hclk_freq            0x00007cb1   Thumb Code     0  ht32f675x5_rom_lib_mp_r2.lib ABSOLUTE
    rom_hw_crg_set_gtim_clk_src              0x00007ccd   Thumb Code     0  ht32f675x5_rom_lib_mp_r2.lib ABSOLUTE
    rom_hw_crg_set_i2s_bclk_divisor          0x00007d15   Thumb Code     0  ht32f675x5_rom_lib_mp_r2.lib ABSOLUTE
    rom_hw_crg_set_llc_clk_divisor           0x00007d39   Thumb Code     0  ht32f675x5_rom_lib_mp_r2.lib ABSOLUTE
    rom_hw_crg_set_lpwr_clk_src              0x00007d81   Thumb Code     0  ht32f675x5_rom_lib_mp_r2.lib ABSOLUTE
    rom_hw_crg_set_mp_ahb_clk_divisor        0x00007dad   Thumb Code     0  ht32f675x5_rom_lib_mp_r2.lib ABSOLUTE
    rom_hw_crg_set_pll128m_clk_divisor       0x00007e21   Thumb Code     0  ht32f675x5_rom_lib_mp_r2.lib ABSOLUTE
    rom_hw_crg_set_pmu_hclk_divisor          0x00007e45   Thumb Code     0  ht32f675x5_rom_lib_mp_r2.lib ABSOLUTE
    rom_hw_crg_set_qspi_clk_divisor          0x00007e6d   Thumb Code     0  ht32f675x5_rom_lib_mp_r2.lib ABSOLUTE
    rom_hw_crg_set_qspi_clk_src              0x00007ea9   Thumb Code     0  ht32f675x5_rom_lib_mp_r2.lib ABSOLUTE
    rom_hw_crg_set_rc_hclk_frequency         0x00007ef1   Thumb Code     0  ht32f675x5_rom_lib_mp_r2.lib ABSOLUTE
    rom_hw_crg_set_sys_clk_out_divisor       0x00007f11   Thumb Code     0  ht32f675x5_rom_lib_mp_r2.lib ABSOLUTE
    rom_hw_crg_set_sys_clk_src               0x00007f35   Thumb Code     0  ht32f675x5_rom_lib_mp_r2.lib ABSOLUTE
    rom_hw_crg_sys_clk_src_is_rc_hclk        0x00007f59   Thumb Code     0  ht32f675x5_rom_lib_mp_r2.lib ABSOLUTE
    rom_hw_crg_system_reset                  0x00007f71   Thumb Code     0  ht32f675x5_rom_lib_mp_r2.lib ABSOLUTE
    rom_hw_ctr_decrypt                       0x00007f81   Thumb Code     0  ht32f675x5_rom_lib_mp_r2.lib ABSOLUTE
    rom_hw_ctr_encrypt                       0x00007fed   Thumb Code     0  ht32f675x5_rom_lib_mp_r2.lib ABSOLUTE
    rom_hw_dma_clear_interrupt_flag          0x00008059   Thumb Code     0  ht32f675x5_rom_lib_mp_r2.lib ABSOLUTE
    rom_hw_dma_continue_dma                  0x0000808d   Thumb Code     0  ht32f675x5_rom_lib_mp_r2.lib ABSOLUTE
    rom_hw_dma_disable                       0x000080ad   Thumb Code     0  ht32f675x5_rom_lib_mp_r2.lib ABSOLUTE
    rom_hw_dma_disable_interrupt             0x000080cd   Thumb Code     0  ht32f675x5_rom_lib_mp_r2.lib ABSOLUTE
    rom_hw_dma_enable                        0x00008115   Thumb Code     0  ht32f675x5_rom_lib_mp_r2.lib ABSOLUTE
    rom_hw_dma_enable_interrupt              0x00008135   Thumb Code     0  ht32f675x5_rom_lib_mp_r2.lib ABSOLUTE
    rom_hw_dma_get_circ_count                0x0000817d   Thumb Code     0  ht32f675x5_rom_lib_mp_r2.lib ABSOLUTE
    rom_hw_dma_get_interrupt_flag            0x0000821d   Thumb Code     0  ht32f675x5_rom_lib_mp_r2.lib ABSOLUTE
    rom_hw_dma_get_trx_pointer               0x000082c5   Thumb Code     0  ht32f675x5_rom_lib_mp_r2.lib ABSOLUTE
    rom_hw_dma_init                          0x00008365   Thumb Code     0  ht32f675x5_rom_lib_mp_r2.lib ABSOLUTE
    rom_hw_dma_interval_tx_mode_disable      0x0000845d   Thumb Code     0  ht32f675x5_rom_lib_mp_r2.lib ABSOLUTE
    rom_hw_dma_interval_tx_mode_enable       0x0000847d   Thumb Code     0  ht32f675x5_rom_lib_mp_r2.lib ABSOLUTE
    rom_hw_dma_pause_dma                     0x0000849d   Thumb Code     0  ht32f675x5_rom_lib_mp_r2.lib ABSOLUTE
    rom_hw_dma_set_circ_mode_data_ready      0x000084bd   Thumb Code     0  ht32f675x5_rom_lib_mp_r2.lib ABSOLUTE
    rom_hw_dma_set_circ_total_len            0x000084d9   Thumb Code     0  ht32f675x5_rom_lib_mp_r2.lib ABSOLUTE
    rom_hw_dma_set_interrupt_channel         0x000084f1   Thumb Code     0  ht32f675x5_rom_lib_mp_r2.lib ABSOLUTE
    rom_hw_dma_set_interval_tx_index         0x00008519   Thumb Code     0  ht32f675x5_rom_lib_mp_r2.lib ABSOLUTE
    rom_hw_dma_set_timeout                   0x0000853d   Thumb Code     0  ht32f675x5_rom_lib_mp_r2.lib ABSOLUTE
    rom_hw_dma_set_timeout_us                0x00008565   Thumb Code     0  ht32f675x5_rom_lib_mp_r2.lib ABSOLUTE
    rom_hw_ecb_encrypt                       0x00008655   Thumb Code     0  ht32f675x5_rom_lib_mp_r2.lib ABSOLUTE
    rom_hw_efuse_init                        0x000086a5   Thumb Code     0  ht32f675x5_rom_lib_mp_r2.lib ABSOLUTE
    rom_hw_efuse_read_bytes                  0x0000870d   Thumb Code     0  ht32f675x5_rom_lib_mp_r2.lib ABSOLUTE
    rom_hw_efuse_write_bytes                 0x0000873d   Thumb Code     0  ht32f675x5_rom_lib_mp_r2.lib ABSOLUTE
    rom_hw_flash_chip_erase                  0x00008801   Thumb Code     0  ht32f675x5_rom_lib_mp_r2.lib ABSOLUTE
    rom_hw_flash_enter_deep_power_down       0x00008879   Thumb Code     0  ht32f675x5_rom_lib_mp_r2.lib ABSOLUTE
    rom_hw_flash_erase                       0x000088a1   Thumb Code     0  ht32f675x5_rom_lib_mp_r2.lib ABSOLUTE
    rom_hw_flash_exit_abnormal_state         0x0000893d   Thumb Code     0  ht32f675x5_rom_lib_mp_r2.lib ABSOLUTE
    rom_hw_flash_get_id                      0x00008975   Thumb Code     0  ht32f675x5_rom_lib_mp_r2.lib ABSOLUTE
    rom_hw_flash_init                        0x00008a6d   Thumb Code     0  ht32f675x5_rom_lib_mp_r2.lib ABSOLUTE
    rom_hw_flash_read_bytes                  0x00008a9d   Thumb Code     0  ht32f675x5_rom_lib_mp_r2.lib ABSOLUTE
    rom_hw_flash_read_status                 0x00008b81   Thumb Code     0  ht32f675x5_rom_lib_mp_r2.lib ABSOLUTE
    rom_hw_flash_read_status_high            0x00008c75   Thumb Code     0  ht32f675x5_rom_lib_mp_r2.lib ABSOLUTE
    rom_hw_flash_read_status_low             0x00008d0d   Thumb Code     0  ht32f675x5_rom_lib_mp_r2.lib ABSOLUTE
    rom_hw_flash_release_deep_power_down     0x00008da5   Thumb Code     0  ht32f675x5_rom_lib_mp_r2.lib ABSOLUTE
    rom_hw_flash_release_read_enhanced       0x00008dc1   Thumb Code     0  ht32f675x5_rom_lib_mp_r2.lib ABSOLUTE
    rom_hw_flash_reset                       0x00008e15   Thumb Code     0  ht32f675x5_rom_lib_mp_r2.lib ABSOLUTE
    rom_hw_flash_send_command                0x00008e45   Thumb Code     0  ht32f675x5_rom_lib_mp_r2.lib ABSOLUTE
    rom_hw_flash_set_block_protect           0x00008f5d   Thumb Code     0  ht32f675x5_rom_lib_mp_r2.lib ABSOLUTE
    rom_hw_flash_set_quad_enable             0x00008ff5   Thumb Code     0  ht32f675x5_rom_lib_mp_r2.lib ABSOLUTE
    rom_hw_flash_wait_idle                   0x00009099   Thumb Code     0  ht32f675x5_rom_lib_mp_r2.lib ABSOLUTE
    rom_hw_flash_write_bytes                 0x000090d9   Thumb Code     0  ht32f675x5_rom_lib_mp_r2.lib ABSOLUTE
    rom_hw_flash_write_bytes_in_page         0x00009151   Thumb Code     0  ht32f675x5_rom_lib_mp_r2.lib ABSOLUTE
    rom_hw_flash_write_status                0x00009299   Thumb Code     0  ht32f675x5_rom_lib_mp_r2.lib ABSOLUTE
    rom_hw_gpio_clear_pin_interrupt_flag     0x00009309   Thumb Code     0  ht32f675x5_rom_lib_mp_r2.lib ABSOLUTE
    rom_hw_gpio_clear_wakeup_flag            0x00009321   Thumb Code     0  ht32f675x5_rom_lib_mp_r2.lib ABSOLUTE
    rom_hw_gpio_disable_dcxo32k_output       0x00009331   Thumb Code     0  ht32f675x5_rom_lib_mp_r2.lib ABSOLUTE
    rom_hw_gpio_disable_ir_rx_amp            0x00009355   Thumb Code     0  ht32f675x5_rom_lib_mp_r2.lib ABSOLUTE
    rom_hw_gpio_disable_ir_tx_out            0x00009369   Thumb Code     0  ht32f675x5_rom_lib_mp_r2.lib ABSOLUTE
    rom_hw_gpio_disable_pin_interrupt        0x0000937d   Thumb Code     0  ht32f675x5_rom_lib_mp_r2.lib ABSOLUTE
    rom_hw_gpio_disable_pin_wakeup           0x0000939d   Thumb Code     0  ht32f675x5_rom_lib_mp_r2.lib ABSOLUTE
    rom_hw_gpio_disable_qspi_pid             0x000093c9   Thumb Code     0  ht32f675x5_rom_lib_mp_r2.lib ABSOLUTE
    rom_hw_gpio_disable_swd                  0x000093e5   Thumb Code     0  ht32f675x5_rom_lib_mp_r2.lib ABSOLUTE
    rom_hw_gpio_enable_dcxo32k_output        0x0000940d   Thumb Code     0  ht32f675x5_rom_lib_mp_r2.lib ABSOLUTE
    rom_hw_gpio_enable_ir_rx_amp             0x0000942d   Thumb Code     0  ht32f675x5_rom_lib_mp_r2.lib ABSOLUTE
    rom_hw_gpio_enable_ir_tx_out             0x00009441   Thumb Code     0  ht32f675x5_rom_lib_mp_r2.lib ABSOLUTE
    rom_hw_gpio_enable_pin_interrupt         0x00009455   Thumb Code     0  ht32f675x5_rom_lib_mp_r2.lib ABSOLUTE
    rom_hw_gpio_enable_pin_wakeup            0x00009475   Thumb Code     0  ht32f675x5_rom_lib_mp_r2.lib ABSOLUTE
    rom_hw_gpio_enable_qspi_pid              0x000094b9   Thumb Code     0  ht32f675x5_rom_lib_mp_r2.lib ABSOLUTE
    rom_hw_gpio_enable_swd                   0x000094d5   Thumb Code     0  ht32f675x5_rom_lib_mp_r2.lib ABSOLUTE
    rom_hw_gpio_get_ir_ctrl_value            0x000094fd   Thumb Code     0  ht32f675x5_rom_lib_mp_r2.lib ABSOLUTE
    rom_hw_gpio_get_pin_input_level          0x00009515   Thumb Code     0  ht32f675x5_rom_lib_mp_r2.lib ABSOLUTE
    rom_hw_gpio_get_pin_interrupt_flag       0x0000954d   Thumb Code     0  ht32f675x5_rom_lib_mp_r2.lib ABSOLUTE
    rom_hw_gpio_get_pin_output_level         0x0000956d   Thumb Code     0  ht32f675x5_rom_lib_mp_r2.lib ABSOLUTE
    rom_hw_gpio_get_sw_input_level           0x000095a5   Thumb Code     0  ht32f675x5_rom_lib_mp_r2.lib ABSOLUTE
    rom_hw_gpio_pin_init                     0x000095dd   Thumb Code     0  ht32f675x5_rom_lib_mp_r2.lib ABSOLUTE
    rom_hw_gpio_set_ir_rx_rtune              0x000095e5   Thumb Code     0  ht32f675x5_rom_lib_mp_r2.lib ABSOLUTE
    rom_hw_gpio_set_pin_cfg                  0x00009601   Thumb Code     0  ht32f675x5_rom_lib_mp_r2.lib ABSOLUTE
    rom_hw_gpio_set_pin_drive_strength       0x00009671   Thumb Code     0  ht32f675x5_rom_lib_mp_r2.lib ABSOLUTE
    rom_hw_gpio_set_pin_input_output         0x000096f1   Thumb Code     0  ht32f675x5_rom_lib_mp_r2.lib ABSOLUTE
    rom_hw_gpio_set_pin_interrupt_type       0x00009771   Thumb Code     0  ht32f675x5_rom_lib_mp_r2.lib ABSOLUTE
    rom_hw_gpio_set_pin_output_level         0x000097f9   Thumb Code     0  ht32f675x5_rom_lib_mp_r2.lib ABSOLUTE
    rom_hw_gpio_set_pin_pid                  0x00009821   Thumb Code     0  ht32f675x5_rom_lib_mp_r2.lib ABSOLUTE
    rom_hw_gpio_set_pin_pull_mode            0x0000989d   Thumb Code     0  ht32f675x5_rom_lib_mp_r2.lib ABSOLUTE
    rom_hw_gpio_set_pin_wakeup_debounce      0x0000991d   Thumb Code     0  ht32f675x5_rom_lib_mp_r2.lib ABSOLUTE
    rom_hw_gpio_set_sw_drive_strength        0x00009941   Thumb Code     0  ht32f675x5_rom_lib_mp_r2.lib ABSOLUTE
    rom_hw_gpio_set_sw_input_output          0x00009991   Thumb Code     0  ht32f675x5_rom_lib_mp_r2.lib ABSOLUTE
    rom_hw_gpio_set_sw_output_level          0x000099e1   Thumb Code     0  ht32f675x5_rom_lib_mp_r2.lib ABSOLUTE
    rom_hw_gpio_set_sw_pull_mode             0x00009a0d   Thumb Code     0  ht32f675x5_rom_lib_mp_r2.lib ABSOLUTE
    rom_hw_gpio_toggle_pin_output_level      0x00009a5d   Thumb Code     0  ht32f675x5_rom_lib_mp_r2.lib ABSOLUTE
    rom_hw_i2c_clear_interrupt_flag          0x00009a81   Thumb Code     0  ht32f675x5_rom_lib_mp_r2.lib ABSOLUTE
    rom_hw_i2c_disable_interrupt             0x00009a99   Thumb Code     0  ht32f675x5_rom_lib_mp_r2.lib ABSOLUTE
    rom_hw_i2c_enable_interrupt              0x00009ab9   Thumb Code     0  ht32f675x5_rom_lib_mp_r2.lib ABSOLUTE
    rom_hw_i2c_get_interrupt_flag            0x00009b01   Thumb Code     0  ht32f675x5_rom_lib_mp_r2.lib ABSOLUTE
    rom_hw_i2c_get_rxfifo_cnt                0x00009b5d   Thumb Code     0  ht32f675x5_rom_lib_mp_r2.lib ABSOLUTE
    rom_hw_i2c_get_txfifo_cnt                0x00009bbd   Thumb Code     0  ht32f675x5_rom_lib_mp_r2.lib ABSOLUTE
    rom_hw_i2c_master_disable                0x00009c1d   Thumb Code     0  ht32f675x5_rom_lib_mp_r2.lib ABSOLUTE
    rom_hw_i2c_master_disable_stretch        0x00009c3d   Thumb Code     0  ht32f675x5_rom_lib_mp_r2.lib ABSOLUTE
    rom_hw_i2c_master_enable                 0x00009c5d   Thumb Code     0  ht32f675x5_rom_lib_mp_r2.lib ABSOLUTE
    rom_hw_i2c_master_enable_stretch         0x00009c7d   Thumb Code     0  ht32f675x5_rom_lib_mp_r2.lib ABSOLUTE
    rom_hw_i2c_master_init                   0x00009c9d   Thumb Code     0  ht32f675x5_rom_lib_mp_r2.lib ABSOLUTE
    rom_hw_i2c_master_read                   0x00009d01   Thumb Code     0  ht32f675x5_rom_lib_mp_r2.lib ABSOLUTE
    rom_hw_i2c_master_reg_read               0x00009e89   Thumb Code     0  ht32f675x5_rom_lib_mp_r2.lib ABSOLUTE
    rom_hw_i2c_master_reg_write              0x0000a06d   Thumb Code     0  ht32f675x5_rom_lib_mp_r2.lib ABSOLUTE
    rom_hw_i2c_master_set_addr_mode          0x0000a161   Thumb Code     0  ht32f675x5_rom_lib_mp_r2.lib ABSOLUTE
    rom_hw_i2c_master_set_rxfifo_full_value  0x0000a191   Thumb Code     0  ht32f675x5_rom_lib_mp_r2.lib ABSOLUTE
    rom_hw_i2c_master_set_speed              0x0000a1b5   Thumb Code     0  ht32f675x5_rom_lib_mp_r2.lib ABSOLUTE
    rom_hw_i2c_master_set_trx_mode           0x0000a211   Thumb Code     0  ht32f675x5_rom_lib_mp_r2.lib ABSOLUTE
    rom_hw_i2c_master_write                  0x0000a241   Thumb Code     0  ht32f675x5_rom_lib_mp_r2.lib ABSOLUTE
    rom_hw_i2c_set_addr                      0x0000a311   Thumb Code     0  ht32f675x5_rom_lib_mp_r2.lib ABSOLUTE
    rom_hw_i2c_set_mode                      0x0000a32d   Thumb Code     0  ht32f675x5_rom_lib_mp_r2.lib ABSOLUTE
    rom_hw_i2c_set_rxfifo_thld               0x0000a35d   Thumb Code     0  ht32f675x5_rom_lib_mp_r2.lib ABSOLUTE
    rom_hw_i2c_set_timeout_thld              0x0000a385   Thumb Code     0  ht32f675x5_rom_lib_mp_r2.lib ABSOLUTE
    rom_hw_i2c_set_txfifo_thld               0x0000a39d   Thumb Code     0  ht32f675x5_rom_lib_mp_r2.lib ABSOLUTE
    rom_hw_i2c_slave_disable                 0x0000a3c5   Thumb Code     0  ht32f675x5_rom_lib_mp_r2.lib ABSOLUTE
    rom_hw_i2c_slave_disable_stretch         0x0000a3e5   Thumb Code     0  ht32f675x5_rom_lib_mp_r2.lib ABSOLUTE
    rom_hw_i2c_slave_enable                  0x0000a405   Thumb Code     0  ht32f675x5_rom_lib_mp_r2.lib ABSOLUTE
    rom_hw_i2c_slave_enable_stretch          0x0000a425   Thumb Code     0  ht32f675x5_rom_lib_mp_r2.lib ABSOLUTE
    rom_hw_i2c_slave_init                    0x0000a445   Thumb Code     0  ht32f675x5_rom_lib_mp_r2.lib ABSOLUTE
    rom_hw_i2c_slave_set_addr_mode           0x0000a4a1   Thumb Code     0  ht32f675x5_rom_lib_mp_r2.lib ABSOLUTE
    rom_hw_i2c_slave_write                   0x0000a4d1   Thumb Code     0  ht32f675x5_rom_lib_mp_r2.lib ABSOLUTE
    rom_hw_ir_disable                        0x0000a571   Thumb Code     0  ht32f675x5_rom_lib_mp_r2.lib ABSOLUTE
    rom_hw_ir_disable_channel                0x0000a5b9   Thumb Code     0  ht32f675x5_rom_lib_mp_r2.lib ABSOLUTE
    rom_hw_ir_enable                         0x0000a619   Thumb Code     0  ht32f675x5_rom_lib_mp_r2.lib ABSOLUTE
    rom_hw_ir_enable_channel                 0x0000a661   Thumb Code     0  ht32f675x5_rom_lib_mp_r2.lib ABSOLUTE
    rom_hw_ir_pwm_set_next_compare           0x0000a6c1   Thumb Code     0  ht32f675x5_rom_lib_mp_r2.lib ABSOLUTE
    rom_hw_ir_set_polarity                   0x0000a721   Thumb Code     0  ht32f675x5_rom_lib_mp_r2.lib ABSOLUTE
    rom_hw_ir_set_pwm_current_compare_and_polarity 0x0000a77d   Thumb Code     0  ht32f675x5_rom_lib_mp_r2.lib ABSOLUTE
    rom_hw_ir_set_send_path                  0x0000a7e1   Thumb Code     0  ht32f675x5_rom_lib_mp_r2.lib ABSOLUTE
    rom_hw_pmu_clear_interrupt_flag          0x0000a839   Thumb Code     0  ht32f675x5_rom_lib_mp_r2.lib ABSOLUTE
    rom_hw_pmu_clr_sram_block_ret            0x0000a851   Thumb Code     0  ht32f675x5_rom_lib_mp_r2.lib ABSOLUTE
    rom_hw_pmu_dcdc_init                     0x0000a86d   Thumb Code     0  ht32f675x5_rom_lib_mp_r2.lib ABSOLUTE
    rom_hw_pmu_dcxo_hclk_is_clk_out          0x0000a895   Thumb Code     0  ht32f675x5_rom_lib_mp_r2.lib ABSOLUTE
    rom_hw_pmu_dcxo_hclk_is_power_on         0x0000a8a5   Thumb Code     0  ht32f675x5_rom_lib_mp_r2.lib ABSOLUTE
    rom_hw_pmu_dcxo_lclk_cfg_is_valid        0x0000a8b5   Thumb Code     0  ht32f675x5_rom_lib_mp_r2.lib ABSOLUTE
    rom_hw_pmu_dcxo_lclk_is_clk_out          0x0000a90d   Thumb Code     0  ht32f675x5_rom_lib_mp_r2.lib ABSOLUTE
    rom_hw_pmu_dcxo_lclk_is_power_on         0x0000a91d   Thumb Code     0  ht32f675x5_rom_lib_mp_r2.lib ABSOLUTE
    rom_hw_pmu_disable_clk_output            0x0000a92d   Thumb Code     0  ht32f675x5_rom_lib_mp_r2.lib ABSOLUTE
    rom_hw_pmu_disable_dcdc_act_output       0x0000a991   Thumb Code     0  ht32f675x5_rom_lib_mp_r2.lib ABSOLUTE
    rom_hw_pmu_disable_dcdc_ret_output       0x0000a9ad   Thumb Code     0  ht32f675x5_rom_lib_mp_r2.lib ABSOLUTE
    rom_hw_pmu_disable_ldo_1v8_output        0x0000a9c9   Thumb Code     0  ht32f675x5_rom_lib_mp_r2.lib ABSOLUTE
    rom_hw_pmu_disable_ldo_act_output        0x0000a9e5   Thumb Code     0  ht32f675x5_rom_lib_mp_r2.lib ABSOLUTE
    rom_hw_pmu_disable_ldo_dig_output        0x0000aa01   Thumb Code     0  ht32f675x5_rom_lib_mp_r2.lib ABSOLUTE
    rom_hw_pmu_enable_clk_output             0x0000aa1d   Thumb Code     0  ht32f675x5_rom_lib_mp_r2.lib ABSOLUTE
    rom_hw_pmu_enable_dcdc_act_output        0x0000aa95   Thumb Code     0  ht32f675x5_rom_lib_mp_r2.lib ABSOLUTE
    rom_hw_pmu_enable_dcdc_ret_output        0x0000aab1   Thumb Code     0  ht32f675x5_rom_lib_mp_r2.lib ABSOLUTE
    rom_hw_pmu_enable_ldo_1v8_output         0x0000aacd   Thumb Code     0  ht32f675x5_rom_lib_mp_r2.lib ABSOLUTE
    rom_hw_pmu_enable_ldo_act_output         0x0000aae9   Thumb Code     0  ht32f675x5_rom_lib_mp_r2.lib ABSOLUTE
    rom_hw_pmu_enable_ldo_dig_output         0x0000ab05   Thumb Code     0  ht32f675x5_rom_lib_mp_r2.lib ABSOLUTE
    rom_hw_pmu_get_interrupt_flag            0x0000ab21   Thumb Code     0  ht32f675x5_rom_lib_mp_r2.lib ABSOLUTE
    rom_hw_pmu_get_ldo_dig_voltage           0x0000ab3d   Thumb Code     0  ht32f675x5_rom_lib_mp_r2.lib ABSOLUTE
    rom_hw_pmu_pll_clk_is_clk_out            0x0000ab59   Thumb Code     0  ht32f675x5_rom_lib_mp_r2.lib ABSOLUTE
    rom_hw_pmu_pll_clk_is_power_on           0x0000ab71   Thumb Code     0  ht32f675x5_rom_lib_mp_r2.lib ABSOLUTE
    rom_hw_pmu_rc_hclk_is_clk_out            0x0000ab81   Thumb Code     0  ht32f675x5_rom_lib_mp_r2.lib ABSOLUTE
    rom_hw_pmu_rc_hclk_is_power_on           0x0000ab91   Thumb Code     0  ht32f675x5_rom_lib_mp_r2.lib ABSOLUTE
    rom_hw_pmu_rc_lclk_is_enable             0x0000aba1   Thumb Code     0  ht32f675x5_rom_lib_mp_r2.lib ABSOLUTE
    rom_hw_pmu_sel_dcxo_hclk_pwr             0x0000abb1   Thumb Code     0  ht32f675x5_rom_lib_mp_r2.lib ABSOLUTE
    rom_hw_pmu_sel_usb_phy_iso               0x0000abcd   Thumb Code     0  ht32f675x5_rom_lib_mp_r2.lib ABSOLUTE
    rom_hw_pmu_set_dcdc_act_voltage          0x0000abe9   Thumb Code     0  ht32f675x5_rom_lib_mp_r2.lib ABSOLUTE
    rom_hw_pmu_set_dcdc_ret_clk_divisor      0x0000ac19   Thumb Code     0  ht32f675x5_rom_lib_mp_r2.lib ABSOLUTE
    rom_hw_pmu_set_dcdc_ret_voltage          0x0000ac35   Thumb Code     0  ht32f675x5_rom_lib_mp_r2.lib ABSOLUTE
    rom_hw_pmu_set_dcxo_hclk_param           0x0000ac5d   Thumb Code     0  ht32f675x5_rom_lib_mp_r2.lib ABSOLUTE
    rom_hw_pmu_set_dcxo_hclk_stable_time     0x0000ac99   Thumb Code     0  ht32f675x5_rom_lib_mp_r2.lib ABSOLUTE
    rom_hw_pmu_set_dcxo_lclk_param           0x0000acad   Thumb Code     0  ht32f675x5_rom_lib_mp_r2.lib ABSOLUTE
    rom_hw_pmu_set_gpio_wakeup_source        0x0000ad11   Thumb Code     0  ht32f675x5_rom_lib_mp_r2.lib ABSOLUTE
    rom_hw_pmu_set_ldo_act_voltage           0x0000ad7d   Thumb Code     0  ht32f675x5_rom_lib_mp_r2.lib ABSOLUTE
    rom_hw_pmu_set_ldo_dig_voltage           0x0000ada9   Thumb Code     0  ht32f675x5_rom_lib_mp_r2.lib ABSOLUTE
    rom_hw_pmu_set_ldo_ret_act_voltage       0x0000add9   Thumb Code     0  ht32f675x5_rom_lib_mp_r2.lib ABSOLUTE
    rom_hw_pmu_set_ldo_ret_sleep_voltage     0x0000adfd   Thumb Code     0  ht32f675x5_rom_lib_mp_r2.lib ABSOLUTE
    rom_hw_pmu_set_low_power_mode            0x0000ae25   Thumb Code     0  ht32f675x5_rom_lib_mp_r2.lib ABSOLUTE
    rom_hw_pmu_set_rc_hclk_sync_out          0x0000ae41   Thumb Code     0  ht32f675x5_rom_lib_mp_r2.lib ABSOLUTE
    rom_hw_pmu_set_rc_hclk_tune              0x0000ae59   Thumb Code     0  ht32f675x5_rom_lib_mp_r2.lib ABSOLUTE
    rom_hw_pmu_set_rc_lclk_tune              0x0000ae69   Thumb Code     0  ht32f675x5_rom_lib_mp_r2.lib ABSOLUTE
    rom_hw_pmu_set_sram_block_ret            0x0000ae79   Thumb Code     0  ht32f675x5_rom_lib_mp_r2.lib ABSOLUTE
    rom_hw_pmu_set_wakeup_source             0x0000ae8d   Thumb Code     0  ht32f675x5_rom_lib_mp_r2.lib ABSOLUTE
    rom_hw_pmu_turn_clk_power_off            0x0000aeb5   Thumb Code     0  ht32f675x5_rom_lib_mp_r2.lib ABSOLUTE
    rom_hw_pmu_turn_clk_power_on             0x0000aef9   Thumb Code     0  ht32f675x5_rom_lib_mp_r2.lib ABSOLUTE
    rom_hw_rtc_clear_count                   0x0000af41   Thumb Code     0  ht32f675x5_rom_lib_mp_r2.lib ABSOLUTE
    rom_hw_rtc_clear_interrupt_flag          0x0000afa1   Thumb Code     0  ht32f675x5_rom_lib_mp_r2.lib ABSOLUTE
    rom_hw_rtc_disable_interrupt             0x0000afb9   Thumb Code     0  ht32f675x5_rom_lib_mp_r2.lib ABSOLUTE
    rom_hw_rtc_disable_tick_overflow_interrupt 0x0000afe9   Thumb Code     0  ht32f675x5_rom_lib_mp_r2.lib ABSOLUTE
    rom_hw_rtc_disable_wakeup                0x0000b005   Thumb Code     0  ht32f675x5_rom_lib_mp_r2.lib ABSOLUTE
    rom_hw_rtc_enable_interrupt              0x0000b071   Thumb Code     0  ht32f675x5_rom_lib_mp_r2.lib ABSOLUTE
    rom_hw_rtc_enable_tick_overflow_interrupt 0x0000b099   Thumb Code     0  ht32f675x5_rom_lib_mp_r2.lib ABSOLUTE
    rom_hw_rtc_enable_wakeup                 0x0000b0ad   Thumb Code     0  ht32f675x5_rom_lib_mp_r2.lib ABSOLUTE
    rom_hw_rtc_get_compare                   0x0000b115   Thumb Code     0  ht32f675x5_rom_lib_mp_r2.lib ABSOLUTE
    rom_hw_rtc_get_compare64                 0x0000b149   Thumb Code     0  ht32f675x5_rom_lib_mp_r2.lib ABSOLUTE
    rom_hw_rtc_get_count                     0x0000b175   Thumb Code     0  ht32f675x5_rom_lib_mp_r2.lib ABSOLUTE
    rom_hw_rtc_get_count64                   0x0000b1a5   Thumb Code     0  ht32f675x5_rom_lib_mp_r2.lib ABSOLUTE
    rom_hw_rtc_get_interrupt_flag            0x0000b1cd   Thumb Code     0  ht32f675x5_rom_lib_mp_r2.lib ABSOLUTE
    rom_hw_rtc_get_wakeup_status             0x0000b1e5   Thumb Code     0  ht32f675x5_rom_lib_mp_r2.lib ABSOLUTE
    rom_hw_rtc_get_work_status               0x0000b201   Thumb Code     0  ht32f675x5_rom_lib_mp_r2.lib ABSOLUTE
    rom_hw_rtc_pdw_reset                     0x0000b21d   Thumb Code     0  ht32f675x5_rom_lib_mp_r2.lib ABSOLUTE
    rom_hw_rtc_set_compare                   0x0000b241   Thumb Code     0  ht32f675x5_rom_lib_mp_r2.lib ABSOLUTE
    rom_hw_rtc_set_compare64                 0x0000b2ad   Thumb Code     0  ht32f675x5_rom_lib_mp_r2.lib ABSOLUTE
    rom_hw_rtc_set_count_overflow            0x0000b2d1   Thumb Code     0  ht32f675x5_rom_lib_mp_r2.lib ABSOLUTE
    rom_hw_rtc_set_ldo_ret_output_voltage    0x0000b335   Thumb Code     0  ht32f675x5_rom_lib_mp_r2.lib ABSOLUTE
    rom_hw_rtc_set_prescale                  0x0000b359   Thumb Code     0  ht32f675x5_rom_lib_mp_r2.lib ABSOLUTE
    rom_hw_rtc_set_rtc_clk_src               0x0000b3d1   Thumb Code     0  ht32f675x5_rom_lib_mp_r2.lib ABSOLUTE
    rom_hw_rtc_set_sw_flag                   0x0000b401   Thumb Code     0  ht32f675x5_rom_lib_mp_r2.lib ABSOLUTE
    rom_hw_rtc_start                         0x0000b41d   Thumb Code     0  ht32f675x5_rom_lib_mp_r2.lib ABSOLUTE
    rom_hw_rtc_stop                          0x0000b47d   Thumb Code     0  ht32f675x5_rom_lib_mp_r2.lib ABSOLUTE
    rom_hw_spi_clear_interrupt_flag          0x0000b4dd   Thumb Code     0  ht32f675x5_rom_lib_mp_r2.lib ABSOLUTE
    rom_hw_spi_deinit                        0x0000b509   Thumb Code     0  ht32f675x5_rom_lib_mp_r2.lib ABSOLUTE
    rom_hw_spi_disable                       0x0000b551   Thumb Code     0  ht32f675x5_rom_lib_mp_r2.lib ABSOLUTE
    rom_hw_spi_disable_auto_rsp              0x0000b579   Thumb Code     0  ht32f675x5_rom_lib_mp_r2.lib ABSOLUTE
    rom_hw_spi_disable_interrupt             0x0000b5a1   Thumb Code     0  ht32f675x5_rom_lib_mp_r2.lib ABSOLUTE
    rom_hw_spi_enable                        0x0000b5d1   Thumb Code     0  ht32f675x5_rom_lib_mp_r2.lib ABSOLUTE
    rom_hw_spi_enable_auto_rsp               0x0000b5f9   Thumb Code     0  ht32f675x5_rom_lib_mp_r2.lib ABSOLUTE
    rom_hw_spi_enable_interrupt              0x0000b621   Thumb Code     0  ht32f675x5_rom_lib_mp_r2.lib ABSOLUTE
    rom_hw_spi_get_interrupt_flag            0x0000b655   Thumb Code     0  ht32f675x5_rom_lib_mp_r2.lib ABSOLUTE
    rom_hw_spi_get_rxfifo_cnt                0x0000b685   Thumb Code     0  ht32f675x5_rom_lib_mp_r2.lib ABSOLUTE
    rom_hw_spi_get_txfifo_cnt                0x0000b6b5   Thumb Code     0  ht32f675x5_rom_lib_mp_r2.lib ABSOLUTE
    rom_hw_spi_init                          0x0000b6e5   Thumb Code     0  ht32f675x5_rom_lib_mp_r2.lib ABSOLUTE
    rom_hw_spi_set_auto_rsp_cmd              0x0000b779   Thumb Code     0  ht32f675x5_rom_lib_mp_r2.lib ABSOLUTE
    rom_hw_spi_set_byte_space                0x0000b7a5   Thumb Code     0  ht32f675x5_rom_lib_mp_r2.lib ABSOLUTE
    rom_hw_spi_set_clk_divisor               0x0000b7d5   Thumb Code     0  ht32f675x5_rom_lib_mp_r2.lib ABSOLUTE
    rom_hw_spi_set_cpha_cpol_mode            0x0000b7f9   Thumb Code     0  ht32f675x5_rom_lib_mp_r2.lib ABSOLUTE
    rom_hw_spi_set_cs_mode                   0x0000b82d   Thumb Code     0  ht32f675x5_rom_lib_mp_r2.lib ABSOLUTE
    rom_hw_spi_set_data_bits                 0x0000b861   Thumb Code     0  ht32f675x5_rom_lib_mp_r2.lib ABSOLUTE
    rom_hw_spi_set_idle_data                 0x0000b895   Thumb Code     0  ht32f675x5_rom_lib_mp_r2.lib ABSOLUTE
    rom_hw_spi_set_idle_data_len             0x0000b8b9   Thumb Code     0  ht32f675x5_rom_lib_mp_r2.lib ABSOLUTE
    rom_hw_spi_set_rx_timeout                0x0000b8dd   Thumb Code     0  ht32f675x5_rom_lib_mp_r2.lib ABSOLUTE
    rom_hw_spi_set_rxfifo_thld               0x0000b909   Thumb Code     0  ht32f675x5_rom_lib_mp_r2.lib ABSOLUTE
    rom_hw_spi_set_trx_mode                  0x0000b935   Thumb Code     0  ht32f675x5_rom_lib_mp_r2.lib ABSOLUTE
    rom_hw_spi_set_txfifo_thld               0x0000b969   Thumb Code     0  ht32f675x5_rom_lib_mp_r2.lib ABSOLUTE
    rom_hw_spi_set_work_mode                 0x0000b995   Thumb Code     0  ht32f675x5_rom_lib_mp_r2.lib ABSOLUTE
    rom_hw_spi_sw_clr_cs                     0x0000b9c9   Thumb Code     0  ht32f675x5_rom_lib_mp_r2.lib ABSOLUTE
    rom_hw_spi_sw_set_cs                     0x0000b9f1   Thumb Code     0  ht32f675x5_rom_lib_mp_r2.lib ABSOLUTE
    rom_hw_spi_trx_byte                      0x0000baad   Thumb Code     0  ht32f675x5_rom_lib_mp_r2.lib ABSOLUTE
    rom_hw_stim_clear_count                  0x0000bb5d   Thumb Code     0  ht32f675x5_rom_lib_mp_r2.lib ABSOLUTE
    rom_hw_stim_clear_interrupt_flag         0x0000bbd1   Thumb Code     0  ht32f675x5_rom_lib_mp_r2.lib ABSOLUTE
    rom_hw_stim_disable_interrupt            0x0000bbf1   Thumb Code     0  ht32f675x5_rom_lib_mp_r2.lib ABSOLUTE
    rom_hw_stim_disable_tick_overflow_interrupt 0x0000bc15   Thumb Code     0  ht32f675x5_rom_lib_mp_r2.lib ABSOLUTE
    rom_hw_stim_disable_wakeup               0x0000bc3d   Thumb Code     0  ht32f675x5_rom_lib_mp_r2.lib ABSOLUTE
    rom_hw_stim_enable_interrupt             0x0000bcb9   Thumb Code     0  ht32f675x5_rom_lib_mp_r2.lib ABSOLUTE
    rom_hw_stim_enable_tick_overflow_interrupt 0x0000bcdd   Thumb Code     0  ht32f675x5_rom_lib_mp_r2.lib ABSOLUTE
    rom_hw_stim_enable_wakeup                0x0000bcfd   Thumb Code     0  ht32f675x5_rom_lib_mp_r2.lib ABSOLUTE
    rom_hw_stim_get_compare                  0x0000bd75   Thumb Code     0  ht32f675x5_rom_lib_mp_r2.lib ABSOLUTE
    rom_hw_stim_get_count                    0x0000bda5   Thumb Code     0  ht32f675x5_rom_lib_mp_r2.lib ABSOLUTE
    rom_hw_stim_get_interrupt_flag           0x0000bdd5   Thumb Code     0  ht32f675x5_rom_lib_mp_r2.lib ABSOLUTE
    rom_hw_stim_get_wakeup_status            0x0000be05   Thumb Code     0  ht32f675x5_rom_lib_mp_r2.lib ABSOLUTE
    rom_hw_stim_get_work_status              0x0000be35   Thumb Code     0  ht32f675x5_rom_lib_mp_r2.lib ABSOLUTE
    rom_hw_stim_set_compare                  0x0000be65   Thumb Code     0  ht32f675x5_rom_lib_mp_r2.lib ABSOLUTE
    rom_hw_stim_set_count_overflow           0x0000bed9   Thumb Code     0  ht32f675x5_rom_lib_mp_r2.lib ABSOLUTE
    rom_hw_stim_set_prescale                 0x0000bf4d   Thumb Code     0  ht32f675x5_rom_lib_mp_r2.lib ABSOLUTE
    rom_hw_stim_start                        0x0000bfc5   Thumb Code     0  ht32f675x5_rom_lib_mp_r2.lib ABSOLUTE
    rom_hw_stim_stop                         0x0000c031   Thumb Code     0  ht32f675x5_rom_lib_mp_r2.lib ABSOLUTE
    rom_hw_sys_ctrl_clear_sw_int_flag        0x0000c09d   Thumb Code     0  ht32f675x5_rom_lib_mp_r2.lib ABSOLUTE
    rom_hw_sys_ctrl_clear_usb_phy_int_flag   0x0000c0bd   Thumb Code     0  ht32f675x5_rom_lib_mp_r2.lib ABSOLUTE
    rom_hw_sys_ctrl_clear_wdt_wakeup_int_flag 0x0000c0d1   Thumb Code     0  ht32f675x5_rom_lib_mp_r2.lib ABSOLUTE
    rom_hw_sys_ctrl_disable_cp_remap         0x0000c0e9   Thumb Code     0  ht32f675x5_rom_lib_mp_r2.lib ABSOLUTE
    rom_hw_sys_ctrl_disable_peri_int         0x0000c0fd   Thumb Code     0  ht32f675x5_rom_lib_mp_r2.lib ABSOLUTE
    rom_hw_sys_ctrl_disable_usb_phy_pd_int   0x0000c151   Thumb Code     0  ht32f675x5_rom_lib_mp_r2.lib ABSOLUTE
    rom_hw_sys_ctrl_disable_wdt_wakeup_int   0x0000c165   Thumb Code     0  ht32f675x5_rom_lib_mp_r2.lib ABSOLUTE
    rom_hw_sys_ctrl_enable_cp_remap          0x0000c179   Thumb Code     0  ht32f675x5_rom_lib_mp_r2.lib ABSOLUTE
    rom_hw_sys_ctrl_enable_peri_int          0x0000c1c5   Thumb Code     0  ht32f675x5_rom_lib_mp_r2.lib ABSOLUTE
    rom_hw_sys_ctrl_enable_usb_phy_pd_int    0x0000c215   Thumb Code     0  ht32f675x5_rom_lib_mp_r2.lib ABSOLUTE
    rom_hw_sys_ctrl_enable_wdt_wakeup_int    0x0000c229   Thumb Code     0  ht32f675x5_rom_lib_mp_r2.lib ABSOLUTE
    rom_hw_sys_ctrl_get_sw_int_flag          0x0000c23d   Thumb Code     0  ht32f675x5_rom_lib_mp_r2.lib ABSOLUTE
    rom_hw_sys_ctrl_get_usb_phy_int_flag     0x0000c269   Thumb Code     0  ht32f675x5_rom_lib_mp_r2.lib ABSOLUTE
    rom_hw_sys_ctrl_get_usb_phy_por_event_int_flag 0x0000c285   Thumb Code     0  ht32f675x5_rom_lib_mp_r2.lib ABSOLUTE
    rom_hw_sys_ctrl_get_wdt_wakeup_int_flag  0x0000c2a1   Thumb Code     0  ht32f675x5_rom_lib_mp_r2.lib ABSOLUTE
    rom_hw_sys_ctrl_gtim_sync_ctrl           0x0000c2bd   Thumb Code     0  ht32f675x5_rom_lib_mp_r2.lib ABSOLUTE
    rom_hw_sys_ctrl_lock_device              0x0000c2cd   Thumb Code     0  ht32f675x5_rom_lib_mp_r2.lib ABSOLUTE
    rom_hw_sys_ctrl_peri_int_ctrl            0x0000c311   Thumb Code     0  ht32f675x5_rom_lib_mp_r2.lib ABSOLUTE
    rom_hw_sys_ctrl_read_com_reg             0x0000c33d   Thumb Code     0  ht32f675x5_rom_lib_mp_r2.lib ABSOLUTE
    rom_hw_sys_ctrl_release_device           0x0000c361   Thumb Code     0  ht32f675x5_rom_lib_mp_r2.lib ABSOLUTE
    rom_hw_sys_ctrl_trigger_sw_int           0x0000c399   Thumb Code     0  ht32f675x5_rom_lib_mp_r2.lib ABSOLUTE
    rom_hw_sys_ctrl_write_com_reg            0x0000c3b9   Thumb Code     0  ht32f675x5_rom_lib_mp_r2.lib ABSOLUTE
    rom_hw_timer_clear_counter               0x0000c3d1   Thumb Code     0  ht32f675x5_rom_lib_mp_r2.lib ABSOLUTE
    rom_hw_timer_clear_interrupt_flag        0x0000c435   Thumb Code     0  ht32f675x5_rom_lib_mp_r2.lib ABSOLUTE
    rom_hw_timer_disable_capture             0x0000c49d   Thumb Code     0  ht32f675x5_rom_lib_mp_r2.lib ABSOLUTE
    rom_hw_timer_disable_compare_volid_delay 0x0000c50d   Thumb Code     0  ht32f675x5_rom_lib_mp_r2.lib ABSOLUTE
    rom_hw_timer_disable_decode              0x0000c571   Thumb Code     0  ht32f675x5_rom_lib_mp_r2.lib ABSOLUTE
    rom_hw_timer_disable_interrupt           0x0000c5d9   Thumb Code     0  ht32f675x5_rom_lib_mp_r2.lib ABSOLUTE
    rom_hw_timer_disable_pwm                 0x0000c655   Thumb Code     0  ht32f675x5_rom_lib_mp_r2.lib ABSOLUTE
    rom_hw_timer_disable_sync_start          0x0000c6bd   Thumb Code     0  ht32f675x5_rom_lib_mp_r2.lib ABSOLUTE
    rom_hw_timer_disable_sync_stop           0x0000c72d   Thumb Code     0  ht32f675x5_rom_lib_mp_r2.lib ABSOLUTE
    rom_hw_timer_disable_wakeup              0x0000c79d   Thumb Code     0  ht32f675x5_rom_lib_mp_r2.lib ABSOLUTE
    rom_hw_timer_enable_capture              0x0000c819   Thumb Code     0  ht32f675x5_rom_lib_mp_r2.lib ABSOLUTE
    rom_hw_timer_enable_compare_volid_delay  0x0000c889   Thumb Code     0  ht32f675x5_rom_lib_mp_r2.lib ABSOLUTE
    rom_hw_timer_enable_decode               0x0000c8ed   Thumb Code     0  ht32f675x5_rom_lib_mp_r2.lib ABSOLUTE
    rom_hw_timer_enable_interrupt            0x0000c955   Thumb Code     0  ht32f675x5_rom_lib_mp_r2.lib ABSOLUTE
    rom_hw_timer_enable_pwm                  0x0000c9d1   Thumb Code     0  ht32f675x5_rom_lib_mp_r2.lib ABSOLUTE
    rom_hw_timer_enable_sync_start           0x0000ca39   Thumb Code     0  ht32f675x5_rom_lib_mp_r2.lib ABSOLUTE
    rom_hw_timer_enable_sync_stop            0x0000caa9   Thumb Code     0  ht32f675x5_rom_lib_mp_r2.lib ABSOLUTE
    rom_hw_timer_enable_wakeup               0x0000cb19   Thumb Code     0  ht32f675x5_rom_lib_mp_r2.lib ABSOLUTE
    rom_hw_timer_get_capture_counter         0x0000cb91   Thumb Code     0  ht32f675x5_rom_lib_mp_r2.lib ABSOLUTE
    rom_hw_timer_get_cfg                     0x0000cc11   Thumb Code     0  ht32f675x5_rom_lib_mp_r2.lib ABSOLUTE
    rom_hw_timer_get_compare                 0x0000cc61   Thumb Code     0  ht32f675x5_rom_lib_mp_r2.lib ABSOLUTE
    rom_hw_timer_get_counter                 0x0000ccdd   Thumb Code     0  ht32f675x5_rom_lib_mp_r2.lib ABSOLUTE
    rom_hw_timer_get_counter_mode            0x0000cd59   Thumb Code     0  ht32f675x5_rom_lib_mp_r2.lib ABSOLUTE
    rom_hw_timer_get_interrupt_flag          0x0000cdc5   Thumb Code     0  ht32f675x5_rom_lib_mp_r2.lib ABSOLUTE
    rom_hw_timer_get_mode                    0x0000ce31   Thumb Code     0  ht32f675x5_rom_lib_mp_r2.lib ABSOLUTE
    rom_hw_timer_get_pwm_hi_low_cnt          0x0000ce81   Thumb Code     0  ht32f675x5_rom_lib_mp_r2.lib ABSOLUTE
    rom_hw_timer_get_wakeup_status           0x0000cf1d   Thumb Code     0  ht32f675x5_rom_lib_mp_r2.lib ABSOLUTE
    rom_hw_timer_get_work_status             0x0000cf71   Thumb Code     0  ht32f675x5_rom_lib_mp_r2.lib ABSOLUTE
    rom_hw_timer_set_capture_and_decode_src  0x0000cfdd   Thumb Code     0  ht32f675x5_rom_lib_mp_r2.lib ABSOLUTE
    rom_hw_timer_set_capture_chb_src         0x0000d059   Thumb Code     0  ht32f675x5_rom_lib_mp_r2.lib ABSOLUTE
    rom_hw_timer_set_capture_counter_format  0x0000d0b1   Thumb Code     0  ht32f675x5_rom_lib_mp_r2.lib ABSOLUTE
    rom_hw_timer_set_capture_mode            0x0000d125   Thumb Code     0  ht32f675x5_rom_lib_mp_r2.lib ABSOLUTE
    rom_hw_timer_set_capture_trig_mode       0x0000d1b9   Thumb Code     0  ht32f675x5_rom_lib_mp_r2.lib ABSOLUTE
    rom_hw_timer_set_clock_prescale          0x0000d22d   Thumb Code     0  ht32f675x5_rom_lib_mp_r2.lib ABSOLUTE
    rom_hw_timer_set_compare                 0x0000d2a5   Thumb Code     0  ht32f675x5_rom_lib_mp_r2.lib ABSOLUTE
    rom_hw_timer_set_counter_mode            0x0000d311   Thumb Code     0  ht32f675x5_rom_lib_mp_r2.lib ABSOLUTE
    rom_hw_timer_set_decode_interval         0x0000d38d   Thumb Code     0  ht32f675x5_rom_lib_mp_r2.lib ABSOLUTE
    rom_hw_timer_set_decode_mode             0x0000d405   Thumb Code     0  ht32f675x5_rom_lib_mp_r2.lib ABSOLUTE
    rom_hw_timer_set_decode_pol              0x0000d499   Thumb Code     0  ht32f675x5_rom_lib_mp_r2.lib ABSOLUTE
    rom_hw_timer_set_pwm_hi_low_cnt          0x0000d52d   Thumb Code     0  ht32f675x5_rom_lib_mp_r2.lib ABSOLUTE
    rom_hw_timer_set_pwm_polarity            0x0000d5c1   Thumb Code     0  ht32f675x5_rom_lib_mp_r2.lib ABSOLUTE
    rom_hw_timer_set_work_mode               0x0000d655   Thumb Code     0  ht32f675x5_rom_lib_mp_r2.lib ABSOLUTE
    rom_hw_timer_start                       0x0000d6bd   Thumb Code     0  ht32f675x5_rom_lib_mp_r2.lib ABSOLUTE
    rom_hw_timer_stop                        0x0000d721   Thumb Code     0  ht32f675x5_rom_lib_mp_r2.lib ABSOLUTE
    rom_hw_timer_trig_cfg_valid              0x0000d785   Thumb Code     0  ht32f675x5_rom_lib_mp_r2.lib ABSOLUTE
    rom_hw_trng_clear_interrupt_flag         0x0000d809   Thumb Code     0  ht32f675x5_rom_lib_mp_r2.lib ABSOLUTE
    rom_hw_trng_disable_analog_source        0x0000d821   Thumb Code     0  ht32f675x5_rom_lib_mp_r2.lib ABSOLUTE
    rom_hw_trng_disable_channel              0x0000d835   Thumb Code     0  ht32f675x5_rom_lib_mp_r2.lib ABSOLUTE
    rom_hw_trng_disable_dma                  0x0000d859   Thumb Code     0  ht32f675x5_rom_lib_mp_r2.lib ABSOLUTE
    rom_hw_trng_disable_interrupt            0x0000d875   Thumb Code     0  ht32f675x5_rom_lib_mp_r2.lib ABSOLUTE
    rom_hw_trng_enable_analog_source         0x0000d891   Thumb Code     0  ht32f675x5_rom_lib_mp_r2.lib ABSOLUTE
    rom_hw_trng_enable_channel               0x0000d8a5   Thumb Code     0  ht32f675x5_rom_lib_mp_r2.lib ABSOLUTE
    rom_hw_trng_enable_dma                   0x0000d8c5   Thumb Code     0  ht32f675x5_rom_lib_mp_r2.lib ABSOLUTE
    rom_hw_trng_enable_interrupt             0x0000d8e1   Thumb Code     0  ht32f675x5_rom_lib_mp_r2.lib ABSOLUTE
    rom_hw_trng_gen_192bit                   0x0000d905   Thumb Code     0  ht32f675x5_rom_lib_mp_r2.lib ABSOLUTE
    rom_hw_trng_gen_32bit                    0x0000d971   Thumb Code     0  ht32f675x5_rom_lib_mp_r2.lib ABSOLUTE
    rom_hw_trng_get_192bit_random            0x0000d989   Thumb Code     0  ht32f675x5_rom_lib_mp_r2.lib ABSOLUTE
    rom_hw_trng_get_data_valid_flag          0x0000d9c9   Thumb Code     0  ht32f675x5_rom_lib_mp_r2.lib ABSOLUTE
    rom_hw_trng_get_interrupt_flag           0x0000d9d9   Thumb Code     0  ht32f675x5_rom_lib_mp_r2.lib ABSOLUTE
    rom_hw_trng_get_random                   0x0000d9f5   Thumb Code     0  ht32f675x5_rom_lib_mp_r2.lib ABSOLUTE
    rom_hw_trng_init                         0x0000da55   Thumb Code     0  ht32f675x5_rom_lib_mp_r2.lib ABSOLUTE
    rom_hw_trng_set_bypass                   0x0000daa1   Thumb Code     0  ht32f675x5_rom_lib_mp_r2.lib ABSOLUTE
    rom_hw_trng_set_sample_cnt               0x0000dab5   Thumb Code     0  ht32f675x5_rom_lib_mp_r2.lib ABSOLUTE
    rom_hw_trng_set_source_level             0x0000dac5   Thumb Code     0  ht32f675x5_rom_lib_mp_r2.lib ABSOLUTE
    rom_hw_uart_clear_interrupt_flag         0x0000daed   Thumb Code     0  ht32f675x5_rom_lib_mp_r2.lib ABSOLUTE
    rom_hw_uart_clear_rxfifo                 0x0000db15   Thumb Code     0  ht32f675x5_rom_lib_mp_r2.lib ABSOLUTE
    rom_hw_uart_deinit                       0x0000db41   Thumb Code     0  ht32f675x5_rom_lib_mp_r2.lib ABSOLUTE
    rom_hw_uart_disable_interrupt            0x0000db89   Thumb Code     0  ht32f675x5_rom_lib_mp_r2.lib ABSOLUTE
    rom_hw_uart_enable_interrupt             0x0000dbb9   Thumb Code     0  ht32f675x5_rom_lib_mp_r2.lib ABSOLUTE
    rom_hw_uart_flow_enable                  0x0000dbe9   Thumb Code     0  ht32f675x5_rom_lib_mp_r2.lib ABSOLUTE
    rom_hw_uart_get_byte                     0x0000dc25   Thumb Code     0  ht32f675x5_rom_lib_mp_r2.lib ABSOLUTE
    rom_hw_uart_get_divisor                  0x0000dc75   Thumb Code     0  ht32f675x5_rom_lib_mp_r2.lib ABSOLUTE
    rom_hw_uart_get_interrupt_flag           0x0000dda5   Thumb Code     0  ht32f675x5_rom_lib_mp_r2.lib ABSOLUTE
    rom_hw_uart_get_rxfifo_cnt               0x0000ddd5   Thumb Code     0  ht32f675x5_rom_lib_mp_r2.lib ABSOLUTE
    rom_hw_uart_get_txfifo_cnt               0x0000de1d   Thumb Code     0  ht32f675x5_rom_lib_mp_r2.lib ABSOLUTE
    rom_hw_uart_init                         0x0000de65   Thumb Code     0  ht32f675x5_rom_lib_mp_r2.lib ABSOLUTE
    rom_hw_uart_line_break_enable            0x0000deb9   Thumb Code     0  ht32f675x5_rom_lib_mp_r2.lib ABSOLUTE
    rom_hw_uart_receive                      0x0000def5   Thumb Code     0  ht32f675x5_rom_lib_mp_r2.lib ABSOLUTE
    rom_hw_uart_send_byte                    0x0000df7d   Thumb Code     0  ht32f675x5_rom_lib_mp_r2.lib ABSOLUTE
    rom_hw_uart_set_baudrate                 0x0000dfc5   Thumb Code     0  ht32f675x5_rom_lib_mp_r2.lib ABSOLUTE
    rom_hw_uart_set_data_sizes               0x0000e009   Thumb Code     0  ht32f675x5_rom_lib_mp_r2.lib ABSOLUTE
    rom_hw_uart_set_mode                     0x0000e045   Thumb Code     0  ht32f675x5_rom_lib_mp_r2.lib ABSOLUTE
    rom_hw_uart_set_parity                   0x0000e081   Thumb Code     0  ht32f675x5_rom_lib_mp_r2.lib ABSOLUTE
    rom_hw_uart_set_rts_thld                 0x0000e0bd   Thumb Code     0  ht32f675x5_rom_lib_mp_r2.lib ABSOLUTE
    rom_hw_uart_set_rx_timeout               0x0000e0f9   Thumb Code     0  ht32f675x5_rom_lib_mp_r2.lib ABSOLUTE
    rom_hw_uart_set_rxfifo_thld              0x0000e121   Thumb Code     0  ht32f675x5_rom_lib_mp_r2.lib ABSOLUTE
    rom_hw_uart_set_stop_sizes               0x0000e15d   Thumb Code     0  ht32f675x5_rom_lib_mp_r2.lib ABSOLUTE
    rom_hw_uart_set_txfifo_thld              0x0000e199   Thumb Code     0  ht32f675x5_rom_lib_mp_r2.lib ABSOLUTE
    rom_hw_uart_transmit                     0x0000e1cd   Thumb Code     0  ht32f675x5_rom_lib_mp_r2.lib ABSOLUTE
    rom_hw_usb_ctrl_device_addr_set          0x0000e27d   Thumb Code     0  ht32f675x5_rom_lib_mp_r2.lib ABSOLUTE
    rom_hw_usb_ctrl_device_bulk_receive      0x0000e2ad   Thumb Code     0  ht32f675x5_rom_lib_mp_r2.lib ABSOLUTE
    rom_hw_usb_ctrl_device_bulk_send         0x0000e341   Thumb Code     0  ht32f675x5_rom_lib_mp_r2.lib ABSOLUTE
    rom_hw_usb_ctrl_device_bus_event_get     0x0000e3a1   Thumb Code     0  ht32f675x5_rom_lib_mp_r2.lib ABSOLUTE
    rom_hw_usb_ctrl_device_control_receive   0x0000e3ad   Thumb Code     0  ht32f675x5_rom_lib_mp_r2.lib ABSOLUTE
    rom_hw_usb_ctrl_device_control_send      0x0000e42d   Thumb Code     0  ht32f675x5_rom_lib_mp_r2.lib ABSOLUTE
    rom_hw_usb_ctrl_device_end_point_reset   0x0000e491   Thumb Code     0  ht32f675x5_rom_lib_mp_r2.lib ABSOLUTE
    rom_hw_usb_ctrl_device_init              0x0000e505   Thumb Code     0  ht32f675x5_rom_lib_mp_r2.lib ABSOLUTE
    rom_hw_usb_ctrl_device_interrupt_receive 0x0000e559   Thumb Code     0  ht32f675x5_rom_lib_mp_r2.lib ABSOLUTE
    rom_hw_usb_ctrl_device_interrupt_send    0x0000e5f5   Thumb Code     0  ht32f675x5_rom_lib_mp_r2.lib ABSOLUTE
    rom_hw_usb_ctrl_device_iso_receive       0x0000e635   Thumb Code     0  ht32f675x5_rom_lib_mp_r2.lib ABSOLUTE
    rom_hw_usb_ctrl_device_iso_send          0x0000e675   Thumb Code     0  ht32f675x5_rom_lib_mp_r2.lib ABSOLUTE
    rom_hw_usb_ctrl_device_setup_receive     0x0000e6a9   Thumb Code     0  ht32f675x5_rom_lib_mp_r2.lib ABSOLUTE
    rom_hw_usb_ctrl_device_stall_send_response 0x0000e6ed   Thumb Code     0  ht32f675x5_rom_lib_mp_r2.lib ABSOLUTE
    rom_hw_usb_ctrl_endpoint_interrupt_disable 0x0000e795   Thumb Code     0  ht32f675x5_rom_lib_mp_r2.lib ABSOLUTE
    rom_hw_usb_ctrl_endpoint_interrupt_enable 0x0000e7e1   Thumb Code     0  ht32f675x5_rom_lib_mp_r2.lib ABSOLUTE
    rom_hw_usb_ctrl_endpoint_interrupt_init  0x0000e82d   Thumb Code     0  ht32f675x5_rom_lib_mp_r2.lib ABSOLUTE
    rom_hw_usb_ctrl_get_interrupt_flag       0x0000e851   Thumb Code     0  ht32f675x5_rom_lib_mp_r2.lib ABSOLUTE
    rom_hw_usb_ctrl_host_bulk_read           0x0000e88d   Thumb Code     0  ht32f675x5_rom_lib_mp_r2.lib ABSOLUTE
    rom_hw_usb_ctrl_host_bulk_write          0x0000e991   Thumb Code     0  ht32f675x5_rom_lib_mp_r2.lib ABSOLUTE
    rom_hw_usb_ctrl_host_control_read        0x0000ea45   Thumb Code     0  ht32f675x5_rom_lib_mp_r2.lib ABSOLUTE
    rom_hw_usb_ctrl_host_control_write       0x0000eb0d   Thumb Code     0  ht32f675x5_rom_lib_mp_r2.lib ABSOLUTE
    rom_hw_usb_ctrl_host_halt_clear          0x0000ebc1   Thumb Code     0  ht32f675x5_rom_lib_mp_r2.lib ABSOLUTE
    rom_hw_usb_ctrl_host_init                0x0000ec4d   Thumb Code     0  ht32f675x5_rom_lib_mp_r2.lib ABSOLUTE
    rom_hw_usb_ctrl_host_interrupt_read      0x0000ec8d   Thumb Code     0  ht32f675x5_rom_lib_mp_r2.lib ABSOLUTE
    rom_hw_usb_ctrl_host_interrupt_write     0x0000eda1   Thumb Code     0  ht32f675x5_rom_lib_mp_r2.lib ABSOLUTE
    rom_hw_usb_ctrl_host_iso_read            0x0000ee51   Thumb Code     0  ht32f675x5_rom_lib_mp_r2.lib ABSOLUTE
    rom_hw_usb_ctrl_host_iso_write           0x0000eea5   Thumb Code     0  ht32f675x5_rom_lib_mp_r2.lib ABSOLUTE
    rom_hw_usb_ctrl_host_port_is_link        0x0000eee1   Thumb Code     0  ht32f675x5_rom_lib_mp_r2.lib ABSOLUTE
    rom_hw_usb_ctrl_host_port_reset          0x0000ef05   Thumb Code     0  ht32f675x5_rom_lib_mp_r2.lib ABSOLUTE
    rom_hw_usb_ctrl_host_port_set_link_state 0x0000ef35   Thumb Code     0  ht32f675x5_rom_lib_mp_r2.lib ABSOLUTE
    rom_hw_usb_ctrl_host_set_device_addr     0x0000ef51   Thumb Code     0  ht32f675x5_rom_lib_mp_r2.lib ABSOLUTE
    rom_hw_usb_ctrl_host_setup_packet        0x0000ef7d   Thumb Code     0  ht32f675x5_rom_lib_mp_r2.lib ABSOLUTE
    rom_hw_usb_ctrl_host_wait_transfer_end   0x0000f031   Thumb Code     0  ht32f675x5_rom_lib_mp_r2.lib ABSOLUTE
    rom_hw_usb_load_fifo_data                0x0000f135   Thumb Code     0  ht32f675x5_rom_lib_mp_r2.lib ABSOLUTE
    rom_hw_usb_phy11_set_suspend_inverter    0x0000f185   Thumb Code     0  ht32f675x5_rom_lib_mp_r2.lib ABSOLUTE
    rom_hw_usb_phy_ctrl_phy11_cid            0x0000f1b1   Thumb Code     0  ht32f675x5_rom_lib_mp_r2.lib ABSOLUTE
    rom_hw_usb_phy_disable_dp_pullup         0x0000f1dd   Thumb Code     0  ht32f675x5_rom_lib_mp_r2.lib ABSOLUTE
    rom_hw_usb_phy_disable_pulldown_dm_15K   0x0000f1fd   Thumb Code     0  ht32f675x5_rom_lib_mp_r2.lib ABSOLUTE
    rom_hw_usb_phy_disable_pulldown_dp_15K   0x0000f21d   Thumb Code     0  ht32f675x5_rom_lib_mp_r2.lib ABSOLUTE
    rom_hw_usb_phy_disable_pullup_dm_500K    0x0000f23d   Thumb Code     0  ht32f675x5_rom_lib_mp_r2.lib ABSOLUTE
    rom_hw_usb_phy_disable_pullup_dp_500K    0x0000f25d   Thumb Code     0  ht32f675x5_rom_lib_mp_r2.lib ABSOLUTE
    rom_hw_usb_phy_dm27_enable               0x0000f27d   Thumb Code     0  ht32f675x5_rom_lib_mp_r2.lib ABSOLUTE
    rom_hw_usb_phy_dp27_enable               0x0000f2a9   Thumb Code     0  ht32f675x5_rom_lib_mp_r2.lib ABSOLUTE
    rom_hw_usb_phy_drv_branch_swicth         0x0000f2d5   Thumb Code     0  ht32f675x5_rom_lib_mp_r2.lib ABSOLUTE
    rom_hw_usb_phy_enable_dp_pullup          0x0000f309   Thumb Code     0  ht32f675x5_rom_lib_mp_r2.lib ABSOLUTE
    rom_hw_usb_phy_enable_pulldown_dm_15K    0x0000f335   Thumb Code     0  ht32f675x5_rom_lib_mp_r2.lib ABSOLUTE
    rom_hw_usb_phy_enable_pulldown_dp_15K    0x0000f355   Thumb Code     0  ht32f675x5_rom_lib_mp_r2.lib ABSOLUTE
    rom_hw_usb_phy_enable_pullup_dm_500K     0x0000f375   Thumb Code     0  ht32f675x5_rom_lib_mp_r2.lib ABSOLUTE
    rom_hw_usb_phy_enable_pullup_dp_500K     0x0000f395   Thumb Code     0  ht32f675x5_rom_lib_mp_r2.lib ABSOLUTE
    rom_hw_usb_phy_get_dm                    0x0000f3b5   Thumb Code     0  ht32f675x5_rom_lib_mp_r2.lib ABSOLUTE
    rom_hw_usb_phy_get_dp                    0x0000f3c5   Thumb Code     0  ht32f675x5_rom_lib_mp_r2.lib ABSOLUTE
    rom_hw_usb_phy_get_pulldown_dp_15k_state 0x0000f3d5   Thumb Code     0  ht32f675x5_rom_lib_mp_r2.lib ABSOLUTE
    rom_hw_usb_phy_lspd_dm_enable            0x0000f3e5   Thumb Code     0  ht32f675x5_rom_lib_mp_r2.lib ABSOLUTE
    rom_hw_usb_phy_phy_rcv                   0x0000f411   Thumb Code     0  ht32f675x5_rom_lib_mp_r2.lib ABSOLUTE
    rom_hw_usb_phy_pwrdn_get                 0x0000f421   Thumb Code     0  ht32f675x5_rom_lib_mp_r2.lib ABSOLUTE
    rom_hw_usb_phy_pwrdn_set                 0x0000f431   Thumb Code     0  ht32f675x5_rom_lib_mp_r2.lib ABSOLUTE
    rom_hw_usb_phy_recv_bias_current_selet   0x0000f45d   Thumb Code     0  ht32f675x5_rom_lib_mp_r2.lib ABSOLUTE
    rom_hw_usb_phy_reset_register            0x0000f491   Thumb Code     0  ht32f675x5_rom_lib_mp_r2.lib ABSOLUTE
    rom_hw_usb_phy_set_bypass_swicth         0x0000f4b9   Thumb Code     0  ht32f675x5_rom_lib_mp_r2.lib ABSOLUTE
    rom_hw_usb_phy_set_ctrl_phy11_vbus_lo    0x0000f4ed   Thumb Code     0  ht32f675x5_rom_lib_mp_r2.lib ABSOLUTE
    rom_hw_usb_phy_set_ctrl_vbus_ses         0x0000f519   Thumb Code     0  ht32f675x5_rom_lib_mp_r2.lib ABSOLUTE
    rom_hw_usb_phy_set_ctrl_vbus_vaild       0x0000f545   Thumb Code     0  ht32f675x5_rom_lib_mp_r2.lib ABSOLUTE
    rom_hw_usb_phy_set_full_speed            0x0000f571   Thumb Code     0  ht32f675x5_rom_lib_mp_r2.lib ABSOLUTE
    rom_hw_usb_phy_set_low_speed             0x0000f591   Thumb Code     0  ht32f675x5_rom_lib_mp_r2.lib ABSOLUTE
    rom_hw_usb_phy_speed_full_drive_strength 0x0000f5b1   Thumb Code     0  ht32f675x5_rom_lib_mp_r2.lib ABSOLUTE
    rom_hw_usb_phy_test_mode_set             0x0000f5e5   Thumb Code     0  ht32f675x5_rom_lib_mp_r2.lib ABSOLUTE
    rom_hw_usb_phy_test_mode_set_enable      0x0000f611   Thumb Code     0  ht32f675x5_rom_lib_mp_r2.lib ABSOLUTE
    rom_hw_usb_phy_vmin_dly_cfg              0x0000f63d   Thumb Code     0  ht32f675x5_rom_lib_mp_r2.lib ABSOLUTE
    rom_hw_usb_phy_vmin_mux_cfg_disable      0x0000f671   Thumb Code     0  ht32f675x5_rom_lib_mp_r2.lib ABSOLUTE
    rom_hw_usb_phy_vmin_mux_cfg_enable       0x0000f685   Thumb Code     0  ht32f675x5_rom_lib_mp_r2.lib ABSOLUTE
    rom_hw_usb_phy_vmout_dly_cfg             0x0000f699   Thumb Code     0  ht32f675x5_rom_lib_mp_r2.lib ABSOLUTE
    rom_hw_usb_phy_vmout_mux_cfg_disable     0x0000f6c5   Thumb Code     0  ht32f675x5_rom_lib_mp_r2.lib ABSOLUTE
    rom_hw_usb_phy_vmout_mux_cfg_enable      0x0000f6d9   Thumb Code     0  ht32f675x5_rom_lib_mp_r2.lib ABSOLUTE
    rom_hw_usb_phy_vpin_dly_cfg              0x0000f6ed   Thumb Code     0  ht32f675x5_rom_lib_mp_r2.lib ABSOLUTE
    rom_hw_usb_phy_vpin_mux_cfg_disable      0x0000f721   Thumb Code     0  ht32f675x5_rom_lib_mp_r2.lib ABSOLUTE
    rom_hw_usb_phy_vpin_mux_cfg_enable       0x0000f735   Thumb Code     0  ht32f675x5_rom_lib_mp_r2.lib ABSOLUTE
    rom_hw_usb_phy_vpout_dly_cfg             0x0000f749   Thumb Code     0  ht32f675x5_rom_lib_mp_r2.lib ABSOLUTE
    rom_hw_usb_phy_vpout_mux_cfg_disable     0x0000f77d   Thumb Code     0  ht32f675x5_rom_lib_mp_r2.lib ABSOLUTE
    rom_hw_usb_phy_vpout_mux_cfg_enable      0x0000f791   Thumb Code     0  ht32f675x5_rom_lib_mp_r2.lib ABSOLUTE
    rom_hw_usb_unload_fifo_data              0x0000f7a5   Thumb Code     0  ht32f675x5_rom_lib_mp_r2.lib ABSOLUTE
    rom_hw_wdt_clear_interrupt_flag          0x0000f7f5   Thumb Code     0  ht32f675x5_rom_lib_mp_r2.lib ABSOLUTE
    rom_hw_wdt_deinit                        0x0000f815   Thumb Code     0  ht32f675x5_rom_lib_mp_r2.lib ABSOLUTE
    rom_hw_wdt_disable                       0x0000f831   Thumb Code     0  ht32f675x5_rom_lib_mp_r2.lib ABSOLUTE
    rom_hw_wdt_disable_interrupt             0x0000f859   Thumb Code     0  ht32f675x5_rom_lib_mp_r2.lib ABSOLUTE
    rom_hw_wdt_disable_reset                 0x0000f87d   Thumb Code     0  ht32f675x5_rom_lib_mp_r2.lib ABSOLUTE
    rom_hw_wdt_enable                        0x0000f8a1   Thumb Code     0  ht32f675x5_rom_lib_mp_r2.lib ABSOLUTE
    rom_hw_wdt_enable_interrupt              0x0000f8c9   Thumb Code     0  ht32f675x5_rom_lib_mp_r2.lib ABSOLUTE
    rom_hw_wdt_enable_reset                  0x0000f8f1   Thumb Code     0  ht32f675x5_rom_lib_mp_r2.lib ABSOLUTE
    rom_hw_wdt_feed                          0x0000f915   Thumb Code     0  ht32f675x5_rom_lib_mp_r2.lib ABSOLUTE
    rom_hw_wdt_get_counter                   0x0000f931   Thumb Code     0  ht32f675x5_rom_lib_mp_r2.lib ABSOLUTE
    rom_hw_wdt_get_interrupt_flag            0x0000f95d   Thumb Code     0  ht32f675x5_rom_lib_mp_r2.lib ABSOLUTE
    rom_hw_wdt_set_compare                   0x0000f98d   Thumb Code     0  ht32f675x5_rom_lib_mp_r2.lib ABSOLUTE
    rom_hw_wdt_set_delay_reset               0x0000f9ad   Thumb Code     0  ht32f675x5_rom_lib_mp_r2.lib ABSOLUTE
    rom_hw_wdt_trig_cfg_valid                0x0000f9cd   Thumb Code     0  ht32f675x5_rom_lib_mp_r2.lib ABSOLUTE
    rom_usb_get_past_time                    0x0000fa21   Thumb Code     0  ht32f675x5_rom_lib_mp_r2.lib ABSOLUTE
    rom_usb_is_timeout                       0x0000fa25   Thumb Code     0  ht32f675x5_rom_lib_mp_r2.lib ABSOLUTE
    rom_usb_set_timeout                      0x0000fa45   Thumb Code     0  ht32f675x5_rom_lib_mp_r2.lib ABSOLUTE
    rom_usb_wait_ms                          0x0000fa51   Thumb Code     0  ht32f675x5_rom_lib_mp_r2.lib ABSOLUTE
    rom_usb_wait_us                          0x0000fa59   Thumb Code     0  ht32f675x5_rom_lib_mp_r2.lib ABSOLUTE
    g_rom_block1_code                        0x00010000   Data           0  ht32f675x5_rom_lib_mp_r2.lib ABSOLUTE
    g_rom_block2_code                        0x00020000   Data           0  ht32f675x5_rom_lib_mp_r2.lib ABSOLUTE
    g_rom_block3_code                        0x00030000   Data           0  ht32f675x5_rom_lib_mp_r2.lib ABSOLUTE
    g_boot2LibCode                           0x10000000   Data        4096  ht32f675x5_boot2_lib_r2_v1.1.o(.boot2.code)
    __Vectors                                0x10002000   Data           4  startup_armcm33.o(RESET)
    __Vectors_End                            0x10002140   Data           0  startup_armcm33.o(RESET)
    __main                                   0x10002141   Thumb Code     0  entry.o(.ARM.Collect$$$$00000000)
    _main_stk                                0x10002141   Thumb Code     0  entry2.o(.ARM.Collect$$$$00000001)
    _main_scatterload                        0x10002145   Thumb Code     0  entry5.o(.ARM.Collect$$$$00000004)
    __main_after_scatterload                 0x10002149   Thumb Code     0  entry5.o(.ARM.Collect$$$$00000004)
    _main_clock                              0x10002149   Thumb Code     0  entry7b.o(.ARM.Collect$$$$00000008)
    _main_cpp_init                           0x10002149   Thumb Code     0  entry8b.o(.ARM.Collect$$$$0000000A)
    _main_init                               0x10002149   Thumb Code     0  entry9a.o(.ARM.Collect$$$$0000000B)
    __rt_final_cpp                           0x10002151   Thumb Code     0  entry10a.o(.ARM.Collect$$$$0000000D)
    __rt_final_exit                          0x10002151   Thumb Code     0  entry11a.o(.ARM.Collect$$$$0000000F)
    Reset_Handler                            0x10002155   Thumb Code    20  startup_armcm33.o(.text)
    NMI_Handler                              0x10002169   Thumb Code    18  startup_armcm33.o(.text)
    HardFault_Handler                        0x1000217b   Thumb Code    18  startup_armcm33.o(.text)
    MemoryManagement_Handler                 0x1000218d   Thumb Code     2  startup_armcm33.o(.text)
    BusFault_Handler                         0x1000218f   Thumb Code     2  startup_armcm33.o(.text)
    UsageFault_Handler                       0x10002191   Thumb Code     2  startup_armcm33.o(.text)
    DebugMon_Handler                         0x10002195   Thumb Code     2  startup_armcm33.o(.text)
    RTC_CH0_IRQ_Handler                      0x1000219b   Thumb Code     2  startup_armcm33.o(.text)
    GPADC0_IRQ_Handler                       0x1000219d   Thumb Code     2  startup_armcm33.o(.text)
    LLC_IRQ_Handler                          0x1000219f   Thumb Code     2  startup_armcm33.o(.text)
    I2S_IRQ_Handler                          0x100021a1   Thumb Code     2  startup_armcm33.o(.text)
    QDEC_IRQ_Handler                         0x100021a3   Thumb Code     2  startup_armcm33.o(.text)
    AUDIO0_IRQ_Handler                       0x100021a5   Thumb Code     2  startup_armcm33.o(.text)
    CRYPT0_IRQ_Handler                       0x100021a7   Thumb Code     2  startup_armcm33.o(.text)
    TRNG_IRQ_Handler                         0x100021a9   Thumb Code     2  startup_armcm33.o(.text)
    RF_CAL_IRQ_Handler                       0x100021ab   Thumb Code     2  startup_armcm33.o(.text)
    UART0_IRQ_Handler                        0x100021ad   Thumb Code     2  startup_armcm33.o(.text)
    UART1_IRQ_Handler                        0x100021af   Thumb Code     2  startup_armcm33.o(.text)
    UART2_IRQ_Handler                        0x100021b1   Thumb Code     2  startup_armcm33.o(.text)
    SPI0_IRQ_Handler                         0x100021b3   Thumb Code     2  startup_armcm33.o(.text)
    SPI1_IRQ_Handler                         0x100021b5   Thumb Code     2  startup_armcm33.o(.text)
    I2C0_IRQ_Handler                         0x100021b7   Thumb Code     2  startup_armcm33.o(.text)
    I2C1_IRQ_Handler                         0x100021b9   Thumb Code     2  startup_armcm33.o(.text)
    I2C2_IRQ_Handler                         0x100021bb   Thumb Code     2  startup_armcm33.o(.text)
    DMA_IRQ0_Handler                         0x100021bd   Thumb Code     2  startup_armcm33.o(.text)
    DMA_IRQ4_Handler                         0x100021bf   Thumb Code     2  startup_armcm33.o(.text)
    TIMER0_IRQ_Handler                       0x100021c1   Thumb Code     2  startup_armcm33.o(.text)
    GPIO_IRQ1_Handler                        0x100021c5   Thumb Code     2  startup_armcm33.o(.text)
    GPIO_IRQ2_Handler                        0x100021c7   Thumb Code     2  startup_armcm33.o(.text)
    PMU_IRQ_Handler                          0x100021c9   Thumb Code     2  startup_armcm33.o(.text)
    QSPI0_IRQ_Handler                        0x100021cb   Thumb Code     2  startup_armcm33.o(.text)
    QSPI1_IRQ_Handler                        0x100021cd   Thumb Code     2  startup_armcm33.o(.text)
    QSPI2_IRQ_Handler                        0x100021cf   Thumb Code     2  startup_armcm33.o(.text)
    QSPI3_IRQ_Handler                        0x100021d1   Thumb Code     2  startup_armcm33.o(.text)
    SW_IRQ0_Handler                          0x100021d3   Thumb Code     2  startup_armcm33.o(.text)
    SW_IRQ1_Handler                          0x100021d5   Thumb Code     2  startup_armcm33.o(.text)
    USB_IRQ_Handler                          0x100021d7   Thumb Code     2  startup_armcm33.o(.text)
    RTC_CH3_IRQ_Handler                      0x100021d9   Thumb Code     2  startup_armcm33.o(.text)
    DMA_IRQ1_Handler                         0x100021db   Thumb Code     2  startup_armcm33.o(.text)
    DMA_IRQ2_Handler                         0x100021dd   Thumb Code     2  startup_armcm33.o(.text)
    DMA_IRQ3_Handler                         0x100021df   Thumb Code     2  startup_armcm33.o(.text)
    DMA_IRQ5_Handler                         0x100021e1   Thumb Code     2  startup_armcm33.o(.text)
    DMA_IRQ6_Handler                         0x100021e3   Thumb Code     2  startup_armcm33.o(.text)
    DMA_IRQ7_Handler                         0x100021e5   Thumb Code     2  startup_armcm33.o(.text)
    TIMER1_IRQ_Handler                       0x100021e7   Thumb Code     2  startup_armcm33.o(.text)
    TIMER2_IRQ_Handler                       0x100021e9   Thumb Code     2  startup_armcm33.o(.text)
    TIMER3_IRQ_Handler                       0x100021eb   Thumb Code     2  startup_armcm33.o(.text)
    SW_IRQ2_Handler                          0x100021ed   Thumb Code     2  startup_armcm33.o(.text)
    FP_IRQ_Handler                           0x100021ef   Thumb Code     2  startup_armcm33.o(.text)
    RTC_CH1_IRQ_Handler                      0x100021f1   Thumb Code     2  startup_armcm33.o(.text)
    RTC_CH2_IRQ_Handler                      0x100021f3   Thumb Code     2  startup_armcm33.o(.text)
    AUDIO1_IRQ_Handler                       0x100021f5   Thumb Code     2  startup_armcm33.o(.text)
    GPADC1_IRQ_Handler                       0x100021f7   Thumb Code     2  startup_armcm33.o(.text)
    I2C3_IRQ_Handler                         0x100021f9   Thumb Code     2  startup_armcm33.o(.text)
    USB_PHY_IRQ_Handler                      0x100021fb   Thumb Code     2  startup_armcm33.o(.text)
    STIM0_IRQ0_Handler                       0x100021fd   Thumb Code     2  startup_armcm33.o(.text)
    STIM0_IRQ1_Handler                       0x100021ff   Thumb Code     2  startup_armcm33.o(.text)
    STIM0_IRQ2_Handler                       0x10002201   Thumb Code     2  startup_armcm33.o(.text)
    STIM0_IRQ3_Handler                       0x10002203   Thumb Code     2  startup_armcm33.o(.text)
    STIM1_IRQ0_Handler                       0x10002205   Thumb Code     2  startup_armcm33.o(.text)
    STIM1_IRQ1_Handler                       0x10002207   Thumb Code     2  startup_armcm33.o(.text)
    STIM1_IRQ2_Handler                       0x10002209   Thumb Code     2  startup_armcm33.o(.text)
    STIM1_IRQ3_Handler                       0x1000220b   Thumb Code     2  startup_armcm33.o(.text)
    WDT1_IRQ_Handler                         0x1000220d   Thumb Code     2  startup_armcm33.o(.text)
    CRYPT1_IRQ_Handler                       0x1000220f   Thumb Code     2  startup_armcm33.o(.text)
    __scatterload                            0x10002229   Thumb Code    38  init.o(.text)
    __scatterload_rt2                        0x10002229   Thumb Code     0  init.o(.text)
    SystemInit                               0x10002259   Thumb Code    72  system_armcm33.o(.text.SystemInit)
    __scatterload_copy                       0x100022a1   Thumb Code    14  handlers.o(i.__scatterload_copy)
    __scatterload_null                       0x100022af   Thumb Code     2  handlers.o(i.__scatterload_null)
    __scatterload_zeroinit                   0x100022b1   Thumb Code    14  handlers.o(i.__scatterload_zeroinit)
    Region$$Table$$Base                      0x100022c0   Number         0  anon$$obj.o(Region$$Table)
    Region$$Table$$Limit                     0x100022f0   Number         0  anon$$obj.o(Region$$Table)
    __aeabi_uldivmod                         0x100022f1   Thumb Code    98  uldiv.o(.text)
    __aeabi_llsl                             0x10002353   Thumb Code    30  llshl.o(.text)
    _ll_shift_l                              0x10002353   Thumb Code     0  llshl.o(.text)
    __aeabi_llsr                             0x10002371   Thumb Code    32  llushr.o(.text)
    _ll_ushift_r                             0x10002371   Thumb Code     0  llushr.o(.text)
    HardFault_Handler_Proc                   0x10002391   Thumb Code   656  err_debug.o(.text.HardFault_Handler_Proc)
    NMI_Handler_Proc                         0x100026c1   Thumb Code    32  err_debug.o(.text.NMI_Handler_Proc)
    app_debug_init                           0x10002701   Thumb Code   150  app_debug.o(.text.app_debug_init)
    app_debug_printf                         0x10002799   Thumb Code    92  app_debug.o(.text.app_debug_printf)
    app_debug_reinit                         0x100027f5   Thumb Code   130  app_debug.o(.text.app_debug_reinit)
    fputc                                    0x10002879   Thumb Code    82  app_debug.o(.text.fputc)
    main                                     0x100028cd   Thumb Code   292  main.o(.text.main)
    Long Thumb to Thumb Veneer to rom_hw_uart_send_byte 0x10002a75   Thumb Code    10  anon$$obj.o(Veneer$$Code)
    Long Thumb to Thumb Veneer to rom_hw_crg_enable_clk_gate 0x10002a7f   Thumb Code    10  anon$$obj.o(Veneer$$Code)
    Long Thumb to Thumb Veneer to rom_hw_gpio_set_pin_pid 0x10002a89   Thumb Code    10  anon$$obj.o(Veneer$$Code)
    Long Thumb to Thumb Veneer to rom_hw_gpio_set_pin_pull_mode 0x10002a93   Thumb Code    10  anon$$obj.o(Veneer$$Code)
    Long Thumb to Thumb Veneer to rom_hw_uart_init 0x10002a9d   Thumb Code    10  anon$$obj.o(Veneer$$Code)
    Long Thumb to Thumb Veneer to rom_hw_uart_transmit 0x10002aa7   Thumb Code    10  anon$$obj.o(Veneer$$Code)
    Long Thumb to Thumb Veneer to rom_hw_wdt_disable 0x10002ab1   Thumb Code    10  anon$$obj.o(Veneer$$Code)
    Long Thumb to Thumb Veneer to rom_delay_ms 0x10002abb   Thumb Code    10  anon$$obj.o(Veneer$$Code)
    Long Thumb to Thumb Veneer to rom_hw_pmu_set_ldo_act_voltage 0x10002ac5   Thumb Code    10  anon$$obj.o(Veneer$$Code)
    Long Thumb to Thumb Veneer to rom_hw_pmu_set_ldo_dig_voltage 0x10002acf   Thumb Code    10  anon$$obj.o(Veneer$$Code)
    Long Thumb to Thumb Veneer to rom_hw_pmu_set_ldo_ret_sleep_voltage 0x10002ad9   Thumb Code    10  anon$$obj.o(Veneer$$Code)
    Long Thumb to Thumb Veneer to rom_hal_pmu_sel_power_act_out_mode 0x10002ae3   Thumb Code    10  anon$$obj.o(Veneer$$Code)
    Long Thumb to Thumb Veneer to rom_hw_efuse_read_bytes 0x10002aed   Thumb Code    10  anon$$obj.o(Veneer$$Code)
    Long Thumb to Thumb Veneer to rom_hw_pmu_set_rc_hclk_tune 0x10002af7   Thumb Code    10  anon$$obj.o(Veneer$$Code)
    Long Thumb to Thumb Veneer to rom_hw_pmu_set_rc_lclk_tune 0x10002b01   Thumb Code    10  anon$$obj.o(Veneer$$Code)
    Long Thumb to Thumb Veneer to rom_hw_pmu_sel_dcxo_hclk_pwr 0x10002b0b   Thumb Code    10  anon$$obj.o(Veneer$$Code)
    Long Thumb to Thumb Veneer to rom_hal_pmu_cfg_dcxo_hclk_param 0x10002b15   Thumb Code    10  anon$$obj.o(Veneer$$Code)
    Long Thumb to Thumb Veneer to rom_hal_pmu_set_sys_clk_src 0x10002b1f   Thumb Code    10  anon$$obj.o(Veneer$$Code)
    Long Thumb to Thumb Veneer to rom_hw_sys_ctrl_peri_int_ctrl 0x10002b29   Thumb Code    10  anon$$obj.o(Veneer$$Code)
    Long Thumb to Thumb Veneer to rom_hw_gpio_set_pin_input_output 0x10002b33   Thumb Code    10  anon$$obj.o(Veneer$$Code)
    Long Thumb to Thumb Veneer to rom_hw_gpio_set_pin_drive_strength 0x10002b3d   Thumb Code    10  anon$$obj.o(Veneer$$Code)
    Long Thumb to Thumb Veneer to rom_hw_gpio_set_pin_output_level 0x10002b47   Thumb Code    10  anon$$obj.o(Veneer$$Code)
    Long Thumb to Thumb Veneer to rom_hw_gpio_get_pin_output_level 0x10002b51   Thumb Code    10  anon$$obj.o(Veneer$$Code)
    __0printf$8                              0x10002b5d   Thumb Code    22  printf8.o(i.__0printf$8)
    __1printf$8                              0x10002b5d   Thumb Code     0  printf8.o(i.__0printf$8)
    __2printf                                0x10002b5d   Thumb Code     0  printf8.o(i.__0printf$8)
    puts                                     0x10002fe1   Thumb Code    30  puts.o(i.puts)
    SystemCoreClock                          0x20000004   Data           0  ht32f675x5_rom_lib_mp_r2.lib ABSOLUTE
    irqRtxLibRef                             0x20000008   Data           0  ht32f675x5_rom_lib_mp_r2.lib ABSOLUTE
    m_bPortHostEnable                        0x2000000c   Data           0  ht32f675x5_rom_lib_mp_r2.lib ABSOLUTE
    m_u8MaxPacketSize0                       0x20000014   Data           0  ht32f675x5_rom_lib_mp_r2.lib ABSOLUTE
    osRtxInfo                                0x20000018   Data           0  ht32f675x5_rom_lib_mp_r2.lib ABSOLUTE
    USBCallBackHook                          0x200000c4   Data           0  ht32f675x5_rom_lib_mp_r2.lib ABSOLUTE
    g_libAssertCallback                      0x200000e0   Data           0  ht32f675x5_rom_lib_mp_r2.lib ABSOLUTE
    g_libIdleTaskCallback                    0x200000e4   Data           0  ht32f675x5_rom_lib_mp_r2.lib ABSOLUTE
    g_libOsErrorCallback                     0x200000e8   Data           0  ht32f675x5_rom_lib_mp_r2.lib ABSOLUTE
    g_libSystemErrorCallback                 0x200000ec   Data           0  ht32f675x5_rom_lib_mp_r2.lib ABSOLUTE
    g_mlogCallback0                          0x200000f0   Data           0  ht32f675x5_rom_lib_mp_r2.lib ABSOLUTE
    g_mlogCallback16                         0x200000f4   Data           0  ht32f675x5_rom_lib_mp_r2.lib ABSOLUTE
    g_mlogCallback1616                       0x200000f8   Data           0  ht32f675x5_rom_lib_mp_r2.lib ABSOLUTE
    g_mlogCallback161616                     0x200000fc   Data           0  ht32f675x5_rom_lib_mp_r2.lib ABSOLUTE
    g_mlogCallback1688                       0x20000100   Data           0  ht32f675x5_rom_lib_mp_r2.lib ABSOLUTE
    g_mlogCallback32                         0x20000104   Data           0  ht32f675x5_rom_lib_mp_r2.lib ABSOLUTE
    g_mlogCallback3216                       0x20000108   Data           0  ht32f675x5_rom_lib_mp_r2.lib ABSOLUTE
    g_mlogCallback321616                     0x2000010c   Data           0  ht32f675x5_rom_lib_mp_r2.lib ABSOLUTE
    g_mlogCallback3232                       0x20000110   Data           0  ht32f675x5_rom_lib_mp_r2.lib ABSOLUTE
    g_mlogCallback3288                       0x20000114   Data           0  ht32f675x5_rom_lib_mp_r2.lib ABSOLUTE
    g_mlogCallback64                         0x20000118   Data           0  ht32f675x5_rom_lib_mp_r2.lib ABSOLUTE
    g_mlogCallback88                         0x2000011c   Data           0  ht32f675x5_rom_lib_mp_r2.lib ABSOLUTE
    g_mlogCallbackX                          0x20000120   Data           0  ht32f675x5_rom_lib_mp_r2.lib ABSOLUTE
    m_u8PortLinkState                        0x200001bc   Data           0  ht32f675x5_rom_lib_mp_r2.lib ABSOLUTE
    __NEW_VECTOR_TABLE                       0x20003000   Data         300  system_armcm33.o(.bss.new_vector)
    GPIO_IRQ0_Handler                        0x20003201   Thumb Code    68  main.o(.ram.function)
    Long Thumb to Thumb Veneer to rom_hw_gpio_get_pin_interrupt_flag 0x2000326d   Thumb Code    10  anon$$obj.o(Veneer$$Code)
    Long Thumb to Thumb Veneer to rom_hw_gpio_clear_pin_interrupt_flag 0x20003277   Thumb Code    10  anon$$obj.o(Veneer$$Code)
    Long Thumb to Thumb Veneer to __2printf  0x20003281   Thumb Code    10  anon$$obj.o(Veneer$$Code)
    Long Thumb to Thumb Veneer to rom_hw_gpio_get_pin_input_level 0x2000328b   Thumb Code    10  anon$$obj.o(Veneer$$Code)
    __stdout                                 0x2000b000   Data           4  stdout.o(.data)
    __stack_limit                            0x2000f000   Data           0  startup_armcm33.o(STACK)
    __initial_sp                             0x20010000   Data           0  startup_armcm33.o(STACK)



==============================================================================

Memory Map of the image

  Image Entry point : 0x10002155

  Load Region LOAD_BOOT2 (Base: 0x10000000, Size: 0x00001000, Max: 0x00001000, ABSOLUTE)

    Execution Region BOOT2_CODE (Exec base: 0x10000000, Load base: 0x10000000, Size: 0x00001000, Max: 0xffffffff, ABSOLUTE)

    Exec Addr    Load Addr    Size         Type   Attr      Idx    E Section Name        Object

    0x10000000   0x10000000   0x00001000   Data   RO           20    .boot2.code         ht32f675x5_boot2_lib_r2_v1.1.o



  Load Region LOAD_APP (Base: 0x10002000, Size: 0x00001644, Max: 0x0007e000, ABSOLUTE)

    Execution Region INIT (Exec base: 0x10002000, Load base: 0x10002000, Size: 0x000002f0, Max: 0xffffffff, ABSOLUTE, FIXED)

    Exec Addr    Load Addr    Size         Type   Attr      Idx    E Section Name        Object

    0x10002000   0x10002000   0x00000140   Data   RO            2    RESET               startup_armcm33.o
    0x10002140   0x10002140   0x00000000   Code   RO           92  * .ARM.Collect$$$$00000000  mc_w.l(entry.o)
    0x10002140   0x10002140   0x00000004   Code   RO          362    .ARM.Collect$$$$00000001  mc_w.l(entry2.o)
    0x10002144   0x10002144   0x00000004   Code   RO          365    .ARM.Collect$$$$00000004  mc_w.l(entry5.o)
    0x10002148   0x10002148   0x00000000   Code   RO          367    .ARM.Collect$$$$00000008  mc_w.l(entry7b.o)
    0x10002148   0x10002148   0x00000000   Code   RO          369    .ARM.Collect$$$$0000000A  mc_w.l(entry8b.o)
    0x10002148   0x10002148   0x00000008   Code   RO          370    .ARM.Collect$$$$0000000B  mc_w.l(entry9a.o)
    0x10002150   0x10002150   0x00000000   Code   RO          372    .ARM.Collect$$$$0000000D  mc_w.l(entry10a.o)
    0x10002150   0x10002150   0x00000000   Code   RO          374    .ARM.Collect$$$$0000000F  mc_w.l(entry11a.o)
    0x10002150   0x10002150   0x00000004   Code   RO          363    .ARM.Collect$$$$00002712  mc_w.l(entry2.o)
    0x10002154   0x10002154   0x000000d4   Code   RO            3  * .text               startup_armcm33.o
    0x10002228   0x10002228   0x00000030   Code   RO          401    .text               mc_w.l(init.o)
    0x10002258   0x10002258   0x00000048   Code   RO           10    .text.SystemInit    system_armcm33.o
    0x100022a0   0x100022a0   0x0000000e   Code   RO          413    i.__scatterload_copy  mc_w.l(handlers.o)
    0x100022ae   0x100022ae   0x00000002   Code   RO          414    i.__scatterload_null  mc_w.l(handlers.o)
    0x100022b0   0x100022b0   0x0000000e   Code   RO          415    i.__scatterload_zeroinit  mc_w.l(handlers.o)
    0x100022be   0x100022be   0x00000002   PAD
    0x100022c0   0x100022c0   0x00000030   Data   RO          412    Region$$Table       anon$$obj.o


    Execution Region FLASH_CACHE_CODE (Exec base: 0x100022f0, Load base: 0x100022f0, Size: 0x000012bc, Max: 0xffffffff, ABSOLUTE)

    Exec Addr    Load Addr    Size         Type   Attr      Idx    E Section Name        Object

    0x100022f0   0x100022f0   0x00000062   Code   RO          388    .text               mc_w.l(uldiv.o)
    0x10002352   0x10002352   0x0000001e   Code   RO          403    .text               mc_w.l(llshl.o)
    0x10002370   0x10002370   0x00000020   Code   RO          405    .text               mc_w.l(llushr.o)
    0x10002390   0x10002390   0x00000330   Code   RO           62    .text.HardFault_Handler_Proc  err_debug.o
    0x100026c0   0x100026c0   0x00000040   Code   RO           60    .text.NMI_Handler_Proc  err_debug.o
    0x10002700   0x10002700   0x00000096   Code   RO           26    .text.app_debug_init  app_debug.o
    0x10002796   0x10002796   0x00000002   PAD
    0x10002798   0x10002798   0x0000005c   Code   RO           34    .text.app_debug_printf  app_debug.o
    0x100027f4   0x100027f4   0x00000082   Code   RO           28    .text.app_debug_reinit  app_debug.o
    0x10002876   0x10002876   0x00000002   PAD
    0x10002878   0x10002878   0x00000052   Code   RO           42    .text.fputc         app_debug.o
    0x100028ca   0x100028ca   0x00000002   PAD
    0x100028cc   0x100028cc   0x000001a8   Code   RO           83    .text.main          main.o
    0x10002a74   0x10002a74   0x0000000a   Ven    RO          419    Veneer$$Code        anon$$obj.o
    0x10002a7e   0x10002a7e   0x0000000a   Ven    RO          420    Veneer$$Code        anon$$obj.o
    0x10002a88   0x10002a88   0x0000000a   Ven    RO          421    Veneer$$Code        anon$$obj.o
    0x10002a92   0x10002a92   0x0000000a   Ven    RO          422    Veneer$$Code        anon$$obj.o
    0x10002a9c   0x10002a9c   0x0000000a   Ven    RO          423    Veneer$$Code        anon$$obj.o
    0x10002aa6   0x10002aa6   0x0000000a   Ven    RO          424    Veneer$$Code        anon$$obj.o
    0x10002ab0   0x10002ab0   0x0000000a   Ven    RO          425    Veneer$$Code        anon$$obj.o
    0x10002aba   0x10002aba   0x0000000a   Ven    RO          426    Veneer$$Code        anon$$obj.o
    0x10002ac4   0x10002ac4   0x0000000a   Ven    RO          427    Veneer$$Code        anon$$obj.o
    0x10002ace   0x10002ace   0x0000000a   Ven    RO          428    Veneer$$Code        anon$$obj.o
    0x10002ad8   0x10002ad8   0x0000000a   Ven    RO          429    Veneer$$Code        anon$$obj.o
    0x10002ae2   0x10002ae2   0x0000000a   Ven    RO          430    Veneer$$Code        anon$$obj.o
    0x10002aec   0x10002aec   0x0000000a   Ven    RO          431    Veneer$$Code        anon$$obj.o
    0x10002af6   0x10002af6   0x0000000a   Ven    RO          432    Veneer$$Code        anon$$obj.o
    0x10002b00   0x10002b00   0x0000000a   Ven    RO          433    Veneer$$Code        anon$$obj.o
    0x10002b0a   0x10002b0a   0x0000000a   Ven    RO          434    Veneer$$Code        anon$$obj.o
    0x10002b14   0x10002b14   0x0000000a   Ven    RO          435    Veneer$$Code        anon$$obj.o
    0x10002b1e   0x10002b1e   0x0000000a   Ven    RO          436    Veneer$$Code        anon$$obj.o
    0x10002b28   0x10002b28   0x0000000a   Ven    RO          437    Veneer$$Code        anon$$obj.o
    0x10002b32   0x10002b32   0x0000000a   Ven    RO          438    Veneer$$Code        anon$$obj.o
    0x10002b3c   0x10002b3c   0x0000000a   Ven    RO          439    Veneer$$Code        anon$$obj.o
    0x10002b46   0x10002b46   0x0000000a   Ven    RO          440    Veneer$$Code        anon$$obj.o
    0x10002b50   0x10002b50   0x0000000a   Ven    RO          441    Veneer$$Code        anon$$obj.o
    0x10002b5a   0x10002b5a   0x00000002   PAD
    0x10002b5c   0x10002b5c   0x00000020   Code   RO          308    i.__0printf$8       mc_w.l(printf8.o)
    0x10002b7c   0x10002b7c   0x00000410   Code   RO          315    i._printf_core      mc_w.l(printf8.o)
    0x10002f8c   0x10002f8c   0x00000024   Code   RO          316    i._printf_post_padding  mc_w.l(printf8.o)
    0x10002fb0   0x10002fb0   0x0000002e   Code   RO          317    i._printf_pre_padding  mc_w.l(printf8.o)
    0x10002fde   0x10002fde   0x00000002   PAD
    0x10002fe0   0x10002fe0   0x00000024   Code   RO           95    i.puts              mc_w.l(puts.o)
    0x10003004   0x10003004   0x000005a6   Data   RO           72    .rodata.str1.1      err_debug.o


    Execution Region RAM_VECTOR (Exec base: 0x20003000, Load base: 0x100035ac, Size: 0x0000012c, Max: 0x00000200, ABSOLUTE, UNINIT)

    Exec Addr    Load Addr    Size         Type   Attr      Idx    E Section Name        Object

    0x20003000        -       0x0000012c   Zero   RW           12    .bss.new_vector     system_armcm33.o


    Execution Region RAM_CODE (Exec base: 0x20003200, Load base: 0x100035ac, Size: 0x00000094, Max: 0x00007e00, ABSOLUTE)

    Exec Addr    Load Addr    Size         Type   Attr      Idx    E Section Name        Object

    0x20003200   0x100035ac   0x0000006c   Code   RO           81    .ram.function       main.o
    0x2000326c   0x10003618   0x0000000a   Ven    RO          442    Veneer$$Code        anon$$obj.o
    0x20003276   0x10003622   0x0000000a   Ven    RO          443    Veneer$$Code        anon$$obj.o
    0x20003280   0x1000362c   0x0000000a   Ven    RO          444    Veneer$$Code        anon$$obj.o
    0x2000328a   0x10003636   0x0000000a   Ven    RO          445    Veneer$$Code        anon$$obj.o


    Execution Region RAM_DATA (Exec base: 0x2000b000, Load base: 0x10003640, Size: 0x0000001c, Max: 0x00005000, ABSOLUTE)

    Exec Addr    Load Addr    Size         Type   Attr      Idx    E Section Name        Object

    0x2000b000   0x10003640   0x00000004   Data   RW          376    .data               mc_w.l(stdout.o)
    0x2000b004        -       0x00000004   Zero   RW           44    .bss.m_pstDebugBuf  app_debug.o
    0x2000b008        -       0x00000004   Zero   RW           48    .bss.m_pstDebugGpioHandle  app_debug.o
    0x2000b00c        -       0x00000004   Zero   RW           47    .bss.m_pstDebugUartHandle  app_debug.o
    0x2000b010        -       0x00000002   Zero   RW           46    .bss.m_u16DebugRxIdx  app_debug.o
    0x2000b012        -       0x00000002   Zero   RW           45    .bss.m_u16DebugTxIdx  app_debug.o
    0x2000b014        -       0x00000004   Zero   RW           49    .bss.m_u32DebugIoTx  app_debug.o
    0x2000b018        -       0x00000004   Zero   RW           50    .bss.m_u32DebugUartBps  app_debug.o


    Execution Region RAM_STACK_HEAP (Exec base: 0x2000f000, Load base: 0x10003644, Size: 0x00001000, Max: 0x00001000, ABSOLUTE, UNINIT)

    Exec Addr    Load Addr    Size         Type   Attr      Idx    E Section Name        Object

    0x2000f000        -       0x00001000   Zero   RW            1    STACK               startup_armcm33.o


==============================================================================

Image component sizes


      Code (inc. data)   RO Data    RW Data    ZI Data      Debug   Object Name

       454          0          0          0         24      10388   app_debug.o
       880        192       1446          0          0       5347   err_debug.o
         0          0       4096          0          0        593   ht32f675x5_boot2_lib_r2_v1.1.o
       532        172          0          0          0       5012   main.o
       212         24        320          0       4096       3536   startup_armcm33.o
        72          0          0          0        300       2124   system_armcm33.o

    ----------------------------------------------------------------------
      2428        388       5912          0       4420      27000   Object Totals
       270          0         48          0          0          0   (incl. Generated)
         8          0          2          0          0          0   (incl. Padding)

    ----------------------------------------------------------------------

      Code (inc. data)   RO Data    RW Data    ZI Data      Debug   Library Member Name

         0          0          0          0          0          0   entry.o
         0          0          0          0          0          0   entry10a.o
         0          0          0          0          0          0   entry11a.o
         8          4          0          0          0          0   entry2.o
         4          0          0          0          0          0   entry5.o
         0          0          0          0          0          0   entry7b.o
         0          0          0          0          0          0   entry8b.o
         8          4          0          0          0          0   entry9a.o
        30          0          0          0          0          0   handlers.o
        48         10          0          0          0         68   init.o
        30          0          0          0          0         68   llshl.o
        32          0          0          0          0         68   llushr.o
      1154         54          0          0          0        352   printf8.o
        36          6          0          0          0         80   puts.o
         0          0          0          4          0          0   stdout.o
        98          0          0          0          0         92   uldiv.o

    ----------------------------------------------------------------------
      1452         78          0          4          0        728   Library Totals
         4          0          0          0          0          0   (incl. Padding)

    ----------------------------------------------------------------------

      Code (inc. data)   RO Data    RW Data    ZI Data      Debug   Library Name

      1448         78          0          4          0        728   mc_w.l

    ----------------------------------------------------------------------
      1452         78          0          4          0        728   Library Totals

    ----------------------------------------------------------------------

==============================================================================


      Code (inc. data)   RO Data    RW Data    ZI Data      Debug   

      3880        466       5912          4       4420      27560   Grand Totals
      3880        466       5912          4       4420      27560   ELF Image Totals
      3880        466       5912          4          0          0   ROM Totals

==============================================================================

    Total RO  Size (Code + RO Data)                 9792 (   9.56kB)
    Total RW  Size (RW Data + ZI Data)              4424 (   4.32kB)
    Total ROM Size (Code + RO Data + RW Data)       9796 (   9.57kB)

==============================================================================

