<html>
<body>
<pre>
<h1>µVision Build Log</h1>
<h2>Tool Versions:</h2>
IDE-Version: ¦ÌVision V5.38.0.0
Copyright (C) 2022 ARM Ltd and ARM Germany GmbH. All rights reserved.
License Information: c viking BestHealth Flex license: MDK Essential 5.38 (Flex): 1 user(s) (mdk_essential) Support: Oct 2024
 
Tool Versions:
Toolchain:       MDK Essential 5.38 (Flex): 1 user(s)  Version: 5.38.0.0
Toolchain Path:  D:\Keil_v5\ARM\ARMCLANG\Bin
C Compiler:      ArmClang.exe V6.19
Assembler:       Armasm.exe V6.19
Linker/Locator:  ArmLink.exe V6.19
Library Manager: ArmAr.exe V6.19
Hex Converter:   FromElf.exe V6.19
CPU DLL:         SARMCM3.DLL V5.38.0.0
Dialog DLL:      DARMCM1.DLL V1.19.6.0
Target DLL:      CMSIS_AGDI.dll V1.33.15.0
Dialog DLL:      TARMCM1.DLL V1.14.6.0
 
<h2>Project:</h2>
D:\D200\product\git\CGM_BH66F2475_HT32F675x5_1\2.Code_Ble\projects\application\cgm_LPwr\ht32f675x5_r2\project\cp\cgm_profile_cp.uvprojx
Project File Date:  07/11/2025

<h2>Output:</h2>
*** Using Compiler 'V6.19', folder: 'D:\Keil_v5\ARM\ARMCLANG\Bin'
Build Project 'cgm_profile_cp' - Target 'cgm_profile_cp'
compiling app_debug.c...
compiling linkqueue.c...
compiling ipc.c...
compiling msg_queue.c...
compiling idle_task.c...
compiling err_debug.c...
compiling lpwr_ctrl.c...
compiling ipc_general_queue.c...
compiling app_timer.c...
compiling mmu.c...
compiling ota.c...
compiling flash.c...
compiling ble_dis.c...
compiling ble_bas.c...
compiling ble_cts.c...
compiling cgm_service.c...
compiling tt_service.c...
compiling ota_service.c...
compiling rf_init.c...
compiling ble_init.c...
compiling ble_controller_init.c...
compiling ble_host_init.c...
compiling ble_event.c...
compiling ble_peripheral.c...
compiling cgms_socp.c...
compiling cgms_racp.c...
compiling app_main.c...
compiling cgms_db.c...
compiling cgms_racp_process.c...
compiling uart.c...
compiling afe_protocol.c...
compiling historical_data_process.c...
compiling app_cgm_cp.c...
compiling rtc.c...
compiling spi_master.c...
compiling dev_Verifi.c...
compiling dev_Verifi_dtm_init.c...
compiling dev_Verifi_hci_cmd.c...
compiling dev_Verifi_hci_dtm.c...
compiling dev_Verifi_hci_event.c...
compiling dev_Verifi_hci_peripheral.c...
linking...
Program Size: Code=47508 RO-data=1084 RW-data=4212 ZI-data=48144  
FromELF: creating hex file...
After Build - User command #1: .\cgm_profile_cp.bat ".\Objects\cgm_profile_cp.axf" "D:\Keil_v5\ARM\ARMCLANG\bin\fromelf.exe"
"Fromelf file valid!"
"Make bin success!"
"Make asm success!"
"Make app success!"
"Make done!"
After Build - User command #2: ..\..\..\..\..\..\tools\mlog\gen_mlog.bat  cgm_profile_cp  ..\..\..\..\..\..
len=3 sys.argv[1]=cgm_profile_cp
force refrash = 1
find uvprojx cgm_profile_cp.uvprojx
----------------------------------------
||| total 76 MLOG(s) update 76 MLOG(s) , 0 error(s), 0 warning(s),
----------------------------------------
"Make mlog success!"
".\Objects\cgm_profile_cp.axf" - 0 Error(s), 0 Warning(s).

<h2>Software Packages used:</h2>

Package Vendor: ARM
                http://www.keil.com/pack/ARM.CMSIS.5.9.0.pack
                ARM.CMSIS.5.9.0
                CMSIS (Common Microcontroller Software Interface Standard)
   * Component: CORE Version: 5.6.0

Package Vendor: Holtek
                https://mcu.holtek.com.tw/pack/Holtek.HT32F675x5_DFP.1.0.4.pack
                Holtek.HT32F675x5_DFP.1.0.4
                Holtek HT32F675x5 Series Device Support

<h2>Collection of Component include folders:</h2>
  ./RTE/_cgm_profile_cp
  D:/Users/cwj/AppData/Local/Arm/Packs/ARM/CMSIS/5.9.0/CMSIS/Core/Include
  D:/Users/cwj/AppData/Local/Arm/Packs/Holtek/HT32F675x5_DFP/1.0.4/Device/Include

<h2>Collection of Component Files used:</h2>

   * Component: ARM::CMSIS:CORE:5.6.0
Build Time Elapsed:  00:00:21
</pre>
</body>
</html>
