<html>
<body>
<pre>
<h1>礦ision Build Log</h1>
<h2>Tool Versions:</h2>
IDE-Version: μVision V5.33.0.0
Copyright (C) 2020 ARM Ltd and ARM Germany GmbH. All rights reserved.
License Information: A A, A, LIC=QF82M-XPR5R-NNAAF-6Y5QE-T85HB-PSFEH
 
Tool Versions:
Toolchain:       MDK-ARM Plus  Version: 5.33.0.0
Toolchain Path:  D:\Keil5\ARM\ARMCLANG\Bin
C Compiler:      ArmClang.exe V6.15
Assembler:       Armasm.exe V6.15
Linker/Locator:  ArmLink.exe V6.15
Library Manager: ArmAr.exe V6.15
Hex Converter:   FromElf.exe V6.15
CPU DLL:         SARMCM3.DLL V5.33.0.0
Dialog DLL:      DARMCM1.DLL V1.19.4.0
Target DLL:      CMSIS_AGDI_V8M.DLL V1.6.17.0
Dialog DLL:      TARMCM1.DLL V1.14.3.0
 
<h2>Project:</h2>
D:\360MoveData\Users\BAI26\Desktop\2026-07\非视觉感知模组工程文件夹\Prj1V0\projects\ble_examples\ble_peripheral\ht32f675x5_r2\project\cp\ble_peripheral_cp.uvprojx
Project File Date:  08/03/2026

<h2>Output:</h2>
*** Using Compiler 'V6.15', folder: 'D:\Keil5\ARM\ARMCLANG\Bin'
Build Project 'ble_peripheral_cp' - Target 'ble_peripheral_cp'
compiling system_ARMCM0plus.c...
compiling ble_mus.c...
compiling ble_gap_service.c...
compiling ble_dis.c...
compiling mlog_transport_uart.c...
assembling startup_ARMCM0plus.s...
compiling idle_task.c...
compiling mlog_protocol.c...
compiling app_debug.c...
compiling lpwr_ctrl.c...
compiling err_debug.c...
compiling ble_gatt_service.c...
compiling app_timer.c...
compiling rf_init.c...
compiling ble_interface_init.c...
compiling main.c...
compiling ble_peripheral.c...
compiling ble_init.c...
compiling ble_event.c...
compiling ble_host_init.c...
compiling ble_controller_init.c...
compiling app_main.c...
linking...
Program Size: Code=18360 RO-data=1368 RW-data=12 ZI-data=29888  
FromELF: creating hex file...
After Build - User command #1: .\ble_peripheral_cp.bat ".\Objects\ble_peripheral_cp.axf" "D:\Keil5\ARM\ARMCLANG\bin\fromelf.exe"
"Fromelf file valid!"
"Make bin success!"
"Make asm success!"
"Make app success!"
"Make done!"
After Build - User command #2: ..\..\..\..\..\..\tools\mlog\gen_mlog.bat  ble_peripheral_cp  ..\..\..\..\..\..
len=3 sys.argv[1]=ble_peripheral_cp
force refrash = 1
find uvprojx ble_peripheral_cp.uvprojx
----------------------------------------
||| total 75 MLOG(s) update 75 MLOG(s) , 0 error(s), 0 warning(s),
----------------------------------------
"Make mlog success!"
".\Objects\ble_peripheral_cp.axf" - 0 Error(s), 0 Warning(s).

<h2>Software Packages used:</h2>

Package Vendor: ARM
                http://www.keil.com/pack/ARM.CMSIS.5.7.0.pack
                ARM.CMSIS.5.7.0
                CMSIS (Cortex Microcontroller Software Interface Standard)
   * Component: CORE Version: 5.4.0

Package Vendor: Holtek
                https://mcu.holtek.com.tw/pack/Holtek.HT32F675x5_DFP.1.0.5.pack
                Holtek.HT32F675x5_DFP.1.0.5
                Holtek HT32F675x5 Series Device Support

<h2>Collection of Component include folders:</h2>
  .\RTE\_ble_peripheral_cp
  D:\Keil5\ARM\PACK\ARM\CMSIS\5.7.0\CMSIS\Core\Include
  D:\Keil5\ARM\PACK\Holtek\HT32F675x5_DFP\1.0.5\Device\Include

<h2>Collection of Component Files used:</h2>

   * Component: ARM::CMSIS:CORE:5.4.0
Build Time Elapsed:  00:00:06
</pre>
</body>
</html>
