"File: Adc24.c       Assembler  Version HGASM0202      Page 1


   1  0000              ; Generated by holtek-gcc v3.19, Mon Jul 14 16:56:28 2025
   2  0000              ; 
   3  0000              ; Configuration:
   4  0000              ;       with long instruction
   5  0000              ;       Single ROM, Multi-RAM
   6  0000              ;       bits_per_rom_unit:16
   7  0000              ;       with mp1
   8  0000              ;       with tbhp, address(0x9)
   9  0000              ;          Use tabrd-const
  10  0000              ;       
  11  0000              ; SFR address of long-instruction arch:
  12  0000              ;    mp0 = -1,1,0
  13  0000              ;    mp1 = 4,3,2
  14  0000              ;    mp2 = 14,13,12
  15  0000              ;    tbp = 9,7,8
  16  0000              ;    acc = 5
  17  0000              ;    pcl = 6
  18  0000              ;    status = 10
  19  0000              ;    bp = 11
  20  0000              ;    intc = 32
  21  0000              ;       
  22  0000              ;       
  23  0000              ; use 'tabrdc' instead of 'tabrd'
  24  0000              ;       
  25  0000              
  26  0000              #pragma translator "holtek-gcc 4.6.4" "3.19" "build 20130711"
  27  0000              ; Rebuild 718
  28  0000              
  29  0000              ir equ [2]
  30  0000              mp equ [3]
  31  0000              sbp equ [4]
  32  0000              acc equ [5]
  33  0000              bp equ [11]
  34  0000              tblp equ [7]
  35  0000              tbhp equ [9]
  36  0000              status equ [10]
  37  0000              c equ [10].0
  38  0000              ac equ [10].1
  39  0000              z equ [10].2
  40  0000              ov equ [10].3
  41  0000              cz equ [10].6
  42  0000              sc equ [10].7
  43  0000              intc equ [32]
  44  0000              
  45  0000              extern ra:byte
  46  0000              extern rb:byte
  47  0000              extern rc:byte
  48  0000              extern rd:byte
  49  0000              extern re:byte
  50  0000              extern rf:byte
  51  0000              extern rg:byte
  52  0000              extern rh:byte
  53  0000              extern _Crom2Prom:near
  54  0000              extern _Crom2PromNext:near
  55  0000              
  56  0000              RAMBANK 0 @BITDATASEC, @BITDATASEC1
  57  0000              @HCCINIT	.section 'data'
  58  0000              @HCCINIT0	.section 'data'
  59  0000              @BITDATASEC	 .section 'data'
"File: Adc24.ASM     Assembler  Version HGASM0202      Page 2

  60  0000              @BITDATASEC1	 .section 'data'
  61  0000              
  62  0000              #pragma debug scope 1 1
  63  0000              	extern __DELAY3:near
  64  0000              	extern __DELAYX3:near
  65  0000              	extern __DELAYX6:near
  66  0000              	extern __DELAYY5:near
  67  0000              	extern __DELAYY3:near
  68  0000              	extern _builtin_holtek_delay_2:byte
  69  0000              ___adcs equ [93]
  70  0000              ___sinc3 equ [95]
  71  0000              ___adcr0 equ [89]
  72  0000              ___adcr1 equ [90]
  73  0000              ___pgac equ [83]
  74  0000              ___modc equ [85]
  75  0000              ___pgacs equ [84]
  76  0000              ___pas0 equ [123]
  77  0000              ___pwrc equ [68]
  78  0000              ___ctrl equ [100]
  79  0000              ___adacctrl equ [96]
  80  0000              ___autoadcc equ [101]
  81  0000              ___errchkc equ [102]
  82  0000              _adcAutoModeBuf equ [768]
  83  0000              public _Adc24_Cfg
  84  0000              #pragma debug scope 2 1

 125  0000              #line 125 "d:\d200\product\git\bh66f2455_evm_cgm\2.code\bh66f2455_driver\driver\Adc24.c"
 125  0000              _Adc24_Cfg .section 'code'
 125  0000              _Adc24_Cfg proc
 125  0000              public _Adc24_Cfg_2
 125  0000  0007[           local _Adc24_Cfg_2 db 7 dup(?)	; 7,0
            00
            ]
 125  0007              #pragma debug struct_end
 125  0007              #pragma debug struct_end
 125  0007              #pragma debug variable 42 2 _Adc24_Cfg_2+0 "cfg"
 125  0000  0700     R  	mov a,_Adc24_Cfg_2[1]
 125  0001  0080     E  	mov rc,a
 125  0002  0700     R  	mov a,_Adc24_Cfg_2[2]
 125  0003  0080     E  	mov ra,a
 125  0004  0700     R  	mov a,_Adc24_Cfg_2[5]
 125  0005  0080     E  	mov rb,a
 127  0006              #line 127 "d:\d200\product\git\bh66f2455_evm_cgm\2.code\bh66f2455_driver\driver\Adc24.c"
 127  0006  0700     R  	mov a,_Adc24_Cfg_2[0]
 127  0007  0A00        	sub a,0
 127  0008  3D0A        	sz z
 127  0009  2800     R  	jmp _L3
 127  000A  0A01        	sub a,(1)-(0)
 127  000B  3D0A        	sz z
 127  000C  2800     R  	jmp _L4
 127  000D              #line 127 "d:\d200\product\git\bh66f2455_evm_cgm\2.code\bh66f2455_driver\driver\Adc24.c"
 127  000D  0700     R  	mov a,_Adc24_Cfg_2[0]
 127  000E  0A02        	sub a,2
 127  000F  3D0A        	sz z
 127  0010  2800     R  	jmp _L5
 127  0011  0A01        	sub a,(3)-(2)
 127  0012  3D0A        	sz z
 127  0013  2800     R  	jmp _L6
 127  0014  0700     R  	mov a,_Adc24_Cfg_2[0]
 127  0015  0A04        	sub a,4
"File: Adc24.c       Assembler  Version HGASM0202      Page 3

 127  0016  3D0A        	sz z
 127  0017  2800     R  	jmp _L7
 127  0018  0A01        	sub a,(5)-(4)
 127  0019  3D0A        	sz z
 127  001A  2800     R  	jmp _L8
 127  001B  0700     R  	mov a,_Adc24_Cfg_2[0]
 127  001C  0A06        	sub a,6
 127  001D  3D0A        	sz z
 127  001E  2800     R  	jmp _L9
 127  001F  0A01        	sub a,(7)-(6)
 127  0020  3D0A        	sz z
 127  0021  2800     R  	jmp _L10
 127  0022  0700     R  	mov a,_Adc24_Cfg_2[0]
 127  0023  0A08        	sub a,8
 127  0024  3D0A        	sz z
 127  0025  2800     R  	jmp _L11
 127  0026  0A01        	sub a,(9)-(8)
 127  0027  3D0A        	sz z
 127  0028  2800     R  	jmp _L12
 127  0029  0700     R  	mov a,_Adc24_Cfg_2[0]
 127  002A  0A0A        	sub a,10
 127  002B  3D0A        	sz z
 127  002C  2800     R  	jmp _L13
 127  002D  0A01        	sub a,(11)-(10)
 127  002E  3D0A        	sz z
 127  002F  2800     R  	jmp _L14
 127  0030  0700     R  	mov a,_Adc24_Cfg_2[0]
 127  0031  0A0C        	sub a,12
 127  0032  3D0A        	sz z
 127  0033  2800     R  	jmp _L15
 127  0034  0A01        	sub a,(13)-(12)
 127  0035  3D0A        	sz z
 127  0036  2800     R  	jmp _L16
 127  0037  0700     R  	mov a,_Adc24_Cfg_2[0]
 127  0038  0A0E        	sub a,14
 127  0039  3D0A        	sz z
 127  003A  2800     R  	jmp _L17
 127  003B  0A01        	sub a,(15)-(14)
 127  003C  3D0A        	sz z
 127  003D  2800     R  	jmp _L18
 127  003E  0700     R  	mov a,_Adc24_Cfg_2[0]
 127  003F  0A11        	sub a,17
 127  0040  3D0A        	sz z
 127  0041  2800     R  	jmp _L19
 127  0042  0A01        	sub a,(18)-(17)
 127  0043  3D0A        	sz z
 127  0044  2800     R  	jmp _L20
 127  0045  0700     R  	mov a,_Adc24_Cfg_2[0]
 127  0046  0A13        	sub a,19
 127  0047  3D0A        	sz z
 127  0048  2800     R  	jmp _L21
 127  0049  0A01        	sub a,(20)-(19)
 127  004A  3D0A        	sz z
 127  004B  2800     R  	jmp _L22
 127  004C  0700     R  	mov a,_Adc24_Cfg_2[0]
 127  004D  0A15        	sub a,21
 127  004E  3D0A        	sz z
 127  004F  2800     R  	jmp _L23
 127  0050  0A01        	sub a,(22)-(21)
 127  0051  3D0A        	sz z
"File: Adc24.c       Assembler  Version HGASM0202      Page 4

 127  0052  2800     R  	jmp _L24
 127  0053  0700     R  	mov a,_Adc24_Cfg_2[0]
 127  0054  0A17        	sub a,23
 127  0055  3D0A        	sz z
 127  0056  2800     R  	jmp _L25
 127  0057  0A01        	sub a,(24)-(23)
 127  0058  3D0A        	sz z
 127  0059  2800     R  	jmp _L26
 127  005A  0700     R  	mov a,_Adc24_Cfg_2[0]
 127  005B  0A19        	sub a,25
 127  005C  3D0A        	sz z
 127  005D  2800     R  	jmp _L27
 127  005E  0700     R  	mov a,_Adc24_Cfg_2[0]
 127  005F  0A1A        	sub a,26
 127  0060  390A        	snz z
 127  0061  2800     R  	jmp _L2
 192  0062              #line 192 "d:\d200\product\git\bh66f2455_evm_cgm\2.code\bh66f2455_driver\driver\Adc24.c"
 192  0062  0F1F        	mov a,31
 192  0063  00DD        	mov [93],a
 192  0064  0F90        	mov a,144
 192  0065  00DF        	mov [95],a
 192  0066  2800     R  	jmp _L41
 192  0067              _L19:
 131  0067              #line 131 "d:\d200\product\git\bh66f2455_evm_cgm\2.code\bh66f2455_driver\driver\Adc24.c"
 131  0067  0F1F        	mov a,31
 131  0068  00DD        	mov [93],a
 131  0069  0F93        	mov a,147
 131  006A  00DF        	mov [95],a
 131  006B  1F59        	clr [89]
 131  006C  2800     R  	jmp _L38
 131  006D              _L20:
 132  006D              #line 132 "d:\d200\product\git\bh66f2455_evm_cgm\2.code\bh66f2455_driver\driver\Adc24.c"
 132  006D  0F1F        	mov a,31
 132  006E  00DD        	mov [93],a
 132  006F  0F93        	mov a,147
 132  0070  00DF        	mov [95],a
 132  0071  0F02        	mov a,2
 132  0072  00D9        	mov [89],a
 132  0073  2800     R  	jmp _L38
 132  0074              _L21:
 133  0074              #line 133 "d:\d200\product\git\bh66f2455_evm_cgm\2.code\bh66f2455_driver\driver\Adc24.c"
 133  0074  0F1F        	mov a,31
 133  0075  00DD        	mov [93],a
 133  0076  0F93        	mov a,147
 133  0077  00DF        	mov [95],a
 133  0078  0F04        	mov a,4
 133  0079  00D9        	mov [89],a
 133  007A  2800     R  	jmp _L38
 133  007B              _L22:
 134  007B              #line 134 "d:\d200\product\git\bh66f2455_evm_cgm\2.code\bh66f2455_driver\driver\Adc24.c"
 134  007B  0F1F        	mov a,31
 134  007C  00DD        	mov [93],a
 134  007D  0F93        	mov a,147
 134  007E  00DF        	mov [95],a
 134  007F  0F06        	mov a,6
 134  0080  00D9        	mov [89],a
 134  0081  2800     R  	jmp _L38
 134  0082              _L23:
 135  0082              #line 135 "d:\d200\product\git\bh66f2455_evm_cgm\2.code\bh66f2455_driver\driver\Adc24.c"
 135  0082  0F1F        	mov a,31
"File: Adc24.c       Assembler  Version HGASM0202      Page 5

 135  0083  00DD        	mov [93],a
 135  0084  0F93        	mov a,147
 135  0085  00DF        	mov [95],a
 135  0086  0F08        	mov a,8
 135  0087  00D9        	mov [89],a
 135  0088  2800     R  	jmp _L38
 135  0089              _L24:
 136  0089              #line 136 "d:\d200\product\git\bh66f2455_evm_cgm\2.code\bh66f2455_driver\driver\Adc24.c"
 136  0089  0F1F        	mov a,31
 136  008A  00DD        	mov [93],a
 136  008B  0F93        	mov a,147
 136  008C  00DF        	mov [95],a
 136  008D  0F0A        	mov a,10
 136  008E  00D9        	mov [89],a
 136  008F  2800     R  	jmp _L38
 136  0090              _L25:
 137  0090              #line 137 "d:\d200\product\git\bh66f2455_evm_cgm\2.code\bh66f2455_driver\driver\Adc24.c"
 137  0090  0F1F        	mov a,31
 137  0091  00DD        	mov [93],a
 137  0092  0F93        	mov a,147
 137  0093  00DF        	mov [95],a
 137  0094  2800     R  	jmp _L41
 137  0095              _L26:
 138  0095              #line 138 "d:\d200\product\git\bh66f2455_evm_cgm\2.code\bh66f2455_driver\driver\Adc24.c"
 138  0095  0F1F        	mov a,31
 138  0096  00DD        	mov [93],a
 138  0097  0F93        	mov a,147
 138  0098  00DF        	mov [95],a
 138  0099  0F0E        	mov a,14
 138  009A  00D9        	mov [89],a
 138  009B  2800     R  	jmp _L38
 138  009C              _L27:
 139  009C              #line 139 "d:\d200\product\git\bh66f2455_evm_cgm\2.code\bh66f2455_driver\driver\Adc24.c"
 139  009C  0F1F        	mov a,31
 139  009D  00DD        	mov [93],a
 139  009E  0F93        	mov a,147
 139  009F  00DF        	mov [95],a
 139  00A0  0F10        	mov a,16
 139  00A1  00D9        	mov [89],a
 139  00A2  2800     R  	jmp _L38
 139  00A3              _L3:
 141  00A3              #line 141 "d:\d200\product\git\bh66f2455_evm_cgm\2.code\bh66f2455_driver\driver\Adc24.c"
 141  00A3  0F1F        	mov a,31
 141  00A4  00DD        	mov [93],a
 141  00A5  0F93        	mov a,147
 141  00A6  00DF        	mov [95],a
 141  00A7  1F59        	clr [89]
 141  00A8  2800     R  	jmp _L40
 141  00A9              _L4:
 142  00A9              #line 142 "d:\d200\product\git\bh66f2455_evm_cgm\2.code\bh66f2455_driver\driver\Adc24.c"
 142  00A9  0F1F        	mov a,31
 142  00AA  00DD        	mov [93],a
 142  00AB  0F93        	mov a,147
 142  00AC  00DF        	mov [95],a
 142  00AD  0F02        	mov a,2
 142  00AE  00D9        	mov [89],a
 142  00AF  2800     R  	jmp _L40
 142  00B0              _L5:
 143  00B0              #line 143 "d:\d200\product\git\bh66f2455_evm_cgm\2.code\bh66f2455_driver\driver\Adc24.c"
 143  00B0  0F1F        	mov a,31
"File: Adc24.c       Assembler  Version HGASM0202      Page 6

 143  00B1  00DD        	mov [93],a
 143  00B2  0F93        	mov a,147
 143  00B3  00DF        	mov [95],a
 143  00B4  1F59        	clr [89]
 143  00B5  2800     R  	jmp _L39
 143  00B6              _L6:
 144  00B6              #line 144 "d:\d200\product\git\bh66f2455_evm_cgm\2.code\bh66f2455_driver\driver\Adc24.c"
 144  00B6  0F1F        	mov a,31
 144  00B7  00DD        	mov [93],a
 144  00B8  0F93        	mov a,147
 144  00B9  00DF        	mov [95],a
 144  00BA  0F04        	mov a,4
 144  00BB  00D9        	mov [89],a
 144  00BC  2800     R  	jmp _L40
 144  00BD              _L7:
 145  00BD              #line 145 "d:\d200\product\git\bh66f2455_evm_cgm\2.code\bh66f2455_driver\driver\Adc24.c"
 145  00BD  0F1F        	mov a,31
 145  00BE  00DD        	mov [93],a
 145  00BF  0F93        	mov a,147
 145  00C0  00DF        	mov [95],a
 145  00C1  0F02        	mov a,2
 145  00C2  00D9        	mov [89],a
 145  00C3  2800     R  	jmp _L39
 145  00C4              _L8:
 146  00C4              #line 146 "d:\d200\product\git\bh66f2455_evm_cgm\2.code\bh66f2455_driver\driver\Adc24.c"
 146  00C4  0F1F        	mov a,31
 146  00C5  00DD        	mov [93],a
 146  00C6  0F93        	mov a,147
 146  00C7  00DF        	mov [95],a
 146  00C8  0F06        	mov a,6
 146  00C9  00D9        	mov [89],a
 146  00CA  2800     R  	jmp _L40
 146  00CB              _L9:
 147  00CB              #line 147 "d:\d200\product\git\bh66f2455_evm_cgm\2.code\bh66f2455_driver\driver\Adc24.c"
 147  00CB  0F1F        	mov a,31
 147  00CC  00DD        	mov [93],a
 147  00CD  0F93        	mov a,147
 147  00CE  00DF        	mov [95],a
 147  00CF  0F04        	mov a,4
 147  00D0  00D9        	mov [89],a
 147  00D1  2800     R  	jmp _L39
 147  00D2              _L10:
 148  00D2              #line 148 "d:\d200\product\git\bh66f2455_evm_cgm\2.code\bh66f2455_driver\driver\Adc24.c"
 148  00D2  0F1F        	mov a,31
 148  00D3  00DD        	mov [93],a
 148  00D4  0F93        	mov a,147
 148  00D5  00DF        	mov [95],a
 148  00D6  0F08        	mov a,8
 148  00D7  00D9        	mov [89],a
 148  00D8  2800     R  	jmp _L40
 148  00D9              _L11:
 149  00D9              #line 149 "d:\d200\product\git\bh66f2455_evm_cgm\2.code\bh66f2455_driver\driver\Adc24.c"
 149  00D9  0F1F        	mov a,31
 149  00DA  00DD        	mov [93],a
 149  00DB  0F93        	mov a,147
 149  00DC  00DF        	mov [95],a
 149  00DD  0F06        	mov a,6
 149  00DE  00D9        	mov [89],a
 149  00DF  2800     R  	jmp _L39
 149  00E0              _L12:
"File: Adc24.c       Assembler  Version HGASM0202      Page 7

 150  00E0              #line 150 "d:\d200\product\git\bh66f2455_evm_cgm\2.code\bh66f2455_driver\driver\Adc24.c"
 150  00E0  0F1F        	mov a,31
 150  00E1  00DD        	mov [93],a
 150  00E2  0F93        	mov a,147
 150  00E3  00DF        	mov [95],a
 150  00E4  0F0A        	mov a,10
 150  00E5  00D9        	mov [89],a
 150  00E6  2800     R  	jmp _L40
 150  00E7              _L13:
 151  00E7              #line 151 "d:\d200\product\git\bh66f2455_evm_cgm\2.code\bh66f2455_driver\driver\Adc24.c"
 151  00E7  0F1F        	mov a,31
 151  00E8  00DD        	mov [93],a
 151  00E9  0F93        	mov a,147
 151  00EA  00DF        	mov [95],a
 151  00EB  0F08        	mov a,8
 151  00EC  00D9        	mov [89],a
 151  00ED  2800     R  	jmp _L39
 151  00EE              _L14:
 152  00EE              #line 152 "d:\d200\product\git\bh66f2455_evm_cgm\2.code\bh66f2455_driver\driver\Adc24.c"
 152  00EE  0F1F        	mov a,31
 152  00EF  00DD        	mov [93],a
 152  00F0  0F93        	mov a,147
 152  00F1  00DF        	mov [95],a
 152  00F2  0F0C        	mov a,12
 152  00F3  00D9        	mov [89],a
 152  00F4  2800     R  	jmp _L40
 152  00F5              _L15:
 153  00F5              #line 153 "d:\d200\product\git\bh66f2455_evm_cgm\2.code\bh66f2455_driver\driver\Adc24.c"
 153  00F5  0F1F        	mov a,31
 153  00F6  00DD        	mov [93],a
 153  00F7  0F93        	mov a,147
 153  00F8  00DF        	mov [95],a
 153  00F9  0F0A        	mov a,10
 153  00FA  00D9        	mov [89],a
 153  00FB  2800     R  	jmp _L39
 153  00FC              _L16:
 154  00FC              #line 154 "d:\d200\product\git\bh66f2455_evm_cgm\2.code\bh66f2455_driver\driver\Adc24.c"
 154  00FC  0F1F        	mov a,31
 154  00FD  00DD        	mov [93],a
 154  00FE  0F93        	mov a,147
 154  00FF  00DF        	mov [95],a
 154  0100  0F0E        	mov a,14
 154  0101  00D9        	mov [89],a
 154  0102              _L40:
 154  0102  1F5A        	clr [90]
 154  0103  2800     R  	jmp _L2
 154  0104              _L17:
 155  0104              #line 155 "d:\d200\product\git\bh66f2455_evm_cgm\2.code\bh66f2455_driver\driver\Adc24.c"
 155  0104  0F1F        	mov a,31
 155  0105  00DD        	mov [93],a
 155  0106  0F93        	mov a,147
 155  0107  00DF        	mov [95],a
 155  0108  0F0C        	mov a,12
 155  0109  00D9        	mov [89],a
 155  010A  2800     R  	jmp _L39
 155  010B              _L18:
 156  010B              #line 156 "d:\d200\product\git\bh66f2455_evm_cgm\2.code\bh66f2455_driver\driver\Adc24.c"
 156  010B  0F1F        	mov a,31
 156  010C  00DD        	mov [93],a
 156  010D  0F93        	mov a,147
"File: Adc24.c       Assembler  Version HGASM0202      Page 8

 156  010E  00DF        	mov [95],a
 156  010F  0F0E        	mov a,14
 156  0110  00D9        	mov [89],a
 156  0111              _L39:
 156  0111  0F40        	mov a,64
 156  0112  00DA        	mov [90],a
 156  0113  2800     R  	jmp _L2
 156  0114              _L41:
 192  0114              #line 192 "d:\d200\product\git\bh66f2455_evm_cgm\2.code\bh66f2455_driver\driver\Adc24.c"
 192  0114  0F0C        	mov a,12
 192  0115  00D9        	mov [89],a
 192  0116              _L38:
 192  0116  0F10        	mov a,16
 192  0117  00DA        	mov [90],a
 192  0118              _L2:
 198  0118              #line 198 "d:\d200\product\git\bh66f2455_evm_cgm\2.code\bh66f2455_driver\driver\Adc24.c"
 198  0118  0700     E  	mov a,rc
 198  0119  00D3        	mov [83],a
 199  011A              #line 199 "d:\d200\product\git\bh66f2455_evm_cgm\2.code\bh66f2455_driver\driver\Adc24.c"
 199  011A  0700     E  	mov a,rc
 199  011B  0A80        	sub a,128
 199  011C  390A        	snz z
 199  011D  2800     R  	jmp _L29
 201  011E              #line 201 "d:\d200\product\git\bh66f2455_evm_cgm\2.code\bh66f2455_driver\driver\Adc24.c"
 201  011E  30D5        	set [85].1
 202  011F              #line 202 "d:\d200\product\git\bh66f2455_evm_cgm\2.code\bh66f2455_driver\driver\Adc24.c"
 202  011F  3455        	clr [85].0
 202  0120  2800     R  	jmp _L30
 202  0121              _L29:
 206  0121              #line 206 "d:\d200\product\git\bh66f2455_evm_cgm\2.code\bh66f2455_driver\driver\Adc24.c"
 206  0121  34D5        	clr [85].1
 207  0122              #line 207 "d:\d200\product\git\bh66f2455_evm_cgm\2.code\bh66f2455_driver\driver\Adc24.c"
 207  0122  3055        	set [85].0
 207  0123              _L30:
 211  0123              #line 211 "d:\d200\product\git\bh66f2455_evm_cgm\2.code\bh66f2455_driver\driver\Adc24.c"
 211  0123  0700     E  	mov a,ra
 211  0124  00D4        	mov [84],a
 212  0125              #line 212 "d:\d200\product\git\bh66f2455_evm_cgm\2.code\bh66f2455_driver\driver\Adc24.c"
 212  0125  0700     E  	mov a,ra
 212  0126  0EF0        	and a,240
 212  0127  0080     E  	mov rc,a
 212  0128  0700     E  	mov a,rc
 212  0129  0AD0        	sub a,208
 212  012A  390A        	snz z
 212  012B  2800     R  	jmp _L31
 214  012C              #line 214 "d:\d200\product\git\bh66f2455_evm_cgm\2.code\bh66f2455_driver\driver\Adc24.c"
 214  012C  31FB        	set [123].3
 214  012D  317B        	set [123].2
 214  012E              _L31:
 216  012E              #line 216 "d:\d200\product\git\bh66f2455_evm_cgm\2.code\bh66f2455_driver\driver\Adc24.c"
 216  012E  0F0F        	mov a,15
 216  012F  0680     E  	andm a,ra
 216  0130  0700     E  	mov a,ra
 216  0131  0A0D        	sub a,13
 216  0132  390A        	snz z
 216  0133  2800     R  	jmp _L32
 218  0134              #line 218 "d:\d200\product\git\bh66f2455_evm_cgm\2.code\bh66f2455_driver\driver\Adc24.c"
 218  0134  33FB        	set [123].7
 218  0135  337B        	set [123].6
 218  0136              _L32:
"File: Adc24.c       Assembler  Version HGASM0202      Page 9

 221  0136              #line 221 "d:\d200\product\git\bh66f2455_evm_cgm\2.code\bh66f2455_driver\driver\Adc24.c"
 221  0136  35C4        	clr [68].3
 222  0137              #line 222 "d:\d200\product\git\bh66f2455_evm_cgm\2.code\bh66f2455_driver\driver\Adc24.c"
 222  0137  0754        	mov a,[84]
 222  0138  0ABC        	sub a,188
 222  0139  390A        	snz z
 222  013A  2800     R  	jmp _L33
 224  013B              #line 224 "d:\d200\product\git\bh66f2455_evm_cgm\2.code\bh66f2455_driver\driver\Adc24.c"
 224  013B  31C4        	set [68].3
 224  013C              _L33:
 228  013C              #line 228 "d:\d200\product\git\bh66f2455_evm_cgm\2.code\bh66f2455_driver\driver\Adc24.c"
 228  013C  0700     R  	mov a,_Adc24_Cfg_2[3]
 228  013D  00E4        	mov [100],a
 231  013E              #line 231 "d:\d200\product\git\bh66f2455_evm_cgm\2.code\bh66f2455_driver\driver\Adc24.c"
 231  013E  0700     R  	mov a,_Adc24_Cfg_2[4]
 231  013F  00E0        	mov [96],a
 234  0140              #line 234 "d:\d200\product\git\bh66f2455_evm_cgm\2.code\bh66f2455_driver\driver\Adc24.c"
 234  0140  1E00     E  	snz rb
 234  0141  2800     R  	jmp _L34
 236  0142              #line 236 "d:\d200\product\git\bh66f2455_evm_cgm\2.code\bh66f2455_driver\driver\Adc24.c"
 236  0142  1500     E  	deca rb
 236  0143  0080     E  	mov ra,a
 236  0144  0700     E  	mov a,ra
 236  0145  0300     E  	add a,ra
 236  0146  00E5        	mov [101],a
 236  0147              _L34:
 240  0147              #line 240 "d:\d200\product\git\bh66f2455_evm_cgm\2.code\bh66f2455_driver\driver\Adc24.c"
 240  0147  0700     R  	mov a,_Adc24_Cfg_2[6]
 240  0148  00E6        	mov [102],a
 242  0149              #line 242 "d:\d200\product\git\bh66f2455_evm_cgm\2.code\bh66f2455_driver\driver\Adc24.c"
 242  0149  0F00        	mov a,low offset _adcAutoModeBuf
 242  014A  0080     R  	mov _adcAutoModeBufP[0],a
 242  014B  0F03        	mov a,high offset _adcAutoModeBuf
 242  014C  0080     R  	mov _adcAutoModeBufP[1],a
 242  014D  0003        	ret
 242  014E              _Adc24_Cfg endp
 242  014E              #line 242 "d:\d200\product\git\bh66f2455_evm_cgm\2.code\bh66f2455_driver\driver\Adc24.c"
 242  014E              #pragma debug scope 1 1
 242  014E              ___intc1 equ [33]
 242  014E              public _Adc24_Enable
 242  014E              #pragma debug scope 3 1
 249  014E              #line 249 "d:\d200\product\git\bh66f2455_evm_cgm\2.code\bh66f2455_driver\driver\Adc24.c"
 249  0000              _Adc24_Enable .section 'code'
 249  0000              _Adc24_Enable proc
 249  0000              public _Adc24_Enable_2
 249  0000  0007[           local _Adc24_Enable_2 db 7 dup(?)	; 7,0
            00
            ]
 249  0007              #pragma debug struct_end
 249  0007              #pragma debug struct_end
 249  0007              #pragma debug variable 43 3 _Adc24_Enable_2+0 "cfg"
 267  0007              #line 267 "d:\d200\product\git\bh66f2455_evm_cgm\2.code\bh66f2455_driver\driver\Adc24.c"
 267  0000  3221        	set [33].4
 267  0001  3065        	set [101].0
 267  0002  3455        	clr [85].0
 267  0003  35D5        	clr [85].3
 267  0004  355A        	clr [90].2
 267  0005  33E5        	set [101].7
 267  0006  3760        	clr [96].6
 267  0007  0003        	ret
"File: Adc24.c       Assembler  Version HGASM0202      Page 10

 267  0008              _Adc24_Enable endp
 267  0008              #line 267 "d:\d200\product\git\bh66f2455_evm_cgm\2.code\bh66f2455_driver\driver\Adc24.c"
 267  0008              #pragma debug scope 1 1
 267  0008              public _Adc24_Disable
 267  0008              #pragma debug scope 4 1
 274  0008              #line 274 "d:\d200\product\git\bh66f2455_evm_cgm\2.code\bh66f2455_driver\driver\Adc24.c"
 274  0000              _Adc24_Disable .section 'code'
 274  0000              _Adc24_Disable proc
 275  0000              #line 275 "d:\d200\product\git\bh66f2455_evm_cgm\2.code\bh66f2455_driver\driver\Adc24.c"
 275  0000  3400     R  	clr _adc24SourceData[6].0
 276  0001              #line 276 "d:\d200\product\git\bh66f2455_evm_cgm\2.code\bh66f2455_driver\driver\Adc24.c"
 276  0001  1F00     R  	clr _adc24SourceData[4]
 276  0002  1F00     R  	clr _adc24SourceData[5]
 277  0003              #line 277 "d:\d200\product\git\bh66f2455_evm_cgm\2.code\bh66f2455_driver\driver\Adc24.c"
 277  0003  3455        	clr [85].0
 277  0004  35D5        	clr [85].3
 277  0005  0003        	ret
 277  0006              _Adc24_Disable endp
 277  0006              #line 277 "d:\d200\product\git\bh66f2455_evm_cgm\2.code\bh66f2455_driver\driver\Adc24.c"
 277  0006              #pragma debug scope 1 1
 277  0006              ___adrl equ [86]
 277  0006              ___adrm equ [87]
 277  0006              ___adrh equ [88]
 277  0006              public _Adc24_Poling
 277  0006              #pragma debug scope 5 1
 281  0006              #line 281 "d:\d200\product\git\bh66f2455_evm_cgm\2.code\bh66f2455_driver\driver\Adc24.c"
 281  0000              _Adc24_Poling .section 'code'
 281  0000              _Adc24_Poling proc
 300  0000              #line 300 "d:\d200\product\git\bh66f2455_evm_cgm\2.code\bh66f2455_driver\driver\Adc24.c"
 300  0000  38DA        	snz [90].1
 300  0001  2800     R  	jmp _L45
 303  0002              #line 303 "d:\d200\product\git\bh66f2455_evm_cgm\2.code\bh66f2455_driver\driver\Adc24.c"
 303  0002  1480     R  	inc _adc24SourceData[4]
 303  0003  3D0A        	sz z
 303  0004  1480     R  	inc _adc24SourceData[5]
 305  0005              #line 305 "d:\d200\product\git\bh66f2455_evm_cgm\2.code\bh66f2455_driver\driver\Adc24.c"
 305  0005  0F04        	mov a,4
 305  0006  0200     R  	sub a,_adc24SourceData[4]
 305  0007  0F00        	mov a,0
 305  0008  1200     R  	sbc a,_adc24SourceData[5]
 305  0009  3C0A        	sz c
 305  000A  2800     R  	jmp _L47
 308  000B              #line 308 "d:\d200\product\git\bh66f2455_evm_cgm\2.code\bh66f2455_driver\driver\Adc24.c"
 308  000B  315A        	set [90].2
 309  000C              #line 309 "d:\d200\product\git\bh66f2455_evm_cgm\2.code\bh66f2455_driver\driver\Adc24.c"
 309  000C  1F00     R  	clr _adc24SourceData[0]
 310  000D              #line 310 "d:\d200\product\git\bh66f2455_evm_cgm\2.code\bh66f2455_driver\driver\Adc24.c"
 310  000D  0756        	mov a,[86]
 310  000E  0080     R  	mov _adc24SourceData[1],a
 311  000F              #line 311 "d:\d200\product\git\bh66f2455_evm_cgm\2.code\bh66f2455_driver\driver\Adc24.c"
 311  000F  0757        	mov a,[87]
 311  0010  0080     R  	mov _adc24SourceData[2],a
 312  0011              #line 312 "d:\d200\product\git\bh66f2455_evm_cgm\2.code\bh66f2455_driver\driver\Adc24.c"
 312  0011  0758        	mov a,[88]
 312  0012  0080     R  	mov _adc24SourceData[3],a
 313  0013              #line 313 "d:\d200\product\git\bh66f2455_evm_cgm\2.code\bh66f2455_driver\driver\Adc24.c"
 313  0013  355A        	clr [90].2
 314  0014              #line 314 "d:\d200\product\git\bh66f2455_evm_cgm\2.code\bh66f2455_driver\driver\Adc24.c"
 314  0014  0700     R  	mov a,_adc24SourceData[1]
 314  0015  0080     R  	mov _adc24SourceData[0],a
"File: Adc24.c       Assembler  Version HGASM0202      Page 11

 314  0016  0700     R  	mov a,_adc24SourceData[2]
 314  0017  0080     R  	mov _adc24SourceData[1],a
 314  0018  0700     R  	mov a,_adc24SourceData[3]
 314  0019  0080     R  	mov _adc24SourceData[2],a
 314  001A  1F00     R  	clr _adc24SourceData[3]
 314  001B  3C00     R  	sz _adc24SourceData[2].7
 314  001C  1F80     R  	set _adc24SourceData[3]
 315  001D              #line 315 "d:\d200\product\git\bh66f2455_evm_cgm\2.code\bh66f2455_driver\driver\Adc24.c"
 315  001D  3000     R  	set _adc24SourceData[6].0
 315  001E              _L47:
 317  001E              #line 317 "d:\d200\product\git\bh66f2455_evm_cgm\2.code\bh66f2455_driver\driver\Adc24.c"
 317  001E  34DA        	clr [90].1
 317  001F              _L45:
 317  001F  0003        	ret
 317  0020              _Adc24_Poling endp
 317  0020              #line 317 "d:\d200\product\git\bh66f2455_evm_cgm\2.code\bh66f2455_driver\driver\Adc24.c"
 317  0020              #pragma debug scope 1 1
 317  0020              public _ADC_Auto_Mode_ISR
 317  0020              #pragma debug scope 6 1
 327  0020              #line 327 "d:\d200\product\git\bh66f2455_evm_cgm\2.code\bh66f2455_driver\driver\Adc24.c"
 327  0000              @ADC_Auto_Mode_ISR_code .section at 12 'code'
 327  0000              ifdef INTERRUPT_DELAY
 327  0000              	nop
 327  0000              endif
 327  0000  0080     E  	mov r1,a
 327  0001  070A        	mov a,status
 327  0002              ifndef INTERRUPT_DELAY
 327  0002  0080     E  	mov r2,a
 327  0003              endif
 327  0003  2800     R  	jmp _ADC_Auto_Mode_ISR
 327  0004              #pragma debug scope 1 1
 327  0004              @dummy12 endp
 327  0004              #pragma debug scope 7 1
 327  0000              _ADC_Auto_Mode_ISR .section 'code'
 327  0000              _ADC_Auto_Mode_ISR proc
 327  0000              ifdef INTERRUPT_DELAY
 327  0000              	mov r2,a
 327  0000              endif
 328  0000              #line 328 "d:\d200\product\git\bh66f2455_evm_cgm\2.code\bh66f2455_driver\driver\Adc24.c"
 328  0000  3000     R  	set _adc24SourceData[6].1
 328  0001  0700     E  	mov a,r2
 328  0002  008A        	mov status,a
 328  0003  0700     E  	mov a,r1
 328  0004  0004        	reti
 328  0005              _ADC_Auto_Mode_ISR endp
 328  0005              
 328  0005              #line 328 "d:\d200\product\git\bh66f2455_evm_cgm\2.code\bh66f2455_driver\driver\Adc24.c"
 328  0005              #pragma debug scope 1 1
 328  0005              ___pa equ [20]
 328  0005              ___adrl_avg equ [97]
 328  0005              ___adrm_avg equ [98]
 328  0005              ___adrh_avg equ [99]
 328  0005              public _ADC_Average_ISR
 328  0005              #pragma debug scope 8 1
 337  0005              #line 337 "d:\d200\product\git\bh66f2455_evm_cgm\2.code\bh66f2455_driver\driver\Adc24.c"
 337  0000              @ADC_Average_ISR_code .section at 52 'code'
 337  0000              ifdef INTERRUPT_DELAY
 337  0000              	nop
 337  0000              endif
 337  0000  0080     E  	mov r1,a
"File: Adc24.c       Assembler  Version HGASM0202      Page 12

 337  0001  070A        	mov a,status
 337  0002              ifndef INTERRUPT_DELAY
 337  0002  0080     E  	mov r2,a
 337  0003              endif
 337  0003  2800     R  	jmp _ADC_Average_ISR
 337  0004              #pragma debug scope 1 1
 337  0004              @dummy52 endp
 337  0004              #pragma debug scope 9 1
 337  0000              _ADC_Average_ISR .section 'code'
 337  0000              _ADC_Average_ISR proc
 337  0000              ifdef INTERRUPT_DELAY
 337  0000              	mov r2,a
 337  0000              endif
 338  0000              #line 338 "d:\d200\product\git\bh66f2455_evm_cgm\2.code\bh66f2455_driver\driver\Adc24.c"
 338  0000  3B60        	snz [96].6
 338  0001  2800     R  	jmp _L52
 340  0002              #line 340 "d:\d200\product\git\bh66f2455_evm_cgm\2.code\bh66f2455_driver\driver\Adc24.c"
 340  0002  3214        	set [20].4
 341  0003              #line 341 "d:\d200\product\git\bh66f2455_evm_cgm\2.code\bh66f2455_driver\driver\Adc24.c"
 341  0003  3614        	clr [20].4
 342  0004              #line 342 "d:\d200\product\git\bh66f2455_evm_cgm\2.code\bh66f2455_driver\driver\Adc24.c"
 342  0004  1480     R  	inc _adc24SourceData[4]
 342  0005  3D0A        	sz z
 342  0006  1480     R  	inc _adc24SourceData[5]
 344  0007              #line 344 "d:\d200\product\git\bh66f2455_evm_cgm\2.code\bh66f2455_driver\driver\Adc24.c"
 344  0007  0F03        	mov a,3
 344  0008  0200     R  	sub a,_adc24SourceData[4]
 344  0009  0F00        	mov a,0
 344  000A  1200     R  	sbc a,_adc24SourceData[5]
 344  000B  3C0A        	sz c
 344  000C  2800     R  	jmp _L54
 347  000D              #line 347 "d:\d200\product\git\bh66f2455_evm_cgm\2.code\bh66f2455_driver\driver\Adc24.c"
 347  000D  315A        	set [90].2
 348  000E              #line 348 "d:\d200\product\git\bh66f2455_evm_cgm\2.code\bh66f2455_driver\driver\Adc24.c"
 348  000E  1F00     R  	clr _adc24SourceData[0]
 349  000F              #line 349 "d:\d200\product\git\bh66f2455_evm_cgm\2.code\bh66f2455_driver\driver\Adc24.c"
 349  000F  0761        	mov a,[97]
 349  0010  0080     R  	mov _adc24SourceData[1],a
 350  0011              #line 350 "d:\d200\product\git\bh66f2455_evm_cgm\2.code\bh66f2455_driver\driver\Adc24.c"
 350  0011  0762        	mov a,[98]
 350  0012  0080     R  	mov _adc24SourceData[2],a
 351  0013              #line 351 "d:\d200\product\git\bh66f2455_evm_cgm\2.code\bh66f2455_driver\driver\Adc24.c"
 351  0013  0763        	mov a,[99]
 351  0014  0080     R  	mov _adc24SourceData[3],a
 352  0015              #line 352 "d:\d200\product\git\bh66f2455_evm_cgm\2.code\bh66f2455_driver\driver\Adc24.c"
 352  0015  355A        	clr [90].2
 353  0016              #line 353 "d:\d200\product\git\bh66f2455_evm_cgm\2.code\bh66f2455_driver\driver\Adc24.c"
 353  0016  0700     R  	mov a,_adc24SourceData[1]
 353  0017  0080     R  	mov _adc24SourceData[0],a
 353  0018  0700     R  	mov a,_adc24SourceData[2]
 353  0019  0080     R  	mov _adc24SourceData[1],a
 353  001A  0700     R  	mov a,_adc24SourceData[3]
 353  001B  0080     R  	mov _adc24SourceData[2],a
 353  001C  1F00     R  	clr _adc24SourceData[3]
 353  001D  3C00     R  	sz _adc24SourceData[2].7
 353  001E  1F80     R  	set _adc24SourceData[3]
 354  001F              #line 354 "d:\d200\product\git\bh66f2455_evm_cgm\2.code\bh66f2455_driver\driver\Adc24.c"
 354  001F  3000     R  	set _adc24SourceData[6].0
 354  0020              _L54:
 356  0020              #line 356 "d:\d200\product\git\bh66f2455_evm_cgm\2.code\bh66f2455_driver\driver\Adc24.c"
"File: Adc24.c       Assembler  Version HGASM0202      Page 13

 356  0020  3760        	clr [96].6
 356  0021              _L52:
 356  0021  0700     E  	mov a,r2
 356  0022  008A        	mov status,a
 356  0023  0700     E  	mov a,r1
 356  0024  0004        	reti
 356  0025              _ADC_Average_ISR endp
 356  0025              
 356  0025              #line 356 "d:\d200\product\git\bh66f2455_evm_cgm\2.code\bh66f2455_driver\driver\Adc24.c"
 356  0025              #pragma debug scope 1 1
 356  0025              public _ADC_ISR
 356  0025              #pragma debug scope 10 1
 366  0025              #line 366 "d:\d200\product\git\bh66f2455_evm_cgm\2.code\bh66f2455_driver\driver\Adc24.c"
 366  0000              @ADC_ISR_code .section at 16 'code'
 366  0000              ifdef INTERRUPT_DELAY
 366  0000              	nop
 366  0000              endif
 366  0000  0080     E  	mov r1,a
 366  0001  070A        	mov a,status
 366  0002              ifndef INTERRUPT_DELAY
 366  0002  0080     E  	mov r2,a
 366  0003              endif
 366  0003  2800     R  	jmp _ADC_ISR
 366  0004              #pragma debug scope 1 1
 366  0004              @dummy16 endp
 366  0004              #pragma debug scope 11 1
 366  0000              _ADC_ISR .section 'code'
 366  0000              _ADC_ISR proc
 366  0000              ifdef INTERRUPT_DELAY
 366  0000              	mov r2,a
 366  0000              endif
 367  0000              #line 367 "d:\d200\product\git\bh66f2455_evm_cgm\2.code\bh66f2455_driver\driver\Adc24.c"
 367  0000  38DA        	snz [90].1
 367  0001  2800     R  	jmp _L58
 370  0002              #line 370 "d:\d200\product\git\bh66f2455_evm_cgm\2.code\bh66f2455_driver\driver\Adc24.c"
 370  0002  1480     R  	inc _adc24SourceData[4]
 370  0003  3D0A        	sz z
 370  0004  1480     R  	inc _adc24SourceData[5]
 372  0005              #line 372 "d:\d200\product\git\bh66f2455_evm_cgm\2.code\bh66f2455_driver\driver\Adc24.c"
 372  0005  0F03        	mov a,3
 372  0006  0200     R  	sub a,_adc24SourceData[4]
 372  0007  0F00        	mov a,0
 372  0008  1200     R  	sbc a,_adc24SourceData[5]
 372  0009  3C0A        	sz c
 372  000A  2800     R  	jmp _L60
 375  000B              #line 375 "d:\d200\product\git\bh66f2455_evm_cgm\2.code\bh66f2455_driver\driver\Adc24.c"
 375  000B  315A        	set [90].2
 376  000C              #line 376 "d:\d200\product\git\bh66f2455_evm_cgm\2.code\bh66f2455_driver\driver\Adc24.c"
 376  000C  1F00     R  	clr _adc24SourceData[0]
 377  000D              #line 377 "d:\d200\product\git\bh66f2455_evm_cgm\2.code\bh66f2455_driver\driver\Adc24.c"
 377  000D  0756        	mov a,[86]
 377  000E  0080     R  	mov _adc24SourceData[1],a
 378  000F              #line 378 "d:\d200\product\git\bh66f2455_evm_cgm\2.code\bh66f2455_driver\driver\Adc24.c"
 378  000F  0757        	mov a,[87]
 378  0010  0080     R  	mov _adc24SourceData[2],a
 379  0011              #line 379 "d:\d200\product\git\bh66f2455_evm_cgm\2.code\bh66f2455_driver\driver\Adc24.c"
 379  0011  0758        	mov a,[88]
 379  0012  0080     R  	mov _adc24SourceData[3],a
 380  0013              #line 380 "d:\d200\product\git\bh66f2455_evm_cgm\2.code\bh66f2455_driver\driver\Adc24.c"
 380  0013  355A        	clr [90].2
"File: Adc24.c       Assembler  Version HGASM0202      Page 14

 381  0014              #line 381 "d:\d200\product\git\bh66f2455_evm_cgm\2.code\bh66f2455_driver\driver\Adc24.c"
 381  0014  0700     R  	mov a,_adc24SourceData[1]
 381  0015  0080     R  	mov _adc24SourceData[0],a
 381  0016  0700     R  	mov a,_adc24SourceData[2]
 381  0017  0080     R  	mov _adc24SourceData[1],a
 381  0018  0700     R  	mov a,_adc24SourceData[3]
 381  0019  0080     R  	mov _adc24SourceData[2],a
 381  001A  1F00     R  	clr _adc24SourceData[3]
 381  001B  3C00     R  	sz _adc24SourceData[2].7
 381  001C  1F80     R  	set _adc24SourceData[3]
 382  001D              #line 382 "d:\d200\product\git\bh66f2455_evm_cgm\2.code\bh66f2455_driver\driver\Adc24.c"
 382  001D  3000     R  	set _adc24SourceData[6].0
 382  001E              _L60:
 384  001E              #line 384 "d:\d200\product\git\bh66f2455_evm_cgm\2.code\bh66f2455_driver\driver\Adc24.c"
 384  001E  34DA        	clr [90].1
 384  001F              _L58:
 384  001F  0700     E  	mov a,r2
 384  0020  008A        	mov status,a
 384  0021  0700     E  	mov a,r1
 384  0022  0004        	reti
 384  0023              _ADC_ISR endp
 384  0023              
 384  0023              #line 384 "d:\d200\product\git\bh66f2455_evm_cgm\2.code\bh66f2455_driver\driver\Adc24.c"
 384  0023              #pragma debug scope 1 1
 117  0023              #line 117 "d:\d200\product\git\bh66f2455_evm_cgm\2.code\bh66f2455_driver\driver\Adc24.c"
 117  0023              public _adc24SourceData
 117  0000              @HCCINIT0_adc24SourceData .section 'data'
 117  0000  0007[       _adc24SourceData	db 7 dup(0)
            00
            ]
 117  0007              #pragma debug struct_end
 117  0007              #pragma debug struct_end
 117  0007              #pragma debug union_end
 117  0007              #pragma debug union_end
 117  0007              #pragma debug struct_end
 117  0007              #pragma debug struct_end
 117  0007              #pragma debug union_end
 117  0007              #pragma debug union_end
 117  0007              #pragma debug struct_end
 117  0007              #pragma debug struct_end
 117  0007              #pragma debug variable 48 1 _adc24SourceData "adc24SourceData"
 117  0007              
 117  0000              @HCCINIT .section 'data'
  39  0000              #line 39 "d:\d200\product\git\bh66f2455_evm_cgm\2.code\bh66f2455_driver\driver\Adc24.c"
  39  0000              public _adcAutoModeBufP
  39  0000              @HCCINIT0_adcAutoModeBufP .section 'data'
  39  0000  0002[       _adcAutoModeBufP	db 2 dup(0)
            00
            ]
  39  0002              #pragma debug pointer 49 7 1
  39  0002              #pragma debug pointer 49 7 1
  39  0002              #pragma debug variable 49 1 _adcAutoModeBufP "adcAutoModeBufP"
  39  0002              
  39  0000              @HCCINIT .section 'data'
  39  0000              #pragma debug struct_end
  39  0000              #pragma debug struct_end
  39  0000              #pragma debug union_end
  39  0000              #pragma debug union_end
  39  0000              #pragma debug variable 51 1 ___pa "__pa" 1
  39  0000              #pragma debug struct_end
"File: Adc24.c       Assembler  Version HGASM0202      Page 15

  39  0000              #pragma debug struct_end
  39  0000              #pragma debug union_end
  39  0000              #pragma debug union_end
  39  0000              #pragma debug variable 53 1 ___intc1 "__intc1" 1
  39  0000              #pragma debug struct_end
  39  0000              #pragma debug struct_end
  39  0000              #pragma debug union_end
  39  0000              #pragma debug union_end
  39  0000              #pragma debug variable 55 1 ___pwrc "__pwrc" 1
  39  0000              #pragma debug struct_end
  39  0000              #pragma debug struct_end
  39  0000              #pragma debug union_end
  39  0000              #pragma debug union_end
  39  0000              #pragma debug variable 57 1 ___pgac "__pgac" 1
  39  0000              #pragma debug struct_end
  39  0000              #pragma debug struct_end
  39  0000              #pragma debug union_end
  39  0000              #pragma debug union_end
  39  0000              #pragma debug variable 59 1 ___pgacs "__pgacs" 1
  39  0000              #pragma debug struct_end
  39  0000              #pragma debug struct_end
  39  0000              #pragma debug union_end
  39  0000              #pragma debug union_end
  39  0000              #pragma debug variable 61 1 ___modc "__modc" 1
  39  0000              #pragma debug variable 8 1 ___adrl "__adrl" 1
  39  0000              #pragma debug variable 8 1 ___adrm "__adrm" 1
  39  0000              #pragma debug variable 8 1 ___adrh "__adrh" 1
  39  0000              #pragma debug struct_end
  39  0000              #pragma debug struct_end
  39  0000              #pragma debug union_end
  39  0000              #pragma debug union_end
  39  0000              #pragma debug variable 63 1 ___adcr0 "__adcr0" 1
  39  0000              #pragma debug struct_end
  39  0000              #pragma debug struct_end
  39  0000              #pragma debug union_end
  39  0000              #pragma debug union_end
  39  0000              #pragma debug variable 65 1 ___adcr1 "__adcr1" 1
  39  0000              #pragma debug struct_end
  39  0000              #pragma debug struct_end
  39  0000              #pragma debug union_end
  39  0000              #pragma debug union_end
  39  0000              #pragma debug variable 67 1 ___adcs "__adcs" 1
  39  0000              #pragma debug struct_end
  39  0000              #pragma debug struct_end
  39  0000              #pragma debug union_end
  39  0000              #pragma debug union_end
  39  0000              #pragma debug variable 69 1 ___sinc3 "__sinc3" 1
  39  0000              #pragma debug struct_end
  39  0000              #pragma debug struct_end
  39  0000              #pragma debug union_end
  39  0000              #pragma debug union_end
  39  0000              #pragma debug variable 71 1 ___adacctrl "__adacctrl" 1
  39  0000              #pragma debug variable 8 1 ___adrl_avg "__adrl_avg" 1
  39  0000              #pragma debug variable 8 1 ___adrm_avg "__adrm_avg" 1
  39  0000              #pragma debug variable 8 1 ___adrh_avg "__adrh_avg" 1
  39  0000              #pragma debug struct_end
  39  0000              #pragma debug struct_end
  39  0000              #pragma debug union_end
  39  0000              #pragma debug union_end
  39  0000              #pragma debug variable 73 1 ___ctrl "__ctrl" 1
"File: Adc24.c       Assembler  Version HGASM0202      Page 16

  39  0000              #pragma debug struct_end
  39  0000              #pragma debug struct_end
  39  0000              #pragma debug union_end
  39  0000              #pragma debug union_end
  39  0000              #pragma debug variable 75 1 ___autoadcc "__autoadcc" 1
  39  0000              #pragma debug struct_end
  39  0000              #pragma debug struct_end
  39  0000              #pragma debug union_end
  39  0000              #pragma debug union_end
  39  0000              #pragma debug variable 77 1 ___errchkc "__errchkc" 1
  39  0000              #pragma debug struct_end
  39  0000              #pragma debug struct_end
  39  0000              #pragma debug union_end
  39  0000              #pragma debug union_end
  39  0000              #pragma debug variable 79 1 ___pas0 "__pas0" 1
  39  0000              #pragma debug array 80 7 64 1
  39  0000              #pragma debug array 80 7 64 1
  39  0000              #pragma debug variable 80 1 _adcAutoModeBuf "adcAutoModeBuf" 64
  39  0000              extern r1:byte
  39  0000              extern r2:byte
  39  0000              
  39  0000              ; 
  39  0000              ; Generated by holtek-gcc v3.19, Mon Jul 14 16:56:28 2025
  39  0000              ; Rebuild 718
  39  0000              ; end of file


        0 Errors, 0