"File: Iap.c         Assembler  Version HGASM0202      Page 1


   1  0000              ; Generated by holtek-gcc v3.19, Mon Jul 14 16:56:29 2025
   2  0000              ; 
   3  0000              ; Configuration:
   4  0000              ;       with long instruction
   5  0000              ;       Single ROM, Multi-RAM
   6  0000              ;       bits_per_rom_unit:16
   7  0000              ;       with mp1
   8  0000              ;       with tbhp, address(0x9)
   9  0000              ;          Use tabrd-const
  10  0000              ;       
  11  0000              ; SFR address of long-instruction arch:
  12  0000              ;    mp0 = -1,1,0
  13  0000              ;    mp1 = 4,3,2
  14  0000              ;    mp2 = 14,13,12
  15  0000              ;    tbp = 9,7,8
  16  0000              ;    acc = 5
  17  0000              ;    pcl = 6
  18  0000              ;    status = 10
  19  0000              ;    bp = 11
  20  0000              ;    intc = 32
  21  0000              ;       
  22  0000              ;       
  23  0000              ; use 'tabrdc' instead of 'tabrd'
  24  0000              ;       
  25  0000              
  26  0000              #pragma translator "holtek-gcc 4.6.4" "3.19" "build 20130711"
  27  0000              ; Rebuild 718
  28  0000              
  29  0000              ir equ [2]
  30  0000              mp equ [3]
  31  0000              sbp equ [4]
  32  0000              acc equ [5]
  33  0000              bp equ [11]
  34  0000              tblp equ [7]
  35  0000              tbhp equ [9]
  36  0000              status equ [10]
  37  0000              c equ [10].0
  38  0000              ac equ [10].1
  39  0000              z equ [10].2
  40  0000              ov equ [10].3
  41  0000              cz equ [10].6
  42  0000              sc equ [10].7
  43  0000              intc equ [32]
  44  0000              
  45  0000              extern ra:byte
  46  0000              extern rb:byte
  47  0000              extern rc:byte
  48  0000              extern rd:byte
  49  0000              extern re:byte
  50  0000              extern rf:byte
  51  0000              extern rg:byte
  52  0000              extern rh:byte
  53  0000              extern _Crom2Prom:near
  54  0000              extern _Crom2PromNext:near
  55  0000              
  56  0000              RAMBANK 0 @BITDATASEC, @BITDATASEC1
  57  0000              @HCCINIT	.section 'data'
  58  0000              @HCCINIT0	.section 'data'
  59  0000              @BITDATASEC	 .section 'data'
"File: Iap.ASM       Assembler  Version HGASM0202      Page 2

  60  0000              @BITDATASEC1	 .section 'data'
  61  0000              
  62  0000              #pragma debug scope 1 1
  63  0000              	extern __DELAY3:near
  64  0000              	extern __DELAYX3:near
  65  0000              	extern __DELAYX6:near
  66  0000              	extern __DELAYY5:near
  67  0000              	extern __DELAYY3:near
  68  0000              	extern _builtin_holtek_delay_2:byte
  69  0000              ___intc0 equ [32]
  70  0000              ___fc0 equ [304]
  71  0000              ___farl equ [307]
  72  0000              ___farh equ [308]
  73  0000              ___fd0l equ [309]
  74  0000              ___fd0h equ [310]
  75  0000              public _IAP_Read
  76  0000              #pragma debug scope 2 1

  54  0000              #line 54 "d:\d200\product\git\bh66f2455_evm_cgm\2.code\bh66f2455_driver\driver\Iap.c"
  54  0000              _IAP_Read .section 'code'
  54  0000              _IAP_Read proc
  54  0000              public _IAP_Read_2
  54  0000  0005[           local _IAP_Read_2 db 5 dup(?)	; 5,0
            00
            ]
  54  0005              #pragma debug variable 12 2 _IAP_Read_2+0 "address"
  54  0005              #pragma debug pointer 42 8 2
  54  0005              #pragma debug pointer 42 8 2
  54  0005              #pragma debug variable 42 2 _IAP_Read_2+2 "buf"
  54  0005              #pragma debug variable 8 2 _IAP_Read_2+4 "wordLen"
  55  0005              #line 55 "d:\d200\product\git\bh66f2455_evm_cgm\2.code\bh66f2455_driver\driver\Iap.c"
  55  0000  3420        	clr [32].0
  56  0001              #line 56 "d:\d200\product\git\bh66f2455_evm_cgm\2.code\bh66f2455_driver\driver\Iap.c"
  56  0001              ;# 56 "d:\d200\product\git\bh66f2455_evm_cgm\2.code\bh66f2455_driver\driver\Iap.c" 1
  56  0001  0001        	clr wdt
  57  0002              #line 57 "d:\d200\product\git\bh66f2455_evm_cgm\2.code\bh66f2455_driver\driver\Iap.c"
  57  0002  0F32        	mov a,50
  57  0003  80B0 0001   	lmov [304],a
  58  0005              #line 58 "d:\d200\product\git\bh66f2455_evm_cgm\2.code\bh66f2455_driver\driver\Iap.c"
  58  0005  0700     R  	mov a,_IAP_Read_2[0]
  58  0006  80B3 0001   	lmov [307],a
  59  0008              #line 59 "d:\d200\product\git\bh66f2455_evm_cgm\2.code\bh66f2455_driver\driver\Iap.c"
  59  0008  0700     R  	mov a,_IAP_Read_2[1]
  59  0009  80B4 0001   	lmov [308],a
  59  000B  0700     R  	mov a,_IAP_Read_2[2]
  59  000C  0080     E  	mov rb,a
  59  000D  0700     R  	mov a,_IAP_Read_2[3]
  59  000E  0080     E  	mov rc,a
  61  000F              #line 61 "d:\d200\product\git\bh66f2455_evm_cgm\2.code\bh66f2455_driver\driver\Iap.c"
  61  000F  1F00     E  	clr ra
  61  0010              _L2:
  61  0010              #line 61 "d:\d200\product\git\bh66f2455_evm_cgm\2.code\bh66f2455_driver\driver\Iap.c"
  61  0010  0700     E  	mov a,ra
  61  0011  0200     R  	sub a,_IAP_Read_2[4]
  61  0012  3D0A        	sz z
  61  0013  2800     R  	jmp _L7
  63  0014              #line 63 "d:\d200\product\git\bh66f2455_evm_cgm\2.code\bh66f2455_driver\driver\Iap.c"
  63  0014  B030 0001   	lset [304].0
  63  0016              _L4:
  64  0016              #line 64 "d:\d200\product\git\bh66f2455_evm_cgm\2.code\bh66f2455_driver\driver\Iap.c"
"File: Iap.c         Assembler  Version HGASM0202      Page 3

  64  0016  BC30 0001   	lsz [304].0
  64  0018  2800     R  	jmp _L4
  65  0019              #line 65 "d:\d200\product\git\bh66f2455_evm_cgm\2.code\bh66f2455_driver\driver\Iap.c"
  65  0019  0700     E  	mov a,rb
  65  001A  0083        	mov mp,a
  65  001B  0700     E  	mov a,rc
  65  001C  0084        	mov sbp,a
  65  001D  8735 0001   	lmov a,[309]
  65  001F  0082        	mov ir,a
  66  0020              #line 66 "d:\d200\product\git\bh66f2455_evm_cgm\2.code\bh66f2455_driver\driver\Iap.c"
  66  0020  0F01        	mov a,1
  66  0021  0300     E  	add a,rb
  66  0022  0083        	mov mp,a
  66  0023  0F00        	mov a,0
  66  0024  1300     E  	adc a,rc
  66  0025  0084        	mov sbp,a
  66  0026  8736 0001   	lmov a,[310]
  66  0028  0082        	mov ir,a
  67  0029              #line 67 "d:\d200\product\git\bh66f2455_evm_cgm\2.code\bh66f2455_driver\driver\Iap.c"
  67  0029  94B3 0001   	linc [307]
  61  002B              #line 61 "d:\d200\product\git\bh66f2455_evm_cgm\2.code\bh66f2455_driver\driver\Iap.c"
  61  002B  1480     E  	inc ra
  61  002C  0F02        	mov a,2
  61  002D  0380     E  	addm a,rb
  61  002E  0F00        	mov a,0
  61  002F  1380     E  	adcm a,rc
  61  0030  2800     R  	jmp _L2
  61  0031              _L7:
  69  0031              #line 69 "d:\d200\product\git\bh66f2455_evm_cgm\2.code\bh66f2455_driver\driver\Iap.c"
  69  0031  B4B0 0001   	lclr [304].1
  70  0033              #line 70 "d:\d200\product\git\bh66f2455_evm_cgm\2.code\bh66f2455_driver\driver\Iap.c"
  70  0033  3020        	set [32].0
  70  0034  0003        	ret
  70  0035              _IAP_Read endp
  70  0035              #line 70 "d:\d200\product\git\bh66f2455_evm_cgm\2.code\bh66f2455_driver\driver\Iap.c"
  70  0035              #pragma debug scope 1 1
  70  0035              ___fd1l equ [311]
  70  0035              ___fd1h equ [312]
  70  0035              ___fd2l equ [313]
  70  0035              ___fd2h equ [314]
  70  0035              ___fd3l equ [315]
  70  0035              ___fd3h equ [316]
  70  0035              public _IAP_EraseWrite_Enable
  70  0035              #pragma debug scope 3 1
  80  0035              #line 80 "d:\d200\product\git\bh66f2455_evm_cgm\2.code\bh66f2455_driver\driver\Iap.c"
  80  0000              _IAP_EraseWrite_Enable .section 'code'
  80  0000              _IAP_EraseWrite_Enable proc
  82  0000              #line 82 "d:\d200\product\git\bh66f2455_evm_cgm\2.code\bh66f2455_driver\driver\Iap.c"
  82  0000  0720        	mov a,[32]
  82  0001  0E01        	and a,1
  82  0002  0080     E  	mov ra,a
  83  0003              #line 83 "d:\d200\product\git\bh66f2455_evm_cgm\2.code\bh66f2455_driver\driver\Iap.c"
  83  0003  3420        	clr [32].0
  84  0004              #line 84 "d:\d200\product\git\bh66f2455_evm_cgm\2.code\bh66f2455_driver\driver\Iap.c"
  84  0004              ;# 84 "d:\d200\product\git\bh66f2455_evm_cgm\2.code\bh66f2455_driver\driver\Iap.c" 1
  84  0004  0001        	clr wdt
  85  0005              #line 85 "d:\d200\product\git\bh66f2455_evm_cgm\2.code\bh66f2455_driver\driver\Iap.c"
  85  0005  0F68        	mov a,104
  85  0006  80B0 0001   	lmov [304],a
  86  0008              #line 86 "d:\d200\product\git\bh66f2455_evm_cgm\2.code\bh66f2455_driver\driver\Iap.c"
"File: Iap.c         Assembler  Version HGASM0202      Page 4

  86  0008  9F37 0001   	lclr [311]
  87  000A              #line 87 "d:\d200\product\git\bh66f2455_evm_cgm\2.code\bh66f2455_driver\driver\Iap.c"
  87  000A  0F04        	mov a,4
  87  000B  80B8 0001   	lmov [312],a
  88  000D              #line 88 "d:\d200\product\git\bh66f2455_evm_cgm\2.code\bh66f2455_driver\driver\Iap.c"
  88  000D  0F0D        	mov a,13
  88  000E  80B9 0001   	lmov [313],a
  89  0010              #line 89 "d:\d200\product\git\bh66f2455_evm_cgm\2.code\bh66f2455_driver\driver\Iap.c"
  89  0010  0F09        	mov a,9
  89  0011  80BA 0001   	lmov [314],a
  90  0013              #line 90 "d:\d200\product\git\bh66f2455_evm_cgm\2.code\bh66f2455_driver\driver\Iap.c"
  90  0013  0FC3        	mov a,195
  90  0014  80BB 0001   	lmov [315],a
  91  0016              #line 91 "d:\d200\product\git\bh66f2455_evm_cgm\2.code\bh66f2455_driver\driver\Iap.c"
  91  0016  0F40        	mov a,64
  91  0017  80BC 0001   	lmov [316],a
  92  0019              #line 92 "d:\d200\product\git\bh66f2455_evm_cgm\2.code\bh66f2455_driver\driver\Iap.c"
  92  0019  3420        	clr [32].0
  92  001A  0700     E  	mov a,ra
  92  001B  05A0        	orm a,[32]
  92  001C              _L10:
  93  001C              #line 93 "d:\d200\product\git\bh66f2455_evm_cgm\2.code\bh66f2455_driver\driver\Iap.c"
  93  001C  BDB0 0001   	lsz [304].3
  93  001E  2800     R  	jmp _L10
  94  001F              #line 94 "d:\d200\product\git\bh66f2455_evm_cgm\2.code\bh66f2455_driver\driver\Iap.c"
  94  001F  9830 0001   	lrla [304]
  94  0021  0E01        	and a,1
  94  0022  0080     E  	mov ra,a
  95  0023              #line 95 "d:\d200\product\git\bh66f2455_evm_cgm\2.code\bh66f2455_driver\driver\Iap.c"
  95  0023  0700     E  	mov a,ra
  95  0024  0003        	ret
  95  0025              _IAP_EraseWrite_Enable endp
  95  0025              #line 95 "d:\d200\product\git\bh66f2455_evm_cgm\2.code\bh66f2455_driver\driver\Iap.c"
  95  0025              #pragma debug scope 1 1
  95  0025              public _IAP_Erase_Page
  95  0025              #pragma debug scope 4 1
 105  0025              #line 105 "d:\d200\product\git\bh66f2455_evm_cgm\2.code\bh66f2455_driver\driver\Iap.c"
 105  0000              _IAP_Erase_Page .section 'code'
 105  0000              _IAP_Erase_Page proc
 105  0000              public _IAP_Erase_Page_2
 105  0000  0002[           local _IAP_Erase_Page_2 db 2 dup(?)	; 2,0
            00
            ]
 105  0002              #pragma debug variable 12 4 _IAP_Erase_Page_2+0 "address"
 106  0002              #line 106 "d:\d200\product\git\bh66f2455_evm_cgm\2.code\bh66f2455_driver\driver\Iap.c"
 106  0000  2000     R  	call _IAP_EraseWrite_Enable
 106  0001  0080     E  	mov rb,a
 106  0002  1E00     E  	snz rb
 106  0003  2800     R  	jmp _L12
 108  0004              #line 108 "d:\d200\product\git\bh66f2455_evm_cgm\2.code\bh66f2455_driver\driver\Iap.c"
 108  0004  0700     R  	mov a,_IAP_Erase_Page_2[0]
 108  0005  80B3 0001   	lmov [307],a
 109  0007              #line 109 "d:\d200\product\git\bh66f2455_evm_cgm\2.code\bh66f2455_driver\driver\Iap.c"
 109  0007  0700     R  	mov a,_IAP_Erase_Page_2[1]
 109  0008  80B4 0001   	lmov [308],a
 110  000A              #line 110 "d:\d200\product\git\bh66f2455_evm_cgm\2.code\bh66f2455_driver\driver\Iap.c"
 110  000A  0F90        	mov a,144
 110  000B  80B0 0001   	lmov [304],a
 110  000D  0F40        	mov a,64
 110  000E  0080     E  	mov ra,a
"File: Iap.c         Assembler  Version HGASM0202      Page 5

 110  000F              _L14:
 114  000F              #line 114 "d:\d200\product\git\bh66f2455_evm_cgm\2.code\bh66f2455_driver\driver\Iap.c"
 114  000F  9F36 0001   	lclr [310]
 114  0011  1780     E  	sdz ra
 114  0012  2800     R  	jmp _L14
 116  0013              #line 116 "d:\d200\product\git\bh66f2455_evm_cgm\2.code\bh66f2455_driver\driver\Iap.c"
 116  0013  B130 0001   	lset [304].2
 116  0015              _L15:
 117  0015              #line 117 "d:\d200\product\git\bh66f2455_evm_cgm\2.code\bh66f2455_driver\driver\Iap.c"
 117  0015  B930 0001   	lsnz [304].2
 117  0017  2800     R  	jmp _L20
 119  0018              #line 119 "d:\d200\product\git\bh66f2455_evm_cgm\2.code\bh66f2455_driver\driver\Iap.c"
 119  0018              ;# 119 "d:\d200\product\git\bh66f2455_evm_cgm\2.code\bh66f2455_driver\driver\Iap.c" 1
 119  0018  0001        	clr wdt
 119  0019  2800     R  	jmp _L15
 119  001A              _L20:
 122  001A              #line 122 "d:\d200\product\git\bh66f2455_evm_cgm\2.code\bh66f2455_driver\driver\Iap.c"
 122  001A  B7B0 0001   	lclr [304].7
 122  001C              _L12:
 124  001C              #line 124 "d:\d200\product\git\bh66f2455_evm_cgm\2.code\bh66f2455_driver\driver\Iap.c"
 124  001C  0700     E  	mov a,rb
 124  001D  0003        	ret
 124  001E              _IAP_Erase_Page endp
 124  001E              #line 124 "d:\d200\product\git\bh66f2455_evm_cgm\2.code\bh66f2455_driver\driver\Iap.c"
 124  001E              #pragma debug scope 1 1
 124  001E              ___fc2 equ [306]
 124  001E              public _IAP_Write_Page
 124  001E              #pragma debug scope 5 1
 136  001E              #line 136 "d:\d200\product\git\bh66f2455_evm_cgm\2.code\bh66f2455_driver\driver\Iap.c"
 136  0000              _IAP_Write_Page .section 'code'
 136  0000              _IAP_Write_Page proc
 136  0000              public _IAP_Write_Page_2
 136  0000  0005[           local _IAP_Write_Page_2 db 5 dup(?)	; 5,0
            00
            ]
 136  0005              #pragma debug variable 12 5 _IAP_Write_Page_2+0 "address"
 136  0005              #pragma debug pointer 43 8 5
 136  0005              #pragma debug pointer 43 8 5
 136  0005              #pragma debug variable 43 5 _IAP_Write_Page_2+2 "buf"
 136  0005              #pragma debug variable 8 5 _IAP_Write_Page_2+4 "wordLen"
 137  0005              #line 137 "d:\d200\product\git\bh66f2455_evm_cgm\2.code\bh66f2455_driver\driver\Iap.c"
 137  0000  2000     R  	call _IAP_EraseWrite_Enable
 137  0001  0080     E  	mov rd,a
 137  0002  1E00     E  	snz rd
 137  0003  2800     R  	jmp _L22
 140  0004              #line 140 "d:\d200\product\git\bh66f2455_evm_cgm\2.code\bh66f2455_driver\driver\Iap.c"
 140  0004  B032 0001   	lset [306].0
 141  0006              #line 141 "d:\d200\product\git\bh66f2455_evm_cgm\2.code\bh66f2455_driver\driver\Iap.c"
 141  0006  0F80        	mov a,128
 141  0007  80B0 0001   	lmov [304],a
 142  0009              #line 142 "d:\d200\product\git\bh66f2455_evm_cgm\2.code\bh66f2455_driver\driver\Iap.c"
 142  0009  0700     R  	mov a,_IAP_Write_Page_2[0]
 142  000A  80B3 0001   	lmov [307],a
 143  000C              #line 143 "d:\d200\product\git\bh66f2455_evm_cgm\2.code\bh66f2455_driver\driver\Iap.c"
 143  000C  0700     R  	mov a,_IAP_Write_Page_2[1]
 143  000D  80B4 0001   	lmov [308],a
 143  000F  0700     R  	mov a,_IAP_Write_Page_2[2]
 143  0010  0080     E  	mov rb,a
 143  0011  0700     R  	mov a,_IAP_Write_Page_2[3]
 143  0012  0080     E  	mov rc,a
"File: Iap.c         Assembler  Version HGASM0202      Page 6

 146  0013              #line 146 "d:\d200\product\git\bh66f2455_evm_cgm\2.code\bh66f2455_driver\driver\Iap.c"
 146  0013  1F00     E  	clr ra
 146  0014              _L23:
 146  0014  0700     E  	mov a,ra
 146  0015  0200     R  	sub a,_IAP_Write_Page_2[4]
 146  0016  3D0A        	sz z
 146  0017  2800     R  	jmp _L30
 148  0018              #line 148 "d:\d200\product\git\bh66f2455_evm_cgm\2.code\bh66f2455_driver\driver\Iap.c"
 148  0018  0700     E  	mov a,rb
 148  0019  0083        	mov mp,a
 148  001A  0700     E  	mov a,rc
 148  001B  0084        	mov sbp,a
 148  001C  2000     E  	call _Crom2Prom
 148  001D  80B5 0001   	lmov [309],a
 149  001F              #line 149 "d:\d200\product\git\bh66f2455_evm_cgm\2.code\bh66f2455_driver\driver\Iap.c"
 149  001F  0F01        	mov a,1
 149  0020  0300     E  	add a,rb
 149  0021  0083        	mov mp,a
 149  0022  0F00        	mov a,0
 149  0023  1300     E  	adc a,rc
 149  0024  0084        	mov sbp,a
 149  0025  2000     E  	call _Crom2Prom
 149  0026  80B6 0001   	lmov [310],a
 150  0028              #line 150 "d:\d200\product\git\bh66f2455_evm_cgm\2.code\bh66f2455_driver\driver\Iap.c"
 150  0028              ;# 150 "d:\d200\product\git\bh66f2455_evm_cgm\2.code\bh66f2455_driver\driver\Iap.c" 1
 150  0028  0001        	clr wdt
 146  0029              #line 146 "d:\d200\product\git\bh66f2455_evm_cgm\2.code\bh66f2455_driver\driver\Iap.c"
 146  0029  1480     E  	inc ra
 146  002A  0F02        	mov a,2
 146  002B  0380     E  	addm a,rb
 146  002C  0F00        	mov a,0
 146  002D  1380     E  	adcm a,rc
 146  002E  2800     R  	jmp _L23
 146  002F              _L30:
 153  002F              #line 153 "d:\d200\product\git\bh66f2455_evm_cgm\2.code\bh66f2455_driver\driver\Iap.c"
 153  002F  B130 0001   	lset [304].2
 153  0031              _L25:
 154  0031              #line 154 "d:\d200\product\git\bh66f2455_evm_cgm\2.code\bh66f2455_driver\driver\Iap.c"
 154  0031  B930 0001   	lsnz [304].2
 154  0033  2800     R  	jmp _L31
 156  0034              #line 156 "d:\d200\product\git\bh66f2455_evm_cgm\2.code\bh66f2455_driver\driver\Iap.c"
 156  0034              ;# 156 "d:\d200\product\git\bh66f2455_evm_cgm\2.code\bh66f2455_driver\driver\Iap.c" 1
 156  0034  0001        	clr wdt
 156  0035  2800     R  	jmp _L25
 156  0036              _L31:
 159  0036              #line 159 "d:\d200\product\git\bh66f2455_evm_cgm\2.code\bh66f2455_driver\driver\Iap.c"
 159  0036  B7B0 0001   	lclr [304].7
 159  0038              _L22:
 161  0038              #line 161 "d:\d200\product\git\bh66f2455_evm_cgm\2.code\bh66f2455_driver\driver\Iap.c"
 161  0038  0700     E  	mov a,rd
 161  0039  0003        	ret
 161  003A              _IAP_Write_Page endp
 161  003A              #line 161 "d:\d200\product\git\bh66f2455_evm_cgm\2.code\bh66f2455_driver\driver\Iap.c"
 161  003A              #pragma debug scope 1 1
 161  003A              #pragma debug struct_end
 161  003A              #pragma debug struct_end
 161  003A              #pragma debug union_end
 161  003A              #pragma debug union_end
 161  003A              #pragma debug variable 45 1 ___intc0 "__intc0" 1
 161  003A              #pragma debug struct_end
"File: Iap.c         Assembler  Version HGASM0202      Page 7

 161  003A              #pragma debug struct_end
 161  003A              #pragma debug union_end
 161  003A              #pragma debug union_end
 161  003A              #pragma debug variable 47 1 ___fc0 "__fc0" 1
 161  003A              #pragma debug struct_end
 161  003A              #pragma debug struct_end
 161  003A              #pragma debug union_end
 161  003A              #pragma debug union_end
 161  003A              #pragma debug variable 49 1 ___fc2 "__fc2" 1
 161  003A              #pragma debug struct_end
 161  003A              #pragma debug struct_end
 161  003A              #pragma debug union_end
 161  003A              #pragma debug union_end
 161  003A              #pragma debug variable 51 1 ___farl "__farl" 1
 161  003A              #pragma debug struct_end
 161  003A              #pragma debug struct_end
 161  003A              #pragma debug union_end
 161  003A              #pragma debug union_end
 161  003A              #pragma debug variable 53 1 ___farh "__farh" 1
 161  003A              #pragma debug variable 8 1 ___fd0l "__fd0l" 1
 161  003A              #pragma debug variable 8 1 ___fd0h "__fd0h" 1
 161  003A              #pragma debug variable 8 1 ___fd1l "__fd1l" 1
 161  003A              #pragma debug variable 8 1 ___fd1h "__fd1h" 1
 161  003A              #pragma debug variable 8 1 ___fd2l "__fd2l" 1
 161  003A              #pragma debug variable 8 1 ___fd2h "__fd2h" 1
 161  003A              #pragma debug variable 8 1 ___fd3l "__fd3l" 1
 161  003A              #pragma debug variable 8 1 ___fd3h "__fd3h" 1
 161  003A              
 161  003A              ; 
 161  003A              ; Generated by holtek-gcc v3.19, Mon Jul 14 16:56:29 2025
 161  003A              ; Rebuild 718
 161  003A              ; end of file


        0 Errors, 0