"File: Sys_Init.c    Assembler  Version HGASM0202      Page 1


   1  0000              ; Generated by holtek-gcc v3.19, Mon Jul 14 16:56:27 2025
   2  0000              ; 
   3  0000              ; Configuration:
   4  0000              ;       with long instruction
   5  0000              ;       Single ROM, Multi-RAM
   6  0000              ;       bits_per_rom_unit:16
   7  0000              ;       with mp1
   8  0000              ;       with tbhp, address(0x9)
   9  0000              ;          Use tabrd-const
  10  0000              ;       
  11  0000              ; SFR address of long-instruction arch:
  12  0000              ;    mp0 = -1,1,0
  13  0000              ;    mp1 = 4,3,2
  14  0000              ;    mp2 = 14,13,12
  15  0000              ;    tbp = 9,7,8
  16  0000              ;    acc = 5
  17  0000              ;    pcl = 6
  18  0000              ;    status = 10
  19  0000              ;    bp = 11
  20  0000              ;    intc = 32
  21  0000              ;       
  22  0000              ;       
  23  0000              ; use 'tabrdc' instead of 'tabrd'
  24  0000              ;       
  25  0000              
  26  0000              #pragma translator "holtek-gcc 4.6.4" "3.19" "build 20130711"
  27  0000              ; Rebuild 718
  28  0000              
  29  0000              ir equ [2]
  30  0000              mp equ [3]
  31  0000              sbp equ [4]
  32  0000              acc equ [5]
  33  0000              bp equ [11]
  34  0000              tblp equ [7]
  35  0000              tbhp equ [9]
  36  0000              status equ [10]
  37  0000              c equ [10].0
  38  0000              ac equ [10].1
  39  0000              z equ [10].2
  40  0000              ov equ [10].3
  41  0000              cz equ [10].6
  42  0000              sc equ [10].7
  43  0000              intc equ [32]
  44  0000              
  45  0000              extern ra:byte
  46  0000              extern rb:byte
  47  0000              extern rc:byte
  48  0000              extern rd:byte
  49  0000              extern re:byte
  50  0000              extern rf:byte
  51  0000              extern rg:byte
  52  0000              extern rh:byte
  53  0000              extern _Crom2Prom:near
  54  0000              extern _Crom2PromNext:near
  55  0000              
  56  0000              RAMBANK 0 @BITDATASEC, @BITDATASEC1
  57  0000              @HCCINIT	.section 'data'
  58  0000              @HCCINIT0	.section 'data'
  59  0000              @BITDATASEC	 .section 'data'
"File: Sys_Init.ASM  Assembler  Version HGASM0202      Page 2

  60  0000              @BITDATASEC1	 .section 'data'
  61  0000              
  62  0000              #pragma debug scope 1 1
  63  0000              	extern __DELAY3:near
  64  0000              	extern __DELAYX3:near
  65  0000              	extern __DELAYX6:near
  66  0000              	extern __DELAYY5:near
  67  0000              	extern __DELAYY3:near
  68  0000              	extern _builtin_holtek_delay_2:byte
  69  0000              ___pa equ [20]
  70  0000              ___pac equ [21]
  71  0000              ___papu equ [22]
  72  0000              ___pas0 equ [123]
  73  0000              ___pas1 equ [124]
  74  0000              ___pb equ [36]
  75  0000              ___pbc equ [37]
  76  0000              ___pbpu equ [38]
  77  0000              ___pbs0 equ [125]
  78  0000              public _Gpio_PowerOnInit
  79  0000              #pragma debug scope 2 1

  21  0000              #line 21 "d:\d200\product\git\bh66f2455_evm_cgm\2.code\bh66f2455_driver\application_projects\source\Sys_Init.c"
  21  0000              _Gpio_PowerOnInit .section 'code'
  21  0000              _Gpio_PowerOnInit proc
  22  0000              #line 22 "d:\d200\product\git\bh66f2455_evm_cgm\2.code\bh66f2455_driver\application_projects\source\Sys_Init.c"
  22  0000  1F14        	clr [20]
  23  0001              #line 23 "d:\d200\product\git\bh66f2455_evm_cgm\2.code\bh66f2455_driver\application_projects\source\Sys_Init.c"
  23  0001  1F15        	clr [21]
  24  0002              #line 24 "d:\d200\product\git\bh66f2455_evm_cgm\2.code\bh66f2455_driver\application_projects\source\Sys_Init.c"
  24  0002  1F16        	clr [22]
  25  0003              #line 25 "d:\d200\product\git\bh66f2455_evm_cgm\2.code\bh66f2455_driver\application_projects\source\Sys_Init.c"
  25  0003  1F7B        	clr [123]
  26  0004              #line 26 "d:\d200\product\git\bh66f2455_evm_cgm\2.code\bh66f2455_driver\application_projects\source\Sys_Init.c"
  26  0004  1F7C        	clr [124]
  29  0005              #line 29 "d:\d200\product\git\bh66f2455_evm_cgm\2.code\bh66f2455_driver\application_projects\source\Sys_Init.c"
  29  0005  1F24        	clr [36]
  30  0006              #line 30 "d:\d200\product\git\bh66f2455_evm_cgm\2.code\bh66f2455_driver\application_projects\source\Sys_Init.c"
  30  0006  1F25        	clr [37]
  31  0007              #line 31 "d:\d200\product\git\bh66f2455_evm_cgm\2.code\bh66f2455_driver\application_projects\source\Sys_Init.c"
  31  0007  1F26        	clr [38]
  32  0008              #line 32 "d:\d200\product\git\bh66f2455_evm_cgm\2.code\bh66f2455_driver\application_projects\source\Sys_Init.c"
  32  0008  1F7D        	clr [125]
  32  0009  0003        	ret
  32  000A              _Gpio_PowerOnInit endp
  32  000A              #line 32 "d:\d200\product\git\bh66f2455_evm_cgm\2.code\bh66f2455_driver\application_projects\source\Sys_Init.c"
  32  000A              #pragma debug scope 1 1
  32  000A              ___wdtc equ [30]
  32  000A              ___pawu equ [23]
  32  000A              ___ucr1 equ [48]
  32  000A              ___ucr2 equ [49]
  32  000A              ___intc3 equ [35]
  32  000A              ___intc0 equ [32]
  32  000A              public _Sys_PowerOnInit
  32  000A              #pragma debug scope 3 1
  82  000A              #line 82 "d:\d200\product\git\bh66f2455_evm_cgm\2.code\bh66f2455_driver\application_projects\source\Sys_Init.c"
  82  0000              _Sys_PowerOnInit .section 'code'
  82  0000              _Sys_PowerOnInit proc
  82  0000  0003[           local _Sys_PowerOnInit_2 db 3 dup(?)	; 0,3
            00
            ]
"File: Sys_Init.c    Assembler  Version HGASM0202      Page 3

  82  0003              #pragma debug struct_end
  82  0003              #pragma debug struct_end
  82  0003              #pragma debug variable 42 3 _Sys_PowerOnInit_2+0 "oscCfg"
  82  0003              #pragma debug struct_end
  82  0003              #pragma debug struct_end
  82  0003              #pragma debug union_end
  82  0003              #pragma debug union_end
  82  0003              #pragma debug struct_end
  82  0003              #pragma debug struct_end
  82  0003              #pragma debug variable 45 3 _Sys_PowerOnInit_2+2 "uartCfg"
  84  0003              #line 84 "d:\d200\product\git\bh66f2455_evm_cgm\2.code\bh66f2455_driver\application_projects\source\Sys_Init.c"
  84  0000  1F00     R  	clr _Sys_PowerOnInit_2[0]
  85  0001              #line 85 "d:\d200\product\git\bh66f2455_evm_cgm\2.code\bh66f2455_driver\application_projects\source\Sys_Init.c"
  85  0001  0F01        	mov a,1
  85  0002  0080     R  	mov _Sys_PowerOnInit_2[1],a
  86  0003              #line 86 "d:\d200\product\git\bh66f2455_evm_cgm\2.code\bh66f2455_driver\application_projects\source\Sys_Init.c"
  86  0003  0F00     R  	mov a,low offset _Sys_PowerOnInit_2
  86  0004  0080     E  	mov _Oscillators_Cfg_2[0],a
  86  0005  0F00     R  	mov a,high offset _Sys_PowerOnInit_2
  86  0006  0080     E  	mov _Oscillators_Cfg_2[1],a
  86  0007  2000     E  	call _Oscillators_Cfg
  88  0008              #line 88 "d:\d200\product\git\bh66f2455_evm_cgm\2.code\bh66f2455_driver\application_projects\source\Sys_Init.c"
  88  0008  2000     E  	call _Ram_Clear
  90  0009              #line 90 "d:\d200\product\git\bh66f2455_evm_cgm\2.code\bh66f2455_driver\application_projects\source\Sys_Init.c"
  90  0009  0F52        	mov a,82
  90  000A  009E        	mov [30],a
  91  000B              #line 91 "d:\d200\product\git\bh66f2455_evm_cgm\2.code\bh66f2455_driver\application_projects\source\Sys_Init.c"
  91  000B  0FA8        	mov a,168
  91  000C  009E        	mov [30],a
  93  000D              #line 93 "d:\d200\product\git\bh66f2455_evm_cgm\2.code\bh66f2455_driver\application_projects\source\Sys_Init.c"
  93  000D  2000     R  	call _Gpio_PowerOnInit
  95  000E              #line 95 "d:\d200\product\git\bh66f2455_evm_cgm\2.code\bh66f2455_driver\application_projects\source\Sys_Init.c"
  95  000E  3295        	set [21].5
  95  000F  3296        	set [22].5
  95  0010  3297        	set [23].5
  98  0011              #line 98 "d:\d200\product\git\bh66f2455_evm_cgm\2.code\bh66f2455_driver\application_projects\source\Sys_Init.c"
  98  0011  3615        	clr [21].4
  99  0012              #line 99 "d:\d200\product\git\bh66f2455_evm_cgm\2.code\bh66f2455_driver\application_projects\source\Sys_Init.c"
  99  0012  3214        	set [20].4
 101  0013              #line 101 "d:\d200\product\git\bh66f2455_evm_cgm\2.code\bh66f2455_driver\application_projects\source\Sys_Init.c"
 101  0013  0F00     R  	mov a,low offset _queueBuf
 101  0014  0080     E  	mov _uartStatus[5],a
 101  0015  0F00     R  	mov a,high offset _queueBuf
 101  0016  0080     E  	mov _uartStatus[6],a
 102  0017              #line 102 "d:\d200\product\git\bh66f2455_evm_cgm\2.code\bh66f2455_driver\application_projects\source\Sys_Init.c"
 102  0017  0F20        	mov a,32
 102  0018  0080     E  	mov _uartStatus[4],a
 104  0019              #line 104 "d:\d200\product\git\bh66f2455_evm_cgm\2.code\bh66f2455_driver\application_projects\source\Sys_Init.c"
 104  0019  3400     R  	clr _Sys_PowerOnInit_2[2].0
 105  001A              #line 105 "d:\d200\product\git\bh66f2455_evm_cgm\2.code\bh66f2455_driver\application_projects\source\Sys_Init.c"
 105  001A  3400     R  	clr _Sys_PowerOnInit_2[2].1
 106  001B              #line 106 "d:\d200\product\git\bh66f2455_evm_cgm\2.code\bh66f2455_driver\application_projects\source\Sys_Init.c"
 106  001B  0F00     R  	mov a,low offset _Sys_PowerOnInit_2
 106  001C  0080     E  	mov ra,a
 106  001D  0F00     R  	mov a,high offset _Sys_PowerOnInit_2
 106  001E  0080     E  	mov rb,a
 106  001F  0F02        	mov a,2
 106  0020  0300     E  	add a,ra
 106  0021  0080     E  	mov _Uart_Cfg_2[0],a
 106  0022  0F00        	mov a,0
"File: Sys_Init.c    Assembler  Version HGASM0202      Page 4

 106  0023  1300     E  	adc a,rb
 106  0024  0080     E  	mov _Uart_Cfg_2[1],a
 106  0025  2000     E  	call _Uart_Cfg
 107  0026              #line 107 "d:\d200\product\git\bh66f2455_evm_cgm\2.code\bh66f2455_driver\application_projects\source\Sys_Init.c"
 107  0026  33B0        	set [48].7
 107  0027  33B1        	set [49].7
 107  0028  3331        	set [49].6
 108  0029              #line 108 "d:\d200\product\git\bh66f2455_evm_cgm\2.code\bh66f2455_driver\application_projects\source\Sys_Init.c"
 108  0029  3023        	set [35].0
 110  002A              #line 110 "d:\d200\product\git\bh66f2455_evm_cgm\2.code\bh66f2455_driver\application_projects\source\Sys_Init.c"
 110  002A  3020        	set [32].0
 110  002B  0003        	ret
 110  002C              _Sys_PowerOnInit endp
 110  002C              #line 110 "d:\d200\product\git\bh66f2455_evm_cgm\2.code\bh66f2455_driver\application_projects\source\Sys_Init.c"
 110  002C              #pragma debug scope 1 1
 110  002C              public _Enter_Halt
 110  002C              #pragma debug scope 4 1
 114  002C              #line 114 "d:\d200\product\git\bh66f2455_evm_cgm\2.code\bh66f2455_driver\application_projects\source\Sys_Init.c"
 114  0000              _Enter_Halt .section 'code'
 114  0000              _Enter_Halt proc
 115  0000              #line 115 "d:\d200\product\git\bh66f2455_evm_cgm\2.code\bh66f2455_driver\application_projects\source\Sys_Init.c"
 115  0000  0FA8        	mov a,168
 115  0001  009E        	mov [30],a
 117  0002              #line 117 "d:\d200\product\git\bh66f2455_evm_cgm\2.code\bh66f2455_driver\application_projects\source\Sys_Init.c"
 117  0002  1E00     E  	snz _isDeepSleep[0]
 117  0003  2800     R  	jmp _L4
 120  0004              #line 120 "d:\d200\product\git\bh66f2455_evm_cgm\2.code\bh66f2455_driver\application_projects\source\Sys_Init.c"
 120  0004  2000     E  	call _Disable_AFE
 120  0005              _L4:
 129  0005              #line 129 "d:\d200\product\git\bh66f2455_evm_cgm\2.code\bh66f2455_driver\application_projects\source\Sys_Init.c"
 129  0005  3214        	set [20].4
 131  0006              #line 131 "d:\d200\product\git\bh66f2455_evm_cgm\2.code\bh66f2455_driver\application_projects\source\Sys_Init.c"
 131  0006  0700     E  	mov a,_cgmApiP[0]
 131  0007  0080     E  	mov rb,a
 131  0008  0700     E  	mov a,_cgmApiP[1]
 131  0009  0080     E  	mov rc,a
 131  000A  0F05        	mov a,5
 131  000B  0300     E  	add a,rb
 131  000C  0083        	mov mp,a
 131  000D  0F00        	mov a,0
 131  000E  1300     E  	adc a,rc
 131  000F  0084        	mov sbp,a
 131  0010  0F00        	mov a,0
 131  0011  0082        	mov ir,a
 132  0012              #line 132 "d:\d200\product\git\bh66f2455_evm_cgm\2.code\bh66f2455_driver\application_projects\source\Sys_Init.c"
 132  0012  0F04        	mov a,4
 132  0013  0300     E  	add a,rb
 132  0014  0083        	mov mp,a
 132  0015  0F00        	mov a,0
 132  0016  1300     E  	adc a,rc
 132  0017  0084        	mov sbp,a
 132  0018  0F00        	mov a,0
 132  0019  0082        	mov ir,a
 133  001A              #line 133 "d:\d200\product\git\bh66f2455_evm_cgm\2.code\bh66f2455_driver\application_projects\source\Sys_Init.c"
 133  001A  0F03        	mov a,3
 133  001B  0300     E  	add a,rb
 133  001C  0083        	mov mp,a
 133  001D  0F00        	mov a,0
 133  001E  1300     E  	adc a,rc
 133  001F  0084        	mov sbp,a
"File: Sys_Init.c    Assembler  Version HGASM0202      Page 5

 133  0020  0F00        	mov a,0
 133  0021  0082        	mov ir,a
 135  0022              #line 135 "d:\d200\product\git\bh66f2455_evm_cgm\2.code\bh66f2455_driver\application_projects\source\Sys_Init.c"
 135  0022  3400     E  	clr _deviceApi[0].1
 136  0023              #line 136 "d:\d200\product\git\bh66f2455_evm_cgm\2.code\bh66f2455_driver\application_projects\source\Sys_Init.c"
 136  0023  3400     E  	clr _deviceApi[0].2
 137  0024              #line 137 "d:\d200\product\git\bh66f2455_evm_cgm\2.code\bh66f2455_driver\application_projects\source\Sys_Init.c"
 137  0024  3400     E  	clr _deviceApi[0].4
 138  0025              #line 138 "d:\d200\product\git\bh66f2455_evm_cgm\2.code\bh66f2455_driver\application_projects\source\Sys_Init.c"
 138  0025  3400     E  	clr _deviceApi[0].3
 142  0026              #line 142 "d:\d200\product\git\bh66f2455_evm_cgm\2.code\bh66f2455_driver\application_projects\source\Sys_Init.c"
 142  0026  0F00        	mov a,0
 142  0027  2000     E  	call _SetHaltMode
 144  0028              #line 144 "d:\d200\product\git\bh66f2455_evm_cgm\2.code\bh66f2455_driver\application_projects\source\Sys_Init.c"
 144  0028              ;# 144 "d:\d200\product\git\bh66f2455_evm_cgm\2.code\bh66f2455_driver\application_projects\source\Sys_Init.c" 1
 144  0028  0002        	halt
 144  0029  0003        	ret
 144  002A              _Enter_Halt endp
 144  002A              #line 144 "d:\d200\product\git\bh66f2455_evm_cgm\2.code\bh66f2455_driver\application_projects\source\Sys_Init.c"
 144  002A              #pragma debug scope 1 1
 144  002A              public _WakeUpInit
 144  002A              #pragma debug scope 5 1
 148  002A              #line 148 "d:\d200\product\git\bh66f2455_evm_cgm\2.code\bh66f2455_driver\application_projects\source\Sys_Init.c"
 148  0000              _WakeUpInit .section 'code'
 148  0000              _WakeUpInit proc
 149  0000              #line 149 "d:\d200\product\git\bh66f2455_evm_cgm\2.code\bh66f2455_driver\application_projects\source\Sys_Init.c"
 149  0000  0F52        	mov a,82
 149  0001  009E        	mov [30],a
 149  0002  0003        	ret
 149  0003              _WakeUpInit endp
 149  0003              #line 149 "d:\d200\product\git\bh66f2455_evm_cgm\2.code\bh66f2455_driver\application_projects\source\Sys_Init.c"
 149  0003              #pragma debug scope 1 1
  18  0003              #line 18 "d:\d200\product\git\bh66f2455_evm_cgm\2.code\bh66f2455_driver\application_projects\source\Sys_Init.c"
  18  0003              public _queueBuf
  18  0000              @HCCINIT0_queueBuf .section 'data'
  18  0000  0020[       _queueBuf	db 32 dup(0)
            00
            ]
  18  0020              #pragma debug array 46 8 32 1
  18  0020              #pragma debug array 46 8 32 1
  18  0020              #pragma debug variable 46 1 _queueBuf "queueBuf"
  18  0020              
  18  0000              @HCCINIT .section 'data'
  18  0000              #pragma debug struct_end
  18  0000              #pragma debug struct_end
  18  0000              #pragma debug union_end
  18  0000              #pragma debug union_end
  18  0000              #pragma debug variable 48 1 ___pa "__pa" 1
  18  0000              #pragma debug struct_end
  18  0000              #pragma debug struct_end
  18  0000              #pragma debug union_end
  18  0000              #pragma debug union_end
  18  0000              #pragma debug variable 50 1 ___pac "__pac" 1
  18  0000              #pragma debug struct_end
  18  0000              #pragma debug struct_end
  18  0000              #pragma debug union_end
  18  0000              #pragma debug union_end
  18  0000              #pragma debug variable 52 1 ___papu "__papu" 1
  18  0000              #pragma debug struct_end
  18  0000              #pragma debug struct_end
"File: Sys_Init.c    Assembler  Version HGASM0202      Page 6

  18  0000              #pragma debug union_end
  18  0000              #pragma debug union_end
  18  0000              #pragma debug variable 54 1 ___pawu "__pawu" 1
  18  0000              #pragma debug struct_end
  18  0000              #pragma debug struct_end
  18  0000              #pragma debug union_end
  18  0000              #pragma debug union_end
  18  0000              #pragma debug variable 56 1 ___wdtc "__wdtc" 1
  18  0000              #pragma debug struct_end
  18  0000              #pragma debug struct_end
  18  0000              #pragma debug union_end
  18  0000              #pragma debug union_end
  18  0000              #pragma debug variable 58 1 ___intc0 "__intc0" 1
  18  0000              #pragma debug struct_end
  18  0000              #pragma debug struct_end
  18  0000              #pragma debug union_end
  18  0000              #pragma debug union_end
  18  0000              #pragma debug variable 60 1 ___intc3 "__intc3" 1
  18  0000              #pragma debug struct_end
  18  0000              #pragma debug struct_end
  18  0000              #pragma debug union_end
  18  0000              #pragma debug union_end
  18  0000              #pragma debug variable 62 1 ___pb "__pb" 1
  18  0000              #pragma debug struct_end
  18  0000              #pragma debug struct_end
  18  0000              #pragma debug union_end
  18  0000              #pragma debug union_end
  18  0000              #pragma debug variable 64 1 ___pbc "__pbc" 1
  18  0000              #pragma debug struct_end
  18  0000              #pragma debug struct_end
  18  0000              #pragma debug union_end
  18  0000              #pragma debug union_end
  18  0000              #pragma debug variable 66 1 ___pbpu "__pbpu" 1
  18  0000              #pragma debug struct_end
  18  0000              #pragma debug struct_end
  18  0000              #pragma debug union_end
  18  0000              #pragma debug union_end
  18  0000              #pragma debug variable 68 1 ___ucr1 "__ucr1" 1
  18  0000              #pragma debug struct_end
  18  0000              #pragma debug struct_end
  18  0000              #pragma debug union_end
  18  0000              #pragma debug union_end
  18  0000              #pragma debug variable 70 1 ___ucr2 "__ucr2" 1
  18  0000              #pragma debug struct_end
  18  0000              #pragma debug struct_end
  18  0000              #pragma debug union_end
  18  0000              #pragma debug union_end
  18  0000              #pragma debug variable 72 1 ___pas0 "__pas0" 1
  18  0000              #pragma debug struct_end
  18  0000              #pragma debug struct_end
  18  0000              #pragma debug union_end
  18  0000              #pragma debug union_end
  18  0000              #pragma debug variable 74 1 ___pas1 "__pas1" 1
  18  0000              #pragma debug struct_end
  18  0000              #pragma debug struct_end
  18  0000              #pragma debug union_end
  18  0000              #pragma debug union_end
  18  0000              #pragma debug variable 76 1 ___pbs0 "__pbs0" 1
  18  0000              
  18  0000              ; output external variables
"File: Sys_Init.c    Assembler  Version HGASM0202      Page 7

  18  0000              extern _deviceApi:byte
  18  0000              extern _cgmApiP:byte
  18  0000              extern _isDeepSleep:byte
  18  0000              extern _uartStatus:byte
  18  0000              extern _Oscillators_Cfg_2:byte
  18  0000              extern _Oscillators_Cfg:near
  18  0000              extern _Ram_Clear:near
  18  0000              extern _Uart_Cfg_2:byte
  18  0000              extern _Uart_Cfg:near
  18  0000              extern _Disable_AFE:near
  18  0000              extern _SetHaltMode:near
  18  0000              
  18  0000              ; 
  18  0000              ; Generated by holtek-gcc v3.19, Mon Jul 14 16:56:27 2025
  18  0000              ; Rebuild 718
  18  0000              ; end of file


        0 Errors, 0