"File: Eeprom.c      Assembler  Version HGASM0202      Page 1


   1  0000              ; Generated by holtek-gcc v3.19, Tue Jan 14 16:58:23 2025
   2  0000              ; 
   3  0000              ; Configuration:
   4  0000              ;       with long instruction
   5  0000              ;       Single ROM, Multi-RAM
   6  0000              ;       bits_per_rom_unit:16
   7  0000              ;       with mp1
   8  0000              ;       with tbhp, address(0x9)
   9  0000              ;          Use tabrd-const
  10  0000              ;       
  11  0000              ; SFR address of long-instruction arch:
  12  0000              ;    mp0 = -1,1,0
  13  0000              ;    mp1 = 4,3,2
  14  0000              ;    mp2 = 14,13,12
  15  0000              ;    tbp = 9,7,8
  16  0000              ;    acc = 5
  17  0000              ;    pcl = 6
  18  0000              ;    status = 10
  19  0000              ;    bp = 11
  20  0000              ;    intc = 32
  21  0000              ;       
  22  0000              ;       
  23  0000              ; use 'tabrdc' instead of 'tabrd'
  24  0000              ;       
  25  0000              
  26  0000              #pragma translator "holtek-gcc 4.6.4" "3.19" "build 20130711"
  27  0000              ; Rebuild 718
  28  0000              
  29  0000              ir equ [2]
  30  0000              mp equ [3]
  31  0000              sbp equ [4]
  32  0000              acc equ [5]
  33  0000              bp equ [11]
  34  0000              tblp equ [7]
  35  0000              tbhp equ [9]
  36  0000              status equ [10]
  37  0000              c equ [10].0
  38  0000              ac equ [10].1
  39  0000              z equ [10].2
  40  0000              ov equ [10].3
  41  0000              cz equ [10].6
  42  0000              sc equ [10].7
  43  0000              intc equ [32]
  44  0000              
  45  0000              extern ra:byte
  46  0000              extern rb:byte
  47  0000              extern rc:byte
  48  0000              extern rd:byte
  49  0000              extern re:byte
  50  0000              extern rf:byte
  51  0000              extern rg:byte
  52  0000              extern rh:byte
  53  0000              extern _Crom2Prom:near
  54  0000              extern _Crom2PromNext:near
  55  0000              
  56  0000              RAMBANK 0 @BITDATASEC, @BITDATASEC1
  57  0000              @HCCINIT	.section 'data'
  58  0000              @HCCINIT0	.section 'data'
  59  0000              @BITDATASEC	 .section 'data'
"File: Eeprom.ASM    Assembler  Version HGASM0202      Page 2

  60  0000              @BITDATASEC1	 .section 'data'
  61  0000              
  62  0000              #pragma debug scope 1 1
  63  0000              	extern __DELAY3:near
  64  0000              	extern __DELAYX3:near
  65  0000              	extern __DELAYX6:near
  66  0000              	extern __DELAYY5:near
  67  0000              	extern __DELAYY3:near
  68  0000              	extern _builtin_holtek_delay_2:byte
  69  0000              ___eeal equ [65]
  70  0000              ___eeah equ [66]
  71  0000              ___mp1h equ [4]
  72  0000              ___mp1l equ [3]
  73  0000              ___iar1 equ [2]
  74  0000              ___eed equ [67]
  75  0000              public _Eeprom_ReadByte
  76  0000              #pragma debug scope 2 1

  50  0000              #line 50 "d:\d200\product\git\bh66f2455_evm_cgm\2.code\bh66f2455_driver\driver\Eeprom.c"
  50  0000              _Eeprom_ReadByte .section 'code'
  50  0000              _Eeprom_ReadByte proc
  50  0000              public _Eeprom_ReadByte_2
  50  0000  0004[           local _Eeprom_ReadByte_2 db 4 dup(?)	; 4,0
            00
            ]
  50  0004              #pragma debug variable 12 2 _Eeprom_ReadByte_2+0 "addr"
  50  0004              #pragma debug pointer 42 8 2
  50  0004              #pragma debug pointer 42 8 2
  50  0004              #pragma debug variable 42 2 _Eeprom_ReadByte_2+2 "data"
  51  0004              #line 51 "d:\d200\product\git\bh66f2455_evm_cgm\2.code\bh66f2455_driver\driver\Eeprom.c"
  51  0000  0F00        	mov a,0
  51  0001  0200     R  	sub a,_Eeprom_ReadByte_2[0]
  51  0002  0F08        	mov a,8
  51  0003  1200     R  	sbc a,_Eeprom_ReadByte_2[1]
  51  0004  380A        	snz c
  51  0005  2800     R  	jmp _L3
  51  0006              #pragma debug scope 3 2
  51  0006              ;begin block, line: 51.-1
  51  0006              #pragma debug scope 4 3
  51  0006              ;begin block, line: 51.-1
  57  0006              #line 57 "d:\d200\product\git\bh66f2455_evm_cgm\2.code\bh66f2455_driver\driver\Eeprom.c"
  57  0006  0700     R  	mov a,_Eeprom_ReadByte_2[0]
  57  0007  00C1        	mov [65],a
  58  0008              #line 58 "d:\d200\product\git\bh66f2455_evm_cgm\2.code\bh66f2455_driver\driver\Eeprom.c"
  58  0008  0700     R  	mov a,_Eeprom_ReadByte_2[1]
  58  0009  00C2        	mov [66],a
  59  000A              #line 59 "d:\d200\product\git\bh66f2455_evm_cgm\2.code\bh66f2455_driver\driver\Eeprom.c"
  59  000A  0F01        	mov a,1
  59  000B  0084        	mov [4],a
  60  000C              #line 60 "d:\d200\product\git\bh66f2455_evm_cgm\2.code\bh66f2455_driver\driver\Eeprom.c"
  60  000C  0F40        	mov a,64
  60  000D  0083        	mov [3],a
  61  000E              #line 61 "d:\d200\product\git\bh66f2455_evm_cgm\2.code\bh66f2455_driver\driver\Eeprom.c"
  61  000E              ;# 61 "d:\d200\product\git\bh66f2455_evm_cgm\2.code\bh66f2455_driver\driver\Eeprom.c" 1
  61  000E  3082        	set [0x02].1
  62  000F              #line 62 "d:\d200\product\git\bh66f2455_evm_cgm\2.code\bh66f2455_driver\driver\Eeprom.c"
  62  000F              ;# 62 "d:\d200\product\git\bh66f2455_evm_cgm\2.code\bh66f2455_driver\driver\Eeprom.c" 1
  62  000F  3002        	set [0x02].0
  63  0010              #line 63 "d:\d200\product\git\bh66f2455_evm_cgm\2.code\bh66f2455_driver\driver\Eeprom.c"
  63  0010              ;# 63 "d:\d200\product\git\bh66f2455_evm_cgm\2.code\bh66f2455_driver\driver\Eeprom.c" 1
"File: Eeprom.c      Assembler  Version HGASM0202      Page 3

  63  0010  3C02        	sz  [0x02].0
  64  0011              #line 64 "d:\d200\product\git\bh66f2455_evm_cgm\2.code\bh66f2455_driver\driver\Eeprom.c"
  64  0011              ;# 64 "d:\d200\product\git\bh66f2455_evm_cgm\2.code\bh66f2455_driver\driver\Eeprom.c" 1
  64  0011  2800     R  	jmp $-1
  65  0012              #line 65 "d:\d200\product\git\bh66f2455_evm_cgm\2.code\bh66f2455_driver\driver\Eeprom.c"
  65  0012  1F02        	clr [2]
  66  0013              #line 66 "d:\d200\product\git\bh66f2455_evm_cgm\2.code\bh66f2455_driver\driver\Eeprom.c"
  66  0013  0700     R  	mov a,_Eeprom_ReadByte_2[2]
  66  0014  0083        	mov mp,a
  66  0015  0700     R  	mov a,_Eeprom_ReadByte_2[3]
  66  0016  0084        	mov sbp,a
  66  0017  0743        	mov a,[67]
  66  0018  0082        	mov ir,a
  66  0019  0F01        	mov a,1
  66  001A  0080     E  	mov ra,a
  66  001B  2800     R  	jmp _L2
  66  001C              _L3:
  66  001C              #pragma debug scope 3 2
  66  001C              #pragma debug scope 2 1
  53  001C              #line 53 "d:\d200\product\git\bh66f2455_evm_cgm\2.code\bh66f2455_driver\driver\Eeprom.c"
  53  001C  1F00     E  	clr ra
  53  001D              _L2:
  69  001D              #line 69 "d:\d200\product\git\bh66f2455_evm_cgm\2.code\bh66f2455_driver\driver\Eeprom.c"
  69  001D  0700     E  	mov a,ra
  69  001E  0003        	ret
  69  001F              _Eeprom_ReadByte endp
  69  001F              #line 69 "d:\d200\product\git\bh66f2455_evm_cgm\2.code\bh66f2455_driver\driver\Eeprom.c"
  69  001F              #pragma debug scope 1 1
  69  001F              public _Eeprom_ReadBuff
  69  001F              #pragma debug scope 5 1
  81  001F              #line 81 "d:\d200\product\git\bh66f2455_evm_cgm\2.code\bh66f2455_driver\driver\Eeprom.c"
  81  0000              _Eeprom_ReadBuff .section 'code'
  81  0000              _Eeprom_ReadBuff proc
  81  0000              public _Eeprom_ReadBuff_2
  81  0000  0009[           local _Eeprom_ReadBuff_2 db 9 dup(?)	; 6,3
            00
            ]
  81  0009              #pragma debug variable 12 5 _Eeprom_ReadBuff_2+0 "startAddr"
  81  0009              #pragma debug pointer 43 8 5
  81  0009              #pragma debug pointer 43 8 5
  81  0009              #pragma debug variable 43 5 _Eeprom_ReadBuff_2+2 "buf"
  81  0009              #pragma debug variable 12 5 _Eeprom_ReadBuff_2+4 "len"
  81  0009              #pragma debug variable 8 5 _Eeprom_ReadBuff_2+8 "i"
  82  0009              #line 82 "d:\d200\product\git\bh66f2455_evm_cgm\2.code\bh66f2455_driver\driver\Eeprom.c"
  82  0000  0700     R  	mov a,_Eeprom_ReadBuff_2[4]
  82  0001  0300     R  	add a,_Eeprom_ReadBuff_2[0]
  82  0002  0080     E  	mov rb,a
  82  0003  0700     R  	mov a,_Eeprom_ReadBuff_2[5]
  82  0004  1300     R  	adc a,_Eeprom_ReadBuff_2[1]
  82  0005  0080     E  	mov rc,a
  82  0006  0F00        	mov a,0
  82  0007  0200     E  	sub a,rb
  82  0008  0F08        	mov a,8
  82  0009  1200     E  	sbc a,rc
  82  000A  380A        	snz c
  82  000B  2800     R  	jmp _L6
  82  000C              #line 82 "d:\d200\product\git\bh66f2455_evm_cgm\2.code\bh66f2455_driver\driver\Eeprom.c"
  82  000C  0700     R  	mov a,_Eeprom_ReadBuff_2[0]
  82  000D  0080     R  	mov _Eeprom_ReadBuff_2[6],a
  82  000E  0700     R  	mov a,_Eeprom_ReadBuff_2[1]
"File: Eeprom.c      Assembler  Version HGASM0202      Page 4

  82  000F  0080     R  	mov _Eeprom_ReadBuff_2[7],a
  82  0010  1F00     R  	clr _Eeprom_ReadBuff_2[8]
  82  0011  2800     R  	jmp _L7
  82  0012              _L6:
  84  0012              #line 84 "d:\d200\product\git\bh66f2455_evm_cgm\2.code\bh66f2455_driver\driver\Eeprom.c"
  84  0012  1F00     E  	clr ra
  84  0013  2800     R  	jmp _L8
  84  0014              _L9:
  89  0014              #line 89 "d:\d200\product\git\bh66f2455_evm_cgm\2.code\bh66f2455_driver\driver\Eeprom.c"
  89  0014  0700     E  	mov a,rd
  89  0015  0080     R  	mov _Eeprom_ReadByte_2[2],a
  89  0016  0700     E  	mov a,re
  89  0017  0080     R  	mov _Eeprom_ReadByte_2[3],a
  89  0018  0700     R  	mov a,_Eeprom_ReadBuff_2[6]
  89  0019  0080     R  	mov _Eeprom_ReadByte_2[0],a
  89  001A  0700     R  	mov a,_Eeprom_ReadBuff_2[7]
  89  001B  0080     R  	mov _Eeprom_ReadByte_2[1],a
  89  001C  2000     R  	call _Eeprom_ReadByte
  89  001D  0080     E  	mov ra,a
  89  001E  1E00     E  	snz ra
  89  001F  2800     R  	jmp _L6
  93  0020              #line 93 "d:\d200\product\git\bh66f2455_evm_cgm\2.code\bh66f2455_driver\driver\Eeprom.c"
  93  0020  1480     R  	inc _Eeprom_ReadBuff_2[6]
  93  0021  3D0A        	sz z
  93  0022  1480     R  	inc _Eeprom_ReadBuff_2[7]
  87  0023              #line 87 "d:\d200\product\git\bh66f2455_evm_cgm\2.code\bh66f2455_driver\driver\Eeprom.c"
  87  0023  1480     R  	inc _Eeprom_ReadBuff_2[8]
  87  0024              _L7:
  87  0024  0700     R  	mov a,_Eeprom_ReadBuff_2[2]
  87  0025  0200     R  	sub a,_Eeprom_ReadBuff_2[0]
  87  0026  0080     E  	mov ra,a
  87  0027  0700     R  	mov a,_Eeprom_ReadBuff_2[3]
  87  0028  1200     R  	sbc a,_Eeprom_ReadBuff_2[1]
  87  0029  0080     E  	mov rb,a
  87  002A  0700     E  	mov a,ra
  87  002B  0080     E  	mov rd,a
  87  002C  0700     E  	mov a,rb
  87  002D  0080     E  	mov re,a
  87  002E  0700     R  	mov a,_Eeprom_ReadBuff_2[6]
  87  002F  0380     E  	addm a,rd
  87  0030  0700     R  	mov a,_Eeprom_ReadBuff_2[7]
  87  0031  1380     E  	adcm a,re
  87  0032  0700     R  	mov a,_Eeprom_ReadBuff_2[8]
  87  0033  0080     E  	mov rb,a
  87  0034  1F00     E  	clr rc
  87  0035  0700     E  	mov a,rb
  87  0036  0200     R  	sub a,_Eeprom_ReadBuff_2[4]
  87  0037  0700     E  	mov a,rc
  87  0038  1200     R  	sbc a,_Eeprom_ReadBuff_2[5]
  87  0039  380A        	snz c
  87  003A  2800     R  	jmp _L9
  96  003B              #line 96 "d:\d200\product\git\bh66f2455_evm_cgm\2.code\bh66f2455_driver\driver\Eeprom.c"
  96  003B  0F01        	mov a,1
  96  003C  0080     E  	mov ra,a
  96  003D              _L8:
  97  003D              #line 97 "d:\d200\product\git\bh66f2455_evm_cgm\2.code\bh66f2455_driver\driver\Eeprom.c"
  97  003D  0700     E  	mov a,ra
  97  003E  0003        	ret
  97  003F              _Eeprom_ReadBuff endp
  97  003F              #line 97 "d:\d200\product\git\bh66f2455_evm_cgm\2.code\bh66f2455_driver\driver\Eeprom.c"
"File: Eeprom.c      Assembler  Version HGASM0202      Page 5

  97  003F              #pragma debug scope 1 1
  97  003F              ___intc0 equ [32]
  97  003F              public _Eeprom_WriteByte
  97  003F              #pragma debug scope 6 1
 110  003F              #line 110 "d:\d200\product\git\bh66f2455_evm_cgm\2.code\bh66f2455_driver\driver\Eeprom.c"
 110  0000              _Eeprom_WriteByte .section 'code'
 110  0000              _Eeprom_WriteByte proc
 110  0000              public _Eeprom_WriteByte_2
 110  0000  0004[           local _Eeprom_WriteByte_2 db 4 dup(?)	; 3,1
            00
            ]
 110  0004              #pragma debug variable 12 6 _Eeprom_WriteByte_2+0 "startAddr"
 110  0004              #pragma debug variable 8 6 _Eeprom_WriteByte_2+2 "data"
 111  0004              #line 111 "d:\d200\product\git\bh66f2455_evm_cgm\2.code\bh66f2455_driver\driver\Eeprom.c"
 111  0000  0FFF        	mov a,255
 111  0001  0200     R  	sub a,_Eeprom_WriteByte_2[0]
 111  0002  0F07        	mov a,7
 111  0003  1200     R  	sbc a,_Eeprom_WriteByte_2[1]
 111  0004  380A        	snz c
 111  0005  2800     R  	jmp _L17
 111  0006              #pragma debug scope 7 6
 111  0006              ;begin block, line: 111.-1
 111  0006              #pragma debug variable 8 7 _Eeprom_WriteByte_2+3 "readData"
 117  0006              #line 117 "d:\d200\product\git\bh66f2455_evm_cgm\2.code\bh66f2455_driver\driver\Eeprom.c"
 117  0006  0720        	mov a,[32]
 117  0007  0E01        	and a,1
 117  0008  0080     E  	mov ra,a
 119  0009              #line 119 "d:\d200\product\git\bh66f2455_evm_cgm\2.code\bh66f2455_driver\driver\Eeprom.c"
 119  0009  3420        	clr [32].0
 120  000A              #line 120 "d:\d200\product\git\bh66f2455_evm_cgm\2.code\bh66f2455_driver\driver\Eeprom.c"
 120  000A  0F01        	mov a,1
 120  000B  0084        	mov [4],a
 121  000C              #line 121 "d:\d200\product\git\bh66f2455_evm_cgm\2.code\bh66f2455_driver\driver\Eeprom.c"
 121  000C  0F40        	mov a,64
 121  000D  0083        	mov [3],a
 122  000E              #line 122 "d:\d200\product\git\bh66f2455_evm_cgm\2.code\bh66f2455_driver\driver\Eeprom.c"
 122  000E  0700     R  	mov a,_Eeprom_WriteByte_2[0]
 122  000F  00C1        	mov [65],a
 123  0010              #line 123 "d:\d200\product\git\bh66f2455_evm_cgm\2.code\bh66f2455_driver\driver\Eeprom.c"
 123  0010  0700     R  	mov a,_Eeprom_WriteByte_2[1]
 123  0011  00C2        	mov [66],a
 124  0012              #line 124 "d:\d200\product\git\bh66f2455_evm_cgm\2.code\bh66f2455_driver\driver\Eeprom.c"
 124  0012  0700     R  	mov a,_Eeprom_WriteByte_2[2]
 124  0013  00C3        	mov [67],a
 126  0014              #line 126 "d:\d200\product\git\bh66f2455_evm_cgm\2.code\bh66f2455_driver\driver\Eeprom.c"
 126  0014              ;# 126 "d:\d200\product\git\bh66f2455_evm_cgm\2.code\bh66f2455_driver\driver\Eeprom.c" 1
 126  0014  3182        	set [0x02].3
 127  0015              #line 127 "d:\d200\product\git\bh66f2455_evm_cgm\2.code\bh66f2455_driver\driver\Eeprom.c"
 127  0015              ;# 127 "d:\d200\product\git\bh66f2455_evm_cgm\2.code\bh66f2455_driver\driver\Eeprom.c" 1
 127  0015  3102        	set [0x02].2
 128  0016              #line 128 "d:\d200\product\git\bh66f2455_evm_cgm\2.code\bh66f2455_driver\driver\Eeprom.c"
 128  0016              ;# 128 "d:\d200\product\git\bh66f2455_evm_cgm\2.code\bh66f2455_driver\driver\Eeprom.c" 1
 128  0016  3D02        	sz  [0x02].2
 129  0017              #line 129 "d:\d200\product\git\bh66f2455_evm_cgm\2.code\bh66f2455_driver\driver\Eeprom.c"
 129  0017              ;# 129 "d:\d200\product\git\bh66f2455_evm_cgm\2.code\bh66f2455_driver\driver\Eeprom.c" 1
 129  0017  2800     R  	jmp $-1
 130  0018              #line 130 "d:\d200\product\git\bh66f2455_evm_cgm\2.code\bh66f2455_driver\driver\Eeprom.c"
 130  0018  1F02        	clr [2]
 131  0019              #line 131 "d:\d200\product\git\bh66f2455_evm_cgm\2.code\bh66f2455_driver\driver\Eeprom.c"
 131  0019  3420        	clr [32].0
"File: Eeprom.c      Assembler  Version HGASM0202      Page 6

 131  001A  0700     E  	mov a,ra
 131  001B  05A0        	orm a,[32]
 133  001C              #line 133 "d:\d200\product\git\bh66f2455_evm_cgm\2.code\bh66f2455_driver\driver\Eeprom.c"
 133  001C  0F00     R  	mov a,low offset _Eeprom_WriteByte_2
 133  001D  0080     E  	mov ra,a
 133  001E  0F00     R  	mov a,high offset _Eeprom_WriteByte_2
 133  001F  0080     E  	mov rb,a
 133  0020  0F03        	mov a,3
 133  0021  0300     E  	add a,ra
 133  0022  0080     R  	mov _Eeprom_ReadByte_2[2],a
 133  0023  0F00        	mov a,0
 133  0024  1300     E  	adc a,rb
 133  0025  0080     R  	mov _Eeprom_ReadByte_2[3],a
 133  0026  0700     R  	mov a,_Eeprom_WriteByte_2[0]
 133  0027  0080     R  	mov _Eeprom_ReadByte_2[0],a
 133  0028  0700     R  	mov a,_Eeprom_WriteByte_2[1]
 133  0029  0080     R  	mov _Eeprom_ReadByte_2[1],a
 133  002A  2000     R  	call _Eeprom_ReadByte
 133  002B  0080     E  	mov ra,a
 133  002C  1E00     E  	snz ra
 133  002D  2800     R  	jmp _L14
 133  002E  0F01        	mov a,1
 133  002F  0080     E  	mov ra,a
 133  0030  0700     R  	mov a,_Eeprom_WriteByte_2[3]
 133  0031  0200     R  	sub a,_Eeprom_WriteByte_2[2]
 133  0032  3D0A        	sz z
 133  0033  2800     R  	jmp _L14
 133  0034              _L17:
 133  0034              #pragma debug scope 6 1
 113  0034              #line 113 "d:\d200\product\git\bh66f2455_evm_cgm\2.code\bh66f2455_driver\driver\Eeprom.c"
 113  0034  1F00     E  	clr ra
 113  0035              _L14:
 142  0035              #line 142 "d:\d200\product\git\bh66f2455_evm_cgm\2.code\bh66f2455_driver\driver\Eeprom.c"
 142  0035  0700     E  	mov a,ra
 142  0036  0003        	ret
 142  0037              _Eeprom_WriteByte endp
 142  0037              #line 142 "d:\d200\product\git\bh66f2455_evm_cgm\2.code\bh66f2455_driver\driver\Eeprom.c"
 142  0037              #pragma debug scope 1 1
 142  0037              public _Eeprom_WriteBuf
 142  0037              #pragma debug scope 8 1
 154  0037              #line 154 "d:\d200\product\git\bh66f2455_evm_cgm\2.code\bh66f2455_driver\driver\Eeprom.c"
 154  0000              _Eeprom_WriteBuf .section 'code'
 154  0000              _Eeprom_WriteBuf proc
 154  0000              public _Eeprom_WriteBuf_2
 154  0000  0009[           local _Eeprom_WriteBuf_2 db 9 dup(?)	; 6,3
            00
            ]
 154  0009              #pragma debug variable 12 8 _Eeprom_WriteBuf_2+0 "startAddr"
 154  0009              #pragma debug pointer 44 8 8
 154  0009              #pragma debug pointer 44 8 8
 154  0009              #pragma debug variable 44 8 _Eeprom_WriteBuf_2+2 "buf"
 154  0009              #pragma debug variable 12 8 _Eeprom_WriteBuf_2+4 "len"
 154  0009              #pragma debug variable 8 8 _Eeprom_WriteBuf_2+8 "i"
 155  0009              #line 155 "d:\d200\product\git\bh66f2455_evm_cgm\2.code\bh66f2455_driver\driver\Eeprom.c"
 155  0000  0700     R  	mov a,_Eeprom_WriteBuf_2[4]
 155  0001  0300     R  	add a,_Eeprom_WriteBuf_2[0]
 155  0002  0080     E  	mov rb,a
 155  0003  0700     R  	mov a,_Eeprom_WriteBuf_2[5]
 155  0004  1300     R  	adc a,_Eeprom_WriteBuf_2[1]
 155  0005  0080     E  	mov rc,a
"File: Eeprom.c      Assembler  Version HGASM0202      Page 7

 155  0006  0FFF        	mov a,255
 155  0007  0200     E  	sub a,rb
 155  0008  0F07        	mov a,7
 155  0009  1200     E  	sbc a,rc
 155  000A  380A        	snz c
 155  000B  2800     R  	jmp _L22
 155  000C              #line 155 "d:\d200\product\git\bh66f2455_evm_cgm\2.code\bh66f2455_driver\driver\Eeprom.c"
 155  000C  0700     R  	mov a,_Eeprom_WriteBuf_2[2]
 155  000D  0080     R  	mov _Eeprom_WriteBuf_2[6],a
 155  000E  0700     R  	mov a,_Eeprom_WriteBuf_2[3]
 155  000F  0080     R  	mov _Eeprom_WriteBuf_2[7],a
 155  0010  1F00     R  	clr _Eeprom_WriteBuf_2[8]
 155  0011  2800     R  	jmp _L23
 155  0012              _L22:
 157  0012              #line 157 "d:\d200\product\git\bh66f2455_evm_cgm\2.code\bh66f2455_driver\driver\Eeprom.c"
 157  0012  1F00     E  	clr ra
 157  0013  2800     R  	jmp _L24
 157  0014              _L25:
 162  0014              #line 162 "d:\d200\product\git\bh66f2455_evm_cgm\2.code\bh66f2455_driver\driver\Eeprom.c"
 162  0014  0700     R  	mov a,_Eeprom_WriteBuf_2[6]
 162  0015  0083        	mov mp,a
 162  0016  0700     R  	mov a,_Eeprom_WriteBuf_2[7]
 162  0017  0084        	mov sbp,a
 162  0018  2000     E  	call _Crom2Prom
 162  0019  0080     R  	mov _Eeprom_WriteByte_2[2],a
 162  001A  0700     E  	mov a,rd
 162  001B  0080     R  	mov _Eeprom_WriteByte_2[0],a
 162  001C  0700     E  	mov a,re
 162  001D  0080     R  	mov _Eeprom_WriteByte_2[1],a
 162  001E  2000     R  	call _Eeprom_WriteByte
 162  001F  0080     E  	mov ra,a
 162  0020  1E00     E  	snz ra
 162  0021  2800     R  	jmp _L22
 167  0022              #line 167 "d:\d200\product\git\bh66f2455_evm_cgm\2.code\bh66f2455_driver\driver\Eeprom.c"
 167  0022  1480     R  	inc _Eeprom_WriteBuf_2[6]
 167  0023  3D0A        	sz z
 167  0024  1480     R  	inc _Eeprom_WriteBuf_2[7]
 160  0025              #line 160 "d:\d200\product\git\bh66f2455_evm_cgm\2.code\bh66f2455_driver\driver\Eeprom.c"
 160  0025  1480     R  	inc _Eeprom_WriteBuf_2[8]
 160  0026              _L23:
 160  0026  0700     R  	mov a,_Eeprom_WriteBuf_2[0]
 160  0027  0200     R  	sub a,_Eeprom_WriteBuf_2[2]
 160  0028  0080     E  	mov ra,a
 160  0029  0700     R  	mov a,_Eeprom_WriteBuf_2[1]
 160  002A  1200     R  	sbc a,_Eeprom_WriteBuf_2[3]
 160  002B  0080     E  	mov rb,a
 160  002C  0700     E  	mov a,ra
 160  002D  0080     E  	mov rd,a
 160  002E  0700     E  	mov a,rb
 160  002F  0080     E  	mov re,a
 160  0030  0700     R  	mov a,_Eeprom_WriteBuf_2[6]
 160  0031  0380     E  	addm a,rd
 160  0032  0700     R  	mov a,_Eeprom_WriteBuf_2[7]
 160  0033  1380     E  	adcm a,re
 160  0034  0700     R  	mov a,_Eeprom_WriteBuf_2[8]
 160  0035  0080     E  	mov rb,a
 160  0036  1F00     E  	clr rc
 160  0037  0700     E  	mov a,rb
 160  0038  0200     R  	sub a,_Eeprom_WriteBuf_2[4]
 160  0039  0700     E  	mov a,rc
"File: Eeprom.c      Assembler  Version HGASM0202      Page 8

 160  003A  1200     R  	sbc a,_Eeprom_WriteBuf_2[5]
 160  003B  380A        	snz c
 160  003C  2800     R  	jmp _L25
 169  003D              #line 169 "d:\d200\product\git\bh66f2455_evm_cgm\2.code\bh66f2455_driver\driver\Eeprom.c"
 169  003D  0F01        	mov a,1
 169  003E  0080     E  	mov ra,a
 169  003F              _L24:
 170  003F              #line 170 "d:\d200\product\git\bh66f2455_evm_cgm\2.code\bh66f2455_driver\driver\Eeprom.c"
 170  003F  0700     E  	mov a,ra
 170  0040  0003        	ret
 170  0041              _Eeprom_WriteBuf endp
 170  0041              #line 170 "d:\d200\product\git\bh66f2455_evm_cgm\2.code\bh66f2455_driver\driver\Eeprom.c"
 170  0041              #pragma debug scope 1 1
 170  0041              #pragma debug variable 8 1 ___mp1l "__mp1l" 1
 170  0041              #pragma debug variable 8 1 ___mp1h "__mp1h" 1
 170  0041              #pragma debug struct_end
 170  0041              #pragma debug struct_end
 170  0041              #pragma debug union_end
 170  0041              #pragma debug union_end
 170  0041              #pragma debug variable 46 1 ___intc0 "__intc0" 1
 170  0041              #pragma debug struct_end
 170  0041              #pragma debug struct_end
 170  0041              #pragma debug union_end
 170  0041              #pragma debug union_end
 170  0041              #pragma debug variable 48 1 ___eeal "__eeal" 1
 170  0041              #pragma debug struct_end
 170  0041              #pragma debug struct_end
 170  0041              #pragma debug union_end
 170  0041              #pragma debug union_end
 170  0041              #pragma debug variable 50 1 ___eeah "__eeah" 1
 170  0041              #pragma debug variable 8 1 ___eed "__eed" 1
 170  0041              #pragma debug variable 8 1 ___iar1 "__iar1" 1
 170  0041              
 170  0041              ; 
 170  0041              ; Generated by holtek-gcc v3.19, Tue Jan 14 16:58:23 2025
 170  0041              ; Rebuild 718
 170  0041              ; end of file


        0 Errors, 0