"File: main.c        Assembler  Version HGASM0202      Page 1


   1  0000              ; Generated by holtek-gcc v3.19, Tue Jan 14 16:58:23 2025
   2  0000              ; 
   3  0000              ; Configuration:
   4  0000              ;       with long instruction
   5  0000              ;       Single ROM, Multi-RAM
   6  0000              ;       bits_per_rom_unit:16
   7  0000              ;       with mp1
   8  0000              ;       with tbhp, address(0x9)
   9  0000              ;          Use tabrd-const
  10  0000              ;       
  11  0000              ; SFR address of long-instruction arch:
  12  0000              ;    mp0 = -1,1,0
  13  0000              ;    mp1 = 4,3,2
  14  0000              ;    mp2 = 14,13,12
  15  0000              ;    tbp = 9,7,8
  16  0000              ;    acc = 5
  17  0000              ;    pcl = 6
  18  0000              ;    status = 10
  19  0000              ;    bp = 11
  20  0000              ;    intc = 32
  21  0000              ;       
  22  0000              ;       
  23  0000              ; use 'tabrdc' instead of 'tabrd'
  24  0000              ;       
  25  0000              
  26  0000              #pragma translator "holtek-gcc 4.6.4" "3.19" "build 20130711"
  27  0000              ; Rebuild 718
  28  0000              
  29  0000              ir equ [2]
  30  0000              mp equ [3]
  31  0000              sbp equ [4]
  32  0000              acc equ [5]
  33  0000              bp equ [11]
  34  0000              tblp equ [7]
  35  0000              tbhp equ [9]
  36  0000              status equ [10]
  37  0000              c equ [10].0
  38  0000              ac equ [10].1
  39  0000              z equ [10].2
  40  0000              ov equ [10].3
  41  0000              cz equ [10].6
  42  0000              sc equ [10].7
  43  0000              intc equ [32]
  44  0000              
  45  0000              extern ra:byte
  46  0000              extern rb:byte
  47  0000              extern rc:byte
  48  0000              extern rd:byte
  49  0000              extern re:byte
  50  0000              extern rf:byte
  51  0000              extern rg:byte
  52  0000              extern rh:byte
  53  0000              extern _Crom2Prom:near
  54  0000              extern _Crom2PromNext:near
  55  0000              
  56  0000              RAMBANK 0 @BITDATASEC, @BITDATASEC1
  57  0000              @HCCINIT	.section 'data'
  58  0000              @HCCINIT0	.section 'data'
  59  0000              @BITDATASEC	 .section 'data'
"File: main.ASM      Assembler  Version HGASM0202      Page 2

  60  0000              @BITDATASEC1	 .section 'data'
  61  0000              
  62  0000              #pragma debug scope 1 1
  63  0000              	extern __DELAY3:near
  64  0000              	extern __DELAYX3:near
  65  0000              	extern __DELAYX6:near
  66  0000              	extern __DELAYY5:near
  67  0000              	extern __DELAYY3:near
  68  0000              	extern _builtin_holtek_delay_2:byte
  69  0000              ___status equ [10]
  70  0000              public _main
  71  0000              #pragma debug scope 2 1

  31  0000              #line 31 "d:\d200\product\git\bh66f2455_evm_cgm\2.code\bh66f2455_driver\example\eeprom_readwrite\source\main.c"
  31  0000              IFDEF WITH_DEFAULT_STARTUP
  31  0000              extern _main_initial0:near
  31  0000              extern _main_startup:near
  31  0000              ENDIF
  31  0000              
  31  0000              ROMBANK 0 @start
  31  0000              @start .section com_l 'code'
  31  0000              _main_startup1:
  31  0000              @start .section com_e 'code'
  31  0000  2800     R  	jmp _main
  31  0001              
  31  0000              _main .section 'code'
  31  0000              _main proc
  31  0000  0005[           local _main_2 db 5 dup(?)
            00
            ]
  33  0005              #line 33 "d:\d200\product\git\bh66f2455_evm_cgm\2.code\bh66f2455_driver\example\eeprom_readwrite\source\main.c"
  33  0000  3A8A        	snz [10].5
  33  0001  2800     R  	jmp _L2
  33  0002              #line 33 "d:\d200\product\git\bh66f2455_evm_cgm\2.code\bh66f2455_driver\example\eeprom_readwrite\source\main.c"
  33  0002  3E0A        	sz [10].4
  33  0003  2800     R  	jmp _L3
  33  0004              _L2:
  33  0004              #pragma debug scope 3 2
  33  0004              ;begin block, line: 33.-1
  33  0004              #pragma debug struct_end
  33  0004              #pragma debug struct_end
  33  0004              #pragma debug variable 42 3 _main_2+0 "oscCfg"
  33  0004              #pragma debug variable 7 3 _main_2+4 "i"
  37  0004              #line 37 "d:\d200\product\git\bh66f2455_evm_cgm\2.code\bh66f2455_driver\example\eeprom_readwrite\source\main.c"
  37  0004  1F00     R  	clr _main_2[0]
  38  0005              #line 38 "d:\d200\product\git\bh66f2455_evm_cgm\2.code\bh66f2455_driver\example\eeprom_readwrite\source\main.c"
  38  0005  0F01        	mov a,1
  38  0006  0080     R  	mov _main_2[1],a
  39  0007              #line 39 "d:\d200\product\git\bh66f2455_evm_cgm\2.code\bh66f2455_driver\example\eeprom_readwrite\source\main.c"
  39  0007  0F00     R  	mov a,low offset _main_2
  39  0008  0080     E  	mov _Oscillators_Cfg_2[0],a
  39  0009  0F00     R  	mov a,high offset _main_2
  39  000A  0080     E  	mov _Oscillators_Cfg_2[1],a
  39  000B  2000     E  	call _Oscillators_Cfg
  42  000C              #line 42 "d:\d200\product\git\bh66f2455_evm_cgm\2.code\bh66f2455_driver\example\eeprom_readwrite\source\main.c"
  42  000C  2000     E  	call _Ram_Clear
  42  000D  1F00     R  	clr _main_2[2]
  42  000E  1F00     R  	clr _main_2[3]
  46  000F              #line 46 "d:\d200\product\git\bh66f2455_evm_cgm\2.code\bh66f2455_driver\example\eeprom_readwrite\source\main.c"
  46  000F  1F00     R  	clr _main_2[4]
"File: main.c        Assembler  Version HGASM0202      Page 3

  46  0010              _L5:
  48  0010              #line 48 "d:\d200\product\git\bh66f2455_evm_cgm\2.code\bh66f2455_driver\example\eeprom_readwrite\source\main.c"
  48  0010  0700     R  	mov a,_main_2[4]
  48  0011  0080     E  	mov _Eeprom_WriteByte_2[2],a
  48  0012  0700     R  	mov a,_main_2[2]
  48  0013  0080     E  	mov _Eeprom_WriteByte_2[0],a
  48  0014  0700     R  	mov a,_main_2[3]
  48  0015  0080     E  	mov _Eeprom_WriteByte_2[1],a
  48  0016  2000     E  	call _Eeprom_WriteByte
  49  0017              #line 49 "d:\d200\product\git\bh66f2455_evm_cgm\2.code\bh66f2455_driver\example\eeprom_readwrite\source\main.c"
  49  0017  0F00     R  	mov a,low offset _readData
  49  0018  0300     R  	add a,_main_2[2]
  49  0019  0080     E  	mov _Eeprom_ReadByte_2[2],a
  49  001A  0F00     R  	mov a,high offset _readData
  49  001B  1300     R  	adc a,_main_2[3]
  49  001C  0080     E  	mov _Eeprom_ReadByte_2[3],a
  49  001D  0700     R  	mov a,_main_2[2]
  49  001E  0080     E  	mov _Eeprom_ReadByte_2[0],a
  49  001F  0700     R  	mov a,_main_2[3]
  49  0020  0080     E  	mov _Eeprom_ReadByte_2[1],a
  49  0021  2000     E  	call _Eeprom_ReadByte
  46  0022              #line 46 "d:\d200\product\git\bh66f2455_evm_cgm\2.code\bh66f2455_driver\example\eeprom_readwrite\source\main.c"
  46  0022  1480     R  	inc _main_2[4]
  46  0023  1480     R  	inc _main_2[2]
  46  0024  3D0A        	sz z
  46  0025  1480     R  	inc _main_2[3]
  46  0026  0700     R  	mov a,_main_2[4]
  46  0027  0A08        	sub a,8
  46  0028  390A        	snz z
  46  0029  2800     R  	jmp _L5
  54  002A              #line 54 "d:\d200\product\git\bh66f2455_evm_cgm\2.code\bh66f2455_driver\example\eeprom_readwrite\source\main.c"
  54  002A  0FA0        	mov a,160
  54  002B  0080     R  	mov _writeData[0],a
  54  002C  0FA1        	mov a,161
  54  002D  0080     R  	mov _writeData[1],a
  54  002E  0FA2        	mov a,162
  54  002F  0080     R  	mov _writeData[2],a
  54  0030  0FA3        	mov a,163
  54  0031  0080     R  	mov _writeData[3],a
  54  0032  0FA4        	mov a,164
  54  0033  0080     R  	mov _writeData[4],a
  54  0034  0FA5        	mov a,165
  54  0035  0080     R  	mov _writeData[5],a
  54  0036  0FA6        	mov a,166
  54  0037  0080     R  	mov _writeData[6],a
  54  0038  0FA7        	mov a,167
  54  0039  0080     R  	mov _writeData[7],a
  56  003A              #line 56 "d:\d200\product\git\bh66f2455_evm_cgm\2.code\bh66f2455_driver\example\eeprom_readwrite\source\main.c"
  56  003A  0F08        	mov a,8
  56  003B  0080     E  	mov _Eeprom_WriteBuf_2[4],a
  56  003C  1F00     E  	clr _Eeprom_WriteBuf_2[5]
  56  003D  0F00     R  	mov a,low offset _writeData
  56  003E  0080     E  	mov _Eeprom_WriteBuf_2[2],a
  56  003F  0F00     R  	mov a,high offset _writeData
  56  0040  0080     E  	mov _Eeprom_WriteBuf_2[3],a
  56  0041  1F00     E  	clr _Eeprom_WriteBuf_2[0]
  56  0042  1F00     E  	clr _Eeprom_WriteBuf_2[1]
  56  0043  2000     E  	call _Eeprom_WriteBuf
  57  0044              #line 57 "d:\d200\product\git\bh66f2455_evm_cgm\2.code\bh66f2455_driver\example\eeprom_readwrite\source\main.c"
  57  0044  0F08        	mov a,8
"File: main.c        Assembler  Version HGASM0202      Page 4

  57  0045  0080     E  	mov _Eeprom_ReadBuff_2[4],a
  57  0046  1F00     E  	clr _Eeprom_ReadBuff_2[5]
  57  0047  0F00     R  	mov a,low offset _readData
  57  0048  0080     E  	mov _Eeprom_ReadBuff_2[2],a
  57  0049  0F00     R  	mov a,high offset _readData
  57  004A  0080     E  	mov _Eeprom_ReadBuff_2[3],a
  57  004B  1F00     E  	clr _Eeprom_ReadBuff_2[0]
  57  004C  1F00     E  	clr _Eeprom_ReadBuff_2[1]
  57  004D  2000     E  	call _Eeprom_ReadBuff
  57  004E              #pragma debug scope 2 1
  34  004E              #line 34 "d:\d200\product\git\bh66f2455_evm_cgm\2.code\bh66f2455_driver\example\eeprom_readwrite\source\main.c"
  34  004E  2800     R  	jmp _L11
  34  004F              _L3:
  62  004F              #line 62 "d:\d200\product\git\bh66f2455_evm_cgm\2.code\bh66f2455_driver\example\eeprom_readwrite\source\main.c"
  62  004F              ;# 62 "d:\d200\product\git\bh66f2455_evm_cgm\2.code\bh66f2455_driver\example\eeprom_readwrite\source\main.c" 1
  62  004F  0001        	clr wdt
  62  0050              _L11:
  66  0050              #line 66 "d:\d200\product\git\bh66f2455_evm_cgm\2.code\bh66f2455_driver\example\eeprom_readwrite\source\main.c"
  66  0050              ;# 66 "d:\d200\product\git\bh66f2455_evm_cgm\2.code\bh66f2455_driver\example\eeprom_readwrite\source\main.c" 1
  66  0050  0001        	clr wdt
  67  0051              #line 67 "d:\d200\product\git\bh66f2455_evm_cgm\2.code\bh66f2455_driver\example\eeprom_readwrite\source\main.c"
  67  0051              ;# 67 "d:\d200\product\git\bh66f2455_evm_cgm\2.code\bh66f2455_driver\example\eeprom_readwrite\source\main.c" 1
  67  0051  0000        	nop
  67  0052  2800     R  	jmp _L11
  67  0053  2800     R  	jmp $
  67  0054              _main endp
  67  0054              
  67  0054              @dummy endp
  67  0054              
  67  0054              #line 67 "d:\d200\product\git\bh66f2455_evm_cgm\2.code\bh66f2455_driver\example\eeprom_readwrite\source\main.c"
  67  0054              #pragma debug scope 1 1
  28  0054              #line 28 "d:\d200\product\git\bh66f2455_evm_cgm\2.code\bh66f2455_driver\example\eeprom_readwrite\source\main.c"
  28  0054              public _readData
  28  0000              @HCCINIT0_readData .section 'data'
  28  0000  0008[       _readData	db 8 dup(0)
            00
            ]
  28  0008              #pragma debug array 43 8 8 1
  28  0008              #pragma debug array 43 8 8 1
  28  0008              #pragma debug variable 43 1 _readData "readData"
  28  0008              
  28  0000              @HCCINIT .section 'data'
  27  0000              #line 27 "d:\d200\product\git\bh66f2455_evm_cgm\2.code\bh66f2455_driver\example\eeprom_readwrite\source\main.c"
  27  0000              public _writeData
  27  0000              @HCCINIT0_writeData .section 'data'
  27  0000  0008[       _writeData	db 8 dup(0)
            00
            ]
  27  0008              #pragma debug variable 43 1 _writeData "writeData"
  27  0008              
  27  0000              @HCCINIT .section 'data'
  27  0000              #pragma debug struct_end
  27  0000              #pragma debug struct_end
  27  0000              #pragma debug union_end
  27  0000              #pragma debug union_end
  27  0000              #pragma debug variable 45 1 ___status "__status" 1
  31  0000              #line 31 "d:\d200\product\git\bh66f2455_evm_cgm\2.code\bh66f2455_driver\example\eeprom_readwrite\source\main.c"
  31  0000              @code .section at 0 'code'
  31  0000  2800     R  	jmp _main_startup1
  31  0001              
"File: main.c        Assembler  Version HGASM0202      Page 5

  31  0001              extern _Oscillators_Cfg_2:byte
  31  0001              extern _Oscillators_Cfg:near
  31  0001              extern _Ram_Clear:near
  31  0001              extern _Eeprom_WriteByte_2:byte
  31  0001              extern _Eeprom_WriteByte:near
  31  0001              extern _Eeprom_ReadByte_2:byte
  31  0001              extern _Eeprom_ReadByte:near
  31  0001              extern _Eeprom_WriteBuf_2:byte
  31  0001              extern _Eeprom_WriteBuf:near
  31  0001              extern _Eeprom_ReadBuff_2:byte
  31  0001              extern _Eeprom_ReadBuff:near
  31  0001              
  31  0001              ; 
  31  0001              ; Generated by holtek-gcc v3.19, Tue Jan 14 16:58:23 2025
  31  0001              ; Rebuild 718
  31  0001              ; end of file


        0 Errors, 0