<!doctype html public "-//w3c//dtd html 4.0 transitional//en">
<html><head>
<title>Static Call Graph - [.\Objects\ble_peripheral_mp.axf]</title></head>
<body><HR>
<H1>Static Call Graph for image .\Objects\ble_peripheral_mp.axf</H1><HR>
<BR><P>#&#060CALLGRAPH&#062# ARM Linker, 6180002: Last Updated: Thu Jul 30 15:34:26 2026
<BR><P>
<H3>Maximum Stack Usage =        152 bytes + Unknown(Cycles, Untraceable Function Pointers)</H3><H3>
Call chain for Maximum Stack Depth:</H3>
HardFault_Handler_Proc &rArr; __2printf &rArr; _printf_char_file &rArr; _printf_char_common &rArr; __printf
<P>
<H3>
Mutually Recursive functions
</H3> <LI><a href="#[3]">MemoryManagement_Handler</a>&nbsp;&nbsp;&nbsp;&rArr;&nbsp;&nbsp;&nbsp;<a href="#[3]">MemoryManagement_Handler</a><BR>
 <LI><a href="#[4]">BusFault_Handler</a>&nbsp;&nbsp;&nbsp;&rArr;&nbsp;&nbsp;&nbsp;<a href="#[4]">BusFault_Handler</a><BR>
 <LI><a href="#[5]">UsageFault_Handler</a>&nbsp;&nbsp;&nbsp;&rArr;&nbsp;&nbsp;&nbsp;<a href="#[5]">UsageFault_Handler</a><BR>
 <LI><a href="#[7]">DebugMon_Handler</a>&nbsp;&nbsp;&nbsp;&rArr;&nbsp;&nbsp;&nbsp;<a href="#[7]">DebugMon_Handler</a><BR>
 <LI><a href="#[a]">RTC_CH0_IRQ_Handler</a>&nbsp;&nbsp;&nbsp;&rArr;&nbsp;&nbsp;&nbsp;<a href="#[a]">RTC_CH0_IRQ_Handler</a><BR>
 <LI><a href="#[b]">GPADC0_IRQ_Handler</a>&nbsp;&nbsp;&nbsp;&rArr;&nbsp;&nbsp;&nbsp;<a href="#[b]">GPADC0_IRQ_Handler</a><BR>
 <LI><a href="#[c]">LLC_IRQ_Handler</a>&nbsp;&nbsp;&nbsp;&rArr;&nbsp;&nbsp;&nbsp;<a href="#[c]">LLC_IRQ_Handler</a><BR>
 <LI><a href="#[d]">I2S_IRQ_Handler</a>&nbsp;&nbsp;&nbsp;&rArr;&nbsp;&nbsp;&nbsp;<a href="#[d]">I2S_IRQ_Handler</a><BR>
 <LI><a href="#[e]">QDEC_IRQ_Handler</a>&nbsp;&nbsp;&nbsp;&rArr;&nbsp;&nbsp;&nbsp;<a href="#[e]">QDEC_IRQ_Handler</a><BR>
 <LI><a href="#[f]">AUDIO0_IRQ_Handler</a>&nbsp;&nbsp;&nbsp;&rArr;&nbsp;&nbsp;&nbsp;<a href="#[f]">AUDIO0_IRQ_Handler</a><BR>
 <LI><a href="#[10]">CRYPT0_IRQ_Handler</a>&nbsp;&nbsp;&nbsp;&rArr;&nbsp;&nbsp;&nbsp;<a href="#[10]">CRYPT0_IRQ_Handler</a><BR>
 <LI><a href="#[11]">TRNG_IRQ_Handler</a>&nbsp;&nbsp;&nbsp;&rArr;&nbsp;&nbsp;&nbsp;<a href="#[11]">TRNG_IRQ_Handler</a><BR>
 <LI><a href="#[12]">RF_CAL_IRQ_Handler</a>&nbsp;&nbsp;&nbsp;&rArr;&nbsp;&nbsp;&nbsp;<a href="#[12]">RF_CAL_IRQ_Handler</a><BR>
 <LI><a href="#[13]">UART0_IRQ_Handler</a>&nbsp;&nbsp;&nbsp;&rArr;&nbsp;&nbsp;&nbsp;<a href="#[13]">UART0_IRQ_Handler</a><BR>
 <LI><a href="#[14]">UART1_IRQ_Handler</a>&nbsp;&nbsp;&nbsp;&rArr;&nbsp;&nbsp;&nbsp;<a href="#[14]">UART1_IRQ_Handler</a><BR>
 <LI><a href="#[15]">UART2_IRQ_Handler</a>&nbsp;&nbsp;&nbsp;&rArr;&nbsp;&nbsp;&nbsp;<a href="#[15]">UART2_IRQ_Handler</a><BR>
 <LI><a href="#[16]">SPI0_IRQ_Handler</a>&nbsp;&nbsp;&nbsp;&rArr;&nbsp;&nbsp;&nbsp;<a href="#[16]">SPI0_IRQ_Handler</a><BR>
 <LI><a href="#[17]">SPI1_IRQ_Handler</a>&nbsp;&nbsp;&nbsp;&rArr;&nbsp;&nbsp;&nbsp;<a href="#[17]">SPI1_IRQ_Handler</a><BR>
 <LI><a href="#[18]">I2C0_IRQ_Handler</a>&nbsp;&nbsp;&nbsp;&rArr;&nbsp;&nbsp;&nbsp;<a href="#[18]">I2C0_IRQ_Handler</a><BR>
 <LI><a href="#[19]">I2C1_IRQ_Handler</a>&nbsp;&nbsp;&nbsp;&rArr;&nbsp;&nbsp;&nbsp;<a href="#[19]">I2C1_IRQ_Handler</a><BR>
 <LI><a href="#[1a]">I2C2_IRQ_Handler</a>&nbsp;&nbsp;&nbsp;&rArr;&nbsp;&nbsp;&nbsp;<a href="#[1a]">I2C2_IRQ_Handler</a><BR>
 <LI><a href="#[1b]">DMA_IRQ0_Handler</a>&nbsp;&nbsp;&nbsp;&rArr;&nbsp;&nbsp;&nbsp;<a href="#[1b]">DMA_IRQ0_Handler</a><BR>
 <LI><a href="#[1c]">DMA_IRQ4_Handler</a>&nbsp;&nbsp;&nbsp;&rArr;&nbsp;&nbsp;&nbsp;<a href="#[1c]">DMA_IRQ4_Handler</a><BR>
 <LI><a href="#[1d]">TIMER0_IRQ_Handler</a>&nbsp;&nbsp;&nbsp;&rArr;&nbsp;&nbsp;&nbsp;<a href="#[1d]">TIMER0_IRQ_Handler</a><BR>
 <LI><a href="#[1e]">GPIO_IRQ0_Handler</a>&nbsp;&nbsp;&nbsp;&rArr;&nbsp;&nbsp;&nbsp;<a href="#[1e]">GPIO_IRQ0_Handler</a><BR>
 <LI><a href="#[1f]">GPIO_IRQ1_Handler</a>&nbsp;&nbsp;&nbsp;&rArr;&nbsp;&nbsp;&nbsp;<a href="#[1f]">GPIO_IRQ1_Handler</a><BR>
 <LI><a href="#[20]">GPIO_IRQ2_Handler</a>&nbsp;&nbsp;&nbsp;&rArr;&nbsp;&nbsp;&nbsp;<a href="#[20]">GPIO_IRQ2_Handler</a><BR>
 <LI><a href="#[21]">PMU_IRQ_Handler</a>&nbsp;&nbsp;&nbsp;&rArr;&nbsp;&nbsp;&nbsp;<a href="#[21]">PMU_IRQ_Handler</a><BR>
 <LI><a href="#[22]">QSPI0_IRQ_Handler</a>&nbsp;&nbsp;&nbsp;&rArr;&nbsp;&nbsp;&nbsp;<a href="#[22]">QSPI0_IRQ_Handler</a><BR>
 <LI><a href="#[23]">QSPI1_IRQ_Handler</a>&nbsp;&nbsp;&nbsp;&rArr;&nbsp;&nbsp;&nbsp;<a href="#[23]">QSPI1_IRQ_Handler</a><BR>
 <LI><a href="#[24]">QSPI2_IRQ_Handler</a>&nbsp;&nbsp;&nbsp;&rArr;&nbsp;&nbsp;&nbsp;<a href="#[24]">QSPI2_IRQ_Handler</a><BR>
 <LI><a href="#[25]">QSPI3_IRQ_Handler</a>&nbsp;&nbsp;&nbsp;&rArr;&nbsp;&nbsp;&nbsp;<a href="#[25]">QSPI3_IRQ_Handler</a><BR>
 <LI><a href="#[26]">SW_IRQ0_Handler</a>&nbsp;&nbsp;&nbsp;&rArr;&nbsp;&nbsp;&nbsp;<a href="#[26]">SW_IRQ0_Handler</a><BR>
 <LI><a href="#[27]">SW_IRQ1_Handler</a>&nbsp;&nbsp;&nbsp;&rArr;&nbsp;&nbsp;&nbsp;<a href="#[27]">SW_IRQ1_Handler</a><BR>
 <LI><a href="#[28]">USB_IRQ_Handler</a>&nbsp;&nbsp;&nbsp;&rArr;&nbsp;&nbsp;&nbsp;<a href="#[28]">USB_IRQ_Handler</a><BR>
 <LI><a href="#[29]">RTC_CH3_IRQ_Handler</a>&nbsp;&nbsp;&nbsp;&rArr;&nbsp;&nbsp;&nbsp;<a href="#[29]">RTC_CH3_IRQ_Handler</a><BR>
 <LI><a href="#[2a]">DMA_IRQ1_Handler</a>&nbsp;&nbsp;&nbsp;&rArr;&nbsp;&nbsp;&nbsp;<a href="#[2a]">DMA_IRQ1_Handler</a><BR>
 <LI><a href="#[2b]">DMA_IRQ2_Handler</a>&nbsp;&nbsp;&nbsp;&rArr;&nbsp;&nbsp;&nbsp;<a href="#[2b]">DMA_IRQ2_Handler</a><BR>
 <LI><a href="#[2c]">DMA_IRQ3_Handler</a>&nbsp;&nbsp;&nbsp;&rArr;&nbsp;&nbsp;&nbsp;<a href="#[2c]">DMA_IRQ3_Handler</a><BR>
 <LI><a href="#[2d]">DMA_IRQ5_Handler</a>&nbsp;&nbsp;&nbsp;&rArr;&nbsp;&nbsp;&nbsp;<a href="#[2d]">DMA_IRQ5_Handler</a><BR>
 <LI><a href="#[2e]">DMA_IRQ6_Handler</a>&nbsp;&nbsp;&nbsp;&rArr;&nbsp;&nbsp;&nbsp;<a href="#[2e]">DMA_IRQ6_Handler</a><BR>
 <LI><a href="#[2f]">DMA_IRQ7_Handler</a>&nbsp;&nbsp;&nbsp;&rArr;&nbsp;&nbsp;&nbsp;<a href="#[2f]">DMA_IRQ7_Handler</a><BR>
 <LI><a href="#[30]">TIMER1_IRQ_Handler</a>&nbsp;&nbsp;&nbsp;&rArr;&nbsp;&nbsp;&nbsp;<a href="#[30]">TIMER1_IRQ_Handler</a><BR>
 <LI><a href="#[31]">TIMER2_IRQ_Handler</a>&nbsp;&nbsp;&nbsp;&rArr;&nbsp;&nbsp;&nbsp;<a href="#[31]">TIMER2_IRQ_Handler</a><BR>
 <LI><a href="#[32]">TIMER3_IRQ_Handler</a>&nbsp;&nbsp;&nbsp;&rArr;&nbsp;&nbsp;&nbsp;<a href="#[32]">TIMER3_IRQ_Handler</a><BR>
 <LI><a href="#[33]">SW_IRQ2_Handler</a>&nbsp;&nbsp;&nbsp;&rArr;&nbsp;&nbsp;&nbsp;<a href="#[33]">SW_IRQ2_Handler</a><BR>
 <LI><a href="#[34]">FP_IRQ_Handler</a>&nbsp;&nbsp;&nbsp;&rArr;&nbsp;&nbsp;&nbsp;<a href="#[34]">FP_IRQ_Handler</a><BR>
 <LI><a href="#[35]">RTC_CH1_IRQ_Handler</a>&nbsp;&nbsp;&nbsp;&rArr;&nbsp;&nbsp;&nbsp;<a href="#[35]">RTC_CH1_IRQ_Handler</a><BR>
 <LI><a href="#[36]">RTC_CH2_IRQ_Handler</a>&nbsp;&nbsp;&nbsp;&rArr;&nbsp;&nbsp;&nbsp;<a href="#[36]">RTC_CH2_IRQ_Handler</a><BR>
 <LI><a href="#[37]">AUDIO1_IRQ_Handler</a>&nbsp;&nbsp;&nbsp;&rArr;&nbsp;&nbsp;&nbsp;<a href="#[37]">AUDIO1_IRQ_Handler</a><BR>
 <LI><a href="#[38]">GPADC1_IRQ_Handler</a>&nbsp;&nbsp;&nbsp;&rArr;&nbsp;&nbsp;&nbsp;<a href="#[38]">GPADC1_IRQ_Handler</a><BR>
 <LI><a href="#[39]">I2C3_IRQ_Handler</a>&nbsp;&nbsp;&nbsp;&rArr;&nbsp;&nbsp;&nbsp;<a href="#[39]">I2C3_IRQ_Handler</a><BR>
 <LI><a href="#[3a]">USB_PHY_IRQ_Handler</a>&nbsp;&nbsp;&nbsp;&rArr;&nbsp;&nbsp;&nbsp;<a href="#[3a]">USB_PHY_IRQ_Handler</a><BR>
 <LI><a href="#[3b]">STIM0_IRQ0_Handler</a>&nbsp;&nbsp;&nbsp;&rArr;&nbsp;&nbsp;&nbsp;<a href="#[3b]">STIM0_IRQ0_Handler</a><BR>
 <LI><a href="#[3c]">STIM0_IRQ1_Handler</a>&nbsp;&nbsp;&nbsp;&rArr;&nbsp;&nbsp;&nbsp;<a href="#[3c]">STIM0_IRQ1_Handler</a><BR>
 <LI><a href="#[3d]">STIM0_IRQ2_Handler</a>&nbsp;&nbsp;&nbsp;&rArr;&nbsp;&nbsp;&nbsp;<a href="#[3d]">STIM0_IRQ2_Handler</a><BR>
 <LI><a href="#[3e]">STIM0_IRQ3_Handler</a>&nbsp;&nbsp;&nbsp;&rArr;&nbsp;&nbsp;&nbsp;<a href="#[3e]">STIM0_IRQ3_Handler</a><BR>
 <LI><a href="#[3f]">STIM1_IRQ0_Handler</a>&nbsp;&nbsp;&nbsp;&rArr;&nbsp;&nbsp;&nbsp;<a href="#[3f]">STIM1_IRQ0_Handler</a><BR>
 <LI><a href="#[40]">STIM1_IRQ1_Handler</a>&nbsp;&nbsp;&nbsp;&rArr;&nbsp;&nbsp;&nbsp;<a href="#[40]">STIM1_IRQ1_Handler</a><BR>
 <LI><a href="#[41]">STIM1_IRQ2_Handler</a>&nbsp;&nbsp;&nbsp;&rArr;&nbsp;&nbsp;&nbsp;<a href="#[41]">STIM1_IRQ2_Handler</a><BR>
 <LI><a href="#[42]">STIM1_IRQ3_Handler</a>&nbsp;&nbsp;&nbsp;&rArr;&nbsp;&nbsp;&nbsp;<a href="#[42]">STIM1_IRQ3_Handler</a><BR>
 <LI><a href="#[43]">WDT1_IRQ_Handler</a>&nbsp;&nbsp;&nbsp;&rArr;&nbsp;&nbsp;&nbsp;<a href="#[43]">WDT1_IRQ_Handler</a><BR>
 <LI><a href="#[44]">CRYPT1_IRQ_Handler</a>&nbsp;&nbsp;&nbsp;&rArr;&nbsp;&nbsp;&nbsp;<a href="#[44]">CRYPT1_IRQ_Handler</a><BR>
</UL>
<P>
<H3>
Function Pointers
</H3><UL>
 <LI><a href="#[f]">AUDIO0_IRQ_Handler</a> from startup_armcm33.o(.text) referenced from startup_armcm33.o(RESET)
 <LI><a href="#[37]">AUDIO1_IRQ_Handler</a> from startup_armcm33.o(.text) referenced from startup_armcm33.o(RESET)
 <LI><a href="#[4]">BusFault_Handler</a> from startup_armcm33.o(.text) referenced from startup_armcm33.o(RESET)
 <LI><a href="#[10]">CRYPT0_IRQ_Handler</a> from startup_armcm33.o(.text) referenced from startup_armcm33.o(RESET)
 <LI><a href="#[44]">CRYPT1_IRQ_Handler</a> from startup_armcm33.o(.text) referenced from startup_armcm33.o(RESET)
 <LI><a href="#[1b]">DMA_IRQ0_Handler</a> from startup_armcm33.o(.text) referenced from startup_armcm33.o(RESET)
 <LI><a href="#[2a]">DMA_IRQ1_Handler</a> from startup_armcm33.o(.text) referenced from startup_armcm33.o(RESET)
 <LI><a href="#[2b]">DMA_IRQ2_Handler</a> from startup_armcm33.o(.text) referenced from startup_armcm33.o(RESET)
 <LI><a href="#[2c]">DMA_IRQ3_Handler</a> from startup_armcm33.o(.text) referenced from startup_armcm33.o(RESET)
 <LI><a href="#[1c]">DMA_IRQ4_Handler</a> from startup_armcm33.o(.text) referenced from startup_armcm33.o(RESET)
 <LI><a href="#[2d]">DMA_IRQ5_Handler</a> from startup_armcm33.o(.text) referenced from startup_armcm33.o(RESET)
 <LI><a href="#[2e]">DMA_IRQ6_Handler</a> from startup_armcm33.o(.text) referenced from startup_armcm33.o(RESET)
 <LI><a href="#[2f]">DMA_IRQ7_Handler</a> from startup_armcm33.o(.text) referenced from startup_armcm33.o(RESET)
 <LI><a href="#[7]">DebugMon_Handler</a> from startup_armcm33.o(.text) referenced from startup_armcm33.o(RESET)
 <LI><a href="#[34]">FP_IRQ_Handler</a> from startup_armcm33.o(.text) referenced from startup_armcm33.o(RESET)
 <LI><a href="#[b]">GPADC0_IRQ_Handler</a> from startup_armcm33.o(.text) referenced from startup_armcm33.o(RESET)
 <LI><a href="#[38]">GPADC1_IRQ_Handler</a> from startup_armcm33.o(.text) referenced from startup_armcm33.o(RESET)
 <LI><a href="#[1e]">GPIO_IRQ0_Handler</a> from startup_armcm33.o(.text) referenced from startup_armcm33.o(RESET)
 <LI><a href="#[1f]">GPIO_IRQ1_Handler</a> from startup_armcm33.o(.text) referenced from startup_armcm33.o(RESET)
 <LI><a href="#[20]">GPIO_IRQ2_Handler</a> from startup_armcm33.o(.text) referenced from startup_armcm33.o(RESET)
 <LI><a href="#[2]">HardFault_Handler</a> from startup_armcm33.o(.text) referenced from startup_armcm33.o(RESET)
 <LI><a href="#[48]">HardFault_Handler_Proc</a> from err_debug.o(.text.HardFault_Handler_Proc) referenced from startup_armcm33.o(.text)
 <LI><a href="#[18]">I2C0_IRQ_Handler</a> from startup_armcm33.o(.text) referenced from startup_armcm33.o(RESET)
 <LI><a href="#[19]">I2C1_IRQ_Handler</a> from startup_armcm33.o(.text) referenced from startup_armcm33.o(RESET)
 <LI><a href="#[1a]">I2C2_IRQ_Handler</a> from startup_armcm33.o(.text) referenced from startup_armcm33.o(RESET)
 <LI><a href="#[39]">I2C3_IRQ_Handler</a> from startup_armcm33.o(.text) referenced from startup_armcm33.o(RESET)
 <LI><a href="#[d]">I2S_IRQ_Handler</a> from startup_armcm33.o(.text) referenced from startup_armcm33.o(RESET)
 <LI><a href="#[c]">LLC_IRQ_Handler</a> from startup_armcm33.o(.text) referenced from startup_armcm33.o(RESET)
 <LI><a href="#[3]">MemoryManagement_Handler</a> from startup_armcm33.o(.text) referenced from startup_armcm33.o(RESET)
 <LI><a href="#[1]">NMI_Handler</a> from startup_armcm33.o(.text) referenced from startup_armcm33.o(RESET)
 <LI><a href="#[47]">NMI_Handler_Proc</a> from err_debug.o(.text.NMI_Handler_Proc) referenced from startup_armcm33.o(.text)
 <LI><a href="#[21]">PMU_IRQ_Handler</a> from startup_armcm33.o(.text) referenced from startup_armcm33.o(RESET)
 <LI><a href="#[8]">PendSV_Handler</a> from ht32f675x5_rom_lib_mp_r2.lib(ABSOLUTE) referenced from startup_armcm33.o(RESET)
 <LI><a href="#[e]">QDEC_IRQ_Handler</a> from startup_armcm33.o(.text) referenced from startup_armcm33.o(RESET)
 <LI><a href="#[22]">QSPI0_IRQ_Handler</a> from startup_armcm33.o(.text) referenced from startup_armcm33.o(RESET)
 <LI><a href="#[23]">QSPI1_IRQ_Handler</a> from startup_armcm33.o(.text) referenced from startup_armcm33.o(RESET)
 <LI><a href="#[24]">QSPI2_IRQ_Handler</a> from startup_armcm33.o(.text) referenced from startup_armcm33.o(RESET)
 <LI><a href="#[25]">QSPI3_IRQ_Handler</a> from startup_armcm33.o(.text) referenced from startup_armcm33.o(RESET)
 <LI><a href="#[12]">RF_CAL_IRQ_Handler</a> from startup_armcm33.o(.text) referenced from startup_armcm33.o(RESET)
 <LI><a href="#[a]">RTC_CH0_IRQ_Handler</a> from startup_armcm33.o(.text) referenced from startup_armcm33.o(RESET)
 <LI><a href="#[35]">RTC_CH1_IRQ_Handler</a> from startup_armcm33.o(.text) referenced from startup_armcm33.o(RESET)
 <LI><a href="#[36]">RTC_CH2_IRQ_Handler</a> from startup_armcm33.o(.text) referenced from startup_armcm33.o(RESET)
 <LI><a href="#[29]">RTC_CH3_IRQ_Handler</a> from startup_armcm33.o(.text) referenced from startup_armcm33.o(RESET)
 <LI><a href="#[0]">Reset_Handler</a> from startup_armcm33.o(.text) referenced from startup_armcm33.o(RESET)
 <LI><a href="#[16]">SPI0_IRQ_Handler</a> from startup_armcm33.o(.text) referenced from startup_armcm33.o(RESET)
 <LI><a href="#[17]">SPI1_IRQ_Handler</a> from startup_armcm33.o(.text) referenced from startup_armcm33.o(RESET)
 <LI><a href="#[3b]">STIM0_IRQ0_Handler</a> from startup_armcm33.o(.text) referenced from startup_armcm33.o(RESET)
 <LI><a href="#[3c]">STIM0_IRQ1_Handler</a> from startup_armcm33.o(.text) referenced from startup_armcm33.o(RESET)
 <LI><a href="#[3d]">STIM0_IRQ2_Handler</a> from startup_armcm33.o(.text) referenced from startup_armcm33.o(RESET)
 <LI><a href="#[3e]">STIM0_IRQ3_Handler</a> from startup_armcm33.o(.text) referenced from startup_armcm33.o(RESET)
 <LI><a href="#[3f]">STIM1_IRQ0_Handler</a> from startup_armcm33.o(.text) referenced from startup_armcm33.o(RESET)
 <LI><a href="#[40]">STIM1_IRQ1_Handler</a> from startup_armcm33.o(.text) referenced from startup_armcm33.o(RESET)
 <LI><a href="#[41]">STIM1_IRQ2_Handler</a> from startup_armcm33.o(.text) referenced from startup_armcm33.o(RESET)
 <LI><a href="#[42]">STIM1_IRQ3_Handler</a> from startup_armcm33.o(.text) referenced from startup_armcm33.o(RESET)
 <LI><a href="#[6]">SVC_Handler</a> from ht32f675x5_rom_lib_mp_r2.lib(ABSOLUTE) referenced from startup_armcm33.o(RESET)
 <LI><a href="#[26]">SW_IRQ0_Handler</a> from startup_armcm33.o(.text) referenced from startup_armcm33.o(RESET)
 <LI><a href="#[27]">SW_IRQ1_Handler</a> from startup_armcm33.o(.text) referenced from startup_armcm33.o(RESET)
 <LI><a href="#[33]">SW_IRQ2_Handler</a> from startup_armcm33.o(.text) referenced from startup_armcm33.o(RESET)
 <LI><a href="#[9]">SysTick_Handler</a> from ht32f675x5_rom_lib_mp_r2.lib(ABSOLUTE) referenced from startup_armcm33.o(RESET)
 <LI><a href="#[45]">SystemInit</a> from system_armcm33.o(.text.SystemInit) referenced from startup_armcm33.o(.text)
 <LI><a href="#[1d]">TIMER0_IRQ_Handler</a> from startup_armcm33.o(.text) referenced from startup_armcm33.o(RESET)
 <LI><a href="#[30]">TIMER1_IRQ_Handler</a> from startup_armcm33.o(.text) referenced from startup_armcm33.o(RESET)
 <LI><a href="#[31]">TIMER2_IRQ_Handler</a> from startup_armcm33.o(.text) referenced from startup_armcm33.o(RESET)
 <LI><a href="#[32]">TIMER3_IRQ_Handler</a> from startup_armcm33.o(.text) referenced from startup_armcm33.o(RESET)
 <LI><a href="#[11]">TRNG_IRQ_Handler</a> from startup_armcm33.o(.text) referenced from startup_armcm33.o(RESET)
 <LI><a href="#[13]">UART0_IRQ_Handler</a> from startup_armcm33.o(.text) referenced from startup_armcm33.o(RESET)
 <LI><a href="#[14]">UART1_IRQ_Handler</a> from startup_armcm33.o(.text) referenced from startup_armcm33.o(RESET)
 <LI><a href="#[15]">UART2_IRQ_Handler</a> from startup_armcm33.o(.text) referenced from startup_armcm33.o(RESET)
 <LI><a href="#[28]">USB_IRQ_Handler</a> from startup_armcm33.o(.text) referenced from startup_armcm33.o(RESET)
 <LI><a href="#[3a]">USB_PHY_IRQ_Handler</a> from startup_armcm33.o(.text) referenced from startup_armcm33.o(RESET)
 <LI><a href="#[5]">UsageFault_Handler</a> from startup_armcm33.o(.text) referenced from startup_armcm33.o(RESET)
 <LI><a href="#[43]">WDT1_IRQ_Handler</a> from startup_armcm33.o(.text) referenced from startup_armcm33.o(RESET)
 <LI><a href="#[46]">__main</a> from __main.o(!!!main) referenced from startup_armcm33.o(.text)
 <LI><a href="#[49]">_printf_input_char</a> from _printf_char_common.o(.text) referenced from _printf_char_common.o(.text)
 <LI><a href="#[4a]">fputc</a> from app_debug.o(.text.fputc) referenced from _printf_char_file.o(.text)
 <LI><a href="#[4e]">lpwr_after_wakeup</a> from main.o(.text.lpwr_after_wakeup) referenced 2 times from main.o(.text.main)
 <LI><a href="#[4d]">lpwr_before_sleep</a> from main.o(.text.lpwr_before_sleep) referenced 2 times from main.o(.text.main)
 <LI><a href="#[4b]">os_error_handler</a> from err_debug.o(.text.os_error_handler) referenced 2 times from err_debug.o(.text.err_debug_init)
 <LI><a href="#[4c]">system_error_handler</a> from err_debug.o(.text.system_error_handler) referenced 2 times from err_debug.o(.text.err_debug_init)
</UL>
<P>
<H3>
Global Symbols
</H3>
<P><STRONG><a name="[6]"></a>SVC_Handler</STRONG> (Thumb, 0 bytes, Stack size 0 bytes, ht32f675x5_rom_lib_mp_r2.lib(ABSOLUTE), UNUSED)
<BR>[Address Reference Count : 1]<UL><LI> startup_armcm33.o(RESET)
</UL>
<P><STRONG><a name="[8]"></a>PendSV_Handler</STRONG> (Thumb, 0 bytes, Stack size 0 bytes, ht32f675x5_rom_lib_mp_r2.lib(ABSOLUTE), UNUSED)
<BR>[Address Reference Count : 1]<UL><LI> startup_armcm33.o(RESET)
</UL>
<P><STRONG><a name="[9]"></a>SysTick_Handler</STRONG> (Thumb, 0 bytes, Stack size 0 bytes, ht32f675x5_rom_lib_mp_r2.lib(ABSOLUTE), UNUSED)
<BR>[Address Reference Count : 1]<UL><LI> startup_armcm33.o(RESET)
</UL>
<P><STRONG><a name="[ad]"></a>rom_delay_ms</STRONG> (Thumb, 0 bytes, Stack size 0 bytes, ht32f675x5_rom_lib_mp_r2.lib(ABSOLUTE))
<BR><BR>[Called By]<UL><LI><a href="#[65]">&gt;&gt;</a>&nbsp;&nbsp;&nbsp;main (via Veneer)
</UL>

<P><STRONG><a name="[d9]"></a>rom_delay_us</STRONG> (Thumb, 0 bytes, Stack size 0 bytes, ht32f675x5_rom_lib_mp_r2.lib(ABSOLUTE), UNUSED)
<BR><BR>[Called By]<UL><LI><a href="#[e8]">&gt;&gt;</a>&nbsp;&nbsp;&nbsp;patch_hw_flash_write_bytes_in_page_suspendable (via Veneer)
<LI><a href="#[d8]">&gt;&gt;</a>&nbsp;&nbsp;&nbsp;patch_hw_flash_get_unique_id (via Veneer)
</UL>

<P><STRONG><a name="[b7]"></a>rom_hal_pmu_cfg_dcxo_hclk_param</STRONG> (Thumb, 0 bytes, Stack size 0 bytes, ht32f675x5_rom_lib_mp_r2.lib(ABSOLUTE))
<BR><BR>[Called By]<UL><LI><a href="#[65]">&gt;&gt;</a>&nbsp;&nbsp;&nbsp;main (via Veneer)
</UL>

<P><STRONG><a name="[b3]"></a>rom_hal_pmu_sel_power_act_out_mode</STRONG> (Thumb, 0 bytes, Stack size 0 bytes, ht32f675x5_rom_lib_mp_r2.lib(ABSOLUTE))
<BR><BR>[Called By]<UL><LI><a href="#[65]">&gt;&gt;</a>&nbsp;&nbsp;&nbsp;main (via Veneer)
</UL>

<P><STRONG><a name="[b8]"></a>rom_hal_pmu_set_sys_clk_src</STRONG> (Thumb, 0 bytes, Stack size 0 bytes, ht32f675x5_rom_lib_mp_r2.lib(ABSOLUTE))
<BR><BR>[Called By]<UL><LI><a href="#[65]">&gt;&gt;</a>&nbsp;&nbsp;&nbsp;main (via Veneer)
<LI><a href="#[c0]">&gt;&gt;</a>&nbsp;&nbsp;&nbsp;lpwr_ctrl_goto_sleep (via Veneer)
</UL>

<P><STRONG><a name="[c7]"></a>rom_hw_cache_init</STRONG> (Thumb, 0 bytes, Stack size 0 bytes, ht32f675x5_rom_lib_mp_r2.lib(ABSOLUTE))
<BR><BR>[Called By]<UL><LI><a href="#[c0]">&gt;&gt;</a>&nbsp;&nbsp;&nbsp;lpwr_ctrl_goto_sleep (via Veneer)
</UL>

<P><STRONG><a name="[a3]"></a>rom_hw_crg_enable_clk_gate</STRONG> (Thumb, 0 bytes, Stack size 0 bytes, ht32f675x5_rom_lib_mp_r2.lib(ABSOLUTE))
<BR><BR>[Called By]<UL><LI><a href="#[9f]">&gt;&gt;</a>&nbsp;&nbsp;&nbsp;app_debug_reinit (via Veneer)
<LI><a href="#[65]">&gt;&gt;</a>&nbsp;&nbsp;&nbsp;main (via Veneer)
</UL>

<P><STRONG><a name="[c3]"></a>rom_hw_crg_get_sys_clk_src</STRONG> (Thumb, 0 bytes, Stack size 0 bytes, ht32f675x5_rom_lib_mp_r2.lib(ABSOLUTE))
<BR><BR>[Called By]<UL><LI><a href="#[c0]">&gt;&gt;</a>&nbsp;&nbsp;&nbsp;lpwr_ctrl_goto_sleep (via Veneer)
</UL>

<P><STRONG><a name="[bc]"></a>rom_hw_crg_keep_reset</STRONG> (Thumb, 0 bytes, Stack size 0 bytes, ht32f675x5_rom_lib_mp_r2.lib(ABSOLUTE))
<BR><BR>[Called By]<UL><LI><a href="#[65]">&gt;&gt;</a>&nbsp;&nbsp;&nbsp;main (via Veneer)
</UL>

<P><STRONG><a name="[bf]"></a>rom_hw_crg_release_reset</STRONG> (Thumb, 0 bytes, Stack size 0 bytes, ht32f675x5_rom_lib_mp_r2.lib(ABSOLUTE))
<BR><BR>[Called By]<UL><LI><a href="#[65]">&gt;&gt;</a>&nbsp;&nbsp;&nbsp;main (via Veneer)
</UL>

<P><STRONG><a name="[a9]"></a>rom_hw_efuse_read_bytes</STRONG> (Thumb, 0 bytes, Stack size 0 bytes, ht32f675x5_rom_lib_mp_r2.lib(ABSOLUTE))
<BR><BR>[Called By]<UL><LI><a href="#[65]">&gt;&gt;</a>&nbsp;&nbsp;&nbsp;main (via Veneer)
<LI><a href="#[a8]">&gt;&gt;</a>&nbsp;&nbsp;&nbsp;lpwr_ctrl_init (via Veneer)
</UL>

<P><STRONG><a name="[e1]"></a>rom_hw_flash_chip_erase</STRONG> (Thumb, 0 bytes, Stack size 0 bytes, ht32f675x5_rom_lib_mp_r2.lib(ABSOLUTE), UNUSED)
<BR><BR>[Called By]<UL><LI><a href="#[e0]">&gt;&gt;</a>&nbsp;&nbsp;&nbsp;patch_hw_flash_chip_erase (via Veneer)
</UL>

<P><STRONG><a name="[db]"></a>rom_hw_flash_enter_deep_power_down</STRONG> (Thumb, 0 bytes, Stack size 0 bytes, ht32f675x5_rom_lib_mp_r2.lib(ABSOLUTE))
<BR><BR>[Called By]<UL><LI><a href="#[c5]">&gt;&gt;</a>&nbsp;&nbsp;&nbsp;patch_hw_flash_enter_deep_power_down (via Veneer)
</UL>

<P><STRONG><a name="[df]"></a>rom_hw_flash_erase</STRONG> (Thumb, 0 bytes, Stack size 0 bytes, ht32f675x5_rom_lib_mp_r2.lib(ABSOLUTE), UNUSED)
<BR><BR>[Called By]<UL><LI><a href="#[de]">&gt;&gt;</a>&nbsp;&nbsp;&nbsp;patch_hw_flash_erase (via Veneer)
</UL>

<P><STRONG><a name="[d5]"></a>rom_hw_flash_exit_abnormal_state</STRONG> (Thumb, 0 bytes, Stack size 0 bytes, ht32f675x5_rom_lib_mp_r2.lib(ABSOLUTE), UNUSED)
<BR><BR>[Called By]<UL><LI><a href="#[d4]">&gt;&gt;</a>&nbsp;&nbsp;&nbsp;patch_hw_flash_exit_abnormal_state (via Veneer)
</UL>

<P><STRONG><a name="[d7]"></a>rom_hw_flash_get_id</STRONG> (Thumb, 0 bytes, Stack size 0 bytes, ht32f675x5_rom_lib_mp_r2.lib(ABSOLUTE), UNUSED)
<BR><BR>[Called By]<UL><LI><a href="#[d6]">&gt;&gt;</a>&nbsp;&nbsp;&nbsp;patch_hw_flash_get_id (via Veneer)
</UL>

<P><STRONG><a name="[e5]"></a>rom_hw_flash_read_bytes</STRONG> (Thumb, 0 bytes, Stack size 0 bytes, ht32f675x5_rom_lib_mp_r2.lib(ABSOLUTE), UNUSED)
<BR><BR>[Called By]<UL><LI><a href="#[e4]">&gt;&gt;</a>&nbsp;&nbsp;&nbsp;patch_hw_flash_read_bytes (via Veneer)
</UL>

<P><STRONG><a name="[cb]"></a>rom_hw_flash_read_status</STRONG> (Thumb, 0 bytes, Stack size 0 bytes, ht32f675x5_rom_lib_mp_r2.lib(ABSOLUTE), UNUSED)
<BR><BR>[Called By]<UL><LI><a href="#[ca]">&gt;&gt;</a>&nbsp;&nbsp;&nbsp;patch_hw_flash_read_status (via Veneer)
</UL>

<P><STRONG><a name="[cf]"></a>rom_hw_flash_read_status_high</STRONG> (Thumb, 0 bytes, Stack size 0 bytes, ht32f675x5_rom_lib_mp_r2.lib(ABSOLUTE), UNUSED)
<BR><BR>[Called By]<UL><LI><a href="#[ce]">&gt;&gt;</a>&nbsp;&nbsp;&nbsp;patch_hw_flash_read_status_high (via Veneer)
</UL>

<P><STRONG><a name="[d1]"></a>rom_hw_flash_read_status_low</STRONG> (Thumb, 0 bytes, Stack size 0 bytes, ht32f675x5_rom_lib_mp_r2.lib(ABSOLUTE), UNUSED)
<BR><BR>[Called By]<UL><LI><a href="#[d0]">&gt;&gt;</a>&nbsp;&nbsp;&nbsp;patch_hw_flash_read_status_low (via Veneer)
</UL>

<P><STRONG><a name="[dc]"></a>rom_hw_flash_release_deep_power_down</STRONG> (Thumb, 0 bytes, Stack size 0 bytes, ht32f675x5_rom_lib_mp_r2.lib(ABSOLUTE))
<BR><BR>[Called By]<UL><LI><a href="#[c6]">&gt;&gt;</a>&nbsp;&nbsp;&nbsp;patch_hw_flash_release_deep_power_down (via Veneer)
</UL>

<P><STRONG><a name="[e7]"></a>rom_hw_flash_release_read_enhanced</STRONG> (Thumb, 0 bytes, Stack size 0 bytes, ht32f675x5_rom_lib_mp_r2.lib(ABSOLUTE), UNUSED)
<BR><BR>[Called By]<UL><LI><a href="#[e9]">&gt;&gt;</a>&nbsp;&nbsp;&nbsp;patch_hw_flash_write_bytes_suspendable (via Veneer)
<LI><a href="#[e6]">&gt;&gt;</a>&nbsp;&nbsp;&nbsp;patch_hw_flash_erase_suspendable (via Veneer)
</UL>

<P><STRONG><a name="[c9]"></a>rom_hw_flash_send_command</STRONG> (Thumb, 0 bytes, Stack size 0 bytes, ht32f675x5_rom_lib_mp_r2.lib(ABSOLUTE))
<BR><BR>[Called By]<UL><LI><a href="#[e8]">&gt;&gt;</a>&nbsp;&nbsp;&nbsp;patch_hw_flash_write_bytes_in_page_suspendable (via Veneer)
<LI><a href="#[dd]">&gt;&gt;</a>&nbsp;&nbsp;&nbsp;patch_hw_flash_set_block_protect (via Veneer)
<LI><a href="#[c8]">&gt;&gt;</a>&nbsp;&nbsp;&nbsp;patch_hw_flash_release_read_enhanced (via Veneer)
<LI><a href="#[d8]">&gt;&gt;</a>&nbsp;&nbsp;&nbsp;patch_hw_flash_get_unique_id (via Veneer)
<LI><a href="#[e6]">&gt;&gt;</a>&nbsp;&nbsp;&nbsp;patch_hw_flash_erase_suspendable (via Veneer)
</UL>

<P><STRONG><a name="[d3]"></a>rom_hw_flash_set_quad_enable</STRONG> (Thumb, 0 bytes, Stack size 0 bytes, ht32f675x5_rom_lib_mp_r2.lib(ABSOLUTE), UNUSED)
<BR><BR>[Called By]<UL><LI><a href="#[d2]">&gt;&gt;</a>&nbsp;&nbsp;&nbsp;patch_hw_flash_set_quad_enable (via Veneer)
</UL>

<P><STRONG><a name="[da]"></a>rom_hw_flash_wait_idle</STRONG> (Thumb, 0 bytes, Stack size 0 bytes, ht32f675x5_rom_lib_mp_r2.lib(ABSOLUTE), UNUSED)
<BR><BR>[Called By]<UL><LI><a href="#[e8]">&gt;&gt;</a>&nbsp;&nbsp;&nbsp;patch_hw_flash_write_bytes_in_page_suspendable (via Veneer)
<LI><a href="#[dd]">&gt;&gt;</a>&nbsp;&nbsp;&nbsp;patch_hw_flash_set_block_protect (via Veneer)
<LI><a href="#[d8]">&gt;&gt;</a>&nbsp;&nbsp;&nbsp;patch_hw_flash_get_unique_id (via Veneer)
<LI><a href="#[e6]">&gt;&gt;</a>&nbsp;&nbsp;&nbsp;patch_hw_flash_erase_suspendable (via Veneer)
</UL>

<P><STRONG><a name="[e3]"></a>rom_hw_flash_write_bytes</STRONG> (Thumb, 0 bytes, Stack size 0 bytes, ht32f675x5_rom_lib_mp_r2.lib(ABSOLUTE), UNUSED)
<BR><BR>[Called By]<UL><LI><a href="#[e2]">&gt;&gt;</a>&nbsp;&nbsp;&nbsp;patch_hw_flash_write_bytes (via Veneer)
</UL>

<P><STRONG><a name="[cd]"></a>rom_hw_flash_write_status</STRONG> (Thumb, 0 bytes, Stack size 0 bytes, ht32f675x5_rom_lib_mp_r2.lib(ABSOLUTE), UNUSED)
<BR><BR>[Called By]<UL><LI><a href="#[cc]">&gt;&gt;</a>&nbsp;&nbsp;&nbsp;patch_hw_flash_write_status (via Veneer)
</UL>

<P><STRONG><a name="[a4]"></a>rom_hw_gpio_set_pin_pid</STRONG> (Thumb, 0 bytes, Stack size 0 bytes, ht32f675x5_rom_lib_mp_r2.lib(ABSOLUTE))
<BR><BR>[Called By]<UL><LI><a href="#[9f]">&gt;&gt;</a>&nbsp;&nbsp;&nbsp;app_debug_reinit (via Veneer)
</UL>

<P><STRONG><a name="[a5]"></a>rom_hw_gpio_set_pin_pull_mode</STRONG> (Thumb, 0 bytes, Stack size 0 bytes, ht32f675x5_rom_lib_mp_r2.lib(ABSOLUTE))
<BR><BR>[Called By]<UL><LI><a href="#[9f]">&gt;&gt;</a>&nbsp;&nbsp;&nbsp;app_debug_reinit (via Veneer)
<LI><a href="#[a8]">&gt;&gt;</a>&nbsp;&nbsp;&nbsp;lpwr_ctrl_init (via Veneer)
</UL>

<P><STRONG><a name="[c1]"></a>rom_hw_pmu_clr_sram_block_ret</STRONG> (Thumb, 0 bytes, Stack size 0 bytes, ht32f675x5_rom_lib_mp_r2.lib(ABSOLUTE))
<BR><BR>[Called By]<UL><LI><a href="#[bb]">&gt;&gt;</a>&nbsp;&nbsp;&nbsp;patch_hal_pmu_set_sram_ret (via Veneer)
</UL>

<P><STRONG><a name="[af]"></a>rom_hw_pmu_dcdc_init</STRONG> (Thumb, 0 bytes, Stack size 0 bytes, ht32f675x5_rom_lib_mp_r2.lib(ABSOLUTE))
<BR><BR>[Called By]<UL><LI><a href="#[65]">&gt;&gt;</a>&nbsp;&nbsp;&nbsp;main (via Veneer)
</UL>

<P><STRONG><a name="[b6]"></a>rom_hw_pmu_sel_dcxo_hclk_pwr</STRONG> (Thumb, 0 bytes, Stack size 0 bytes, ht32f675x5_rom_lib_mp_r2.lib(ABSOLUTE))
<BR><BR>[Called By]<UL><LI><a href="#[65]">&gt;&gt;</a>&nbsp;&nbsp;&nbsp;main (via Veneer)
</UL>

<P><STRONG><a name="[b0]"></a>rom_hw_pmu_set_dcdc_act_voltage</STRONG> (Thumb, 0 bytes, Stack size 0 bytes, ht32f675x5_rom_lib_mp_r2.lib(ABSOLUTE))
<BR><BR>[Called By]<UL><LI><a href="#[65]">&gt;&gt;</a>&nbsp;&nbsp;&nbsp;main (via Veneer)
</UL>

<P><STRONG><a name="[ae]"></a>rom_hw_pmu_set_ldo_act_voltage</STRONG> (Thumb, 0 bytes, Stack size 0 bytes, ht32f675x5_rom_lib_mp_r2.lib(ABSOLUTE))
<BR><BR>[Called By]<UL><LI><a href="#[65]">&gt;&gt;</a>&nbsp;&nbsp;&nbsp;main (via Veneer)
</UL>

<P><STRONG><a name="[b1]"></a>rom_hw_pmu_set_ldo_dig_voltage</STRONG> (Thumb, 0 bytes, Stack size 0 bytes, ht32f675x5_rom_lib_mp_r2.lib(ABSOLUTE))
<BR><BR>[Called By]<UL><LI><a href="#[65]">&gt;&gt;</a>&nbsp;&nbsp;&nbsp;main (via Veneer)
</UL>

<P><STRONG><a name="[b2]"></a>rom_hw_pmu_set_ldo_ret_sleep_voltage</STRONG> (Thumb, 0 bytes, Stack size 0 bytes, ht32f675x5_rom_lib_mp_r2.lib(ABSOLUTE))
<BR><BR>[Called By]<UL><LI><a href="#[65]">&gt;&gt;</a>&nbsp;&nbsp;&nbsp;main (via Veneer)
</UL>

<P><STRONG><a name="[aa]"></a>rom_hw_pmu_set_low_power_mode</STRONG> (Thumb, 0 bytes, Stack size 0 bytes, ht32f675x5_rom_lib_mp_r2.lib(ABSOLUTE))
<BR><BR>[Called By]<UL><LI><a href="#[a8]">&gt;&gt;</a>&nbsp;&nbsp;&nbsp;lpwr_ctrl_init (via Veneer)
</UL>

<P><STRONG><a name="[b4]"></a>rom_hw_pmu_set_rc_hclk_tune</STRONG> (Thumb, 0 bytes, Stack size 0 bytes, ht32f675x5_rom_lib_mp_r2.lib(ABSOLUTE))
<BR><BR>[Called By]<UL><LI><a href="#[65]">&gt;&gt;</a>&nbsp;&nbsp;&nbsp;main (via Veneer)
</UL>

<P><STRONG><a name="[b5]"></a>rom_hw_pmu_set_rc_lclk_tune</STRONG> (Thumb, 0 bytes, Stack size 0 bytes, ht32f675x5_rom_lib_mp_r2.lib(ABSOLUTE))
<BR><BR>[Called By]<UL><LI><a href="#[65]">&gt;&gt;</a>&nbsp;&nbsp;&nbsp;main (via Veneer)
</UL>

<P><STRONG><a name="[c2]"></a>rom_hw_pmu_set_sram_block_ret</STRONG> (Thumb, 0 bytes, Stack size 0 bytes, ht32f675x5_rom_lib_mp_r2.lib(ABSOLUTE))
<BR><BR>[Called By]<UL><LI><a href="#[bb]">&gt;&gt;</a>&nbsp;&nbsp;&nbsp;patch_hal_pmu_set_sram_ret (via Veneer)
</UL>

<P><STRONG><a name="[ab]"></a>rom_hw_pmu_set_wakeup_source</STRONG> (Thumb, 0 bytes, Stack size 0 bytes, ht32f675x5_rom_lib_mp_r2.lib(ABSOLUTE))
<BR><BR>[Called By]<UL><LI><a href="#[a8]">&gt;&gt;</a>&nbsp;&nbsp;&nbsp;lpwr_ctrl_init (via Veneer)
</UL>

<P><STRONG><a name="[bd]"></a>rom_hw_sys_ctrl_enable_cp_remap</STRONG> (Thumb, 0 bytes, Stack size 0 bytes, ht32f675x5_rom_lib_mp_r2.lib(ABSOLUTE))
<BR><BR>[Called By]<UL><LI><a href="#[65]">&gt;&gt;</a>&nbsp;&nbsp;&nbsp;main (via Veneer)
</UL>

<P><STRONG><a name="[b9]"></a>rom_hw_sys_ctrl_peri_int_ctrl</STRONG> (Thumb, 0 bytes, Stack size 0 bytes, ht32f675x5_rom_lib_mp_r2.lib(ABSOLUTE))
<BR><BR>[Called By]<UL><LI><a href="#[65]">&gt;&gt;</a>&nbsp;&nbsp;&nbsp;main (via Veneer)
</UL>

<P><STRONG><a name="[c4]"></a>rom_hw_sys_ctrl_read_com_reg</STRONG> (Thumb, 0 bytes, Stack size 0 bytes, ht32f675x5_rom_lib_mp_r2.lib(ABSOLUTE))
<BR><BR>[Called By]<UL><LI><a href="#[c0]">&gt;&gt;</a>&nbsp;&nbsp;&nbsp;lpwr_ctrl_goto_sleep (via Veneer)
</UL>

<P><STRONG><a name="[be]"></a>rom_hw_sys_ctrl_write_com_reg</STRONG> (Thumb, 0 bytes, Stack size 0 bytes, ht32f675x5_rom_lib_mp_r2.lib(ABSOLUTE))
<BR><BR>[Called By]<UL><LI><a href="#[65]">&gt;&gt;</a>&nbsp;&nbsp;&nbsp;main (via Veneer)
</UL>

<P><STRONG><a name="[a6]"></a>rom_hw_uart_init</STRONG> (Thumb, 0 bytes, Stack size 0 bytes, ht32f675x5_rom_lib_mp_r2.lib(ABSOLUTE))
<BR><BR>[Called By]<UL><LI><a href="#[9f]">&gt;&gt;</a>&nbsp;&nbsp;&nbsp;app_debug_reinit (via Veneer)
</UL>

<P><STRONG><a name="[a2]"></a>rom_hw_uart_send_byte</STRONG> (Thumb, 0 bytes, Stack size 0 bytes, ht32f675x5_rom_lib_mp_r2.lib(ABSOLUTE))
<BR><BR>[Called By]<UL><LI><a href="#[a0]">&gt;&gt;</a>&nbsp;&nbsp;&nbsp;app_debug_printf (via Veneer)
</UL>

<P><STRONG><a name="[a7]"></a>rom_hw_uart_transmit</STRONG> (Thumb, 0 bytes, Stack size 0 bytes, ht32f675x5_rom_lib_mp_r2.lib(ABSOLUTE))
<BR><BR>[Called By]<UL><LI><a href="#[4a]">&gt;&gt;</a>&nbsp;&nbsp;&nbsp;fputc (via Veneer)
</UL>

<P><STRONG><a name="[ac]"></a>rom_hw_wdt_disable</STRONG> (Thumb, 0 bytes, Stack size 0 bytes, ht32f675x5_rom_lib_mp_r2.lib(ABSOLUTE))
<BR><BR>[Called By]<UL><LI><a href="#[65]">&gt;&gt;</a>&nbsp;&nbsp;&nbsp;main (via Veneer)
</UL>

<P><STRONG><a name="[46]"></a>__main</STRONG> (Thumb, 8 bytes, Stack size 0 bytes, __main.o(!!!main))
<BR><BR>[Calls]<UL><LI><a href="#[50]">&gt;&gt;</a>&nbsp;&nbsp;&nbsp;__rt_entry
<LI><a href="#[4f]">&gt;&gt;</a>&nbsp;&nbsp;&nbsp;__scatterload
</UL>
<BR>[Address Reference Count : 1]<UL><LI> startup_armcm33.o(.text)
</UL>
<P><STRONG><a name="[4f]"></a>__scatterload</STRONG> (Thumb, 0 bytes, Stack size unknown bytes, __scatter.o(!!!scatter))
<BR><BR>[Called By]<UL><LI><a href="#[46]">&gt;&gt;</a>&nbsp;&nbsp;&nbsp;__main
</UL>

<P><STRONG><a name="[51]"></a>__scatterload_rt2</STRONG> (Thumb, 44 bytes, Stack size unknown bytes, __scatter.o(!!!scatter), UNUSED)
<BR><BR>[Calls]<UL><LI><a href="#[50]">&gt;&gt;</a>&nbsp;&nbsp;&nbsp;__rt_entry
</UL>

<P><STRONG><a name="[ea]"></a>__scatterload_rt2_thumb_only</STRONG> (Thumb, 0 bytes, Stack size unknown bytes, __scatter.o(!!!scatter), UNUSED)

<P><STRONG><a name="[eb]"></a>__scatterload_null</STRONG> (Thumb, 0 bytes, Stack size unknown bytes, __scatter.o(!!!scatter), UNUSED)

<P><STRONG><a name="[52]"></a>__scatterload_copy</STRONG> (Thumb, 26 bytes, Stack size unknown bytes, __scatter_copy.o(!!handler_copy), UNUSED)
<BR><BR>[Calls]<UL><LI><a href="#[52]">&gt;&gt;</a>&nbsp;&nbsp;&nbsp;__scatterload_copy
</UL>
<BR>[Called By]<UL><LI><a href="#[52]">&gt;&gt;</a>&nbsp;&nbsp;&nbsp;__scatterload_copy
</UL>

<P><STRONG><a name="[ec]"></a>__scatterload_zeroinit</STRONG> (Thumb, 28 bytes, Stack size unknown bytes, __scatter_zi.o(!!handler_zi), UNUSED)

<P><STRONG><a name="[0]"></a>Reset_Handler</STRONG> (Thumb, 20 bytes, Stack size 0 bytes, startup_armcm33.o(.text))
<BR>[Address Reference Count : 1]<UL><LI> startup_armcm33.o(RESET)
</UL>
<P><STRONG><a name="[1]"></a>NMI_Handler</STRONG> (Thumb, 18 bytes, Stack size 0 bytes, startup_armcm33.o(.text))
<BR>[Address Reference Count : 1]<UL><LI> startup_armcm33.o(RESET)
</UL>
<P><STRONG><a name="[2]"></a>HardFault_Handler</STRONG> (Thumb, 18 bytes, Stack size 0 bytes, startup_armcm33.o(.text))
<BR>[Address Reference Count : 1]<UL><LI> startup_armcm33.o(RESET)
</UL>
<P><STRONG><a name="[3]"></a>MemoryManagement_Handler</STRONG> (Thumb, 2 bytes, Stack size 0 bytes, startup_armcm33.o(.text))
<BR><BR>[Calls]<UL><LI><a href="#[3]">&gt;&gt;</a>&nbsp;&nbsp;&nbsp;MemoryManagement_Handler
</UL>
<BR>[Called By]<UL><LI><a href="#[3]">&gt;&gt;</a>&nbsp;&nbsp;&nbsp;MemoryManagement_Handler
</UL>
<BR>[Address Reference Count : 1]<UL><LI> startup_armcm33.o(RESET)
</UL>
<P><STRONG><a name="[4]"></a>BusFault_Handler</STRONG> (Thumb, 2 bytes, Stack size 0 bytes, startup_armcm33.o(.text))
<BR><BR>[Calls]<UL><LI><a href="#[4]">&gt;&gt;</a>&nbsp;&nbsp;&nbsp;BusFault_Handler
</UL>
<BR>[Called By]<UL><LI><a href="#[4]">&gt;&gt;</a>&nbsp;&nbsp;&nbsp;BusFault_Handler
</UL>
<BR>[Address Reference Count : 1]<UL><LI> startup_armcm33.o(RESET)
</UL>
<P><STRONG><a name="[5]"></a>UsageFault_Handler</STRONG> (Thumb, 2 bytes, Stack size 0 bytes, startup_armcm33.o(.text))
<BR><BR>[Calls]<UL><LI><a href="#[5]">&gt;&gt;</a>&nbsp;&nbsp;&nbsp;UsageFault_Handler
</UL>
<BR>[Called By]<UL><LI><a href="#[5]">&gt;&gt;</a>&nbsp;&nbsp;&nbsp;UsageFault_Handler
</UL>
<BR>[Address Reference Count : 1]<UL><LI> startup_armcm33.o(RESET)
</UL>
<P><STRONG><a name="[7]"></a>DebugMon_Handler</STRONG> (Thumb, 2 bytes, Stack size 0 bytes, startup_armcm33.o(.text))
<BR><BR>[Calls]<UL><LI><a href="#[7]">&gt;&gt;</a>&nbsp;&nbsp;&nbsp;DebugMon_Handler
</UL>
<BR>[Called By]<UL><LI><a href="#[7]">&gt;&gt;</a>&nbsp;&nbsp;&nbsp;DebugMon_Handler
</UL>
<BR>[Address Reference Count : 1]<UL><LI> startup_armcm33.o(RESET)
</UL>
<P><STRONG><a name="[a]"></a>RTC_CH0_IRQ_Handler</STRONG> (Thumb, 2 bytes, Stack size 0 bytes, startup_armcm33.o(.text))
<BR><BR>[Calls]<UL><LI><a href="#[a]">&gt;&gt;</a>&nbsp;&nbsp;&nbsp;RTC_CH0_IRQ_Handler
</UL>
<BR>[Called By]<UL><LI><a href="#[a]">&gt;&gt;</a>&nbsp;&nbsp;&nbsp;RTC_CH0_IRQ_Handler
</UL>
<BR>[Address Reference Count : 1]<UL><LI> startup_armcm33.o(RESET)
</UL>
<P><STRONG><a name="[b]"></a>GPADC0_IRQ_Handler</STRONG> (Thumb, 2 bytes, Stack size 0 bytes, startup_armcm33.o(.text))
<BR><BR>[Calls]<UL><LI><a href="#[b]">&gt;&gt;</a>&nbsp;&nbsp;&nbsp;GPADC0_IRQ_Handler
</UL>
<BR>[Called By]<UL><LI><a href="#[b]">&gt;&gt;</a>&nbsp;&nbsp;&nbsp;GPADC0_IRQ_Handler
</UL>
<BR>[Address Reference Count : 1]<UL><LI> startup_armcm33.o(RESET)
</UL>
<P><STRONG><a name="[c]"></a>LLC_IRQ_Handler</STRONG> (Thumb, 2 bytes, Stack size 0 bytes, startup_armcm33.o(.text))
<BR><BR>[Calls]<UL><LI><a href="#[c]">&gt;&gt;</a>&nbsp;&nbsp;&nbsp;LLC_IRQ_Handler
</UL>
<BR>[Called By]<UL><LI><a href="#[c]">&gt;&gt;</a>&nbsp;&nbsp;&nbsp;LLC_IRQ_Handler
</UL>
<BR>[Address Reference Count : 1]<UL><LI> startup_armcm33.o(RESET)
</UL>
<P><STRONG><a name="[d]"></a>I2S_IRQ_Handler</STRONG> (Thumb, 2 bytes, Stack size 0 bytes, startup_armcm33.o(.text))
<BR><BR>[Calls]<UL><LI><a href="#[d]">&gt;&gt;</a>&nbsp;&nbsp;&nbsp;I2S_IRQ_Handler
</UL>
<BR>[Called By]<UL><LI><a href="#[d]">&gt;&gt;</a>&nbsp;&nbsp;&nbsp;I2S_IRQ_Handler
</UL>
<BR>[Address Reference Count : 1]<UL><LI> startup_armcm33.o(RESET)
</UL>
<P><STRONG><a name="[e]"></a>QDEC_IRQ_Handler</STRONG> (Thumb, 2 bytes, Stack size 0 bytes, startup_armcm33.o(.text))
<BR><BR>[Calls]<UL><LI><a href="#[e]">&gt;&gt;</a>&nbsp;&nbsp;&nbsp;QDEC_IRQ_Handler
</UL>
<BR>[Called By]<UL><LI><a href="#[e]">&gt;&gt;</a>&nbsp;&nbsp;&nbsp;QDEC_IRQ_Handler
</UL>
<BR>[Address Reference Count : 1]<UL><LI> startup_armcm33.o(RESET)
</UL>
<P><STRONG><a name="[f]"></a>AUDIO0_IRQ_Handler</STRONG> (Thumb, 2 bytes, Stack size 0 bytes, startup_armcm33.o(.text))
<BR><BR>[Calls]<UL><LI><a href="#[f]">&gt;&gt;</a>&nbsp;&nbsp;&nbsp;AUDIO0_IRQ_Handler
</UL>
<BR>[Called By]<UL><LI><a href="#[f]">&gt;&gt;</a>&nbsp;&nbsp;&nbsp;AUDIO0_IRQ_Handler
</UL>
<BR>[Address Reference Count : 1]<UL><LI> startup_armcm33.o(RESET)
</UL>
<P><STRONG><a name="[10]"></a>CRYPT0_IRQ_Handler</STRONG> (Thumb, 2 bytes, Stack size 0 bytes, startup_armcm33.o(.text))
<BR><BR>[Calls]<UL><LI><a href="#[10]">&gt;&gt;</a>&nbsp;&nbsp;&nbsp;CRYPT0_IRQ_Handler
</UL>
<BR>[Called By]<UL><LI><a href="#[10]">&gt;&gt;</a>&nbsp;&nbsp;&nbsp;CRYPT0_IRQ_Handler
</UL>
<BR>[Address Reference Count : 1]<UL><LI> startup_armcm33.o(RESET)
</UL>
<P><STRONG><a name="[11]"></a>TRNG_IRQ_Handler</STRONG> (Thumb, 2 bytes, Stack size 0 bytes, startup_armcm33.o(.text))
<BR><BR>[Calls]<UL><LI><a href="#[11]">&gt;&gt;</a>&nbsp;&nbsp;&nbsp;TRNG_IRQ_Handler
</UL>
<BR>[Called By]<UL><LI><a href="#[11]">&gt;&gt;</a>&nbsp;&nbsp;&nbsp;TRNG_IRQ_Handler
</UL>
<BR>[Address Reference Count : 1]<UL><LI> startup_armcm33.o(RESET)
</UL>
<P><STRONG><a name="[12]"></a>RF_CAL_IRQ_Handler</STRONG> (Thumb, 2 bytes, Stack size 0 bytes, startup_armcm33.o(.text))
<BR><BR>[Calls]<UL><LI><a href="#[12]">&gt;&gt;</a>&nbsp;&nbsp;&nbsp;RF_CAL_IRQ_Handler
</UL>
<BR>[Called By]<UL><LI><a href="#[12]">&gt;&gt;</a>&nbsp;&nbsp;&nbsp;RF_CAL_IRQ_Handler
</UL>
<BR>[Address Reference Count : 1]<UL><LI> startup_armcm33.o(RESET)
</UL>
<P><STRONG><a name="[13]"></a>UART0_IRQ_Handler</STRONG> (Thumb, 2 bytes, Stack size 0 bytes, startup_armcm33.o(.text))
<BR><BR>[Calls]<UL><LI><a href="#[13]">&gt;&gt;</a>&nbsp;&nbsp;&nbsp;UART0_IRQ_Handler
</UL>
<BR>[Called By]<UL><LI><a href="#[13]">&gt;&gt;</a>&nbsp;&nbsp;&nbsp;UART0_IRQ_Handler
</UL>
<BR>[Address Reference Count : 1]<UL><LI> startup_armcm33.o(RESET)
</UL>
<P><STRONG><a name="[14]"></a>UART1_IRQ_Handler</STRONG> (Thumb, 2 bytes, Stack size 0 bytes, startup_armcm33.o(.text))
<BR><BR>[Calls]<UL><LI><a href="#[14]">&gt;&gt;</a>&nbsp;&nbsp;&nbsp;UART1_IRQ_Handler
</UL>
<BR>[Called By]<UL><LI><a href="#[14]">&gt;&gt;</a>&nbsp;&nbsp;&nbsp;UART1_IRQ_Handler
</UL>
<BR>[Address Reference Count : 1]<UL><LI> startup_armcm33.o(RESET)
</UL>
<P><STRONG><a name="[15]"></a>UART2_IRQ_Handler</STRONG> (Thumb, 2 bytes, Stack size 0 bytes, startup_armcm33.o(.text))
<BR><BR>[Calls]<UL><LI><a href="#[15]">&gt;&gt;</a>&nbsp;&nbsp;&nbsp;UART2_IRQ_Handler
</UL>
<BR>[Called By]<UL><LI><a href="#[15]">&gt;&gt;</a>&nbsp;&nbsp;&nbsp;UART2_IRQ_Handler
</UL>
<BR>[Address Reference Count : 1]<UL><LI> startup_armcm33.o(RESET)
</UL>
<P><STRONG><a name="[16]"></a>SPI0_IRQ_Handler</STRONG> (Thumb, 2 bytes, Stack size 0 bytes, startup_armcm33.o(.text))
<BR><BR>[Calls]<UL><LI><a href="#[16]">&gt;&gt;</a>&nbsp;&nbsp;&nbsp;SPI0_IRQ_Handler
</UL>
<BR>[Called By]<UL><LI><a href="#[16]">&gt;&gt;</a>&nbsp;&nbsp;&nbsp;SPI0_IRQ_Handler
</UL>
<BR>[Address Reference Count : 1]<UL><LI> startup_armcm33.o(RESET)
</UL>
<P><STRONG><a name="[17]"></a>SPI1_IRQ_Handler</STRONG> (Thumb, 2 bytes, Stack size 0 bytes, startup_armcm33.o(.text))
<BR><BR>[Calls]<UL><LI><a href="#[17]">&gt;&gt;</a>&nbsp;&nbsp;&nbsp;SPI1_IRQ_Handler
</UL>
<BR>[Called By]<UL><LI><a href="#[17]">&gt;&gt;</a>&nbsp;&nbsp;&nbsp;SPI1_IRQ_Handler
</UL>
<BR>[Address Reference Count : 1]<UL><LI> startup_armcm33.o(RESET)
</UL>
<P><STRONG><a name="[18]"></a>I2C0_IRQ_Handler</STRONG> (Thumb, 2 bytes, Stack size 0 bytes, startup_armcm33.o(.text))
<BR><BR>[Calls]<UL><LI><a href="#[18]">&gt;&gt;</a>&nbsp;&nbsp;&nbsp;I2C0_IRQ_Handler
</UL>
<BR>[Called By]<UL><LI><a href="#[18]">&gt;&gt;</a>&nbsp;&nbsp;&nbsp;I2C0_IRQ_Handler
</UL>
<BR>[Address Reference Count : 1]<UL><LI> startup_armcm33.o(RESET)
</UL>
<P><STRONG><a name="[19]"></a>I2C1_IRQ_Handler</STRONG> (Thumb, 2 bytes, Stack size 0 bytes, startup_armcm33.o(.text))
<BR><BR>[Calls]<UL><LI><a href="#[19]">&gt;&gt;</a>&nbsp;&nbsp;&nbsp;I2C1_IRQ_Handler
</UL>
<BR>[Called By]<UL><LI><a href="#[19]">&gt;&gt;</a>&nbsp;&nbsp;&nbsp;I2C1_IRQ_Handler
</UL>
<BR>[Address Reference Count : 1]<UL><LI> startup_armcm33.o(RESET)
</UL>
<P><STRONG><a name="[1a]"></a>I2C2_IRQ_Handler</STRONG> (Thumb, 2 bytes, Stack size 0 bytes, startup_armcm33.o(.text))
<BR><BR>[Calls]<UL><LI><a href="#[1a]">&gt;&gt;</a>&nbsp;&nbsp;&nbsp;I2C2_IRQ_Handler
</UL>
<BR>[Called By]<UL><LI><a href="#[1a]">&gt;&gt;</a>&nbsp;&nbsp;&nbsp;I2C2_IRQ_Handler
</UL>
<BR>[Address Reference Count : 1]<UL><LI> startup_armcm33.o(RESET)
</UL>
<P><STRONG><a name="[1b]"></a>DMA_IRQ0_Handler</STRONG> (Thumb, 2 bytes, Stack size 0 bytes, startup_armcm33.o(.text))
<BR><BR>[Calls]<UL><LI><a href="#[1b]">&gt;&gt;</a>&nbsp;&nbsp;&nbsp;DMA_IRQ0_Handler
</UL>
<BR>[Called By]<UL><LI><a href="#[1b]">&gt;&gt;</a>&nbsp;&nbsp;&nbsp;DMA_IRQ0_Handler
</UL>
<BR>[Address Reference Count : 1]<UL><LI> startup_armcm33.o(RESET)
</UL>
<P><STRONG><a name="[1c]"></a>DMA_IRQ4_Handler</STRONG> (Thumb, 2 bytes, Stack size 0 bytes, startup_armcm33.o(.text))
<BR><BR>[Calls]<UL><LI><a href="#[1c]">&gt;&gt;</a>&nbsp;&nbsp;&nbsp;DMA_IRQ4_Handler
</UL>
<BR>[Called By]<UL><LI><a href="#[1c]">&gt;&gt;</a>&nbsp;&nbsp;&nbsp;DMA_IRQ4_Handler
</UL>
<BR>[Address Reference Count : 1]<UL><LI> startup_armcm33.o(RESET)
</UL>
<P><STRONG><a name="[1d]"></a>TIMER0_IRQ_Handler</STRONG> (Thumb, 2 bytes, Stack size 0 bytes, startup_armcm33.o(.text))
<BR><BR>[Calls]<UL><LI><a href="#[1d]">&gt;&gt;</a>&nbsp;&nbsp;&nbsp;TIMER0_IRQ_Handler
</UL>
<BR>[Called By]<UL><LI><a href="#[1d]">&gt;&gt;</a>&nbsp;&nbsp;&nbsp;TIMER0_IRQ_Handler
</UL>
<BR>[Address Reference Count : 1]<UL><LI> startup_armcm33.o(RESET)
</UL>
<P><STRONG><a name="[1e]"></a>GPIO_IRQ0_Handler</STRONG> (Thumb, 2 bytes, Stack size 0 bytes, startup_armcm33.o(.text))
<BR><BR>[Calls]<UL><LI><a href="#[1e]">&gt;&gt;</a>&nbsp;&nbsp;&nbsp;GPIO_IRQ0_Handler
</UL>
<BR>[Called By]<UL><LI><a href="#[1e]">&gt;&gt;</a>&nbsp;&nbsp;&nbsp;GPIO_IRQ0_Handler
</UL>
<BR>[Address Reference Count : 1]<UL><LI> startup_armcm33.o(RESET)
</UL>
<P><STRONG><a name="[1f]"></a>GPIO_IRQ1_Handler</STRONG> (Thumb, 2 bytes, Stack size 0 bytes, startup_armcm33.o(.text))
<BR><BR>[Calls]<UL><LI><a href="#[1f]">&gt;&gt;</a>&nbsp;&nbsp;&nbsp;GPIO_IRQ1_Handler
</UL>
<BR>[Called By]<UL><LI><a href="#[1f]">&gt;&gt;</a>&nbsp;&nbsp;&nbsp;GPIO_IRQ1_Handler
</UL>
<BR>[Address Reference Count : 1]<UL><LI> startup_armcm33.o(RESET)
</UL>
<P><STRONG><a name="[20]"></a>GPIO_IRQ2_Handler</STRONG> (Thumb, 2 bytes, Stack size 0 bytes, startup_armcm33.o(.text))
<BR><BR>[Calls]<UL><LI><a href="#[20]">&gt;&gt;</a>&nbsp;&nbsp;&nbsp;GPIO_IRQ2_Handler
</UL>
<BR>[Called By]<UL><LI><a href="#[20]">&gt;&gt;</a>&nbsp;&nbsp;&nbsp;GPIO_IRQ2_Handler
</UL>
<BR>[Address Reference Count : 1]<UL><LI> startup_armcm33.o(RESET)
</UL>
<P><STRONG><a name="[21]"></a>PMU_IRQ_Handler</STRONG> (Thumb, 2 bytes, Stack size 0 bytes, startup_armcm33.o(.text))
<BR><BR>[Calls]<UL><LI><a href="#[21]">&gt;&gt;</a>&nbsp;&nbsp;&nbsp;PMU_IRQ_Handler
</UL>
<BR>[Called By]<UL><LI><a href="#[21]">&gt;&gt;</a>&nbsp;&nbsp;&nbsp;PMU_IRQ_Handler
</UL>
<BR>[Address Reference Count : 1]<UL><LI> startup_armcm33.o(RESET)
</UL>
<P><STRONG><a name="[22]"></a>QSPI0_IRQ_Handler</STRONG> (Thumb, 2 bytes, Stack size 0 bytes, startup_armcm33.o(.text))
<BR><BR>[Calls]<UL><LI><a href="#[22]">&gt;&gt;</a>&nbsp;&nbsp;&nbsp;QSPI0_IRQ_Handler
</UL>
<BR>[Called By]<UL><LI><a href="#[22]">&gt;&gt;</a>&nbsp;&nbsp;&nbsp;QSPI0_IRQ_Handler
</UL>
<BR>[Address Reference Count : 1]<UL><LI> startup_armcm33.o(RESET)
</UL>
<P><STRONG><a name="[23]"></a>QSPI1_IRQ_Handler</STRONG> (Thumb, 2 bytes, Stack size 0 bytes, startup_armcm33.o(.text))
<BR><BR>[Calls]<UL><LI><a href="#[23]">&gt;&gt;</a>&nbsp;&nbsp;&nbsp;QSPI1_IRQ_Handler
</UL>
<BR>[Called By]<UL><LI><a href="#[23]">&gt;&gt;</a>&nbsp;&nbsp;&nbsp;QSPI1_IRQ_Handler
</UL>
<BR>[Address Reference Count : 1]<UL><LI> startup_armcm33.o(RESET)
</UL>
<P><STRONG><a name="[24]"></a>QSPI2_IRQ_Handler</STRONG> (Thumb, 2 bytes, Stack size 0 bytes, startup_armcm33.o(.text))
<BR><BR>[Calls]<UL><LI><a href="#[24]">&gt;&gt;</a>&nbsp;&nbsp;&nbsp;QSPI2_IRQ_Handler
</UL>
<BR>[Called By]<UL><LI><a href="#[24]">&gt;&gt;</a>&nbsp;&nbsp;&nbsp;QSPI2_IRQ_Handler
</UL>
<BR>[Address Reference Count : 1]<UL><LI> startup_armcm33.o(RESET)
</UL>
<P><STRONG><a name="[25]"></a>QSPI3_IRQ_Handler</STRONG> (Thumb, 2 bytes, Stack size 0 bytes, startup_armcm33.o(.text))
<BR><BR>[Calls]<UL><LI><a href="#[25]">&gt;&gt;</a>&nbsp;&nbsp;&nbsp;QSPI3_IRQ_Handler
</UL>
<BR>[Called By]<UL><LI><a href="#[25]">&gt;&gt;</a>&nbsp;&nbsp;&nbsp;QSPI3_IRQ_Handler
</UL>
<BR>[Address Reference Count : 1]<UL><LI> startup_armcm33.o(RESET)
</UL>
<P><STRONG><a name="[26]"></a>SW_IRQ0_Handler</STRONG> (Thumb, 2 bytes, Stack size 0 bytes, startup_armcm33.o(.text))
<BR><BR>[Calls]<UL><LI><a href="#[26]">&gt;&gt;</a>&nbsp;&nbsp;&nbsp;SW_IRQ0_Handler
</UL>
<BR>[Called By]<UL><LI><a href="#[26]">&gt;&gt;</a>&nbsp;&nbsp;&nbsp;SW_IRQ0_Handler
</UL>
<BR>[Address Reference Count : 1]<UL><LI> startup_armcm33.o(RESET)
</UL>
<P><STRONG><a name="[27]"></a>SW_IRQ1_Handler</STRONG> (Thumb, 2 bytes, Stack size 0 bytes, startup_armcm33.o(.text))
<BR><BR>[Calls]<UL><LI><a href="#[27]">&gt;&gt;</a>&nbsp;&nbsp;&nbsp;SW_IRQ1_Handler
</UL>
<BR>[Called By]<UL><LI><a href="#[27]">&gt;&gt;</a>&nbsp;&nbsp;&nbsp;SW_IRQ1_Handler
</UL>
<BR>[Address Reference Count : 1]<UL><LI> startup_armcm33.o(RESET)
</UL>
<P><STRONG><a name="[28]"></a>USB_IRQ_Handler</STRONG> (Thumb, 2 bytes, Stack size 0 bytes, startup_armcm33.o(.text))
<BR><BR>[Calls]<UL><LI><a href="#[28]">&gt;&gt;</a>&nbsp;&nbsp;&nbsp;USB_IRQ_Handler
</UL>
<BR>[Called By]<UL><LI><a href="#[28]">&gt;&gt;</a>&nbsp;&nbsp;&nbsp;USB_IRQ_Handler
</UL>
<BR>[Address Reference Count : 1]<UL><LI> startup_armcm33.o(RESET)
</UL>
<P><STRONG><a name="[29]"></a>RTC_CH3_IRQ_Handler</STRONG> (Thumb, 2 bytes, Stack size 0 bytes, startup_armcm33.o(.text))
<BR><BR>[Calls]<UL><LI><a href="#[29]">&gt;&gt;</a>&nbsp;&nbsp;&nbsp;RTC_CH3_IRQ_Handler
</UL>
<BR>[Called By]<UL><LI><a href="#[29]">&gt;&gt;</a>&nbsp;&nbsp;&nbsp;RTC_CH3_IRQ_Handler
</UL>
<BR>[Address Reference Count : 1]<UL><LI> startup_armcm33.o(RESET)
</UL>
<P><STRONG><a name="[2a]"></a>DMA_IRQ1_Handler</STRONG> (Thumb, 2 bytes, Stack size 0 bytes, startup_armcm33.o(.text))
<BR><BR>[Calls]<UL><LI><a href="#[2a]">&gt;&gt;</a>&nbsp;&nbsp;&nbsp;DMA_IRQ1_Handler
</UL>
<BR>[Called By]<UL><LI><a href="#[2a]">&gt;&gt;</a>&nbsp;&nbsp;&nbsp;DMA_IRQ1_Handler
</UL>
<BR>[Address Reference Count : 1]<UL><LI> startup_armcm33.o(RESET)
</UL>
<P><STRONG><a name="[2b]"></a>DMA_IRQ2_Handler</STRONG> (Thumb, 2 bytes, Stack size 0 bytes, startup_armcm33.o(.text))
<BR><BR>[Calls]<UL><LI><a href="#[2b]">&gt;&gt;</a>&nbsp;&nbsp;&nbsp;DMA_IRQ2_Handler
</UL>
<BR>[Called By]<UL><LI><a href="#[2b]">&gt;&gt;</a>&nbsp;&nbsp;&nbsp;DMA_IRQ2_Handler
</UL>
<BR>[Address Reference Count : 1]<UL><LI> startup_armcm33.o(RESET)
</UL>
<P><STRONG><a name="[2c]"></a>DMA_IRQ3_Handler</STRONG> (Thumb, 2 bytes, Stack size 0 bytes, startup_armcm33.o(.text))
<BR><BR>[Calls]<UL><LI><a href="#[2c]">&gt;&gt;</a>&nbsp;&nbsp;&nbsp;DMA_IRQ3_Handler
</UL>
<BR>[Called By]<UL><LI><a href="#[2c]">&gt;&gt;</a>&nbsp;&nbsp;&nbsp;DMA_IRQ3_Handler
</UL>
<BR>[Address Reference Count : 1]<UL><LI> startup_armcm33.o(RESET)
</UL>
<P><STRONG><a name="[2d]"></a>DMA_IRQ5_Handler</STRONG> (Thumb, 2 bytes, Stack size 0 bytes, startup_armcm33.o(.text))
<BR><BR>[Calls]<UL><LI><a href="#[2d]">&gt;&gt;</a>&nbsp;&nbsp;&nbsp;DMA_IRQ5_Handler
</UL>
<BR>[Called By]<UL><LI><a href="#[2d]">&gt;&gt;</a>&nbsp;&nbsp;&nbsp;DMA_IRQ5_Handler
</UL>
<BR>[Address Reference Count : 1]<UL><LI> startup_armcm33.o(RESET)
</UL>
<P><STRONG><a name="[2e]"></a>DMA_IRQ6_Handler</STRONG> (Thumb, 2 bytes, Stack size 0 bytes, startup_armcm33.o(.text))
<BR><BR>[Calls]<UL><LI><a href="#[2e]">&gt;&gt;</a>&nbsp;&nbsp;&nbsp;DMA_IRQ6_Handler
</UL>
<BR>[Called By]<UL><LI><a href="#[2e]">&gt;&gt;</a>&nbsp;&nbsp;&nbsp;DMA_IRQ6_Handler
</UL>
<BR>[Address Reference Count : 1]<UL><LI> startup_armcm33.o(RESET)
</UL>
<P><STRONG><a name="[2f]"></a>DMA_IRQ7_Handler</STRONG> (Thumb, 2 bytes, Stack size 0 bytes, startup_armcm33.o(.text))
<BR><BR>[Calls]<UL><LI><a href="#[2f]">&gt;&gt;</a>&nbsp;&nbsp;&nbsp;DMA_IRQ7_Handler
</UL>
<BR>[Called By]<UL><LI><a href="#[2f]">&gt;&gt;</a>&nbsp;&nbsp;&nbsp;DMA_IRQ7_Handler
</UL>
<BR>[Address Reference Count : 1]<UL><LI> startup_armcm33.o(RESET)
</UL>
<P><STRONG><a name="[30]"></a>TIMER1_IRQ_Handler</STRONG> (Thumb, 2 bytes, Stack size 0 bytes, startup_armcm33.o(.text))
<BR><BR>[Calls]<UL><LI><a href="#[30]">&gt;&gt;</a>&nbsp;&nbsp;&nbsp;TIMER1_IRQ_Handler
</UL>
<BR>[Called By]<UL><LI><a href="#[30]">&gt;&gt;</a>&nbsp;&nbsp;&nbsp;TIMER1_IRQ_Handler
</UL>
<BR>[Address Reference Count : 1]<UL><LI> startup_armcm33.o(RESET)
</UL>
<P><STRONG><a name="[31]"></a>TIMER2_IRQ_Handler</STRONG> (Thumb, 2 bytes, Stack size 0 bytes, startup_armcm33.o(.text))
<BR><BR>[Calls]<UL><LI><a href="#[31]">&gt;&gt;</a>&nbsp;&nbsp;&nbsp;TIMER2_IRQ_Handler
</UL>
<BR>[Called By]<UL><LI><a href="#[31]">&gt;&gt;</a>&nbsp;&nbsp;&nbsp;TIMER2_IRQ_Handler
</UL>
<BR>[Address Reference Count : 1]<UL><LI> startup_armcm33.o(RESET)
</UL>
<P><STRONG><a name="[32]"></a>TIMER3_IRQ_Handler</STRONG> (Thumb, 2 bytes, Stack size 0 bytes, startup_armcm33.o(.text))
<BR><BR>[Calls]<UL><LI><a href="#[32]">&gt;&gt;</a>&nbsp;&nbsp;&nbsp;TIMER3_IRQ_Handler
</UL>
<BR>[Called By]<UL><LI><a href="#[32]">&gt;&gt;</a>&nbsp;&nbsp;&nbsp;TIMER3_IRQ_Handler
</UL>
<BR>[Address Reference Count : 1]<UL><LI> startup_armcm33.o(RESET)
</UL>
<P><STRONG><a name="[33]"></a>SW_IRQ2_Handler</STRONG> (Thumb, 2 bytes, Stack size 0 bytes, startup_armcm33.o(.text))
<BR><BR>[Calls]<UL><LI><a href="#[33]">&gt;&gt;</a>&nbsp;&nbsp;&nbsp;SW_IRQ2_Handler
</UL>
<BR>[Called By]<UL><LI><a href="#[33]">&gt;&gt;</a>&nbsp;&nbsp;&nbsp;SW_IRQ2_Handler
</UL>
<BR>[Address Reference Count : 1]<UL><LI> startup_armcm33.o(RESET)
</UL>
<P><STRONG><a name="[34]"></a>FP_IRQ_Handler</STRONG> (Thumb, 2 bytes, Stack size 0 bytes, startup_armcm33.o(.text))
<BR><BR>[Calls]<UL><LI><a href="#[34]">&gt;&gt;</a>&nbsp;&nbsp;&nbsp;FP_IRQ_Handler
</UL>
<BR>[Called By]<UL><LI><a href="#[34]">&gt;&gt;</a>&nbsp;&nbsp;&nbsp;FP_IRQ_Handler
</UL>
<BR>[Address Reference Count : 1]<UL><LI> startup_armcm33.o(RESET)
</UL>
<P><STRONG><a name="[35]"></a>RTC_CH1_IRQ_Handler</STRONG> (Thumb, 2 bytes, Stack size 0 bytes, startup_armcm33.o(.text))
<BR><BR>[Calls]<UL><LI><a href="#[35]">&gt;&gt;</a>&nbsp;&nbsp;&nbsp;RTC_CH1_IRQ_Handler
</UL>
<BR>[Called By]<UL><LI><a href="#[35]">&gt;&gt;</a>&nbsp;&nbsp;&nbsp;RTC_CH1_IRQ_Handler
</UL>
<BR>[Address Reference Count : 1]<UL><LI> startup_armcm33.o(RESET)
</UL>
<P><STRONG><a name="[36]"></a>RTC_CH2_IRQ_Handler</STRONG> (Thumb, 2 bytes, Stack size 0 bytes, startup_armcm33.o(.text))
<BR><BR>[Calls]<UL><LI><a href="#[36]">&gt;&gt;</a>&nbsp;&nbsp;&nbsp;RTC_CH2_IRQ_Handler
</UL>
<BR>[Called By]<UL><LI><a href="#[36]">&gt;&gt;</a>&nbsp;&nbsp;&nbsp;RTC_CH2_IRQ_Handler
</UL>
<BR>[Address Reference Count : 1]<UL><LI> startup_armcm33.o(RESET)
</UL>
<P><STRONG><a name="[37]"></a>AUDIO1_IRQ_Handler</STRONG> (Thumb, 2 bytes, Stack size 0 bytes, startup_armcm33.o(.text))
<BR><BR>[Calls]<UL><LI><a href="#[37]">&gt;&gt;</a>&nbsp;&nbsp;&nbsp;AUDIO1_IRQ_Handler
</UL>
<BR>[Called By]<UL><LI><a href="#[37]">&gt;&gt;</a>&nbsp;&nbsp;&nbsp;AUDIO1_IRQ_Handler
</UL>
<BR>[Address Reference Count : 1]<UL><LI> startup_armcm33.o(RESET)
</UL>
<P><STRONG><a name="[38]"></a>GPADC1_IRQ_Handler</STRONG> (Thumb, 2 bytes, Stack size 0 bytes, startup_armcm33.o(.text))
<BR><BR>[Calls]<UL><LI><a href="#[38]">&gt;&gt;</a>&nbsp;&nbsp;&nbsp;GPADC1_IRQ_Handler
</UL>
<BR>[Called By]<UL><LI><a href="#[38]">&gt;&gt;</a>&nbsp;&nbsp;&nbsp;GPADC1_IRQ_Handler
</UL>
<BR>[Address Reference Count : 1]<UL><LI> startup_armcm33.o(RESET)
</UL>
<P><STRONG><a name="[39]"></a>I2C3_IRQ_Handler</STRONG> (Thumb, 2 bytes, Stack size 0 bytes, startup_armcm33.o(.text))
<BR><BR>[Calls]<UL><LI><a href="#[39]">&gt;&gt;</a>&nbsp;&nbsp;&nbsp;I2C3_IRQ_Handler
</UL>
<BR>[Called By]<UL><LI><a href="#[39]">&gt;&gt;</a>&nbsp;&nbsp;&nbsp;I2C3_IRQ_Handler
</UL>
<BR>[Address Reference Count : 1]<UL><LI> startup_armcm33.o(RESET)
</UL>
<P><STRONG><a name="[3a]"></a>USB_PHY_IRQ_Handler</STRONG> (Thumb, 2 bytes, Stack size 0 bytes, startup_armcm33.o(.text))
<BR><BR>[Calls]<UL><LI><a href="#[3a]">&gt;&gt;</a>&nbsp;&nbsp;&nbsp;USB_PHY_IRQ_Handler
</UL>
<BR>[Called By]<UL><LI><a href="#[3a]">&gt;&gt;</a>&nbsp;&nbsp;&nbsp;USB_PHY_IRQ_Handler
</UL>
<BR>[Address Reference Count : 1]<UL><LI> startup_armcm33.o(RESET)
</UL>
<P><STRONG><a name="[3b]"></a>STIM0_IRQ0_Handler</STRONG> (Thumb, 2 bytes, Stack size 0 bytes, startup_armcm33.o(.text))
<BR><BR>[Calls]<UL><LI><a href="#[3b]">&gt;&gt;</a>&nbsp;&nbsp;&nbsp;STIM0_IRQ0_Handler
</UL>
<BR>[Called By]<UL><LI><a href="#[3b]">&gt;&gt;</a>&nbsp;&nbsp;&nbsp;STIM0_IRQ0_Handler
</UL>
<BR>[Address Reference Count : 1]<UL><LI> startup_armcm33.o(RESET)
</UL>
<P><STRONG><a name="[3c]"></a>STIM0_IRQ1_Handler</STRONG> (Thumb, 2 bytes, Stack size 0 bytes, startup_armcm33.o(.text))
<BR><BR>[Calls]<UL><LI><a href="#[3c]">&gt;&gt;</a>&nbsp;&nbsp;&nbsp;STIM0_IRQ1_Handler
</UL>
<BR>[Called By]<UL><LI><a href="#[3c]">&gt;&gt;</a>&nbsp;&nbsp;&nbsp;STIM0_IRQ1_Handler
</UL>
<BR>[Address Reference Count : 1]<UL><LI> startup_armcm33.o(RESET)
</UL>
<P><STRONG><a name="[3d]"></a>STIM0_IRQ2_Handler</STRONG> (Thumb, 2 bytes, Stack size 0 bytes, startup_armcm33.o(.text))
<BR><BR>[Calls]<UL><LI><a href="#[3d]">&gt;&gt;</a>&nbsp;&nbsp;&nbsp;STIM0_IRQ2_Handler
</UL>
<BR>[Called By]<UL><LI><a href="#[3d]">&gt;&gt;</a>&nbsp;&nbsp;&nbsp;STIM0_IRQ2_Handler
</UL>
<BR>[Address Reference Count : 1]<UL><LI> startup_armcm33.o(RESET)
</UL>
<P><STRONG><a name="[3e]"></a>STIM0_IRQ3_Handler</STRONG> (Thumb, 2 bytes, Stack size 0 bytes, startup_armcm33.o(.text))
<BR><BR>[Calls]<UL><LI><a href="#[3e]">&gt;&gt;</a>&nbsp;&nbsp;&nbsp;STIM0_IRQ3_Handler
</UL>
<BR>[Called By]<UL><LI><a href="#[3e]">&gt;&gt;</a>&nbsp;&nbsp;&nbsp;STIM0_IRQ3_Handler
</UL>
<BR>[Address Reference Count : 1]<UL><LI> startup_armcm33.o(RESET)
</UL>
<P><STRONG><a name="[3f]"></a>STIM1_IRQ0_Handler</STRONG> (Thumb, 2 bytes, Stack size 0 bytes, startup_armcm33.o(.text))
<BR><BR>[Calls]<UL><LI><a href="#[3f]">&gt;&gt;</a>&nbsp;&nbsp;&nbsp;STIM1_IRQ0_Handler
</UL>
<BR>[Called By]<UL><LI><a href="#[3f]">&gt;&gt;</a>&nbsp;&nbsp;&nbsp;STIM1_IRQ0_Handler
</UL>
<BR>[Address Reference Count : 1]<UL><LI> startup_armcm33.o(RESET)
</UL>
<P><STRONG><a name="[40]"></a>STIM1_IRQ1_Handler</STRONG> (Thumb, 2 bytes, Stack size 0 bytes, startup_armcm33.o(.text))
<BR><BR>[Calls]<UL><LI><a href="#[40]">&gt;&gt;</a>&nbsp;&nbsp;&nbsp;STIM1_IRQ1_Handler
</UL>
<BR>[Called By]<UL><LI><a href="#[40]">&gt;&gt;</a>&nbsp;&nbsp;&nbsp;STIM1_IRQ1_Handler
</UL>
<BR>[Address Reference Count : 1]<UL><LI> startup_armcm33.o(RESET)
</UL>
<P><STRONG><a name="[41]"></a>STIM1_IRQ2_Handler</STRONG> (Thumb, 2 bytes, Stack size 0 bytes, startup_armcm33.o(.text))
<BR><BR>[Calls]<UL><LI><a href="#[41]">&gt;&gt;</a>&nbsp;&nbsp;&nbsp;STIM1_IRQ2_Handler
</UL>
<BR>[Called By]<UL><LI><a href="#[41]">&gt;&gt;</a>&nbsp;&nbsp;&nbsp;STIM1_IRQ2_Handler
</UL>
<BR>[Address Reference Count : 1]<UL><LI> startup_armcm33.o(RESET)
</UL>
<P><STRONG><a name="[42]"></a>STIM1_IRQ3_Handler</STRONG> (Thumb, 2 bytes, Stack size 0 bytes, startup_armcm33.o(.text))
<BR><BR>[Calls]<UL><LI><a href="#[42]">&gt;&gt;</a>&nbsp;&nbsp;&nbsp;STIM1_IRQ3_Handler
</UL>
<BR>[Called By]<UL><LI><a href="#[42]">&gt;&gt;</a>&nbsp;&nbsp;&nbsp;STIM1_IRQ3_Handler
</UL>
<BR>[Address Reference Count : 1]<UL><LI> startup_armcm33.o(RESET)
</UL>
<P><STRONG><a name="[43]"></a>WDT1_IRQ_Handler</STRONG> (Thumb, 2 bytes, Stack size 0 bytes, startup_armcm33.o(.text))
<BR><BR>[Calls]<UL><LI><a href="#[43]">&gt;&gt;</a>&nbsp;&nbsp;&nbsp;WDT1_IRQ_Handler
</UL>
<BR>[Called By]<UL><LI><a href="#[43]">&gt;&gt;</a>&nbsp;&nbsp;&nbsp;WDT1_IRQ_Handler
</UL>
<BR>[Address Reference Count : 1]<UL><LI> startup_armcm33.o(RESET)
</UL>
<P><STRONG><a name="[44]"></a>CRYPT1_IRQ_Handler</STRONG> (Thumb, 2 bytes, Stack size 0 bytes, startup_armcm33.o(.text))
<BR><BR>[Calls]<UL><LI><a href="#[44]">&gt;&gt;</a>&nbsp;&nbsp;&nbsp;CRYPT1_IRQ_Handler
</UL>
<BR>[Called By]<UL><LI><a href="#[44]">&gt;&gt;</a>&nbsp;&nbsp;&nbsp;CRYPT1_IRQ_Handler
</UL>
<BR>[Address Reference Count : 1]<UL><LI> startup_armcm33.o(RESET)
</UL>
<P><STRONG><a name="[45]"></a>SystemInit</STRONG> (Thumb, 72 bytes, Stack size 0 bytes, system_armcm33.o(.text.SystemInit))
<BR>[Address Reference Count : 1]<UL><LI> startup_armcm33.o(.text)
</UL>
<P><STRONG><a name="[53]"></a>_printf_d</STRONG> (Thumb, 0 bytes, Stack size unknown bytes, _printf_d.o(.ARM.Collect$$_printf_percent$$00000009))
<BR><BR>[Stack]<UL><LI>Max Depth = 72 + Unknown Stack Size
<LI>Call Chain = _printf_d &rArr; _printf_int_dec &rArr; _printf_int_common &rArr; _printf_post_padding
</UL>
<BR>[Calls]<UL><LI><a href="#[54]">&gt;&gt;</a>&nbsp;&nbsp;&nbsp;_printf_int_dec
</UL>

<P><STRONG><a name="[76]"></a>_printf_percent</STRONG> (Thumb, 0 bytes, Stack size unknown bytes, _printf_percent.o(.ARM.Collect$$_printf_percent$$00000000))
<BR><BR>[Called By]<UL><LI><a href="#[74]">&gt;&gt;</a>&nbsp;&nbsp;&nbsp;__printf
</UL>

<P><STRONG><a name="[55]"></a>_printf_u</STRONG> (Thumb, 0 bytes, Stack size unknown bytes, _printf_u.o(.ARM.Collect$$_printf_percent$$0000000A))
<BR><BR>[Stack]<UL><LI>Max Depth = 72 + Unknown Stack Size
<LI>Call Chain = _printf_u &rArr; _printf_int_dec &rArr; _printf_int_common &rArr; _printf_post_padding
</UL>
<BR>[Calls]<UL><LI><a href="#[54]">&gt;&gt;</a>&nbsp;&nbsp;&nbsp;_printf_int_dec
</UL>

<P><STRONG><a name="[56]"></a>_printf_x</STRONG> (Thumb, 0 bytes, Stack size unknown bytes, _printf_x.o(.ARM.Collect$$_printf_percent$$0000000C))
<BR><BR>[Stack]<UL><LI>Max Depth = 80 + Unknown Stack Size
<LI>Call Chain = _printf_x &rArr; _printf_int_hex &rArr; _printf_longlong_hex &rArr; _printf_int_common &rArr; _printf_post_padding
</UL>
<BR>[Calls]<UL><LI><a href="#[57]">&gt;&gt;</a>&nbsp;&nbsp;&nbsp;_printf_int_hex
</UL>

<P><STRONG><a name="[58]"></a>_printf_s</STRONG> (Thumb, 0 bytes, Stack size unknown bytes, _printf_s.o(.ARM.Collect$$_printf_percent$$00000014))
<BR><BR>[Stack]<UL><LI>Max Depth = 40 + Unknown Stack Size
<LI>Call Chain = _printf_s &rArr; _printf_string &rArr; _printf_cs_common &rArr; _printf_str &rArr; _printf_post_padding
</UL>
<BR>[Calls]<UL><LI><a href="#[59]">&gt;&gt;</a>&nbsp;&nbsp;&nbsp;_printf_string
</UL>

<P><STRONG><a name="[ed]"></a>_printf_percent_end</STRONG> (Thumb, 0 bytes, Stack size unknown bytes, _printf_percent_end.o(.ARM.Collect$$_printf_percent$$00000017))

<P><STRONG><a name="[63]"></a>__rt_lib_init</STRONG> (Thumb, 0 bytes, Stack size unknown bytes, libinit.o(.ARM.Collect$$libinit$$00000000))
<BR><BR>[Called By]<UL><LI><a href="#[62]">&gt;&gt;</a>&nbsp;&nbsp;&nbsp;__rt_entry_li
</UL>

<P><STRONG><a name="[5a]"></a>__rt_lib_init_fp_1</STRONG> (Thumb, 0 bytes, Stack size unknown bytes, libinit2.o(.ARM.Collect$$libinit$$00000001))
<BR><BR>[Calls]<UL><LI><a href="#[5b]">&gt;&gt;</a>&nbsp;&nbsp;&nbsp;_fp_init
</UL>

<P><STRONG><a name="[5c]"></a>__rt_lib_init_heap_2</STRONG> (Thumb, 0 bytes, Stack size unknown bytes, libinit3.o(.ARM.Collect$$libinit$$00000008))
<BR><BR>[Stack]<UL><LI>Max Depth = 64 + Unknown Stack Size
<LI>Call Chain = __rt_lib_init_heap_2 &rArr; _init_alloc &rArr; __rt_SIGRTMEM &rArr; __rt_SIGRTMEM_inner &rArr; __default_signal_display &rArr; _ttywrch
</UL>
<BR>[Calls]<UL><LI><a href="#[5d]">&gt;&gt;</a>&nbsp;&nbsp;&nbsp;_init_alloc
</UL>

<P><STRONG><a name="[ee]"></a>__rt_lib_init_preinit_1</STRONG> (Thumb, 0 bytes, Stack size unknown bytes, libinit2.o(.ARM.Collect$$libinit$$00000006))

<P><STRONG><a name="[ef]"></a>__rt_lib_init_relocate_pie_1</STRONG> (Thumb, 0 bytes, Stack size unknown bytes, libinit2.o(.ARM.Collect$$libinit$$00000004))

<P><STRONG><a name="[f0]"></a>__rt_lib_init_atexit_1</STRONG> (Thumb, 0 bytes, Stack size unknown bytes, libinit2.o(.ARM.Collect$$libinit$$0000001D))

<P><STRONG><a name="[f1]"></a>__rt_lib_init_clock_1</STRONG> (Thumb, 0 bytes, Stack size unknown bytes, libinit2.o(.ARM.Collect$$libinit$$00000023))

<P><STRONG><a name="[f2]"></a>__rt_lib_init_fp_trap_1</STRONG> (Thumb, 0 bytes, Stack size unknown bytes, libinit2.o(.ARM.Collect$$libinit$$00000021))

<P><STRONG><a name="[f3]"></a>__rt_lib_init_getenv_1</STRONG> (Thumb, 0 bytes, Stack size unknown bytes, libinit2.o(.ARM.Collect$$libinit$$00000025))

<P><STRONG><a name="[f4]"></a>__rt_lib_init_heap_1</STRONG> (Thumb, 0 bytes, Stack size unknown bytes, libinit2.o(.ARM.Collect$$libinit$$0000000C))

<P><STRONG><a name="[f5]"></a>__rt_lib_init_lc_collate_1</STRONG> (Thumb, 0 bytes, Stack size unknown bytes, libinit2.o(.ARM.Collect$$libinit$$00000013))

<P><STRONG><a name="[f6]"></a>__rt_lib_init_lc_ctype_1</STRONG> (Thumb, 0 bytes, Stack size unknown bytes, libinit2.o(.ARM.Collect$$libinit$$00000015))

<P><STRONG><a name="[f7]"></a>__rt_lib_init_lc_monetary_1</STRONG> (Thumb, 0 bytes, Stack size unknown bytes, libinit2.o(.ARM.Collect$$libinit$$00000017))

<P><STRONG><a name="[f8]"></a>__rt_lib_init_lc_numeric_1</STRONG> (Thumb, 0 bytes, Stack size unknown bytes, libinit2.o(.ARM.Collect$$libinit$$00000019))

<P><STRONG><a name="[f9]"></a>__rt_lib_init_lc_time_1</STRONG> (Thumb, 0 bytes, Stack size unknown bytes, libinit2.o(.ARM.Collect$$libinit$$0000001B))

<P><STRONG><a name="[fa]"></a>__rt_lib_init_rand_1</STRONG> (Thumb, 0 bytes, Stack size unknown bytes, libinit2.o(.ARM.Collect$$libinit$$00000010))

<P><STRONG><a name="[fb]"></a>__rt_lib_init_signal_1</STRONG> (Thumb, 0 bytes, Stack size unknown bytes, libinit2.o(.ARM.Collect$$libinit$$0000001F))

<P><STRONG><a name="[5e]"></a>__rt_lib_init_stdio_2</STRONG> (Thumb, 0 bytes, Stack size unknown bytes, libinit2.o(.ARM.Collect$$libinit$$00000026))
<BR><BR>[Stack]<UL><LI>Max Depth = 136 + Unknown Stack Size
<LI>Call Chain = __rt_lib_init_stdio_2 &rArr; _initio &rArr; freopen &rArr; _fclose_internal &rArr; _fflush &rArr; _writebuf &rArr; _sys_write
</UL>
<BR>[Calls]<UL><LI><a href="#[5f]">&gt;&gt;</a>&nbsp;&nbsp;&nbsp;_initio
</UL>

<P><STRONG><a name="[fc]"></a>__rt_lib_init_user_alloc_1</STRONG> (Thumb, 0 bytes, Stack size unknown bytes, libinit2.o(.ARM.Collect$$libinit$$0000000E))

<P><STRONG><a name="[fd]"></a>__rt_lib_init_alloca_1</STRONG> (Thumb, 0 bytes, Stack size unknown bytes, libinit2.o(.ARM.Collect$$libinit$$00000030))

<P><STRONG><a name="[fe]"></a>__rt_lib_init_argv_1</STRONG> (Thumb, 0 bytes, Stack size unknown bytes, libinit2.o(.ARM.Collect$$libinit$$0000002E))

<P><STRONG><a name="[ff]"></a>__rt_lib_init_cpp_1</STRONG> (Thumb, 0 bytes, Stack size unknown bytes, libinit2.o(.ARM.Collect$$libinit$$00000034))

<P><STRONG><a name="[100]"></a>__rt_lib_init_exceptions_1</STRONG> (Thumb, 0 bytes, Stack size unknown bytes, libinit2.o(.ARM.Collect$$libinit$$00000032))

<P><STRONG><a name="[101]"></a>__rt_lib_init_return</STRONG> (Thumb, 0 bytes, Stack size unknown bytes, libinit2.o(.ARM.Collect$$libinit$$00000035))

<P><STRONG><a name="[102]"></a>__rt_lib_init_stdio_1</STRONG> (Thumb, 0 bytes, Stack size unknown bytes, libinit2.o(.ARM.Collect$$libinit$$00000027))

<P><STRONG><a name="[68]"></a>__rt_lib_shutdown</STRONG> (Thumb, 0 bytes, Stack size unknown bytes, libshutdown.o(.ARM.Collect$$libshutdown$$00000000))
<BR><BR>[Called By]<UL><LI><a href="#[67]">&gt;&gt;</a>&nbsp;&nbsp;&nbsp;__rt_exit_ls
</UL>

<P><STRONG><a name="[103]"></a>__rt_lib_shutdown_cpp_1</STRONG> (Thumb, 0 bytes, Stack size unknown bytes, libshutdown2.o(.ARM.Collect$$libshutdown$$00000002))

<P><STRONG><a name="[60]"></a>__rt_lib_shutdown_stdio_2</STRONG> (Thumb, 0 bytes, Stack size unknown bytes, libshutdown2.o(.ARM.Collect$$libshutdown$$00000003))
<BR><BR>[Stack]<UL><LI>Max Depth = 120 + Unknown Stack Size
<LI>Call Chain = __rt_lib_shutdown_stdio_2 &rArr; _terminateio &rArr; _fclose_internal &rArr; _fflush &rArr; _writebuf &rArr; _sys_write
</UL>
<BR>[Calls]<UL><LI><a href="#[61]">&gt;&gt;</a>&nbsp;&nbsp;&nbsp;_terminateio
</UL>

<P><STRONG><a name="[104]"></a>__rt_lib_shutdown_fp_trap_1</STRONG> (Thumb, 0 bytes, Stack size unknown bytes, libshutdown2.o(.ARM.Collect$$libshutdown$$00000007))

<P><STRONG><a name="[105]"></a>__rt_lib_shutdown_heap_1</STRONG> (Thumb, 0 bytes, Stack size unknown bytes, libshutdown2.o(.ARM.Collect$$libshutdown$$0000000F))

<P><STRONG><a name="[106]"></a>__rt_lib_shutdown_return</STRONG> (Thumb, 0 bytes, Stack size unknown bytes, libshutdown2.o(.ARM.Collect$$libshutdown$$00000010))

<P><STRONG><a name="[107]"></a>__rt_lib_shutdown_signal_1</STRONG> (Thumb, 0 bytes, Stack size unknown bytes, libshutdown2.o(.ARM.Collect$$libshutdown$$0000000A))

<P><STRONG><a name="[108]"></a>__rt_lib_shutdown_stdio_1</STRONG> (Thumb, 0 bytes, Stack size unknown bytes, libshutdown2.o(.ARM.Collect$$libshutdown$$00000004))

<P><STRONG><a name="[109]"></a>__rt_lib_shutdown_user_alloc_1</STRONG> (Thumb, 0 bytes, Stack size unknown bytes, libshutdown2.o(.ARM.Collect$$libshutdown$$0000000C))

<P><STRONG><a name="[50]"></a>__rt_entry</STRONG> (Thumb, 0 bytes, Stack size unknown bytes, __rtentry.o(.ARM.Collect$$rtentry$$00000000))
<BR><BR>[Called By]<UL><LI><a href="#[46]">&gt;&gt;</a>&nbsp;&nbsp;&nbsp;__main
<LI><a href="#[51]">&gt;&gt;</a>&nbsp;&nbsp;&nbsp;__scatterload_rt2
</UL>

<P><STRONG><a name="[10a]"></a>__rt_entry_presh_1</STRONG> (Thumb, 0 bytes, Stack size unknown bytes, __rtentry2.o(.ARM.Collect$$rtentry$$00000002))

<P><STRONG><a name="[10b]"></a>__rt_entry_sh</STRONG> (Thumb, 0 bytes, Stack size unknown bytes, __rtentry5.o(.ARM.Collect$$rtentry$$00000005))

<P><STRONG><a name="[62]"></a>__rt_entry_li</STRONG> (Thumb, 0 bytes, Stack size unknown bytes, __rtentry2.o(.ARM.Collect$$rtentry$$0000000A))
<BR><BR>[Calls]<UL><LI><a href="#[63]">&gt;&gt;</a>&nbsp;&nbsp;&nbsp;__rt_lib_init
</UL>

<P><STRONG><a name="[10c]"></a>__rt_entry_postsh_1</STRONG> (Thumb, 0 bytes, Stack size unknown bytes, __rtentry2.o(.ARM.Collect$$rtentry$$00000009))

<P><STRONG><a name="[64]"></a>__rt_entry_main</STRONG> (Thumb, 0 bytes, Stack size unknown bytes, __rtentry2.o(.ARM.Collect$$rtentry$$0000000D))
<BR><BR>[Stack]<UL><LI>Max Depth = 152 + Unknown Stack Size
<LI>Call Chain = __rt_entry_main &rArr; main &rArr; __2printf &rArr; _printf_char_file &rArr; _printf_char_common &rArr; __printf
</UL>
<BR>[Calls]<UL><LI><a href="#[65]">&gt;&gt;</a>&nbsp;&nbsp;&nbsp;main
<LI><a href="#[66]">&gt;&gt;</a>&nbsp;&nbsp;&nbsp;exit
</UL>

<P><STRONG><a name="[10d]"></a>__rt_entry_postli_1</STRONG> (Thumb, 0 bytes, Stack size unknown bytes, __rtentry2.o(.ARM.Collect$$rtentry$$0000000C))

<P><STRONG><a name="[9a]"></a>__rt_exit</STRONG> (Thumb, 0 bytes, Stack size unknown bytes, rtexit.o(.ARM.Collect$$rtexit$$00000000))
<BR><BR>[Called By]<UL><LI><a href="#[66]">&gt;&gt;</a>&nbsp;&nbsp;&nbsp;exit
</UL>

<P><STRONG><a name="[67]"></a>__rt_exit_ls</STRONG> (Thumb, 0 bytes, Stack size unknown bytes, rtexit2.o(.ARM.Collect$$rtexit$$00000003))
<BR><BR>[Calls]<UL><LI><a href="#[68]">&gt;&gt;</a>&nbsp;&nbsp;&nbsp;__rt_lib_shutdown
</UL>

<P><STRONG><a name="[10e]"></a>__rt_exit_prels_1</STRONG> (Thumb, 0 bytes, Stack size unknown bytes, rtexit2.o(.ARM.Collect$$rtexit$$00000002))

<P><STRONG><a name="[69]"></a>__rt_exit_exit</STRONG> (Thumb, 0 bytes, Stack size unknown bytes, rtexit2.o(.ARM.Collect$$rtexit$$00000004))
<BR><BR>[Calls]<UL><LI><a href="#[6a]">&gt;&gt;</a>&nbsp;&nbsp;&nbsp;_sys_exit
</UL>

<P><STRONG><a name="[6b]"></a>__2printf</STRONG> (Thumb, 20 bytes, Stack size 24 bytes, __2printf.o(.text))
<BR><BR>[Stack]<UL><LI>Max Depth = 144 + Unknown Stack Size
<LI>Call Chain = __2printf &rArr; _printf_char_file &rArr; _printf_char_common &rArr; __printf
</UL>
<BR>[Calls]<UL><LI><a href="#[6c]">&gt;&gt;</a>&nbsp;&nbsp;&nbsp;_printf_char_file
</UL>
<BR>[Called By]<UL><LI><a href="#[47]">&gt;&gt;</a>&nbsp;&nbsp;&nbsp;NMI_Handler_Proc
<LI><a href="#[48]">&gt;&gt;</a>&nbsp;&nbsp;&nbsp;HardFault_Handler_Proc
<LI><a href="#[65]">&gt;&gt;</a>&nbsp;&nbsp;&nbsp;main
<LI><a href="#[4c]">&gt;&gt;</a>&nbsp;&nbsp;&nbsp;system_error_handler
<LI><a href="#[4b]">&gt;&gt;</a>&nbsp;&nbsp;&nbsp;os_error_handler
</UL>

<P><STRONG><a name="[6e]"></a>_printf_pre_padding</STRONG> (Thumb, 44 bytes, Stack size 16 bytes, _printf_pad.o(.text))
<BR><BR>[Stack]<UL><LI>Max Depth = 16<LI>Call Chain = _printf_pre_padding
</UL>
<BR>[Called By]<UL><LI><a href="#[70]">&gt;&gt;</a>&nbsp;&nbsp;&nbsp;_printf_int_common
<LI><a href="#[6d]">&gt;&gt;</a>&nbsp;&nbsp;&nbsp;_printf_str
</UL>

<P><STRONG><a name="[6f]"></a>_printf_post_padding</STRONG> (Thumb, 34 bytes, Stack size 16 bytes, _printf_pad.o(.text))
<BR><BR>[Stack]<UL><LI>Max Depth = 16<LI>Call Chain = _printf_post_padding
</UL>
<BR>[Called By]<UL><LI><a href="#[70]">&gt;&gt;</a>&nbsp;&nbsp;&nbsp;_printf_int_common
<LI><a href="#[6d]">&gt;&gt;</a>&nbsp;&nbsp;&nbsp;_printf_str
</UL>

<P><STRONG><a name="[6d]"></a>_printf_str</STRONG> (Thumb, 82 bytes, Stack size 16 bytes, _printf_str.o(.text))
<BR><BR>[Stack]<UL><LI>Max Depth = 32<LI>Call Chain = _printf_str &rArr; _printf_post_padding
</UL>
<BR>[Calls]<UL><LI><a href="#[6f]">&gt;&gt;</a>&nbsp;&nbsp;&nbsp;_printf_post_padding
<LI><a href="#[6e]">&gt;&gt;</a>&nbsp;&nbsp;&nbsp;_printf_pre_padding
</UL>
<BR>[Called By]<UL><LI><a href="#[7a]">&gt;&gt;</a>&nbsp;&nbsp;&nbsp;_printf_cs_common
</UL>

<P><STRONG><a name="[54]"></a>_printf_int_dec</STRONG> (Thumb, 104 bytes, Stack size 24 bytes, _printf_dec.o(.text))
<BR><BR>[Stack]<UL><LI>Max Depth = 72<LI>Call Chain = _printf_int_dec &rArr; _printf_int_common &rArr; _printf_post_padding
</UL>
<BR>[Calls]<UL><LI><a href="#[70]">&gt;&gt;</a>&nbsp;&nbsp;&nbsp;_printf_int_common
</UL>
<BR>[Called By]<UL><LI><a href="#[55]">&gt;&gt;</a>&nbsp;&nbsp;&nbsp;_printf_u
<LI><a href="#[53]">&gt;&gt;</a>&nbsp;&nbsp;&nbsp;_printf_d
</UL>

<P><STRONG><a name="[71]"></a>_printf_longlong_hex</STRONG> (Thumb, 86 bytes, Stack size 16 bytes, _printf_hex_int_ll_ptr.o(.text))
<BR><BR>[Stack]<UL><LI>Max Depth = 64<LI>Call Chain = _printf_longlong_hex &rArr; _printf_int_common &rArr; _printf_post_padding
</UL>
<BR>[Calls]<UL><LI><a href="#[70]">&gt;&gt;</a>&nbsp;&nbsp;&nbsp;_printf_int_common
</UL>
<BR>[Called By]<UL><LI><a href="#[73]">&gt;&gt;</a>&nbsp;&nbsp;&nbsp;_printf_hex_ptr
<LI><a href="#[72]">&gt;&gt;</a>&nbsp;&nbsp;&nbsp;_printf_ll_hex
<LI><a href="#[57]">&gt;&gt;</a>&nbsp;&nbsp;&nbsp;_printf_int_hex
</UL>

<P><STRONG><a name="[57]"></a>_printf_int_hex</STRONG> (Thumb, 28 bytes, Stack size 16 bytes, _printf_hex_int_ll_ptr.o(.text))
<BR><BR>[Stack]<UL><LI>Max Depth = 80<LI>Call Chain = _printf_int_hex &rArr; _printf_longlong_hex &rArr; _printf_int_common &rArr; _printf_post_padding
</UL>
<BR>[Calls]<UL><LI><a href="#[71]">&gt;&gt;</a>&nbsp;&nbsp;&nbsp;_printf_longlong_hex
</UL>
<BR>[Called By]<UL><LI><a href="#[56]">&gt;&gt;</a>&nbsp;&nbsp;&nbsp;_printf_x
</UL>

<P><STRONG><a name="[72]"></a>_printf_ll_hex</STRONG> (Thumb, 12 bytes, Stack size 0 bytes, _printf_hex_int_ll_ptr.o(.text), UNUSED)
<BR><BR>[Calls]<UL><LI><a href="#[71]">&gt;&gt;</a>&nbsp;&nbsp;&nbsp;_printf_longlong_hex
</UL>

<P><STRONG><a name="[73]"></a>_printf_hex_ptr</STRONG> (Thumb, 18 bytes, Stack size 0 bytes, _printf_hex_int_ll_ptr.o(.text), UNUSED)
<BR><BR>[Calls]<UL><LI><a href="#[71]">&gt;&gt;</a>&nbsp;&nbsp;&nbsp;_printf_longlong_hex
</UL>

<P><STRONG><a name="[74]"></a>__printf</STRONG> (Thumb, 388 bytes, Stack size 40 bytes, __printf_flags_ss_wp.o(.text))
<BR><BR>[Stack]<UL><LI>Max Depth = 40 + Unknown Stack Size
<LI>Call Chain = __printf
</UL>
<BR>[Calls]<UL><LI><a href="#[76]">&gt;&gt;</a>&nbsp;&nbsp;&nbsp;_printf_percent
<LI><a href="#[75]">&gt;&gt;</a>&nbsp;&nbsp;&nbsp;_is_digit
</UL>
<BR>[Called By]<UL><LI><a href="#[79]">&gt;&gt;</a>&nbsp;&nbsp;&nbsp;_printf_char_common
</UL>

<P><STRONG><a name="[77]"></a>putchar</STRONG> (Thumb, 6 bytes, Stack size 0 bytes, putchar.o(.text))
<BR><BR>[Stack]<UL><LI>Max Depth = 16<LI>Call Chain = putchar &rArr; fputc
</UL>
<BR>[Calls]<UL><LI><a href="#[4a]">&gt;&gt;</a>&nbsp;&nbsp;&nbsp;fputc
</UL>
<BR>[Called By]<UL><LI><a href="#[4e]">&gt;&gt;</a>&nbsp;&nbsp;&nbsp;lpwr_after_wakeup
</UL>

<P><STRONG><a name="[78]"></a>puts</STRONG> (Thumb, 40 bytes, Stack size 8 bytes, puts.o(.text))
<BR><BR>[Stack]<UL><LI>Max Depth = 24<LI>Call Chain = puts &rArr; fputc
</UL>
<BR>[Calls]<UL><LI><a href="#[4a]">&gt;&gt;</a>&nbsp;&nbsp;&nbsp;fputc
</UL>
<BR>[Called By]<UL><LI><a href="#[48]">&gt;&gt;</a>&nbsp;&nbsp;&nbsp;HardFault_Handler_Proc
<LI><a href="#[4c]">&gt;&gt;</a>&nbsp;&nbsp;&nbsp;system_error_handler
<LI><a href="#[4b]">&gt;&gt;</a>&nbsp;&nbsp;&nbsp;os_error_handler
</UL>

<P><STRONG><a name="[7d]"></a>__aeabi_memclr4</STRONG> (Thumb, 0 bytes, Stack size unknown bytes, rt_memclr_w.o(.text))
<BR><BR>[Called By]<UL><LI><a href="#[81]">&gt;&gt;</a>&nbsp;&nbsp;&nbsp;_fclose_internal
<LI><a href="#[86]">&gt;&gt;</a>&nbsp;&nbsp;&nbsp;fopen
<LI><a href="#[5f]">&gt;&gt;</a>&nbsp;&nbsp;&nbsp;_initio
</UL>

<P><STRONG><a name="[10f]"></a>__aeabi_memclr8</STRONG> (Thumb, 0 bytes, Stack size unknown bytes, rt_memclr_w.o(.text), UNUSED)

<P><STRONG><a name="[110]"></a>__rt_memclr_w</STRONG> (Thumb, 0 bytes, Stack size unknown bytes, rt_memclr_w.o(.text), UNUSED)

<P><STRONG><a name="[111]"></a>_memset_w</STRONG> (Thumb, 74 bytes, Stack size 4 bytes, rt_memclr_w.o(.text), UNUSED)

<P><STRONG><a name="[112]"></a>__use_two_region_memory</STRONG> (Thumb, 2 bytes, Stack size 0 bytes, heapauxi.o(.text), UNUSED)

<P><STRONG><a name="[113]"></a>__rt_heap_escrow</STRONG> (Thumb, 2 bytes, Stack size 0 bytes, heapauxi.o(.text), UNUSED)

<P><STRONG><a name="[114]"></a>__rt_heap_expand</STRONG> (Thumb, 2 bytes, Stack size 0 bytes, heapauxi.o(.text), UNUSED)

<P><STRONG><a name="[6a]"></a>_sys_exit</STRONG> (Thumb, 8 bytes, Stack size 0 bytes, sys_exit.o(.text))
<BR><BR>[Called By]<UL><LI><a href="#[8a]">&gt;&gt;</a>&nbsp;&nbsp;&nbsp;__sig_exit
<LI><a href="#[69]">&gt;&gt;</a>&nbsp;&nbsp;&nbsp;__rt_exit_exit
</UL>

<P><STRONG><a name="[70]"></a>_printf_int_common</STRONG> (Thumb, 178 bytes, Stack size 32 bytes, _printf_intcommon.o(.text))
<BR><BR>[Stack]<UL><LI>Max Depth = 48<LI>Call Chain = _printf_int_common &rArr; _printf_post_padding
</UL>
<BR>[Calls]<UL><LI><a href="#[6f]">&gt;&gt;</a>&nbsp;&nbsp;&nbsp;_printf_post_padding
<LI><a href="#[6e]">&gt;&gt;</a>&nbsp;&nbsp;&nbsp;_printf_pre_padding
</UL>
<BR>[Called By]<UL><LI><a href="#[71]">&gt;&gt;</a>&nbsp;&nbsp;&nbsp;_printf_longlong_hex
<LI><a href="#[54]">&gt;&gt;</a>&nbsp;&nbsp;&nbsp;_printf_int_dec
</UL>

<P><STRONG><a name="[79]"></a>_printf_char_common</STRONG> (Thumb, 32 bytes, Stack size 64 bytes, _printf_char_common.o(.text))
<BR><BR>[Stack]<UL><LI>Max Depth = 104 + Unknown Stack Size
<LI>Call Chain = _printf_char_common &rArr; __printf
</UL>
<BR>[Calls]<UL><LI><a href="#[74]">&gt;&gt;</a>&nbsp;&nbsp;&nbsp;__printf
</UL>
<BR>[Called By]<UL><LI><a href="#[6c]">&gt;&gt;</a>&nbsp;&nbsp;&nbsp;_printf_char_file
</UL>

<P><STRONG><a name="[7a]"></a>_printf_cs_common</STRONG> (Thumb, 20 bytes, Stack size 8 bytes, _printf_char.o(.text))
<BR><BR>[Stack]<UL><LI>Max Depth = 40<LI>Call Chain = _printf_cs_common &rArr; _printf_str &rArr; _printf_post_padding
</UL>
<BR>[Calls]<UL><LI><a href="#[6d]">&gt;&gt;</a>&nbsp;&nbsp;&nbsp;_printf_str
</UL>
<BR>[Called By]<UL><LI><a href="#[59]">&gt;&gt;</a>&nbsp;&nbsp;&nbsp;_printf_string
<LI><a href="#[7b]">&gt;&gt;</a>&nbsp;&nbsp;&nbsp;_printf_char
</UL>

<P><STRONG><a name="[7b]"></a>_printf_char</STRONG> (Thumb, 16 bytes, Stack size 0 bytes, _printf_char.o(.text), UNUSED)
<BR><BR>[Calls]<UL><LI><a href="#[7a]">&gt;&gt;</a>&nbsp;&nbsp;&nbsp;_printf_cs_common
</UL>

<P><STRONG><a name="[59]"></a>_printf_string</STRONG> (Thumb, 8 bytes, Stack size 0 bytes, _printf_char.o(.text))
<BR><BR>[Stack]<UL><LI>Max Depth = 40<LI>Call Chain = _printf_string &rArr; _printf_cs_common &rArr; _printf_str &rArr; _printf_post_padding
</UL>
<BR>[Calls]<UL><LI><a href="#[7a]">&gt;&gt;</a>&nbsp;&nbsp;&nbsp;_printf_cs_common
</UL>
<BR>[Called By]<UL><LI><a href="#[58]">&gt;&gt;</a>&nbsp;&nbsp;&nbsp;_printf_s
</UL>

<P><STRONG><a name="[6c]"></a>_printf_char_file</STRONG> (Thumb, 32 bytes, Stack size 16 bytes, _printf_char_file.o(.text))
<BR><BR>[Stack]<UL><LI>Max Depth = 120 + Unknown Stack Size
<LI>Call Chain = _printf_char_file &rArr; _printf_char_common &rArr; __printf
</UL>
<BR>[Calls]<UL><LI><a href="#[79]">&gt;&gt;</a>&nbsp;&nbsp;&nbsp;_printf_char_common
<LI><a href="#[7c]">&gt;&gt;</a>&nbsp;&nbsp;&nbsp;ferror
</UL>
<BR>[Called By]<UL><LI><a href="#[6b]">&gt;&gt;</a>&nbsp;&nbsp;&nbsp;__2printf
</UL>

<P><STRONG><a name="[5f]"></a>_initio</STRONG> (Thumb, 210 bytes, Stack size 8 bytes, initio.o(.text))
<BR><BR>[Stack]<UL><LI>Max Depth = 136 + Unknown Stack Size
<LI>Call Chain = _initio &rArr; freopen &rArr; _fclose_internal &rArr; _fflush &rArr; _writebuf &rArr; _sys_write
</UL>
<BR>[Calls]<UL><LI><a href="#[7d]">&gt;&gt;</a>&nbsp;&nbsp;&nbsp;__aeabi_memclr4
<LI><a href="#[7f]">&gt;&gt;</a>&nbsp;&nbsp;&nbsp;__rt_SIGRTRED
<LI><a href="#[7e]">&gt;&gt;</a>&nbsp;&nbsp;&nbsp;freopen
<LI><a href="#[80]">&gt;&gt;</a>&nbsp;&nbsp;&nbsp;setvbuf
</UL>
<BR>[Called By]<UL><LI><a href="#[5e]">&gt;&gt;</a>&nbsp;&nbsp;&nbsp;__rt_lib_init_stdio_2
</UL>

<P><STRONG><a name="[61]"></a>_terminateio</STRONG> (Thumb, 56 bytes, Stack size 16 bytes, initio.o(.text))
<BR><BR>[Stack]<UL><LI>Max Depth = 120 + Unknown Stack Size
<LI>Call Chain = _terminateio &rArr; _fclose_internal &rArr; _fflush &rArr; _writebuf &rArr; _sys_write
</UL>
<BR>[Calls]<UL><LI><a href="#[81]">&gt;&gt;</a>&nbsp;&nbsp;&nbsp;_fclose_internal
<LI><a href="#[82]">&gt;&gt;</a>&nbsp;&nbsp;&nbsp;free
</UL>
<BR>[Called By]<UL><LI><a href="#[60]">&gt;&gt;</a>&nbsp;&nbsp;&nbsp;__rt_lib_shutdown_stdio_2
</UL>

<P><STRONG><a name="[9c]"></a>_ttywrch</STRONG> (Thumb, 14 bytes, Stack size 8 bytes, sys_wrch.o(.text))
<BR><BR>[Stack]<UL><LI>Max Depth = 8<LI>Call Chain = _ttywrch
</UL>
<BR>[Called By]<UL><LI><a href="#[9b]">&gt;&gt;</a>&nbsp;&nbsp;&nbsp;__default_signal_display
</UL>

<P><STRONG><a name="[115]"></a>__I$use$semihosting</STRONG> (Thumb, 0 bytes, Stack size 0 bytes, use_no_semi.o(.text), UNUSED)

<P><STRONG><a name="[116]"></a>__use_no_semihosting_swi</STRONG> (Thumb, 2 bytes, Stack size 0 bytes, use_no_semi.o(.text), UNUSED)

[...]
<BR><BR>[Stack]<UL><LI>Max Depth = 144 + Unknown Stack Size
<LI>Call Chain = NMI_Handler_Proc &rArr; __2printf &rArr; _printf_char_file &rArr; _printf_char_common &rArr; __printf
</UL>
<BR>[Calls]<UL><LI><a href="#[a0]">&gt;&gt;</a>&nbsp;&nbsp;&nbsp;app_debug_printf
<LI><a href="#[9f]">&gt;&gt;</a>&nbsp;&nbsp;&nbsp;app_debug_reinit
<LI><a href="#[6b]">&gt;&gt;</a>&nbsp;&nbsp;&nbsp;__2printf
</UL>
<BR>[Address Reference Count : 1]<UL><LI> startup_armcm33.o(.text)
</UL>
<P><STRONG><a name="[a1]"></a>app_debug_init</STRONG> (Thumb, 150 bytes, Stack size 8 bytes, app_debug.o(.text.app_debug_init))
<BR><BR>[Stack]<UL><LI>Max Depth = 40<LI>Call Chain = app_debug_init &rArr; app_debug_reinit
</UL>
<BR>[Calls]<UL><LI><a href="#[9f]">&gt;&gt;</a>&nbsp;&nbsp;&nbsp;app_debug_reinit
</UL>
<BR>[Called By]<UL><LI><a href="#[65]">&gt;&gt;</a>&nbsp;&nbsp;&nbsp;main
</UL>

<P><STRONG><a name="[a0]"></a>app_debug_printf</STRONG> (Thumb, 92 bytes, Stack size 24 bytes, app_debug.o(.text.app_debug_printf))
<BR><BR>[Stack]<UL><LI>Max Depth = 24<LI>Call Chain = app_debug_printf
</UL>
<BR>[Calls]<UL><LI><a href="#[a2]">&gt;&gt;</a>&nbsp;&nbsp;&nbsp;rom_hw_uart_send_byte (via Veneer)
</UL>
<BR>[Called By]<UL><LI><a href="#[47]">&gt;&gt;</a>&nbsp;&nbsp;&nbsp;NMI_Handler_Proc
<LI><a href="#[48]">&gt;&gt;</a>&nbsp;&nbsp;&nbsp;HardFault_Handler_Proc
<LI><a href="#[4c]">&gt;&gt;</a>&nbsp;&nbsp;&nbsp;system_error_handler
<LI><a href="#[4b]">&gt;&gt;</a>&nbsp;&nbsp;&nbsp;os_error_handler
</UL>

<P><STRONG><a name="[9f]"></a>app_debug_reinit</STRONG> (Thumb, 130 bytes, Stack size 32 bytes, app_debug.o(.text.app_debug_reinit))
<BR><BR>[Stack]<UL><LI>Max Depth = 32<LI>Call Chain = app_debug_reinit
</UL>
<BR>[Calls]<UL><LI><a href="#[a6]">&gt;&gt;</a>&nbsp;&nbsp;&nbsp;rom_hw_uart_init (via Veneer)
<LI><a href="#[a5]">&gt;&gt;</a>&nbsp;&nbsp;&nbsp;rom_hw_gpio_set_pin_pull_mode (via Veneer)
<LI><a href="#[a4]">&gt;&gt;</a>&nbsp;&nbsp;&nbsp;rom_hw_gpio_set_pin_pid (via Veneer)
<LI><a href="#[a3]">&gt;&gt;</a>&nbsp;&nbsp;&nbsp;rom_hw_crg_enable_clk_gate (via Veneer)
</UL>
<BR>[Called By]<UL><LI><a href="#[a1]">&gt;&gt;</a>&nbsp;&nbsp;&nbsp;app_debug_init
<LI><a href="#[47]">&gt;&gt;</a>&nbsp;&nbsp;&nbsp;NMI_Handler_Proc
<LI><a href="#[48]">&gt;&gt;</a>&nbsp;&nbsp;&nbsp;HardFault_Handler_Proc
<LI><a href="#[4e]">&gt;&gt;</a>&nbsp;&nbsp;&nbsp;lpwr_after_wakeup
<LI><a href="#[4c]">&gt;&gt;</a>&nbsp;&nbsp;&nbsp;system_error_handler
<LI><a href="#[4b]">&gt;&gt;</a>&nbsp;&nbsp;&nbsp;os_error_handler
</UL>

<P><STRONG><a name="[ba]"></a>err_debug_init</STRONG> (Thumb, 38 bytes, Stack size 0 bytes, err_debug.o(.text.err_debug_init))
<BR><BR>[Called By]<UL><LI><a href="#[65]">&gt;&gt;</a>&nbsp;&nbsp;&nbsp;main
</UL>

<P><STRONG><a name="[4a]"></a>fputc</STRONG> (Thumb, 78 bytes, Stack size 16 bytes, app_debug.o(.text.fputc))
<BR><BR>[Stack]<UL><LI>Max Depth = 16<LI>Call Chain = fputc
</UL>
<BR>[Calls]<UL><LI><a href="#[a7]">&gt;&gt;</a>&nbsp;&nbsp;&nbsp;rom_hw_uart_transmit (via Veneer)
</UL>
<BR>[Called By]<UL><LI><a href="#[78]">&gt;&gt;</a>&nbsp;&nbsp;&nbsp;puts
<LI><a href="#[77]">&gt;&gt;</a>&nbsp;&nbsp;&nbsp;putchar
</UL>
<BR>[Address Reference Count : 1]<UL><LI> _printf_char_file.o(.text)
</UL>
<P><STRONG><a name="[a8]"></a>lpwr_ctrl_init</STRONG> (Thumb, 350 bytes, Stack size 24 bytes, lpwr_ctrl.o(.text.lpwr_ctrl_init))
<BR><BR>[Stack]<UL><LI>Max Depth = 24<LI>Call Chain = lpwr_ctrl_init
</UL>
<BR>[Calls]<UL><LI><a href="#[ab]">&gt;&gt;</a>&nbsp;&nbsp;&nbsp;rom_hw_pmu_set_wakeup_source (via Veneer)
<LI><a href="#[aa]">&gt;&gt;</a>&nbsp;&nbsp;&nbsp;rom_hw_pmu_set_low_power_mode (via Veneer)
<LI><a href="#[a5]">&gt;&gt;</a>&nbsp;&nbsp;&nbsp;rom_hw_gpio_set_pin_pull_mode (via Veneer)
<LI><a href="#[a9]">&gt;&gt;</a>&nbsp;&nbsp;&nbsp;rom_hw_efuse_read_bytes (via Veneer)
</UL>
<BR>[Called By]<UL><LI><a href="#[65]">&gt;&gt;</a>&nbsp;&nbsp;&nbsp;main
</UL>

<P><STRONG><a name="[65]"></a>main</STRONG> (Thumb, 276 bytes, Stack size 8 bytes, main.o(.text.main))
<BR><BR>[Stack]<UL><LI>Max Depth = 152 + Unknown Stack Size
<LI>Call Chain = main &rArr; __2printf &rArr; _printf_char_file &rArr; _printf_char_common &rArr; __printf
</UL>
<BR>[Calls]<UL><LI><a href="#[a1]">&gt;&gt;</a>&nbsp;&nbsp;&nbsp;app_debug_init
<LI><a href="#[ac]">&gt;&gt;</a>&nbsp;&nbsp;&nbsp;rom_hw_wdt_disable (via Veneer)
<LI><a href="#[be]">&gt;&gt;</a>&nbsp;&nbsp;&nbsp;rom_hw_sys_ctrl_write_com_reg (via Veneer)
<LI><a href="#[b9]">&gt;&gt;</a>&nbsp;&nbsp;&nbsp;rom_hw_sys_ctrl_peri_int_ctrl (via Veneer)
<LI><a href="#[bd]">&gt;&gt;</a>&nbsp;&nbsp;&nbsp;rom_hw_sys_ctrl_enable_cp_remap (via Veneer)
<LI><a href="#[b5]">&gt;&gt;</a>&nbsp;&nbsp;&nbsp;rom_hw_pmu_set_rc_lclk_tune (via Veneer)
<LI><a href="#[b4]">&gt;&gt;</a>&nbsp;&nbsp;&nbsp;rom_hw_pmu_set_rc_hclk_tune (via Veneer)
<LI><a href="#[b2]">&gt;&gt;</a>&nbsp;&nbsp;&nbsp;rom_hw_pmu_set_ldo_ret_sleep_voltage (via Veneer)
<LI><a href="#[b1]">&gt;&gt;</a>&nbsp;&nbsp;&nbsp;rom_hw_pmu_set_ldo_dig_voltage (via Veneer)
<LI><a href="#[ae]">&gt;&gt;</a>&nbsp;&nbsp;&nbsp;rom_hw_pmu_set_ldo_act_voltage (via Veneer)
<LI><a href="#[b0]">&gt;&gt;</a>&nbsp;&nbsp;&nbsp;rom_hw_pmu_set_dcdc_act_voltage (via Veneer)
<LI><a href="#[b6]">&gt;&gt;</a>&nbsp;&nbsp;&nbsp;rom_hw_pmu_sel_dcxo_hclk_pwr (via Veneer)
<LI><a href="#[af]">&gt;&gt;</a>&nbsp;&nbsp;&nbsp;rom_hw_pmu_dcdc_init (via Veneer)
<LI><a href="#[a9]">&gt;&gt;</a>&nbsp;&nbsp;&nbsp;rom_hw_efuse_read_bytes (via Veneer)
<LI><a href="#[bf]">&gt;&gt;</a>&nbsp;&nbsp;&nbsp;rom_hw_crg_release_reset (via Veneer)
<LI><a href="#[bc]">&gt;&gt;</a>&nbsp;&nbsp;&nbsp;rom_hw_crg_keep_reset (via Veneer)
<LI><a href="#[a3]">&gt;&gt;</a>&nbsp;&nbsp;&nbsp;rom_hw_crg_enable_clk_gate (via Veneer)
<LI><a href="#[b8]">&gt;&gt;</a>&nbsp;&nbsp;&nbsp;rom_hal_pmu_set_sys_clk_src (via Veneer)
<LI><a href="#[b3]">&gt;&gt;</a>&nbsp;&nbsp;&nbsp;rom_hal_pmu_sel_power_act_out_mode (via Veneer)
<LI><a href="#[b7]">&gt;&gt;</a>&nbsp;&nbsp;&nbsp;rom_hal_pmu_cfg_dcxo_hclk_param (via Veneer)
<LI><a href="#[ad]">&gt;&gt;</a>&nbsp;&nbsp;&nbsp;rom_delay_ms (via Veneer)
<LI><a href="#[bb]">&gt;&gt;</a>&nbsp;&nbsp;&nbsp;patch_hal_pmu_set_sram_ret
<LI><a href="#[c0]">&gt;&gt;</a>&nbsp;&nbsp;&nbsp;lpwr_ctrl_goto_sleep (via Veneer)
<LI><a href="#[a8]">&gt;&gt;</a>&nbsp;&nbsp;&nbsp;lpwr_ctrl_init
<LI><a href="#[ba]">&gt;&gt;</a>&nbsp;&nbsp;&nbsp;err_debug_init
<LI><a href="#[6b]">&gt;&gt;</a>&nbsp;&nbsp;&nbsp;__2printf
</UL>
<BR>[Called By]<UL><LI><a href="#[64]">&gt;&gt;</a>&nbsp;&nbsp;&nbsp;__rt_entry_main
</UL>

<P><STRONG><a name="[4b]"></a>os_error_handler</STRONG> (Thumb, 40 bytes, Stack size 0 bytes, err_debug.o(.text.os_error_handler))
<BR><BR>[Stack]<UL><LI>Max Depth = 144 + Unknown Stack Size
<LI>Call Chain = os_error_handler &rArr; __2printf &rArr; _printf_char_file &rArr; _printf_char_common &rArr; __printf
</UL>
<BR>[Calls]<UL><LI><a href="#[a0]">&gt;&gt;</a>&nbsp;&nbsp;&nbsp;app_debug_printf
<LI><a href="#[9f]">&gt;&gt;</a>&nbsp;&nbsp;&nbsp;app_debug_reinit
<LI><a href="#[78]">&gt;&gt;</a>&nbsp;&nbsp;&nbsp;puts
<LI><a href="#[6b]">&gt;&gt;</a>&nbsp;&nbsp;&nbsp;__2printf
</UL>
<BR>[Address Reference Count : 1]<UL><LI> err_debug.o(.text.err_debug_init)
</UL>
<P><STRONG><a name="[bb]"></a>patch_hal_pmu_set_sram_ret</STRONG> (Thumb, 54 bytes, Stack size 8 bytes, patch_hal_pmu.o(.text.patch_hal_pmu_set_sram_ret))
<BR><BR>[Stack]<UL><LI>Max Depth = 8<LI>Call Chain = patch_hal_pmu_set_sram_ret
</UL>
<BR>[Calls]<UL><LI><a href="#[c2]">&gt;&gt;</a>&nbsp;&nbsp;&nbsp;rom_hw_pmu_set_sram_block_ret (via Veneer)
<LI><a href="#[c1]">&gt;&gt;</a>&nbsp;&nbsp;&nbsp;rom_hw_pmu_clr_sram_block_ret (via Veneer)
</UL>
<BR>[Called By]<UL><LI><a href="#[65]">&gt;&gt;</a>&nbsp;&nbsp;&nbsp;main
</UL>

<P><STRONG><a name="[4c]"></a>system_error_handler</STRONG> (Thumb, 48 bytes, Stack size 0 bytes, err_debug.o(.text.system_error_handler))
<BR><BR>[Stack]<UL><LI>Max Depth = 144 + Unknown Stack Size
<LI>Call Chain = system_error_handler &rArr; __2printf &rArr; _printf_char_file &rArr; _printf_char_common &rArr; __printf
</UL>
<BR>[Calls]<UL><LI><a href="#[a0]">&gt;&gt;</a>&nbsp;&nbsp;&nbsp;app_debug_printf
<LI><a href="#[9f]">&gt;&gt;</a>&nbsp;&nbsp;&nbsp;app_debug_reinit
<LI><a href="#[78]">&gt;&gt;</a>&nbsp;&nbsp;&nbsp;puts
<LI><a href="#[6b]">&gt;&gt;</a>&nbsp;&nbsp;&nbsp;__2printf
</UL>
<BR>[Address Reference Count : 1]<UL><LI> err_debug.o(.text.err_debug_init)
</UL>
<P><STRONG><a name="[75]"></a>_is_digit</STRONG> (Thumb, 14 bytes, Stack size 0 bytes, __printf_wp.o(i._is_digit))
<BR><BR>[Called By]<UL><LI><a href="#[74]">&gt;&gt;</a>&nbsp;&nbsp;&nbsp;__printf
</UL>

<P><STRONG><a name="[5b]"></a>_fp_init</STRONG> (Thumb, 26 bytes, Stack size 0 bytes, fpinit.o(x$fpl$fpinit))
<BR><BR>[Called By]<UL><LI><a href="#[5a]">&gt;&gt;</a>&nbsp;&nbsp;&nbsp;__rt_lib_init_fp_1
</UL>

<P><STRONG><a name="[125]"></a>__fplib_config_fpu_vfp</STRONG> (Thumb, 0 bytes, Stack size unknown bytes, fpinit.o(x$fpl$fpinit), UNUSED)

<P><STRONG><a name="[126]"></a>__fplib_config_pureend_doubles</STRONG> (Thumb, 0 bytes, Stack size unknown bytes, fpinit.o(x$fpl$fpinit), UNUSED)

<P><STRONG><a name="[c0]"></a>lpwr_ctrl_goto_sleep</STRONG> (Thumb, 282 bytes, Stack size 32 bytes, lpwr_ctrl.o(.ram.function))
<BR><BR>[Stack]<UL><LI>Max Depth = 56<LI>Call Chain = lpwr_ctrl_goto_sleep &rArr; patch_hw_flash_release_deep_power_down &rArr; patch_hw_flash_release_read_enhanced
</UL>
<BR>[Calls]<UL><LI><a href="#[c4]">&gt;&gt;</a>&nbsp;&nbsp;&nbsp;rom_hw_sys_ctrl_read_com_reg (via Veneer)
<LI><a href="#[c3]">&gt;&gt;</a>&nbsp;&nbsp;&nbsp;rom_hw_crg_get_sys_clk_src (via Veneer)
<LI><a href="#[c7]">&gt;&gt;</a>&nbsp;&nbsp;&nbsp;rom_hw_cache_init (via Veneer)
<LI><a href="#[b8]">&gt;&gt;</a>&nbsp;&nbsp;&nbsp;rom_hal_pmu_set_sys_clk_src (via Veneer)
<LI><a href="#[c6]">&gt;&gt;</a>&nbsp;&nbsp;&nbsp;patch_hw_flash_release_deep_power_down
<LI><a href="#[c5]">&gt;&gt;</a>&nbsp;&nbsp;&nbsp;patch_hw_flash_enter_deep_power_down
</UL>
<BR>[Called By]<UL><LI><a href="#[65]">&gt;&gt;</a>&nbsp;&nbsp;&nbsp;main (via Veneer)
</UL>

<P><STRONG><a name="[c8]"></a>patch_hw_flash_release_read_enhanced</STRONG> (Thumb, 64 bytes, Stack size 16 bytes, patch_hw_flash.o(.ram.function))
<BR><BR>[Stack]<UL><LI>Max Depth = 16<LI>Call Chain = patch_hw_flash_release_read_enhanced
</UL>
<BR>[Calls]<UL><LI><a href="#[c9]">&gt;&gt;</a>&nbsp;&nbsp;&nbsp;rom_hw_flash_send_command (via Veneer)
</UL>
<BR>[Called By]<UL><LI><a href="#[c6]">&gt;&gt;</a>&nbsp;&nbsp;&nbsp;patch_hw_flash_release_deep_power_down
<LI><a href="#[c5]">&gt;&gt;</a>&nbsp;&nbsp;&nbsp;patch_hw_flash_enter_deep_power_down
<LI><a href="#[cc]">&gt;&gt;</a>&nbsp;&nbsp;&nbsp;patch_hw_flash_write_status
<LI><a href="#[e2]">&gt;&gt;</a>&nbsp;&nbsp;&nbsp;patch_hw_flash_write_bytes
<LI><a href="#[d2]">&gt;&gt;</a>&nbsp;&nbsp;&nbsp;patch_hw_flash_set_quad_enable
<LI><a href="#[d0]">&gt;&gt;</a>&nbsp;&nbsp;&nbsp;patch_hw_flash_read_status_low
<LI><a href="#[ce]">&gt;&gt;</a>&nbsp;&nbsp;&nbsp;patch_hw_flash_read_status_high
<LI><a href="#[ca]">&gt;&gt;</a>&nbsp;&nbsp;&nbsp;patch_hw_flash_read_status
<LI><a href="#[e4]">&gt;&gt;</a>&nbsp;&nbsp;&nbsp;patch_hw_flash_read_bytes
<LI><a href="#[d8]">&gt;&gt;</a>&nbsp;&nbsp;&nbsp;patch_hw_flash_get_unique_id
<LI><a href="#[d6]">&gt;&gt;</a>&nbsp;&nbsp;&nbsp;patch_hw_flash_get_id
<LI><a href="#[d4]">&gt;&gt;</a>&nbsp;&nbsp;&nbsp;patch_hw_flash_exit_abnormal_state
<LI><a href="#[de]">&gt;&gt;</a>&nbsp;&nbsp;&nbsp;patch_hw_flash_erase
<LI><a href="#[e0]">&gt;&gt;</a>&nbsp;&nbsp;&nbsp;patch_hw_flash_chip_erase
</UL>

<P><STRONG><a name="[ca]"></a>patch_hw_flash_read_status</STRONG> (Thumb, 26 bytes, Stack size 16 bytes, patch_hw_flash.o(.ram.function), UNUSED)
<BR><BR>[Calls]<UL><LI><a href="#[cb]">&gt;&gt;</a>&nbsp;&nbsp;&nbsp;rom_hw_flash_read_status (via Veneer)
<LI><a href="#[c8]">&gt;&gt;</a>&nbsp;&nbsp;&nbsp;patch_hw_flash_release_read_enhanced
</UL>
<BR>[Called By]<UL><LI><a href="#[dd]">&gt;&gt;</a>&nbsp;&nbsp;&nbsp;patch_hw_flash_set_block_protect
</UL>

<P><STRONG><a name="[cc]"></a>patch_hw_flash_write_status</STRONG> (Thumb, 26 bytes, Stack size 16 bytes, patch_hw_flash.o(.ram.function), UNUSED)
<BR><BR>[Calls]<UL><LI><a href="#[cd]">&gt;&gt;</a>&nbsp;&nbsp;&nbsp;rom_hw_flash_write_status (via Veneer)
<LI><a href="#[c8]">&gt;&gt;</a>&nbsp;&nbsp;&nbsp;patch_hw_flash_release_read_enhanced
</UL>

<P><STRONG><a name="[ce]"></a>patch_hw_flash_read_status_high</STRONG> (Thumb, 26 bytes, Stack size 16 bytes, patch_hw_flash.o(.ram.function), UNUSED)
<BR><BR>[Calls]<UL><LI><a href="#[cf]">&gt;&gt;</a>&nbsp;&nbsp;&nbsp;rom_hw_flash_read_status_high (via Veneer)
<LI><a href="#[c8]">&gt;&gt;</a>&nbsp;&nbsp;&nbsp;patch_hw_flash_release_read_enhanced
</UL>

<P><STRONG><a name="[d0]"></a>patch_hw_flash_read_status_low</STRONG> (Thumb, 26 bytes, Stack size 16 bytes, patch_hw_flash.o(.ram.function), UNUSED)
<BR><BR>[Calls]<UL><LI><a href="#[d1]">&gt;&gt;</a>&nbsp;&nbsp;&nbsp;rom_hw_flash_read_status_low (via Veneer)
<LI><a href="#[c8]">&gt;&gt;</a>&nbsp;&nbsp;&nbsp;patch_hw_flash_release_read_enhanced
</UL>

<P><STRONG><a name="[d2]"></a>patch_hw_flash_set_quad_enable</STRONG> (Thumb, 26 bytes, Stack size 16 bytes, patch_hw_flash.o(.ram.function), UNUSED)
<BR><BR>[Calls]<UL><LI><a href="#[d3]">&gt;&gt;</a>&nbsp;&nbsp;&nbsp;rom_hw_flash_set_quad_enable (via Veneer)
<LI><a href="#[c8]">&gt;&gt;</a>&nbsp;&nbsp;&nbsp;patch_hw_flash_release_read_enhanced
</UL>

<P><STRONG><a name="[d4]"></a>patch_hw_flash_exit_abnormal_state</STRONG> (Thumb, 20 bytes, Stack size 8 bytes, patch_hw_flash.o(.ram.function), UNUSED)
<BR><BR>[Calls]<UL><LI><a href="#[d5]">&gt;&gt;</a>&nbsp;&nbsp;&nbsp;rom_hw_flash_exit_abnormal_state (via Veneer)
<LI><a href="#[c8]">&gt;&gt;</a>&nbsp;&nbsp;&nbsp;patch_hw_flash_release_read_enhanced
</UL>

<P><STRONG><a name="[d6]"></a>patch_hw_flash_get_id</STRONG> (Thumb, 26 bytes, Stack size 16 bytes, patch_hw_flash.o(.ram.function), UNUSED)
<BR><BR>[Calls]<UL><LI><a href="#[d7]">&gt;&gt;</a>&nbsp;&nbsp;&nbsp;rom_hw_flash_get_id (via Veneer)
<LI><a href="#[c8]">&gt;&gt;</a>&nbsp;&nbsp;&nbsp;patch_hw_flash_release_read_enhanced
</UL>

<P><STRONG><a name="[d8]"></a>patch_hw_flash_get_unique_id</STRONG> (Thumb, 168 bytes, Stack size 32 bytes, patch_hw_flash.o(.ram.function), UNUSED)
<BR><BR>[Calls]<UL><LI><a href="#[da]">&gt;&gt;</a>&nbsp;&nbsp;&nbsp;rom_hw_flash_wait_idle (via Veneer)
<LI><a href="#[c9]">&gt;&gt;</a>&nbsp;&nbsp;&nbsp;rom_hw_flash_send_command (via Veneer)
<LI><a href="#[d9]">&gt;&gt;</a>&nbsp;&nbsp;&nbsp;rom_delay_us (via Veneer)
<LI><a href="#[c8]">&gt;&gt;</a>&nbsp;&nbsp;&nbsp;patch_hw_flash_release_read_enhanced
</UL>

<P><STRONG><a name="[c5]"></a>patch_hw_flash_enter_deep_power_down</STRONG> (Thumb, 24 bytes, Stack size 8 bytes, patch_hw_flash.o(.ram.function))
<BR><BR>[Stack]<UL><LI>Max Depth = 24<LI>Call Chain = patch_hw_flash_enter_deep_power_down &rArr; patch_hw_flash_release_read_enhanced
</UL>
<BR>[Calls]<UL><LI><a href="#[db]">&gt;&gt;</a>&nbsp;&nbsp;&nbsp;rom_hw_flash_enter_deep_power_down (via Veneer)
<LI><a href="#[c8]">&gt;&gt;</a>&nbsp;&nbsp;&nbsp;patch_hw_flash_release_read_enhanced
</UL>
<BR>[Called By]<UL><LI><a href="#[c0]">&gt;&gt;</a>&nbsp;&nbsp;&nbsp;lpwr_ctrl_goto_sleep
</UL>

<P><STRONG><a name="[c6]"></a>patch_hw_flash_release_deep_power_down</STRONG> (Thumb, 20 bytes, Stack size 8 bytes, patch_hw_flash.o(.ram.function))
<BR><BR>[Stack]<UL><LI>Max Depth = 24<LI>Call Chain = patch_hw_flash_release_deep_power_down &rArr; patch_hw_flash_release_read_enhanced
</UL>
<BR>[Calls]<UL><LI><a href="#[dc]">&gt;&gt;</a>&nbsp;&nbsp;&nbsp;rom_hw_flash_release_deep_power_down (via Veneer)
<LI><a href="#[c8]">&gt;&gt;</a>&nbsp;&nbsp;&nbsp;patch_hw_flash_release_read_enhanced
</UL>
<BR>[Called By]<UL><LI><a href="#[c0]">&gt;&gt;</a>&nbsp;&nbsp;&nbsp;lpwr_ctrl_goto_sleep
</UL>

<P><STRONG><a name="[dd]"></a>patch_hw_flash_set_block_protect</STRONG> (Thumb, 134 bytes, Stack size 24 bytes, patch_hw_flash.o(.ram.function), UNUSED)
<BR><BR>[Calls]<UL><LI><a href="#[da]">&gt;&gt;</a>&nbsp;&nbsp;&nbsp;rom_hw_flash_wait_idle (via Veneer)
<LI><a href="#[c9]">&gt;&gt;</a>&nbsp;&nbsp;&nbsp;rom_hw_flash_send_command (via Veneer)
<LI><a href="#[ca]">&gt;&gt;</a>&nbsp;&nbsp;&nbsp;patch_hw_flash_read_status
</UL>

<P><STRONG><a name="[de]"></a>patch_hw_flash_erase</STRONG> (Thumb, 38 bytes, Stack size 24 bytes, patch_hw_flash.o(.ram.function), UNUSED)
<BR><BR>[Calls]<UL><LI><a href="#[df]">&gt;&gt;</a>&nbsp;&nbsp;&nbsp;rom_hw_flash_erase (via Veneer)
<LI><a href="#[c8]">&gt;&gt;</a>&nbsp;&nbsp;&nbsp;patch_hw_flash_release_read_enhanced
</UL>

<P><STRONG><a name="[e0]"></a>patch_hw_flash_chip_erase</STRONG> (Thumb, 26 bytes, Stack size 16 bytes, patch_hw_flash.o(.ram.function), UNUSED)
<BR><BR>[Calls]<UL><LI><a href="#[e1]">&gt;&gt;</a>&nbsp;&nbsp;&nbsp;rom_hw_flash_chip_erase (via Veneer)
<LI><a href="#[c8]">&gt;&gt;</a>&nbsp;&nbsp;&nbsp;patch_hw_flash_release_read_enhanced
</UL>

<P><STRONG><a name="[e2]"></a>patch_hw_flash_write_bytes</STRONG> (Thumb, 48 bytes, Stack size 32 bytes, patch_hw_flash.o(.ram.function), UNUSED)
<BR><BR>[Calls]<UL><LI><a href="#[e3]">&gt;&gt;</a>&nbsp;&nbsp;&nbsp;rom_hw_flash_write_bytes (via Veneer)
<LI><a href="#[c8]">&gt;&gt;</a>&nbsp;&nbsp;&nbsp;patch_hw_flash_release_read_enhanced
</UL>

<P><STRONG><a name="[e4]"></a>patch_hw_flash_read_bytes</STRONG> (Thumb, 46 bytes, Stack size 24 bytes, patch_hw_flash.o(.ram.function), UNUSED)
<BR><BR>[Calls]<UL><LI><a href="#[e5]">&gt;&gt;</a>&nbsp;&nbsp;&nbsp;rom_hw_flash_read_bytes (via Veneer)
<LI><a href="#[c8]">&gt;&gt;</a>&nbsp;&nbsp;&nbsp;patch_hw_flash_release_read_enhanced
</UL>

<P><STRONG><a name="[e6]"></a>patch_hw_flash_erase_suspendable</STRONG> (Thumb, 224 bytes, Stack size 32 bytes, patch_hw_flash.o(.ram.function), UNUSED)
<BR><BR>[Calls]<UL><LI><a href="#[da]">&gt;&gt;</a>&nbsp;&nbsp;&nbsp;rom_hw_flash_wait_idle (via Veneer)
<LI><a href="#[c9]">&gt;&gt;</a>&nbsp;&nbsp;&nbsp;rom_hw_flash_send_command (via Veneer)
<LI><a href="#[e7]">&gt;&gt;</a>&nbsp;&nbsp;&nbsp;rom_hw_flash_release_read_enhanced (via Veneer)
</UL>

<P><STRONG><a name="[e8]"></a>patch_hw_flash_write_bytes_in_page_suspendable</STRONG> (Thumb, 460 bytes, Stack size 40 bytes, patch_hw_flash.o(.ram.function), UNUSED)
<BR><BR>[Calls]<UL><LI><a href="#[da]">&gt;&gt;</a>&nbsp;&nbsp;&nbsp;rom_hw_flash_wait_idle (via Veneer)
<LI><a href="#[c9]">&gt;&gt;</a>&nbsp;&nbsp;&nbsp;rom_hw_flash_send_command (via Veneer)
<LI><a href="#[d9]">&gt;&gt;</a>&nbsp;&nbsp;&nbsp;rom_delay_us (via Veneer)
</UL>
<BR>[Called By]<UL><LI><a href="#[e9]">&gt;&gt;</a>&nbsp;&nbsp;&nbsp;patch_hw_flash_write_bytes_suspendable
</UL>

<P><STRONG><a name="[e9]"></a>patch_hw_flash_write_bytes_suspendable</STRONG> (Thumb, 116 bytes, Stack size 48 bytes, patch_hw_flash.o(.ram.function), UNUSED)
<BR><BR>[Calls]<UL><LI><a href="#[e7]">&gt;&gt;</a>&nbsp;&nbsp;&nbsp;rom_hw_flash_release_read_enhanced (via Veneer)
<LI><a href="#[e8]">&gt;&gt;</a>&nbsp;&nbsp;&nbsp;patch_hw_flash_write_bytes_in_page_suspendable
</UL>
<P>
<H3>
Local Symbols
</H3>
<P><STRONG><a name="[4d]"></a>lpwr_before_sleep</STRONG> (Thumb, 4 bytes, Stack size 0 bytes, main.o(.text.lpwr_before_sleep))
<BR>[Address Reference Count : 1]<UL><LI> main.o(.text.main)
</UL>
<P><STRONG><a name="[4e]"></a>lpwr_after_wakeup</STRONG> (Thumb, 14 bytes, Stack size 8 bytes, main.o(.text.lpwr_after_wakeup))
<BR><BR>[Stack]<UL><LI>Max Depth = 40<LI>Call Chain = lpwr_after_wakeup &rArr; app_debug_reinit
</UL>
<BR>[Calls]<UL><LI><a href="#[9f]">&gt;&gt;</a>&nbsp;&nbsp;&nbsp;app_debug_reinit
<LI><a href="#[77]">&gt;&gt;</a>&nbsp;&nbsp;&nbsp;putchar
</UL>
<BR>[Address Reference Count : 1]<UL><LI> main.o(.text.main)
</UL>
<P><STRONG><a name="[49]"></a>_printf_input_char</STRONG> (Thumb, 10 bytes, Stack size 0 bytes, _printf_char_common.o(.text))
<BR>[Address Reference Count : 1]<UL><LI> _printf_char_common.o(.text)
</UL><P>
<H3>
Undefined Global Symbols
</H3><HR></body></html>
