<html>
<body>
<pre>
<h1>礦ision Build Log</h1>
<h2>Tool Versions:</h2>
IDE-Version: μVision V5.43.1.0
Copyright (C) 2025 ARM Ltd and ARM Germany GmbH. All rights reserved.
License Information: nd bai, fantopo, LIC=LSNXV-PIX9S-74HS0-BMJ31-3PT1Y-WCZVC
 
Tool Versions:
Toolchain:       MDK-ARM Plus  Version: 5.43.0.0
Toolchain Path:  D:\KEIL5\Keil_v5\ARM\ARMCLANG\Bin
C Compiler:      ArmClang.exe V6.24
Assembler:       Armasm.exe V6.24
Linker/Locator:  ArmLink.exe V6.24
Library Manager: ArmAr.exe V6.24
Hex Converter:   FromElf.exe V6.24
CPU DLL:         
Dialog DLL:      
Target DLL:      UL2CM3.DLL V1.164.16.0
Dialog DLL:      TCM.DLL V1.56.6.0
 
<h2>Project:</h2>
D:\2026-07\非视觉感知模组工程文件夹\Prj1V0\projects\ble_peripheral_ht32f675x5\project\cp\ble_peripheral_cp.uvprojx
Project File Date:  09/15/2026

<h2>Output:</h2>
*** Using Compiler 'V6.24', folder: 'D:\KEIL5\Keil_v5\ARM\ARMCLANG\Bin'
Build Project 'ble_peripheral_cp' - Target 'ble_peripheral_cp'
compiling err_debug.c...
linking...
Program Size: Code=18248 RO-data=1208 RW-data=12 ZI-data=29888  
FromELF: creating hex file...
After Build - User command #1: .\ble_peripheral_cp.bat ".\Objects\ble_peripheral_cp.axf" "D:\KEIL5\Keil_v5\ARM\ARMCLANG\bin\fromelf.exe"
"Fromelf file valid!"
"Make bin success!"
"Make asm success!"
"Make app success!"
"Make done!"
After Build - User command #2: ..\..\..\..\tools\mlog\gen_mlog.bat  ble_peripheral_cp  ..\..\..\..
len=3 sys.argv[1]=ble_peripheral_cp
force refrash = 1
find uvprojx ble_peripheral_cp.uvprojx
----------------------------------------
||| total 75 MLOG(s) update 75 MLOG(s) , 0 error(s), 0 warning(s),
----------------------------------------
"Make mlog success!"
".\Objects\ble_peripheral_cp.axf" - 0 Error(s), 0 Warning(s).

<h2>Software Packages used:</h2>

Package Vendor: ARM
                https://www.keil.com/pack/ARM.Cortex_DFP.1.1.0.pack
                ARM::Cortex_DFP@1.1.0
                ARM Cortex Reference Subsystems Device Family Pack

<h2>Collection of Component include folders:</h2>
  D:/Keil5/ARM/Packs/ARM/Cortex_DFP/1.1.0/Device/ARMCM0plus/Include

<h2>Collection of Component Files used:</h2>
Build Time Elapsed:  00:00:10
</pre>
</body>
</html>
