<!doctype html public "-//w3c//dtd html 4.0 transitional//en">
<html><head>
<title>Static Call Graph - [.\Objects\ble_peripheral_cp.axf]</title></head>
<body><HR>
<H1>Static Call Graph for image .\Objects\ble_peripheral_cp.axf</H1><HR>
<BR><P>#&#060CALLGRAPH&#062# ARM Linker, 6240002: Last Updated: Tue Sep 15 08:37:58 2026
<BR><P>
<H3>Maximum Stack Usage =        200 bytes + Unknown(Cycles, Untraceable Function Pointers)</H3><H3>
Call chain for Maximum Stack Depth:</H3>
patch_att_packet_handler &rArr; patch_handle_read_by_type_request &rArr; patch_att_copy_value &rArr; patch_ht32_att_read_callback &rArr; patch_gatt_find_server
<P>
<H3>
Mutually Recursive functions
</H3> <LI><a href="#[6]">RTC_CH3_IRQ_Handler</a>&nbsp;&nbsp;&nbsp;&rArr;&nbsp;&nbsp;&nbsp;<a href="#[6]">RTC_CH3_IRQ_Handler</a><BR>
 <LI><a href="#[7]">GPADC1_IRQ_Handler</a>&nbsp;&nbsp;&nbsp;&rArr;&nbsp;&nbsp;&nbsp;<a href="#[7]">GPADC1_IRQ_Handler</a><BR>
 <LI><a href="#[9]">I2S_IRQ_Handler</a>&nbsp;&nbsp;&nbsp;&rArr;&nbsp;&nbsp;&nbsp;<a href="#[9]">I2S_IRQ_Handler</a><BR>
 <LI><a href="#[a]">I2C2_IRQ_Handler</a>&nbsp;&nbsp;&nbsp;&rArr;&nbsp;&nbsp;&nbsp;<a href="#[a]">I2C2_IRQ_Handler</a><BR>
 <LI><a href="#[b]">CIC1_IRQ_Handler</a>&nbsp;&nbsp;&nbsp;&rArr;&nbsp;&nbsp;&nbsp;<a href="#[b]">CIC1_IRQ_Handler</a><BR>
 <LI><a href="#[c]">CRYPT_IRQ_Handler</a>&nbsp;&nbsp;&nbsp;&rArr;&nbsp;&nbsp;&nbsp;<a href="#[c]">CRYPT_IRQ_Handler</a><BR>
 <LI><a href="#[d]">TRNG_IRQ_Handler</a>&nbsp;&nbsp;&nbsp;&rArr;&nbsp;&nbsp;&nbsp;<a href="#[d]">TRNG_IRQ_Handler</a><BR>
 <LI><a href="#[e]">RF_CAL_IRQ_Handler</a>&nbsp;&nbsp;&nbsp;&rArr;&nbsp;&nbsp;&nbsp;<a href="#[e]">RF_CAL_IRQ_Handler</a><BR>
 <LI><a href="#[f]">UART0_IRQ_Handler</a>&nbsp;&nbsp;&nbsp;&rArr;&nbsp;&nbsp;&nbsp;<a href="#[f]">UART0_IRQ_Handler</a><BR>
 <LI><a href="#[10]">UART1_IRQ_Handler</a>&nbsp;&nbsp;&nbsp;&rArr;&nbsp;&nbsp;&nbsp;<a href="#[10]">UART1_IRQ_Handler</a><BR>
 <LI><a href="#[11]">UART2_IRQ_Handler</a>&nbsp;&nbsp;&nbsp;&rArr;&nbsp;&nbsp;&nbsp;<a href="#[11]">UART2_IRQ_Handler</a><BR>
 <LI><a href="#[12]">SPI0_IRQ_Handler</a>&nbsp;&nbsp;&nbsp;&rArr;&nbsp;&nbsp;&nbsp;<a href="#[12]">SPI0_IRQ_Handler</a><BR>
 <LI><a href="#[13]">SPI1_IRQ_Handler</a>&nbsp;&nbsp;&nbsp;&rArr;&nbsp;&nbsp;&nbsp;<a href="#[13]">SPI1_IRQ_Handler</a><BR>
 <LI><a href="#[14]">DMA_IRQ4_Handler</a>&nbsp;&nbsp;&nbsp;&rArr;&nbsp;&nbsp;&nbsp;<a href="#[14]">DMA_IRQ4_Handler</a><BR>
 <LI><a href="#[15]">DMA_IRQ5_Handler</a>&nbsp;&nbsp;&nbsp;&rArr;&nbsp;&nbsp;&nbsp;<a href="#[15]">DMA_IRQ5_Handler</a><BR>
 <LI><a href="#[16]">I2C3_IRQ_Handler</a>&nbsp;&nbsp;&nbsp;&rArr;&nbsp;&nbsp;&nbsp;<a href="#[16]">I2C3_IRQ_Handler</a><BR>
 <LI><a href="#[17]">DMA_IRQ6_Handler</a>&nbsp;&nbsp;&nbsp;&rArr;&nbsp;&nbsp;&nbsp;<a href="#[17]">DMA_IRQ6_Handler</a><BR>
 <LI><a href="#[18]">DMA_IRQ7_Handler</a>&nbsp;&nbsp;&nbsp;&rArr;&nbsp;&nbsp;&nbsp;<a href="#[18]">DMA_IRQ7_Handler</a><BR>
 <LI><a href="#[19]">SW_IRQ1_Handler</a>&nbsp;&nbsp;&nbsp;&rArr;&nbsp;&nbsp;&nbsp;<a href="#[19]">SW_IRQ1_Handler</a><BR>
 <LI><a href="#[1a]">TIMER2_IRQ_Handler</a>&nbsp;&nbsp;&nbsp;&rArr;&nbsp;&nbsp;&nbsp;<a href="#[1a]">TIMER2_IRQ_Handler</a><BR>
 <LI><a href="#[1b]">STIM1_IRQ0_Handler</a>&nbsp;&nbsp;&nbsp;&rArr;&nbsp;&nbsp;&nbsp;<a href="#[1b]">STIM1_IRQ0_Handler</a><BR>
 <LI><a href="#[1c]">GPIO_IRQ2_Handler</a>&nbsp;&nbsp;&nbsp;&rArr;&nbsp;&nbsp;&nbsp;<a href="#[1c]">GPIO_IRQ2_Handler</a><BR>
 <LI><a href="#[1e]">STIM1_IRQ1_Handler</a>&nbsp;&nbsp;&nbsp;&rArr;&nbsp;&nbsp;&nbsp;<a href="#[1e]">STIM1_IRQ1_Handler</a><BR>
 <LI><a href="#[1f]">STIM1_IRQ2_Handler</a>&nbsp;&nbsp;&nbsp;&rArr;&nbsp;&nbsp;&nbsp;<a href="#[1f]">STIM1_IRQ2_Handler</a><BR>
 <LI><a href="#[20]">USB_IRQ_Handler</a>&nbsp;&nbsp;&nbsp;&rArr;&nbsp;&nbsp;&nbsp;<a href="#[20]">USB_IRQ_Handler</a><BR>
 <LI><a href="#[21]">TIMER3_IRQ_Handler</a>&nbsp;&nbsp;&nbsp;&rArr;&nbsp;&nbsp;&nbsp;<a href="#[21]">TIMER3_IRQ_Handler</a><BR>
 <LI><a href="#[22]">SW_IRQ0_Handler</a>&nbsp;&nbsp;&nbsp;&rArr;&nbsp;&nbsp;&nbsp;<a href="#[22]">SW_IRQ0_Handler</a><BR>
 <LI><a href="#[23]">SW_IRQ2_Handler</a>&nbsp;&nbsp;&nbsp;&rArr;&nbsp;&nbsp;&nbsp;<a href="#[23]">SW_IRQ2_Handler</a><BR>
 <LI><a href="#[24]">USB_PHY_IRQ_Handler</a>&nbsp;&nbsp;&nbsp;&rArr;&nbsp;&nbsp;&nbsp;<a href="#[24]">USB_PHY_IRQ_Handler</a><BR>
</UL>
<P>
<H3>
Function Pointers
</H3><UL>
 <LI><a href="#[b]">CIC1_IRQ_Handler</a> from startup_armcm0plus.o(.text) referenced from startup_armcm0plus.o(RESET)
 <LI><a href="#[c]">CRYPT_IRQ_Handler</a> from startup_armcm0plus.o(.text) referenced from startup_armcm0plus.o(RESET)
 <LI><a href="#[14]">DMA_IRQ4_Handler</a> from startup_armcm0plus.o(.text) referenced from startup_armcm0plus.o(RESET)
 <LI><a href="#[15]">DMA_IRQ5_Handler</a> from startup_armcm0plus.o(.text) referenced from startup_armcm0plus.o(RESET)
 <LI><a href="#[17]">DMA_IRQ6_Handler</a> from startup_armcm0plus.o(.text) referenced from startup_armcm0plus.o(RESET)
 <LI><a href="#[18]">DMA_IRQ7_Handler</a> from startup_armcm0plus.o(.text) referenced from startup_armcm0plus.o(RESET)
 <LI><a href="#[7]">GPADC1_IRQ_Handler</a> from startup_armcm0plus.o(.text) referenced from startup_armcm0plus.o(RESET)
 <LI><a href="#[1c]">GPIO_IRQ2_Handler</a> from startup_armcm0plus.o(.text) referenced from startup_armcm0plus.o(RESET)
 <LI><a href="#[2]">HardFault_Handler</a> from startup_armcm0plus.o(.text) referenced from startup_armcm0plus.o(RESET)
 <LI><a href="#[2a]">HardFault_Handler_Proc</a> from err_debug.o(.text.HardFault_Handler_Proc) referenced from startup_armcm0plus.o(.text)
 <LI><a href="#[a]">I2C2_IRQ_Handler</a> from startup_armcm0plus.o(.text) referenced from startup_armcm0plus.o(RESET)
 <LI><a href="#[16]">I2C3_IRQ_Handler</a> from startup_armcm0plus.o(.text) referenced from startup_armcm0plus.o(RESET)
 <LI><a href="#[9]">I2S_IRQ_Handler</a> from startup_armcm0plus.o(.text) referenced from startup_armcm0plus.o(RESET)
 <LI><a href="#[8]">LLC_IRQ_Handler</a> from ble_init.o(.text.LLC_IRQ_Handler) referenced from startup_armcm0plus.o(RESET)
 <LI><a href="#[1]">NMI_Handler</a> from startup_armcm0plus.o(.text) referenced from startup_armcm0plus.o(RESET)
 <LI><a href="#[29]">NMI_Handler_Proc</a> from err_debug.o(.text.NMI_Handler_Proc) referenced from startup_armcm0plus.o(.text)
 <LI><a href="#[1d]">PMU_IRQ_Handler</a> from app_main.o(.text.PMU_IRQ_Handler) referenced from startup_armcm0plus.o(RESET)
 <LI><a href="#[4]">PendSV_Handler</a> from ht32f675x5_rom_lib_cp_r2.lib(ABSOLUTE) referenced from startup_armcm0plus.o(RESET)
 <LI><a href="#[e]">RF_CAL_IRQ_Handler</a> from startup_armcm0plus.o(.text) referenced from startup_armcm0plus.o(RESET)
 <LI><a href="#[6]">RTC_CH3_IRQ_Handler</a> from startup_armcm0plus.o(.text) referenced from startup_armcm0plus.o(RESET)
 <LI><a href="#[0]">Reset_Handler</a> from startup_armcm0plus.o(.text) referenced from startup_armcm0plus.o(RESET)
 <LI><a href="#[12]">SPI0_IRQ_Handler</a> from startup_armcm0plus.o(.text) referenced from startup_armcm0plus.o(RESET)
 <LI><a href="#[13]">SPI1_IRQ_Handler</a> from startup_armcm0plus.o(.text) referenced from startup_armcm0plus.o(RESET)
 <LI><a href="#[1b]">STIM1_IRQ0_Handler</a> from startup_armcm0plus.o(.text) referenced from startup_armcm0plus.o(RESET)
 <LI><a href="#[1e]">STIM1_IRQ1_Handler</a> from startup_armcm0plus.o(.text) referenced from startup_armcm0plus.o(RESET)
 <LI><a href="#[1f]">STIM1_IRQ2_Handler</a> from startup_armcm0plus.o(.text) referenced from startup_armcm0plus.o(RESET)
 <LI><a href="#[25]">STIM1_IRQ3_Handler</a> from app_timer.o(.text.STIM1_IRQ3_Handler) referenced from startup_armcm0plus.o(RESET)
 <LI><a href="#[3]">SVC_Handler</a> from ht32f675x5_rom_lib_cp_r2.lib(ABSOLUTE) referenced from startup_armcm0plus.o(RESET)
 <LI><a href="#[22]">SW_IRQ0_Handler</a> from startup_armcm0plus.o(.text) referenced from startup_armcm0plus.o(RESET)
 <LI><a href="#[19]">SW_IRQ1_Handler</a> from startup_armcm0plus.o(.text) referenced from startup_armcm0plus.o(RESET)
 <LI><a href="#[23]">SW_IRQ2_Handler</a> from startup_armcm0plus.o(.text) referenced from startup_armcm0plus.o(RESET)
 <LI><a href="#[5]">SysTick_Handler</a> from ht32f675x5_rom_lib_cp_r2.lib(ABSOLUTE) referenced from startup_armcm0plus.o(RESET)
 <LI><a href="#[27]">SystemInit</a> from system_armcm0plus.o(.text.SystemInit) referenced from startup_armcm0plus.o(.text)
 <LI><a href="#[1a]">TIMER2_IRQ_Handler</a> from startup_armcm0plus.o(.text) referenced from startup_armcm0plus.o(RESET)
 <LI><a href="#[21]">TIMER3_IRQ_Handler</a> from startup_armcm0plus.o(.text) referenced from startup_armcm0plus.o(RESET)
 <LI><a href="#[d]">TRNG_IRQ_Handler</a> from startup_armcm0plus.o(.text) referenced from startup_armcm0plus.o(RESET)
 <LI><a href="#[f]">UART0_IRQ_Handler</a> from startup_armcm0plus.o(.text) referenced from startup_armcm0plus.o(RESET)
 <LI><a href="#[10]">UART1_IRQ_Handler</a> from startup_armcm0plus.o(.text) referenced from startup_armcm0plus.o(RESET)
 <LI><a href="#[11]">UART2_IRQ_Handler</a> from startup_armcm0plus.o(.text) referenced from startup_armcm0plus.o(RESET)
 <LI><a href="#[20]">USB_IRQ_Handler</a> from startup_armcm0plus.o(.text) referenced from startup_armcm0plus.o(RESET)
 <LI><a href="#[24]">USB_PHY_IRQ_Handler</a> from startup_armcm0plus.o(.text) referenced from startup_armcm0plus.o(RESET)
 <LI><a href="#[28]">__main</a> from entry.o(.ARM.Collect$$$$00000000) referenced from startup_armcm0plus.o(.text)
 <LI><a href="#[52]">app_main</a> from app_main.o(.text.app_main) referenced from main.o(.text.main)
 <LI><a href="#[30]">bleStack_task</a> from ble_host_init.o(.text.bleStack_task) referenced from ble_host_init.o(.text.ble_host_init)
 <LI><a href="#[32]">ble_app_timer_create</a> from ble_host_init.o(.text.ble_app_timer_create) referenced from ble_host_init.o(.text.ble_host_init)
 <LI><a href="#[35]">ble_app_timer_delete</a> from ble_host_init.o(.text.ble_app_timer_delete) referenced from ble_host_init.o(.text.ble_host_init)
 <LI><a href="#[33]">ble_app_timer_start</a> from ble_host_init.o(.text.ble_app_timer_start) referenced from ble_host_init.o(.text.ble_host_init)
 <LI><a href="#[34]">ble_app_timer_stop</a> from ble_host_init.o(.text.ble_app_timer_stop) referenced from ble_host_init.o(.text.ble_host_init)
 <LI><a href="#[69]">ble_dis_get_attr_len_cb</a> from ble_dis.o(.text.ble_dis_get_attr_len_cb) referenced from ble_dis.o(.rodata.devInfoServiceCBs)
 <LI><a href="#[6a]">ble_dis_read_attr_cb</a> from ble_dis.o(.text.ble_dis_read_attr_cb) referenced from ble_dis.o(.rodata.devInfoServiceCBs)
 <LI><a href="#[2f]">ble_event_handler</a> from ble_event.o(.text.ble_event_handler) referenced from ble_event.o(.text.ble_event_init)
 <LI><a href="#[6b]">ble_gap_get_attr_len_cb</a> from ble_gap_service.o(.text.ble_gap_get_attr_len_cb) referenced from ble_gap_service.o(.rodata.m_stGattCBs)
 <LI><a href="#[6c]">ble_gap_read_attr_cb</a> from ble_gap_service.o(.text.ble_gap_read_attr_cb) referenced from ble_gap_service.o(.rodata.m_stGattCBs)
 <LI><a href="#[6d]">ble_gap_write_attr_cb</a> from ble_gap_service.o(.text.ble_gap_write_attr_cb) referenced from ble_gap_service.o(.rodata.m_stGattCBs)
 <LI><a href="#[68]">fputc</a> from app_debug.o(.text.fputc) referenced from printf8.o(i.__0printf$8)
 <LI><a href="#[51]">idle_task_sys_idle_process</a> from idle_task.o(.text.idle_task_sys_idle_process) referenced from idle_task.o(.text.idle_task_init)
 <LI><a href="#[2d]">llc_task</a> from ble_controller_init.o(.text.llc_task) referenced from ble_controller_init.o(.text.ble_controller_init)
 <LI><a href="#[2c]">lpwr_after_wakeup</a> from app_main.o(.text.lpwr_after_wakeup) referenced from app_main.o(.text.app_main)
 <LI><a href="#[2b]">lpwr_before_sleep</a> from app_main.o(.text.lpwr_before_sleep) referenced from app_main.o(.text.app_main)
 <LI><a href="#[26]">main</a> from main.o(.text.main) referenced from entry9a.o(.ARM.Collect$$$$0000000B)
 <LI><a href="#[50]">os_error_handler</a> from err_debug.o(.text.os_error_handler) referenced from err_debug.o(.text.err_debug_init)
 <LI><a href="#[53]">patch_att_packet_handler</a> from patch_att_server.o(.text.patch_att_packet_handler) referenced from patch_att_server.o(.text.patch_att_packet_handler_init)
 <LI><a href="#[54]">patch_ble_impl_get_comp_id</a> from patch_ble_impl.o(.text.patch_ble_impl_get_comp_id) referenced from patch_ble_impl.o(.text.patch_ble_impl)
 <LI><a href="#[5d]">patch_llc_feature_exchange_procedure_on_recv_ctrl_pdu</a> from patch_llc_feature_exchange_procedure.o(.text.patch_llc_feature_exchange_procedure_on_recv_ctrl_pdu) referenced from patch_llc_feature_exchange_procedure.o(.text.patch_llc_feature_exchange_procedure_peer_initiated_init)
 <LI><a href="#[5a]">patch_llc_hook_prefix_address_set_random_address</a> from patch_llc_address.o(.text.patch_llc_hook_prefix_address_set_random_address) referenced from patch_llc_address.o(.text.patch_llc_address)
 <LI><a href="#[61]">patch_llc_hook_prefix_priority_on_event_added</a> from patch_llc_priority.o(.text.patch_llc_hook_prefix_priority_on_event_added) referenced from patch_llc_priority.o(.text.patch_llc_priority)
 <LI><a href="#[5f]">patch_llc_hook_prefix_priority_on_event_blocked</a> from patch_llc_priority.o(.text.patch_llc_hook_prefix_priority_on_event_blocked) referenced from patch_llc_priority.o(.text.patch_llc_priority)
 <LI><a href="#[60]">patch_llc_hook_prefix_priority_on_event_config_failed</a> from patch_llc_priority.o(.text.patch_llc_hook_prefix_priority_on_event_config_failed) referenced from patch_llc_priority.o(.text.patch_llc_priority)
 <LI><a href="#[5e]">patch_llc_hook_prefix_priority_on_event_stopped</a> from patch_llc_priority.o(.text.patch_llc_hook_prefix_priority_on_event_stopped) referenced from patch_llc_priority.o(.text.patch_llc_priority)
 <LI><a href="#[62]">patch_llc_hook_prefix_privacy_is_adv_scan_init_active</a> from patch_llc_privacy.o(.text.patch_llc_hook_prefix_privacy_is_adv_scan_init_active) referenced from patch_llc_privacy.o(.text.patch_llc_privacy)
 <LI><a href="#[64]">patch_llc_hook_prefix_white_list_add_device</a> from patch_llc_white_list.o(.text.patch_llc_hook_prefix_white_list_add_device) referenced from patch_llc_white_list.o(.text.patch_llc_white_list)
 <LI><a href="#[65]">patch_llc_hook_prefix_white_list_clear</a> from patch_llc_white_list.o(.text.patch_llc_hook_prefix_white_list_clear) referenced from patch_llc_white_list.o(.text.patch_llc_white_list)
 <LI><a href="#[63]">patch_llc_hook_prefix_white_list_remove_device</a> from patch_llc_white_list.o(.text.patch_llc_hook_prefix_white_list_remove_device) referenced from patch_llc_white_list.o(.text.patch_llc_white_list)
 <LI><a href="#[67]">patch_llp_hook_prefix_sleep_is_system_sleep_allowed</a> from patch_llp_sleep.o(.text.patch_llp_hook_prefix_sleep_is_system_sleep_allowed) referenced from patch_llp_sleep.o(.text.patch_llp_sleep)
 <LI><a href="#[66]">patch_llp_hook_prefix_sleep_wakeup</a> from patch_llp_sleep.o(.text.patch_llp_hook_prefix_sleep_wakeup) referenced from patch_llp_sleep.o(.text.patch_llp_sleep)
 <LI><a href="#[55]">patch_llp_start_adv_fragment</a> from patch_llp.o(.text.patch_llp_start_adv_fragment) referenced from patch_ble.o(.text.patch_ble_init)
 <LI><a href="#[57]">patch_llp_start_init_fragment</a> from patch_llp.o(.text.patch_llp_start_init_fragment) referenced from patch_ble.o(.text.patch_ble_init)
 <LI><a href="#[59]">patch_llp_start_master_fragment</a> from patch_llp.o(.text.patch_llp_start_master_fragment) referenced from patch_ble.o(.text.patch_ble_init)
 <LI><a href="#[56]">patch_llp_start_scan_fragment</a> from patch_llp.o(.text.patch_llp_start_scan_fragment) referenced from patch_ble.o(.text.patch_ble_init)
 <LI><a href="#[58]">patch_llp_start_slave_fragment</a> from patch_llp.o(.text.patch_llp_start_slave_fragment) referenced from patch_ble.o(.text.patch_ble_init)
 <LI><a href="#[5b]">patch_on_prefix_llc_ctrl_procedure_check_and_init_peer_initiated_procedure_by_first_pdu</a> from patch_llc_ctrl_procedure.o(.text.patch_on_prefix_llc_ctrl_procedure_check_and_init_peer_initiated_procedure_by_first_pdu) referenced from patch_llc_ctrl_procedure.o(.text.patch_llc_ctrl_procedure)
 <LI><a href="#[4c]">rom_controller_interface_process_acl_data</a> from ht32f675x5_rom_lib_cp_r2.lib(ABSOLUTE) referenced from ble_interface_init.o(.text.ble_interface_init)
 <LI><a href="#[4b]">rom_controller_interface_process_command_packet</a> from ht32f675x5_rom_lib_cp_r2.lib(ABSOLUTE) referenced from ble_interface_init.o(.text.ble_interface_init)
 <LI><a href="#[3b]">rom_hal_rf_rx_dc_cal_offset_update</a> from ht32f675x5_rom_lib_cp_r2.lib(ABSOLUTE) referenced from ble_interface_init.o(.text.ble_interface_init)
 <LI><a href="#[3c]">rom_hal_rf_set_modgain_cail_correction</a> from ht32f675x5_rom_lib_cp_r2.lib(ABSOLUTE) referenced from ble_interface_init.o(.text.ble_interface_init)
 <LI><a href="#[4a]">rom_host_interface_get_hci_event_parameter_max_length</a> from ht32f675x5_rom_lib_cp_r2.lib(ABSOLUTE) referenced from ble_interface_init.o(.text.ble_interface_init)
 <LI><a href="#[4e]">rom_host_interface_process_acl_data</a> from ht32f675x5_rom_lib_cp_r2.lib(ABSOLUTE) referenced from ble_interface_init.o(.text.ble_interface_init)
 <LI><a href="#[4d]">rom_host_interface_process_event</a> from ht32f675x5_rom_lib_cp_r2.lib(ABSOLUTE) referenced from ble_interface_init.o(.text.ble_interface_init)
 <LI><a href="#[5c]">rom_llc_feature_exchange_procedure_tx_pdu_acked_callback</a> from ht32f675x5_rom_lib_cp_r2.lib(ABSOLUTE) referenced from patch_llc_feature_exchange_procedure.o(.text.patch_llc_feature_exchange_procedure_on_recv_ctrl_pdu)
 <LI><a href="#[37]">rom_llc_on_llp_fragment_start</a> from ht32f675x5_rom_lib_cp_r2.lib(ABSOLUTE) referenced from ble_interface_init.o(.text.ble_interface_init)
 <LI><a href="#[38]">rom_llc_on_llp_fragment_stop</a> from ht32f675x5_rom_lib_cp_r2.lib(ABSOLUTE) referenced from ble_interface_init.o(.text.ble_interface_init)
 <LI><a href="#[3a]">rom_llc_on_llp_rx_end</a> from ht32f675x5_rom_lib_cp_r2.lib(ABSOLUTE) referenced from ble_interface_init.o(.text.ble_interface_init)
 <LI><a href="#[39]">rom_llc_on_llp_tx_end</a> from ht32f675x5_rom_lib_cp_r2.lib(ABSOLUTE) referenced from ble_interface_init.o(.text.ble_interface_init)
 <LI><a href="#[36]">rom_llc_on_schedule</a> from ht32f675x5_rom_lib_cp_r2.lib(ABSOLUTE) referenced from ble_interface_init.o(.text.ble_interface_init)
 <LI><a href="#[40]">rom_llp_get_clock_accuracy_ppm</a> from ht32f675x5_rom_lib_cp_r2.lib(ABSOLUTE) referenced from ble_interface_init.o(.text.ble_interface_init)
 <LI><a href="#[49]">rom_llp_get_rssi</a> from ht32f675x5_rom_lib_cp_r2.lib(ABSOLUTE) referenced from ble_interface_init.o(.text.ble_interface_init)
 <LI><a href="#[41]">rom_llp_start_adv_fragment</a> from ht32f675x5_rom_lib_cp_r2.lib(ABSOLUTE) referenced from ble_interface_init.o(.text.ble_interface_init)
 <LI><a href="#[43]">rom_llp_start_init_fragment</a> from ht32f675x5_rom_lib_cp_r2.lib(ABSOLUTE) referenced from ble_interface_init.o(.text.ble_interface_init)
 <LI><a href="#[45]">rom_llp_start_master_fragment</a> from ht32f675x5_rom_lib_cp_r2.lib(ABSOLUTE) referenced from ble_interface_init.o(.text.ble_interface_init)
 <LI><a href="#[42]">rom_llp_start_scan_fragment</a> from ht32f675x5_rom_lib_cp_r2.lib(ABSOLUTE) referenced from ble_interface_init.o(.text.ble_interface_init)
 <LI><a href="#[44]">rom_llp_start_slave_fragment</a> from ht32f675x5_rom_lib_cp_r2.lib(ABSOLUTE) referenced from ble_interface_init.o(.text.ble_interface_init)
 <LI><a href="#[46]">rom_llp_stop_fragment</a> from ht32f675x5_rom_lib_cp_r2.lib(ABSOLUTE) referenced from ble_interface_init.o(.text.ble_interface_init)
 <LI><a href="#[3e]">rom_llp_timer_enable</a> from ht32f675x5_rom_lib_cp_r2.lib(ABSOLUTE) referenced from ble_interface_init.o(.text.ble_interface_init)
 <LI><a href="#[3f]">rom_llp_timer_get_count</a> from ht32f675x5_rom_lib_cp_r2.lib(ABSOLUTE) referenced from ble_interface_init.o(.text.ble_interface_init)
 <LI><a href="#[3d]">rom_llp_trig_schedule</a> from ht32f675x5_rom_lib_cp_r2.lib(ABSOLUTE) referenced from ble_interface_init.o(.text.ble_interface_init)
 <LI><a href="#[48]">rom_llp_update_rx_pdu</a> from ht32f675x5_rom_lib_cp_r2.lib(ABSOLUTE) referenced from ble_interface_init.o(.text.ble_interface_init)
 <LI><a href="#[47]">rom_llp_update_tx_pdu</a> from ht32f675x5_rom_lib_cp_r2.lib(ABSOLUTE) referenced from ble_interface_init.o(.text.ble_interface_init)
 <LI><a href="#[31]">send_msg_to_bleStackTask</a> from ble_host_init.o(.text.send_msg_to_bleStackTask) referenced from ble_host_init.o(.text.ble_host_init)
 <LI><a href="#[2e]">send_msg_to_llc_task</a> from ble_controller_init.o(.text.send_msg_to_llc_task) referenced from ble_controller_init.o(.text.ble_controller_init)
 <LI><a href="#[4f]">system_error_handler</a> from err_debug.o(.text.system_error_handler) referenced from err_debug.o(.text.err_debug_init)
</UL>
<P>
<H3>
Global Symbols
</H3>
<P><STRONG><a name="[3]"></a>SVC_Handler</STRONG> (Thumb, 0 bytes, Stack size 0 bytes, ht32f675x5_rom_lib_cp_r2.lib(ABSOLUTE), UNUSED)
<BR>[Address Reference Count : 1]<UL><LI> startup_armcm0plus.o(RESET)
</UL>
<P><STRONG><a name="[4]"></a>PendSV_Handler</STRONG> (Thumb, 0 bytes, Stack size 0 bytes, ht32f675x5_rom_lib_cp_r2.lib(ABSOLUTE), UNUSED)
<BR>[Address Reference Count : 1]<UL><LI> startup_armcm0plus.o(RESET)
</UL>
<P><STRONG><a name="[5]"></a>SysTick_Handler</STRONG> (Thumb, 0 bytes, Stack size 0 bytes, ht32f675x5_rom_lib_cp_r2.lib(ABSOLUTE), UNUSED)
<BR>[Address Reference Count : 1]<UL><LI> startup_armcm0plus.o(RESET)
</UL>
<P><STRONG><a name="[108]"></a>OS_Tick_Disable</STRONG> (Thumb, 0 bytes, Stack size 0 bytes, ht32f675x5_rom_lib_cp_r2.lib(ABSOLUTE))
<BR><BR>[Called By]<UL><LI><a href="#[2b]">&gt;&gt;</a>&nbsp;&nbsp;&nbsp;lpwr_before_sleep (via Veneer)
</UL>

<P><STRONG><a name="[106]"></a>OS_Tick_Enable</STRONG> (Thumb, 0 bytes, Stack size 0 bytes, ht32f675x5_rom_lib_cp_r2.lib(ABSOLUTE))
<BR><BR>[Called By]<UL><LI><a href="#[2c]">&gt;&gt;</a>&nbsp;&nbsp;&nbsp;lpwr_after_wakeup (via Veneer)
</UL>

<P><STRONG><a name="[109]"></a>osKernelInitialize</STRONG> (Thumb, 0 bytes, Stack size 0 bytes, ht32f675x5_rom_lib_cp_r2.lib(ABSOLUTE))
<BR><BR>[Called By]<UL><LI><a href="#[26]">&gt;&gt;</a>&nbsp;&nbsp;&nbsp;main (via Veneer)
</UL>

<P><STRONG><a name="[10a]"></a>osKernelStart</STRONG> (Thumb, 0 bytes, Stack size 0 bytes, ht32f675x5_rom_lib_cp_r2.lib(ABSOLUTE))
<BR><BR>[Called By]<UL><LI><a href="#[26]">&gt;&gt;</a>&nbsp;&nbsp;&nbsp;main (via Veneer)
</UL>

<P><STRONG><a name="[197]"></a>osMemoryPoolAlloc</STRONG> (Thumb, 0 bytes, Stack size 0 bytes, ht32f675x5_rom_lib_cp_r2.lib(ABSOLUTE))
<BR><BR>[Called By]<UL><LI><a href="#[31]">&gt;&gt;</a>&nbsp;&nbsp;&nbsp;send_msg_to_bleStackTask (via Veneer)
</UL>

<P><STRONG><a name="[a6]"></a>osMemoryPoolFree</STRONG> (Thumb, 0 bytes, Stack size 0 bytes, ht32f675x5_rom_lib_cp_r2.lib(ABSOLUTE))
<BR><BR>[Called By]<UL><LI><a href="#[30]">&gt;&gt;</a>&nbsp;&nbsp;&nbsp;bleStack_task (via Veneer)
</UL>

<P><STRONG><a name="[ce]"></a>osMemoryPoolNew</STRONG> (Thumb, 0 bytes, Stack size 0 bytes, ht32f675x5_rom_lib_cp_r2.lib(ABSOLUTE))
<BR><BR>[Called By]<UL><LI><a href="#[cc]">&gt;&gt;</a>&nbsp;&nbsp;&nbsp;ble_host_init (via Veneer)
</UL>

<P><STRONG><a name="[a4]"></a>osMessageQueueGet</STRONG> (Thumb, 0 bytes, Stack size 0 bytes, ht32f675x5_rom_lib_cp_r2.lib(ABSOLUTE))
<BR><BR>[Called By]<UL><LI><a href="#[30]">&gt;&gt;</a>&nbsp;&nbsp;&nbsp;bleStack_task (via Veneer)
<LI><a href="#[2d]">&gt;&gt;</a>&nbsp;&nbsp;&nbsp;llc_task (via Veneer)
</UL>

<P><STRONG><a name="[b7]"></a>osMessageQueueNew</STRONG> (Thumb, 0 bytes, Stack size 0 bytes, ht32f675x5_rom_lib_cp_r2.lib(ABSOLUTE))
<BR><BR>[Called By]<UL><LI><a href="#[cc]">&gt;&gt;</a>&nbsp;&nbsp;&nbsp;ble_host_init (via Veneer)
<LI><a href="#[ab]">&gt;&gt;</a>&nbsp;&nbsp;&nbsp;ble_controller_init (via Veneer)
</UL>

<P><STRONG><a name="[198]"></a>osMessageQueuePut</STRONG> (Thumb, 0 bytes, Stack size 0 bytes, ht32f675x5_rom_lib_cp_r2.lib(ABSOLUTE))
<BR><BR>[Called By]<UL><LI><a href="#[31]">&gt;&gt;</a>&nbsp;&nbsp;&nbsp;send_msg_to_bleStackTask (via Veneer)
<LI><a href="#[2e]">&gt;&gt;</a>&nbsp;&nbsp;&nbsp;send_msg_to_llc_task (via Veneer)
</UL>

<P><STRONG><a name="[9b]"></a>osThreadGetId</STRONG> (Thumb, 0 bytes, Stack size 0 bytes, ht32f675x5_rom_lib_cp_r2.lib(ABSOLUTE))
<BR><BR>[Called By]<UL><LI><a href="#[52]">&gt;&gt;</a>&nbsp;&nbsp;&nbsp;app_main (via Veneer)
</UL>

<P><STRONG><a name="[b8]"></a>osThreadNew</STRONG> (Thumb, 0 bytes, Stack size 0 bytes, ht32f675x5_rom_lib_cp_r2.lib(ABSOLUTE))
<BR><BR>[Called By]<UL><LI><a href="#[26]">&gt;&gt;</a>&nbsp;&nbsp;&nbsp;main (via Veneer)
<LI><a href="#[cc]">&gt;&gt;</a>&nbsp;&nbsp;&nbsp;ble_host_init (via Veneer)
<LI><a href="#[ab]">&gt;&gt;</a>&nbsp;&nbsp;&nbsp;ble_controller_init (via Veneer)
</UL>

<P><STRONG><a name="[9c]"></a>osThreadTerminate</STRONG> (Thumb, 0 bytes, Stack size 0 bytes, ht32f675x5_rom_lib_cp_r2.lib(ABSOLUTE))
<BR><BR>[Called By]<UL><LI><a href="#[52]">&gt;&gt;</a>&nbsp;&nbsp;&nbsp;app_main (via Veneer)
</UL>

<P><STRONG><a name="[156]"></a>system_error</STRONG> (Thumb, 0 bytes, Stack size 0 bytes, ht32f675x5_rom_lib_cp_r2.lib(ABSOLUTE))
<BR><BR>[Called By]<UL><LI><a href="#[168]">&gt;&gt;</a>&nbsp;&nbsp;&nbsp;rom_llc_ext_adv_is_white_list_in_use (via Veneer)
<LI><a href="#[167]">&gt;&gt;</a>&nbsp;&nbsp;&nbsp;rom_llc_ext_adv_is_any_advertising_set_enabled (via Veneer)
<LI><a href="#[5e]">&gt;&gt;</a>&nbsp;&nbsp;&nbsp;patch_llc_hook_prefix_priority_on_event_stopped (via Veneer)
<LI><a href="#[60]">&gt;&gt;</a>&nbsp;&nbsp;&nbsp;patch_llc_hook_prefix_priority_on_event_config_failed (via Veneer)
<LI><a href="#[5f]">&gt;&gt;</a>&nbsp;&nbsp;&nbsp;patch_llc_hook_prefix_priority_on_event_blocked (via Veneer)
<LI><a href="#[61]">&gt;&gt;</a>&nbsp;&nbsp;&nbsp;patch_llc_hook_prefix_priority_on_event_added (via Veneer)
<LI><a href="#[155]">&gt;&gt;</a>&nbsp;&nbsp;&nbsp;patch_llc_feature_exchange_procedure_peer_initiated_init (via Veneer)
</UL>

<P><STRONG><a name="[18b]"></a>rom_hal_rf_cali_init</STRONG> (Thumb, 0 bytes, Stack size 0 bytes, ht32f675x5_rom_lib_cp_r2.lib(ABSOLUTE))
<BR><BR>[Called By]<UL><LI><a href="#[da]">&gt;&gt;</a>&nbsp;&nbsp;&nbsp;rf_init (via Veneer)
</UL>

<P><STRONG><a name="[18d]"></a>rom_hal_rf_rx_cali</STRONG> (Thumb, 0 bytes, Stack size 0 bytes, ht32f675x5_rom_lib_cp_r2.lib(ABSOLUTE))
<BR><BR>[Called By]<UL><LI><a href="#[da]">&gt;&gt;</a>&nbsp;&nbsp;&nbsp;rf_init (via Veneer)
</UL>

<P><STRONG><a name="[3b]"></a>rom_hal_rf_rx_dc_cal_offset_update</STRONG> (Thumb, 0 bytes, Stack size 0 bytes, ht32f675x5_rom_lib_cp_r2.lib(ABSOLUTE), UNUSED)
<BR>[Address Reference Count : 1]<UL><LI> ble_interface_init.o(.text.ble_interface_init)
</UL>
<P><STRONG><a name="[18e]"></a>rom_hal_rf_rx_dc_cal_sweep</STRONG> (Thumb, 0 bytes, Stack size 0 bytes, ht32f675x5_rom_lib_cp_r2.lib(ABSOLUTE))
<BR><BR>[Called By]<UL><LI><a href="#[da]">&gt;&gt;</a>&nbsp;&nbsp;&nbsp;rf_init (via Veneer)
</UL>

<P><STRONG><a name="[3c]"></a>rom_hal_rf_set_modgain_cail_correction</STRONG> (Thumb, 0 bytes, Stack size 0 bytes, ht32f675x5_rom_lib_cp_r2.lib(ABSOLUTE), UNUSED)
<BR>[Address Reference Count : 1]<UL><LI> ble_interface_init.o(.text.ble_interface_init)
</UL>
<P><STRONG><a name="[18c]"></a>rom_hal_rf_tx_cali</STRONG> (Thumb, 0 bytes, Stack size 0 bytes, ht32f675x5_rom_lib_cp_r2.lib(ABSOLUTE))
<BR><BR>[Called By]<UL><LI><a href="#[da]">&gt;&gt;</a>&nbsp;&nbsp;&nbsp;rf_init (via Veneer)
</UL>

<P><STRONG><a name="[fc]"></a>rom_hal_rf_tx_power_set</STRONG> (Thumb, 0 bytes, Stack size 0 bytes, ht32f675x5_rom_lib_cp_r2.lib(ABSOLUTE))
<BR><BR>[Called By]<UL><LI><a href="#[95]">&gt;&gt;</a>&nbsp;&nbsp;&nbsp;ble_peripheral_init (via Veneer)
<LI><a href="#[da]">&gt;&gt;</a>&nbsp;&nbsp;&nbsp;rf_init (via Veneer)
</UL>

<P><STRONG><a name="[18f]"></a>rom_hal_rf_tx_power_table_init</STRONG> (Thumb, 0 bytes, Stack size 0 bytes, ht32f675x5_rom_lib_cp_r2.lib(ABSOLUTE))
<BR><BR>[Called By]<UL><LI><a href="#[da]">&gt;&gt;</a>&nbsp;&nbsp;&nbsp;rf_init (via Veneer)
</UL>

<P><STRONG><a name="[88]"></a>rom_hw_crg_disable_clk_gate</STRONG> (Thumb, 0 bytes, Stack size 0 bytes, ht32f675x5_rom_lib_cp_r2.lib(ABSOLUTE))
<BR><BR>[Called By]<UL><LI><a href="#[85]">&gt;&gt;</a>&nbsp;&nbsp;&nbsp;app_debug_deinit (via Veneer)
</UL>

<P><STRONG><a name="[8b]"></a>rom_hw_crg_enable_clk_gate</STRONG> (Thumb, 0 bytes, Stack size 0 bytes, ht32f675x5_rom_lib_cp_r2.lib(ABSOLUTE))
<BR><BR>[Called By]<UL><LI><a href="#[76]">&gt;&gt;</a>&nbsp;&nbsp;&nbsp;app_debug_reinit (via Veneer)
<LI><a href="#[91]">&gt;&gt;</a>&nbsp;&nbsp;&nbsp;app_timer_init (via Veneer)
<LI><a href="#[52]">&gt;&gt;</a>&nbsp;&nbsp;&nbsp;app_main (via Veneer)
</UL>

<P><STRONG><a name="[19a]"></a>rom_hw_crg_get_32k_cycles_of_dcxo_hclk</STRONG> (Thumb, 0 bytes, Stack size 0 bytes, ht32f675x5_rom_lib_cp_r2.lib(ABSOLUTE))
<BR><BR>[Called By]<UL><LI><a href="#[82]">&gt;&gt;</a>&nbsp;&nbsp;&nbsp;timer_config (via Veneer)
</UL>

<P><STRONG><a name="[199]"></a>rom_hw_crg_get_lpwr_clk_src</STRONG> (Thumb, 0 bytes, Stack size 0 bytes, ht32f675x5_rom_lib_cp_r2.lib(ABSOLUTE))
<BR><BR>[Called By]<UL><LI><a href="#[82]">&gt;&gt;</a>&nbsp;&nbsp;&nbsp;timer_config (via Veneer)
</UL>

<P><STRONG><a name="[fd]"></a>rom_hw_efuse_read_bytes</STRONG> (Thumb, 0 bytes, Stack size 0 bytes, ht32f675x5_rom_lib_cp_r2.lib(ABSOLUTE))
<BR><BR>[Called By]<UL><LI><a href="#[95]">&gt;&gt;</a>&nbsp;&nbsp;&nbsp;ble_peripheral_init (via Veneer)
</UL>

<P><STRONG><a name="[86]"></a>rom_hw_gpio_set_pin_input_output</STRONG> (Thumb, 0 bytes, Stack size 0 bytes, ht32f675x5_rom_lib_cp_r2.lib(ABSOLUTE))
<BR><BR>[Called By]<UL><LI><a href="#[85]">&gt;&gt;</a>&nbsp;&nbsp;&nbsp;app_debug_deinit (via Veneer)
</UL>

<P><STRONG><a name="[8c]"></a>rom_hw_gpio_set_pin_pid</STRONG> (Thumb, 0 bytes, Stack size 0 bytes, ht32f675x5_rom_lib_cp_r2.lib(ABSOLUTE))
<BR><BR>[Called By]<UL><LI><a href="#[76]">&gt;&gt;</a>&nbsp;&nbsp;&nbsp;app_debug_reinit (via Veneer)
</UL>

<P><STRONG><a name="[87]"></a>rom_hw_gpio_set_pin_pull_mode</STRONG> (Thumb, 0 bytes, Stack size 0 bytes, ht32f675x5_rom_lib_cp_r2.lib(ABSOLUTE))
<BR><BR>[Called By]<UL><LI><a href="#[85]">&gt;&gt;</a>&nbsp;&nbsp;&nbsp;app_debug_deinit (via Veneer)
<LI><a href="#[76]">&gt;&gt;</a>&nbsp;&nbsp;&nbsp;app_debug_reinit (via Veneer)
</UL>

<P><STRONG><a name="[7c]"></a>rom_hw_pmu_clear_interrupt_flag</STRONG> (Thumb, 0 bytes, Stack size 0 bytes, ht32f675x5_rom_lib_cp_r2.lib(ABSOLUTE))
<BR><BR>[Called By]<UL><LI><a href="#[1d]">&gt;&gt;</a>&nbsp;&nbsp;&nbsp;PMU_IRQ_Handler (via Veneer)
</UL>

<P><STRONG><a name="[7b]"></a>rom_hw_pmu_get_interrupt_flag</STRONG> (Thumb, 0 bytes, Stack size 0 bytes, ht32f675x5_rom_lib_cp_r2.lib(ABSOLUTE))
<BR><BR>[Called By]<UL><LI><a href="#[1d]">&gt;&gt;</a>&nbsp;&nbsp;&nbsp;PMU_IRQ_Handler (via Veneer)
</UL>

<P><STRONG><a name="[db]"></a>rom_hw_pmu_set_wakeup_source</STRONG> (Thumb, 0 bytes, Stack size 0 bytes, ht32f675x5_rom_lib_cp_r2.lib(ABSOLUTE))
<BR><BR>[Called By]<UL><LI><a href="#[9a]">&gt;&gt;</a>&nbsp;&nbsp;&nbsp;lpwr_ctrl_init (via Veneer)
<LI><a href="#[93]">&gt;&gt;</a>&nbsp;&nbsp;&nbsp;ble_init (via Veneer)
</UL>

<P><STRONG><a name="[190]"></a>rom_hw_rf_tx_pa_h2_config</STRONG> (Thumb, 0 bytes, Stack size 0 bytes, ht32f675x5_rom_lib_cp_r2.lib(ABSOLUTE))
<BR><BR>[Called By]<UL><LI><a href="#[da]">&gt;&gt;</a>&nbsp;&nbsp;&nbsp;rf_init (via Veneer)
</UL>

<P><STRONG><a name="[7f]"></a>rom_hw_stim_clear_interrupt_flag</STRONG> (Thumb, 0 bytes, Stack size 0 bytes, ht32f675x5_rom_lib_cp_r2.lib(ABSOLUTE))
<BR><BR>[Called By]<UL><LI><a href="#[25]">&gt;&gt;</a>&nbsp;&nbsp;&nbsp;STIM1_IRQ3_Handler (via Veneer)
</UL>

<P><STRONG><a name="[a0]"></a>rom_hw_stim_disable_tick_overflow_interrupt</STRONG> (Thumb, 0 bytes, Stack size 0 bytes, ht32f675x5_rom_lib_cp_r2.lib(ABSOLUTE))
<BR><BR>[Called By]<UL><LI><a href="#[91]">&gt;&gt;</a>&nbsp;&nbsp;&nbsp;app_timer_init (via Veneer)
</UL>

<P><STRONG><a name="[9f]"></a>rom_hw_stim_enable_interrupt</STRONG> (Thumb, 0 bytes, Stack size 0 bytes, ht32f675x5_rom_lib_cp_r2.lib(ABSOLUTE))
<BR><BR>[Called By]<UL><LI><a href="#[91]">&gt;&gt;</a>&nbsp;&nbsp;&nbsp;app_timer_init (via Veneer)
</UL>

<P><STRONG><a name="[9e]"></a>rom_hw_stim_enable_wakeup</STRONG> (Thumb, 0 bytes, Stack size 0 bytes, ht32f675x5_rom_lib_cp_r2.lib(ABSOLUTE))
<BR><BR>[Called By]<UL><LI><a href="#[91]">&gt;&gt;</a>&nbsp;&nbsp;&nbsp;app_timer_init (via Veneer)
</UL>

<P><STRONG><a name="[81]"></a>rom_hw_stim_get_compare</STRONG> (Thumb, 0 bytes, Stack size 0 bytes, ht32f675x5_rom_lib_cp_r2.lib(ABSOLUTE))
<BR><BR>[Called By]<UL><LI><a href="#[25]">&gt;&gt;</a>&nbsp;&nbsp;&nbsp;STIM1_IRQ3_Handler (via Veneer)
</UL>

<P><STRONG><a name="[83]"></a>rom_hw_stim_get_count</STRONG> (Thumb, 0 bytes, Stack size 0 bytes, ht32f675x5_rom_lib_cp_r2.lib(ABSOLUTE))
<BR><BR>[Called By]<UL><LI><a href="#[a2]">&gt;&gt;</a>&nbsp;&nbsp;&nbsp;app_timer_start (via Veneer)
<LI><a href="#[25]">&gt;&gt;</a>&nbsp;&nbsp;&nbsp;STIM1_IRQ3_Handler (via Veneer)
<LI><a href="#[82]">&gt;&gt;</a>&nbsp;&nbsp;&nbsp;timer_config (via Veneer)
</UL>

<P><STRONG><a name="[7e]"></a>rom_hw_stim_get_interrupt_flag</STRONG> (Thumb, 0 bytes, Stack size 0 bytes, ht32f675x5_rom_lib_cp_r2.lib(ABSOLUTE))
<BR><BR>[Called By]<UL><LI><a href="#[25]">&gt;&gt;</a>&nbsp;&nbsp;&nbsp;STIM1_IRQ3_Handler (via Veneer)
</UL>

<P><STRONG><a name="[84]"></a>rom_hw_stim_set_compare</STRONG> (Thumb, 0 bytes, Stack size 0 bytes, ht32f675x5_rom_lib_cp_r2.lib(ABSOLUTE))
<BR><BR>[Called By]<UL><LI><a href="#[25]">&gt;&gt;</a>&nbsp;&nbsp;&nbsp;STIM1_IRQ3_Handler (via Veneer)
</UL>

<P><STRONG><a name="[9d]"></a>rom_hw_stim_set_prescale</STRONG> (Thumb, 0 bytes, Stack size 0 bytes, ht32f675x5_rom_lib_cp_r2.lib(ABSOLUTE))
<BR><BR>[Called By]<UL><LI><a href="#[91]">&gt;&gt;</a>&nbsp;&nbsp;&nbsp;app_timer_init (via Veneer)
</UL>

<P><STRONG><a name="[a1]"></a>rom_hw_stim_start</STRONG> (Thumb, 0 bytes, Stack size 0 bytes, ht32f675x5_rom_lib_cp_r2.lib(ABSOLUTE))
<BR><BR>[Called By]<UL><LI><a href="#[91]">&gt;&gt;</a>&nbsp;&nbsp;&nbsp;app_timer_init (via Veneer)
</UL>

<P><STRONG><a name="[99]"></a>rom_hw_sys_ctrl_enable_peri_int</STRONG> (Thumb, 0 bytes, Stack size 0 bytes, ht32f675x5_rom_lib_cp_r2.lib(ABSOLUTE))
<BR><BR>[Called By]<UL><LI><a href="#[91]">&gt;&gt;</a>&nbsp;&nbsp;&nbsp;app_timer_init (via Veneer)
<LI><a href="#[52]">&gt;&gt;</a>&nbsp;&nbsp;&nbsp;app_main (via Veneer)
<LI><a href="#[93]">&gt;&gt;</a>&nbsp;&nbsp;&nbsp;ble_init (via Veneer)
</UL>

<P><STRONG><a name="[8e]"></a>rom_hw_sys_ctrl_peri_int_ctrl</STRONG> (Thumb, 0 bytes, Stack size 0 bytes, ht32f675x5_rom_lib_cp_r2.lib(ABSOLUTE))
<BR><BR>[Called By]<UL><LI><a href="#[52]">&gt;&gt;</a>&nbsp;&nbsp;&nbsp;app_main (via Veneer)
</UL>

<P><STRONG><a name="[72]"></a>rom_hw_sys_ctrl_write_com_reg</STRONG> (Thumb, 0 bytes, Stack size 0 bytes, ht32f675x5_rom_lib_cp_r2.lib(ABSOLUTE))
<BR><BR>[Called By]<UL><LI><a href="#[9a]">&gt;&gt;</a>&nbsp;&nbsp;&nbsp;lpwr_ctrl_init (via Veneer)
<LI><a href="#[71]">&gt;&gt;</a>&nbsp;&nbsp;&nbsp;lpwr_ctrl_goto_sleep (via Veneer)
</UL>

<P><STRONG><a name="[8f]"></a>rom_hw_trng_gen_32bit</STRONG> (Thumb, 0 bytes, Stack size 0 bytes, ht32f675x5_rom_lib_cp_r2.lib(ABSOLUTE))
<BR><BR>[Called By]<UL><LI><a href="#[52]">&gt;&gt;</a>&nbsp;&nbsp;&nbsp;app_main (via Veneer)
</UL>

<P><STRONG><a name="[8d]"></a>rom_hw_uart_init</STRONG> (Thumb, 0 bytes, Stack size 0 bytes, ht32f675x5_rom_lib_cp_r2.lib(ABSOLUTE))
<BR><BR>[Called By]<UL><LI><a href="#[76]">&gt;&gt;</a>&nbsp;&nbsp;&nbsp;app_debug_reinit (via Veneer)
</UL>

<P><STRONG><a name="[8a]"></a>rom_hw_uart_send_byte</STRONG> (Thumb, 0 bytes, Stack size 0 bytes, ht32f675x5_rom_lib_cp_r2.lib(ABSOLUTE))
<BR><BR>[Called By]<UL><LI><a href="#[79]">&gt;&gt;</a>&nbsp;&nbsp;&nbsp;app_debug_printf (via Veneer)
</UL>

<P><STRONG><a name="[104]"></a>rom_hw_uart_transmit</STRONG> (Thumb, 0 bytes, Stack size 0 bytes, ht32f675x5_rom_lib_cp_r2.lib(ABSOLUTE))
<BR><BR>[Called By]<UL><LI><a href="#[68]">&gt;&gt;</a>&nbsp;&nbsp;&nbsp;fputc (via Veneer)
</UL>

<P><STRONG><a name="[40]"></a>rom_llp_get_clock_accuracy_ppm</STRONG> (Thumb, 0 bytes, Stack size 0 bytes, ht32f675x5_rom_lib_cp_r2.lib(ABSOLUTE), UNUSED)
<BR>[Address Reference Count : 1]<UL><LI> ble_interface_init.o(.text.ble_interface_init)
</UL>
<P><STRONG><a name="[49]"></a>rom_llp_get_rssi</STRONG> (Thumb, 0 bytes, Stack size 0 bytes, ht32f675x5_rom_lib_cp_r2.lib(ABSOLUTE), UNUSED)
<BR>[Address Reference Count : 1]<UL><LI> ble_interface_init.o(.text.ble_interface_init)
</UL>
<P><STRONG><a name="[7a]"></a>rom_llp_hw_int_irq_handler</STRONG> (Thumb, 0 bytes, Stack size 0 bytes, ht32f675x5_rom_lib_cp_r2.lib(ABSOLUTE))
<BR><BR>[Called By]<UL><LI><a href="#[8]">&gt;&gt;</a>&nbsp;&nbsp;&nbsp;LLC_IRQ_Handler (via Veneer)
</UL>

<P><STRONG><a name="[172]"></a>rom_llp_hw_set_adv_mode</STRONG> (Thumb, 0 bytes, Stack size 0 bytes, ht32f675x5_rom_lib_cp_r2.lib(ABSOLUTE))
<BR><BR>[Called By]<UL><LI><a href="#[16b]">&gt;&gt;</a>&nbsp;&nbsp;&nbsp;patch_llp_adv_fragment_start (via Veneer)
</UL>

<P><STRONG><a name="[16d]"></a>rom_llp_hw_set_ifs</STRONG> (Thumb, 0 bytes, Stack size 0 bytes, ht32f675x5_rom_lib_cp_r2.lib(ABSOLUTE))
<BR><BR>[Called By]<UL><LI><a href="#[17d]">&gt;&gt;</a>&nbsp;&nbsp;&nbsp;patch_llp_slave_fragment_start (via Veneer)
<LI><a href="#[17b]">&gt;&gt;</a>&nbsp;&nbsp;&nbsp;patch_llp_scan_fragment_start (via Veneer)
<LI><a href="#[179]">&gt;&gt;</a>&nbsp;&nbsp;&nbsp;patch_llp_master_fragment_start (via Veneer)
<LI><a href="#[176]">&gt;&gt;</a>&nbsp;&nbsp;&nbsp;patch_llp_initiator_fragment_start (via Veneer)
<LI><a href="#[16b]">&gt;&gt;</a>&nbsp;&nbsp;&nbsp;patch_llp_adv_fragment_start (via Veneer)
</UL>

<P><STRONG><a name="[178]"></a>rom_llp_hw_set_init_mode</STRONG> (Thumb, 0 bytes, Stack size 0 bytes, ht32f675x5_rom_lib_cp_r2.lib(ABSOLUTE))
<BR><BR>[Called By]<UL><LI><a href="#[176]">&gt;&gt;</a>&nbsp;&nbsp;&nbsp;patch_llp_initiator_fragment_start (via Veneer)
</UL>

<P><STRONG><a name="[17a]"></a>rom_llp_hw_set_master_mode</STRONG> (Thumb, 0 bytes, Stack size 0 bytes, ht32f675x5_rom_lib_cp_r2.lib(ABSOLUTE))
<BR><BR>[Called By]<UL><LI><a href="#[179]">&gt;&gt;</a>&nbsp;&nbsp;&nbsp;patch_llp_master_fragment_start (via Veneer)
</UL>

<P><STRONG><a name="[177]"></a>rom_llp_hw_set_rtr_mode_start_time</STRONG> (Thumb, 0 bytes, Stack size 0 bytes, ht32f675x5_rom_lib_cp_r2.lib(ABSOLUTE))
<BR><BR>[Called By]<UL><LI><a href="#[17d]">&gt;&gt;</a>&nbsp;&nbsp;&nbsp;patch_llp_slave_fragment_start (via Veneer)
<LI><a href="#[17b]">&gt;&gt;</a>&nbsp;&nbsp;&nbsp;patch_llp_scan_fragment_start (via Veneer)
<LI><a href="#[176]">&gt;&gt;</a>&nbsp;&nbsp;&nbsp;patch_llp_initiator_fragment_start (via Veneer)
</UL>

<P><STRONG><a name="[170]"></a>rom_llp_hw_set_rx_pdu</STRONG> (Thumb, 0 bytes, Stack size 0 bytes, ht32f675x5_rom_lib_cp_r2.lib(ABSOLUTE))
<BR><BR>[Called By]<UL><LI><a href="#[17d]">&gt;&gt;</a>&nbsp;&nbsp;&nbsp;patch_llp_slave_fragment_start (via Veneer)
<LI><a href="#[17b]">&gt;&gt;</a>&nbsp;&nbsp;&nbsp;patch_llp_scan_fragment_start (via Veneer)
<LI><a href="#[179]">&gt;&gt;</a>&nbsp;&nbsp;&nbsp;patch_llp_master_fragment_start (via Veneer)
<LI><a href="#[176]">&gt;&gt;</a>&nbsp;&nbsp;&nbsp;patch_llp_initiator_fragment_start (via Veneer)
<LI><a href="#[16b]">&gt;&gt;</a>&nbsp;&nbsp;&nbsp;patch_llp_adv_fragment_start (via Veneer)
</UL>

<P><STRONG><a name="[17c]"></a>rom_llp_hw_set_scan_mode</STRONG> (Thumb, 0 bytes, Stack size 0 bytes, ht32f675x5_rom_lib_cp_r2.lib(ABSOLUTE))
<BR><BR>[Called By]<UL><LI><a href="#[17b]">&gt;&gt;</a>&nbsp;&nbsp;&nbsp;patch_llp_scan_fragment_start (via Veneer)
</UL>

<P><STRONG><a name="[17f]"></a>rom_llp_hw_set_slave_mode</STRONG> (Thumb, 0 bytes, Stack size 0 bytes, ht32f675x5_rom_lib_cp_r2.lib(ABSOLUTE))
<BR><BR>[Called By]<UL><LI><a href="#[17d]">&gt;&gt;</a>&nbsp;&nbsp;&nbsp;patch_llp_slave_fragment_start (via Veneer)
</UL>

<P><STRONG><a name="[17e]"></a>rom_llp_hw_set_slave_rx_window</STRONG> (Thumb, 0 bytes, Stack size 0 bytes, ht32f675x5_rom_lib_cp_r2.lib(ABSOLUTE))
<BR><BR>[Called By]<UL><LI><a href="#[17d]">&gt;&gt;</a>&nbsp;&nbsp;&nbsp;patch_llp_slave_fragment_start (via Veneer)
</UL>

<P><STRONG><a name="[171]"></a>rom_llp_hw_set_trt_mode_start_time</STRONG> (Thumb, 0 bytes, Stack size 0 bytes, ht32f675x5_rom_lib_cp_r2.lib(ABSOLUTE))
<BR><BR>[Called By]<UL><LI><a href="#[179]">&gt;&gt;</a>&nbsp;&nbsp;&nbsp;patch_llp_master_fragment_start (via Veneer)
<LI><a href="#[16b]">&gt;&gt;</a>&nbsp;&nbsp;&nbsp;patch_llp_adv_fragment_start (via Veneer)
</UL>

<P><STRONG><a name="[16e]"></a>rom_llp_hw_set_trx_param</STRONG> (Thumb, 0 bytes, Stack size 0 bytes, ht32f675x5_rom_lib_cp_r2.lib(ABSOLUTE))
<BR><BR>[Called By]<UL><LI><a href="#[17d]">&gt;&gt;</a>&nbsp;&nbsp;&nbsp;patch_llp_slave_fragment_start (via Veneer)
<LI><a href="#[17b]">&gt;&gt;</a>&nbsp;&nbsp;&nbsp;patch_llp_scan_fragment_start (via Veneer)
<LI><a href="#[179]">&gt;&gt;</a>&nbsp;&nbsp;&nbsp;patch_llp_master_fragment_start (via Veneer)
<LI><a href="#[176]">&gt;&gt;</a>&nbsp;&nbsp;&nbsp;patch_llp_initiator_fragment_start (via Veneer)
<LI><a href="#[16b]">&gt;&gt;</a>&nbsp;&nbsp;&nbsp;patch_llp_adv_fragment_start (via Veneer)
</UL>

<P><STRONG><a name="[16f]"></a>rom_llp_hw_set_tx_pdu</STRONG> (Thumb, 0 bytes, Stack size 0 bytes, ht32f675x5_rom_lib_cp_r2.lib(ABSOLUTE))
<BR><BR>[Called By]<UL><LI><a href="#[17d]">&gt;&gt;</a>&nbsp;&nbsp;&nbsp;patch_llp_slave_fragment_start (via Veneer)
<LI><a href="#[17b]">&gt;&gt;</a>&nbsp;&nbsp;&nbsp;patch_llp_scan_fragment_start (via Veneer)
<LI><a href="#[179]">&gt;&gt;</a>&nbsp;&nbsp;&nbsp;patch_llp_master_fragment_start (via Veneer)
<LI><a href="#[176]">&gt;&gt;</a>&nbsp;&nbsp;&nbsp;patch_llp_initiator_fragment_start (via Veneer)
<LI><a href="#[16b]">&gt;&gt;</a>&nbsp;&nbsp;&nbsp;patch_llp_adv_fragment_start (via Veneer)
</UL>

<P><STRONG><a name="[16c]"></a>rom_llp_hw_set_work_time_us</STRONG> (Thumb, 0 bytes, Stack size 0 bytes, ht32f675x5_rom_lib_cp_r2.lib(ABSOLUTE))
<BR><BR>[Called By]<UL><LI><a href="#[17d]">&gt;&gt;</a>&nbsp;&nbsp;&nbsp;patch_llp_slave_fragment_start (via Veneer)
<LI><a href="#[17b]">&gt;&gt;</a>&nbsp;&nbsp;&nbsp;patch_llp_scan_fragment_start (via Veneer)
<LI><a href="#[179]">&gt;&gt;</a>&nbsp;&nbsp;&nbsp;patch_llp_master_fragment_start (via Veneer)
<LI><a href="#[176]">&gt;&gt;</a>&nbsp;&nbsp;&nbsp;patch_llp_initiator_fragment_start (via Veneer)
<LI><a href="#[16b]">&gt;&gt;</a>&nbsp;&nbsp;&nbsp;patch_llp_adv_fragment_start (via Veneer)
</UL>

<P><STRONG><a name="[174]"></a>rom_llp_hw_sleep_cycles_of_low_clk</STRONG> (Thumb, 0 bytes, Stack size 0 bytes, ht32f675x5_rom_lib_cp_r2.lib(ABSOLUTE))
<BR><BR>[Called By]<UL><LI><a href="#[67]">&gt;&gt;</a>&nbsp;&nbsp;&nbsp;patch_llp_hook_prefix_sleep_is_system_sleep_allowed (via Veneer)
</UL>

<P><STRONG><a name="[175]"></a>rom_llp_hw_wakeup</STRONG> (Thumb, 0 bytes, Stack size 0 bytes, ht32f675x5_rom_lib_cp_r2.lib(ABSOLUTE))
<BR><BR>[Called By]<UL><LI><a href="#[66]">&gt;&gt;</a>&nbsp;&nbsp;&nbsp;patch_llp_hook_prefix_sleep_wakeup (via Veneer)
</UL>

<P><STRONG><a name="[ba]"></a>rom_llp_init</STRONG> (Thumb, 0 bytes, Stack size 0 bytes, ht32f675x5_rom_lib_cp_r2.lib(ABSOLUTE))
<BR><BR>[Called By]<UL><LI><a href="#[ab]">&gt;&gt;</a>&nbsp;&nbsp;&nbsp;ble_controller_init (via Veneer)
</UL>

<P><STRONG><a name="[173]"></a>rom_llp_is_idle</STRONG> (Thumb, 0 bytes, Stack size 0 bytes, ht32f675x5_rom_lib_cp_r2.lib(ABSOLUTE))
<BR><BR>[Called By]<UL><LI><a href="#[67]">&gt;&gt;</a>&nbsp;&nbsp;&nbsp;patch_llp_hook_prefix_sleep_is_system_sleep_allowed (via Veneer)
</UL>

<P><STRONG><a name="[df]"></a>rom_llp_is_system_sleep_allowed</STRONG> (Thumb, 0 bytes, Stack size 0 bytes, ht32f675x5_rom_lib_cp_r2.lib(ABSOLUTE))
<BR><BR>[Called By]<UL><LI><a href="#[de]">&gt;&gt;</a>&nbsp;&nbsp;&nbsp;ble_init_is_system_sleep_allowed (via Veneer)
</UL>

<P><STRONG><a name="[184]"></a>rom_llp_scan_init_mode_rx_en_time_adjust</STRONG> (Thumb, 0 bytes, Stack size 0 bytes, ht32f675x5_rom_lib_cp_r2.lib(ABSOLUTE))
<BR><BR>[Called By]<UL><LI><a href="#[56]">&gt;&gt;</a>&nbsp;&nbsp;&nbsp;patch_llp_start_scan_fragment (via Veneer)
<LI><a href="#[57]">&gt;&gt;</a>&nbsp;&nbsp;&nbsp;patch_llp_start_init_fragment (via Veneer)
</UL>

<P><STRONG><a name="[182]"></a>rom_llp_scan_init_start_time_adjust</STRONG> (Thumb, 0 bytes, Stack size 0 bytes, ht32f675x5_rom_lib_cp_r2.lib(ABSOLUTE))
<BR><BR>[Called By]<UL><LI><a href="#[56]">&gt;&gt;</a>&nbsp;&nbsp;&nbsp;patch_llp_start_scan_fragment (via Veneer)
<LI><a href="#[57]">&gt;&gt;</a>&nbsp;&nbsp;&nbsp;patch_llp_start_init_fragment (via Veneer)
</UL>

<P><STRONG><a name="[183]"></a>rom_llp_scan_init_work_time_adjust</STRONG> (Thumb, 0 bytes, Stack size 0 bytes, ht32f675x5_rom_lib_cp_r2.lib(ABSOLUTE))
<BR><BR>[Called By]<UL><LI><a href="#[56]">&gt;&gt;</a>&nbsp;&nbsp;&nbsp;patch_llp_start_scan_fragment (via Veneer)
<LI><a href="#[57]">&gt;&gt;</a>&nbsp;&nbsp;&nbsp;patch_llp_start_init_fragment (via Veneer)
</UL>

<P><STRONG><a name="[bb]"></a>rom_llp_set_clock_accuracy_ppm</STRONG> (Thumb, 0 bytes, Stack size 0 bytes, ht32f675x5_rom_lib_cp_r2.lib(ABSOLUTE))
<BR><BR>[Called By]<UL><LI><a href="#[ab]">&gt;&gt;</a>&nbsp;&nbsp;&nbsp;ble_controller_init (via Veneer)
</UL>

<P><STRONG><a name="[e2]"></a>rom_llp_set_fragment_start_report_callback</STRONG> (Thumb, 0 bytes, Stack size 0 bytes, ht32f675x5_rom_lib_cp_r2.lib(ABSOLUTE))
<BR><BR>[Called By]<UL><LI><a href="#[dc]">&gt;&gt;</a>&nbsp;&nbsp;&nbsp;ble_interface_init (via Veneer)
</UL>

<P><STRONG><a name="[e3]"></a>rom_llp_set_fragment_stop_report_callback</STRONG> (Thumb, 0 bytes, Stack size 0 bytes, ht32f675x5_rom_lib_cp_r2.lib(ABSOLUTE))
<BR><BR>[Called By]<UL><LI><a href="#[dc]">&gt;&gt;</a>&nbsp;&nbsp;&nbsp;ble_interface_init (via Veneer)
</UL>

<P><STRONG><a name="[e6]"></a>rom_llp_set_rf_rx_calib_callback</STRONG> (Thumb, 0 bytes, Stack size 0 bytes, ht32f675x5_rom_lib_cp_r2.lib(ABSOLUTE))
<BR><BR>[Called By]<UL><LI><a href="#[dc]">&gt;&gt;</a>&nbsp;&nbsp;&nbsp;ble_interface_init (via Veneer)
</UL>

<P><STRONG><a name="[e7]"></a>rom_llp_set_rf_tx_calib_callback</STRONG> (Thumb, 0 bytes, Stack size 0 bytes, ht32f675x5_rom_lib_cp_r2.lib(ABSOLUTE))
<BR><BR>[Called By]<UL><LI><a href="#[dc]">&gt;&gt;</a>&nbsp;&nbsp;&nbsp;ble_interface_init (via Veneer)
</UL>

<P><STRONG><a name="[e5]"></a>rom_llp_set_rx_end_report_callback</STRONG> (Thumb, 0 bytes, Stack size 0 bytes, ht32f675x5_rom_lib_cp_r2.lib(ABSOLUTE))
<BR><BR>[Called By]<UL><LI><a href="#[dc]">&gt;&gt;</a>&nbsp;&nbsp;&nbsp;ble_interface_init (via Veneer)
</UL>

<P><STRONG><a name="[e1]"></a>rom_llp_set_schedule_report_callback</STRONG> (Thumb, 0 bytes, Stack size 0 bytes, ht32f675x5_rom_lib_cp_r2.lib(ABSOLUTE))
<BR><BR>[Called By]<UL><LI><a href="#[dc]">&gt;&gt;</a>&nbsp;&nbsp;&nbsp;ble_interface_init (via Veneer)
</UL>

<P><STRONG><a name="[e4]"></a>rom_llp_set_tx_end_report_callback</STRONG> (Thumb, 0 bytes, Stack size 0 bytes, ht32f675x5_rom_lib_cp_r2.lib(ABSOLUTE))
<BR><BR>[Called By]<UL><LI><a href="#[dc]">&gt;&gt;</a>&nbsp;&nbsp;&nbsp;ble_interface_init (via Veneer)
</UL>

<P><STRONG><a name="[181]"></a>rom_llp_sleep_on_fragment_config_succeed</STRONG> (Thumb, 0 bytes, Stack size 0 bytes, ht32f675x5_rom_lib_cp_r2.lib(ABSOLUTE))
<BR><BR>[Called By]<UL><LI><a href="#[58]">&gt;&gt;</a>&nbsp;&nbsp;&nbsp;patch_llp_start_slave_fragment (via Veneer)
<LI><a href="#[56]">&gt;&gt;</a>&nbsp;&nbsp;&nbsp;patch_llp_start_scan_fragment (via Veneer)
<LI><a href="#[59]">&gt;&gt;</a>&nbsp;&nbsp;&nbsp;patch_llp_start_master_fragment (via Veneer)
<LI><a href="#[57]">&gt;&gt;</a>&nbsp;&nbsp;&nbsp;patch_llp_start_init_fragment (via Veneer)
<LI><a href="#[55]">&gt;&gt;</a>&nbsp;&nbsp;&nbsp;patch_llp_start_adv_fragment (via Veneer)
</UL>

<P><STRONG><a name="[e0]"></a>rom_llp_sleep_on_system_wakeup_by_llc</STRONG> (Thumb, 0 bytes, Stack size 0 bytes, ht32f675x5_rom_lib_cp_r2.lib(ABSOLUTE))
<BR><BR>[Called By]<UL><LI><a href="#[7d]">&gt;&gt;</a>&nbsp;&nbsp;&nbsp;ble_init_on_system_wakeup_by_llc (via Veneer)
</UL>

<P><STRONG><a name="[bc]"></a>rom_llp_sleep_set_time</STRONG> (Thumb, 0 bytes, Stack size 0 bytes, ht32f675x5_rom_lib_cp_r2.lib(ABSOLUTE))
<BR><BR>[Called By]<UL><LI><a href="#[ab]">&gt;&gt;</a>&nbsp;&nbsp;&nbsp;ble_controller_init (via Veneer)
</UL>

<P><STRONG><a name="[180]"></a>rom_llp_sleep_wakeup</STRONG> (Thumb, 0 bytes, Stack size 0 bytes, ht32f675x5_rom_lib_cp_r2.lib(ABSOLUTE))
<BR><BR>[Called By]<UL><LI><a href="#[58]">&gt;&gt;</a>&nbsp;&nbsp;&nbsp;patch_llp_start_slave_fragment (via Veneer)
<LI><a href="#[56]">&gt;&gt;</a>&nbsp;&nbsp;&nbsp;patch_llp_start_scan_fragment (via Veneer)
<LI><a href="#[59]">&gt;&gt;</a>&nbsp;&nbsp;&nbsp;patch_llp_start_master_fragment (via Veneer)
<LI><a href="#[57]">&gt;&gt;</a>&nbsp;&nbsp;&nbsp;patch_llp_start_init_fragment (via Veneer)
<LI><a href="#[55]">&gt;&gt;</a>&nbsp;&nbsp;&nbsp;patch_llp_start_adv_fragment (via Veneer)
</UL>

<P><STRONG><a name="[41]"></a>rom_llp_start_adv_fragment</STRONG> (Thumb, 0 bytes, Stack size 0 bytes, ht32f675x5_rom_lib_cp_r2.lib(ABSOLUTE), UNUSED)
<BR>[Address Reference Count : 1]<UL><LI> ble_interface_init.o(.text.ble_interface_init)
</UL>
<P><STRONG><a name="[43]"></a>rom_llp_start_init_fragment</STRONG> (Thumb, 0 bytes, Stack size 0 bytes, ht32f675x5_rom_lib_cp_r2.lib(ABSOLUTE), UNUSED)
<BR>[Address Reference Count : 1]<UL><LI> ble_interface_init.o(.text.ble_interface_init)
</UL>
<P><STRONG><a name="[45]"></a>rom_llp_start_master_fragment</STRONG> (Thumb, 0 bytes, Stack size 0 bytes, ht32f675x5_rom_lib_cp_r2.lib(ABSOLUTE), UNUSED)
<BR>[Address Reference Count : 1]<UL><LI> ble_interface_init.o(.text.ble_interface_init)
</UL>
<P><STRONG><a name="[42]"></a>rom_llp_start_scan_fragment</STRONG> (Thumb, 0 bytes, Stack size 0 bytes, ht32f675x5_rom_lib_cp_r2.lib(ABSOLUTE), UNUSED)
<BR>[Address Reference Count : 1]<UL><LI> ble_interface_init.o(.text.ble_interface_init)
</UL>
<P><STRONG><a name="[44]"></a>rom_llp_start_slave_fragment</STRONG> (Thumb, 0 bytes, Stack size 0 bytes, ht32f675x5_rom_lib_cp_r2.lib(ABSOLUTE), UNUSED)
<BR>[Address Reference Count : 1]<UL><LI> ble_interface_init.o(.text.ble_interface_init)
</UL>
<P><STRONG><a name="[46]"></a>rom_llp_stop_fragment</STRONG> (Thumb, 0 bytes, Stack size 0 bytes, ht32f675x5_rom_lib_cp_r2.lib(ABSOLUTE), UNUSED)
<BR>[Address Reference Count : 1]<UL><LI> ble_interface_init.o(.text.ble_interface_init)
</UL>
<P><STRONG><a name="[3e]"></a>rom_llp_timer_enable</STRONG> (Thumb, 0 bytes, Stack size 0 bytes, ht32f675x5_rom_lib_cp_r2.lib(ABSOLUTE), UNUSED)
<BR>[Address Reference Count : 1]<UL><LI> ble_interface_init.o(.text.ble_interface_init)
</UL>
<P><STRONG><a name="[3f]"></a>rom_llp_timer_get_count</STRONG> (Thumb, 0 bytes, Stack size 0 bytes, ht32f675x5_rom_lib_cp_r2.lib(ABSOLUTE), UNUSED)
<BR>[Address Reference Count : 1]<UL><LI> ble_interface_init.o(.text.ble_interface_init)
</UL>
<P><STRONG><a name="[3d]"></a>rom_llp_trig_schedule</STRONG> (Thumb, 0 bytes, Stack size 0 bytes, ht32f675x5_rom_lib_cp_r2.lib(ABSOLUTE), UNUSED)
<BR>[Address Reference Count : 1]<UL><LI> ble_interface_init.o(.text.ble_interface_init)
</UL>
<P><STRONG><a name="[48]"></a>rom_llp_update_rx_pdu</STRONG> (Thumb, 0 bytes, Stack size 0 bytes, ht32f675x5_rom_lib_cp_r2.lib(ABSOLUTE), UNUSED)
<BR>[Address Reference Count : 1]<UL><LI> ble_interface_init.o(.text.ble_interface_init)
</UL>
<P><STRONG><a name="[47]"></a>rom_llp_update_tx_pdu</STRONG> (Thumb, 0 bytes, Stack size 0 bytes, ht32f675x5_rom_lib_cp_r2.lib(ABSOLUTE), UNUSED)
<BR>[Address Reference Count : 1]<UL><LI> ble_interface_init.o(.text.ble_interface_init)
</UL>
<P><STRONG><a name="[b5]"></a>rom_llc_acl_data_mem_init</STRONG> (Thumb, 0 bytes, Stack size 0 bytes, ht32f675x5_rom_lib_cp_r2.lib(ABSOLUTE))
<BR><BR>[Called By]<UL><LI><a href="#[ab]">&gt;&gt;</a>&nbsp;&nbsp;&nbsp;ble_controller_init (via Veneer)
</UL>

<P><STRONG><a name="[b3]"></a>rom_llc_adv_channel_pdu_mem_init</STRONG> (Thumb, 0 bytes, Stack size 0 bytes, ht32f675x5_rom_lib_cp_r2.lib(ABSOLUTE))
<BR><BR>[Called By]<UL><LI><a href="#[ab]">&gt;&gt;</a>&nbsp;&nbsp;&nbsp;ble_controller_init (via Veneer)
</UL>

<P><STRONG><a name="[187]"></a>rom_llc_channel_map_update_procedure_peer_initiated_init</STRONG> (Thumb, 0 bytes, Stack size 0 bytes, ht32f675x5_rom_lib_cp_r2.lib(ABSOLUTE))
<BR><BR>[Called By]<UL><LI><a href="#[5b]">&gt;&gt;</a>&nbsp;&nbsp;&nbsp;patch_on_prefix_llc_ctrl_procedure_check_and_init_peer_initiated_procedure_by_first_pdu (via Veneer)
</UL>

<P><STRONG><a name="[af]"></a>rom_llc_connection_role_mem_init</STRONG> (Thumb, 0 bytes, Stack size 0 bytes, ht32f675x5_rom_lib_cp_r2.lib(ABSOLUTE))
<BR><BR>[Called By]<UL><LI><a href="#[ab]">&gt;&gt;</a>&nbsp;&nbsp;&nbsp;ble_controller_init (via Veneer)
</UL>

<P><STRONG><a name="[186]"></a>rom_llc_connection_update_procedure_peer_initiated_init</STRONG> (Thumb, 0 bytes, Stack size 0 bytes, ht32f675x5_rom_lib_cp_r2.lib(ABSOLUTE))
<BR><BR>[Called By]<UL><LI><a href="#[5b]">&gt;&gt;</a>&nbsp;&nbsp;&nbsp;patch_on_prefix_llc_ctrl_procedure_check_and_init_peer_initiated_procedure_by_first_pdu (via Veneer)
</UL>

<P><STRONG><a name="[153]"></a>rom_llc_ctrl_procedure_rsp_unknown</STRONG> (Thumb, 0 bytes, Stack size 0 bytes, ht32f675x5_rom_lib_cp_r2.lib(ABSOLUTE))
<BR><BR>[Called By]<UL><LI><a href="#[5d]">&gt;&gt;</a>&nbsp;&nbsp;&nbsp;patch_llc_feature_exchange_procedure_on_recv_ctrl_pdu (via Veneer)
</UL>

<P><STRONG><a name="[152]"></a>rom_llc_ctrl_procedure_send_ctrl_pdu</STRONG> (Thumb, 0 bytes, Stack size 0 bytes, ht32f675x5_rom_lib_cp_r2.lib(ABSOLUTE))
<BR><BR>[Called By]<UL><LI><a href="#[5d]">&gt;&gt;</a>&nbsp;&nbsp;&nbsp;patch_llc_feature_exchange_procedure_on_recv_ctrl_pdu (via Veneer)
</UL>

<P><STRONG><a name="[b4]"></a>rom_llc_data_channel_pdu_mem_init</STRONG> (Thumb, 0 bytes, Stack size 0 bytes, ht32f675x5_rom_lib_cp_r2.lib(ABSOLUTE))
<BR><BR>[Called By]<UL><LI><a href="#[ab]">&gt;&gt;</a>&nbsp;&nbsp;&nbsp;ble_controller_init (via Veneer)
</UL>

<P><STRONG><a name="[189]"></a>rom_llc_data_length_update_procedure_peer_initiated_init</STRONG> (Thumb, 0 bytes, Stack size 0 bytes, ht32f675x5_rom_lib_cp_r2.lib(ABSOLUTE))
<BR><BR>[Called By]<UL><LI><a href="#[5b]">&gt;&gt;</a>&nbsp;&nbsp;&nbsp;patch_on_prefix_llc_ctrl_procedure_check_and_init_peer_initiated_procedure_by_first_pdu (via Veneer)
</UL>

<P><STRONG><a name="[185]"></a>rom_llc_encryption_procedure_peer_initiated_init</STRONG> (Thumb, 0 bytes, Stack size 0 bytes, ht32f675x5_rom_lib_cp_r2.lib(ABSOLUTE))
<BR><BR>[Called By]<UL><LI><a href="#[5b]">&gt;&gt;</a>&nbsp;&nbsp;&nbsp;patch_on_prefix_llc_ctrl_procedure_check_and_init_peer_initiated_procedure_by_first_pdu (via Veneer)
</UL>

<P><STRONG><a name="[151]"></a>rom_llc_feature_exchange_procedure_alloc_rsp_pdu</STRONG> (Thumb, 0 bytes, Stack size 0 bytes, ht32f675x5_rom_lib_cp_r2.lib(ABSOLUTE))
<BR><BR>[Called By]<UL><LI><a href="#[5d]">&gt;&gt;</a>&nbsp;&nbsp;&nbsp;patch_llc_feature_exchange_procedure_on_recv_ctrl_pdu (via Veneer)
</UL>

<P><STRONG><a name="[5c]"></a>rom_llc_feature_exchange_procedure_tx_pdu_acked_callback</STRONG> (Thumb, 0 bytes, Stack size 0 bytes, ht32f675x5_rom_lib_cp_r2.lib(ABSOLUTE), UNUSED)
<BR>[Address Reference Count : 1]<UL><LI> patch_llc_feature_exchange_procedure.o(.text.patch_llc_feature_exchange_procedure_on_recv_ctrl_pdu)
</UL>
<P><STRONG><a name="[b6]"></a>rom_llc_hci_command_mem_init</STRONG> (Thumb, 0 bytes, Stack size 0 bytes, ht32f675x5_rom_lib_cp_r2.lib(ABSOLUTE))
<BR><BR>[Called By]<UL><LI><a href="#[ab]">&gt;&gt;</a>&nbsp;&nbsp;&nbsp;ble_controller_init (via Veneer)
</UL>

<P><STRONG><a name="[bd]"></a>rom_llc_init</STRONG> (Thumb, 0 bytes, Stack size 0 bytes, ht32f675x5_rom_lib_cp_r2.lib(ABSOLUTE))
<BR><BR>[Called By]<UL><LI><a href="#[ab]">&gt;&gt;</a>&nbsp;&nbsp;&nbsp;ble_controller_init (via Veneer)
</UL>

<P><STRONG><a name="[ac]"></a>rom_llc_legacy_adv_mem_init</STRONG> (Thumb, 0 bytes, Stack size 0 bytes, ht32f675x5_rom_lib_cp_r2.lib(ABSOLUTE))
<BR><BR>[Called By]<UL><LI><a href="#[ab]">&gt;&gt;</a>&nbsp;&nbsp;&nbsp;ble_controller_init (via Veneer)
</UL>

<P><STRONG><a name="[ae]"></a>rom_llc_legacy_initiator_mem_init</STRONG> (Thumb, 0 bytes, Stack size 0 bytes, ht32f675x5_rom_lib_cp_r2.lib(ABSOLUTE))
<BR><BR>[Called By]<UL><LI><a href="#[ab]">&gt;&gt;</a>&nbsp;&nbsp;&nbsp;ble_controller_init (via Veneer)
</UL>

<P><STRONG><a name="[ad]"></a>rom_llc_legacy_scan_mem_init</STRONG> (Thumb, 0 bytes, Stack size 0 bytes, ht32f675x5_rom_lib_cp_r2.lib(ABSOLUTE))
<BR><BR>[Called By]<UL><LI><a href="#[ab]">&gt;&gt;</a>&nbsp;&nbsp;&nbsp;ble_controller_init (via Veneer)
</UL>

<P><STRONG><a name="[105]"></a>rom_llc_on_llc_task_received_msg</STRONG> (Thumb, 0 bytes, Stack size 0 bytes, ht32f675x5_rom_lib_cp_r2.lib(ABSOLUTE))
<BR><BR>[Called By]<UL><LI><a href="#[2d]">&gt;&gt;</a>&nbsp;&nbsp;&nbsp;llc_task (via Veneer)
</UL>

<P><STRONG><a name="[37]"></a>rom_llc_on_llp_fragment_start</STRONG> (Thumb, 0 bytes, Stack size 0 bytes, ht32f675x5_rom_lib_cp_r2.lib(ABSOLUTE), UNUSED)
<BR>[Address Reference Count : 1]<UL><LI> ble_interface_init.o(.text.ble_interface_init)
</UL>
<P><STRONG><a name="[38]"></a>rom_llc_on_llp_fragment_stop</STRONG> (Thumb, 0 bytes, Stack size 0 bytes, ht32f675x5_rom_lib_cp_r2.lib(ABSOLUTE), UNUSED)
<BR>[Address Reference Count : 1]<UL><LI> ble_interface_init.o(.text.ble_interface_init)
</UL>
<P><STRONG><a name="[3a]"></a>rom_llc_on_llp_rx_end</STRONG> (Thumb, 0 bytes, Stack size 0 bytes, ht32f675x5_rom_lib_cp_r2.lib(ABSOLUTE), UNUSED)
<BR>[Address Reference Count : 1]<UL><LI> ble_interface_init.o(.text.ble_interface_init)
</UL>
<P><STRONG><a name="[39]"></a>rom_llc_on_llp_tx_end</STRONG> (Thumb, 0 bytes, Stack size 0 bytes, ht32f675x5_rom_lib_cp_r2.lib(ABSOLUTE), UNUSED)
<BR>[Address Reference Count : 1]<UL><LI> ble_interface_init.o(.text.ble_interface_init)
</UL>
<P><STRONG><a name="[36]"></a>rom_llc_on_schedule</STRONG> (Thumb, 0 bytes, Stack size 0 bytes, ht32f675x5_rom_lib_cp_r2.lib(ABSOLUTE), UNUSED)
<BR>[Address Reference Count : 1]<UL><LI> ble_interface_init.o(.text.ble_interface_init)
</UL>
<P><STRONG><a name="[18a]"></a>rom_llc_phy_update_procedure_peer_initiated_init</STRONG> (Thumb, 0 bytes, Stack size 0 bytes, ht32f675x5_rom_lib_cp_r2.lib(ABSOLUTE))
<BR><BR>[Called By]<UL><LI><a href="#[5b]">&gt;&gt;</a>&nbsp;&nbsp;&nbsp;patch_on_prefix_llc_ctrl_procedure_check_and_init_peer_initiated_procedure_by_first_pdu (via Veneer)
</UL>

<P><STRONG><a name="[b2]"></a>rom_llc_privacy_init</STRONG> (Thumb, 0 bytes, Stack size 0 bytes, ht32f675x5_rom_lib_cp_r2.lib(ABSOLUTE))
<BR><BR>[Called By]<UL><LI><a href="#[ab]">&gt;&gt;</a>&nbsp;&nbsp;&nbsp;ble_controller_init (via Veneer)
</UL>

<P><STRONG><a name="[b0]"></a>rom_llc_scheduler_mem_init</STRONG> (Thumb, 0 bytes, Stack size 0 bytes, ht32f675x5_rom_lib_cp_r2.lib(ABSOLUTE))
<BR><BR>[Called By]<UL><LI><a href="#[ab]">&gt;&gt;</a>&nbsp;&nbsp;&nbsp;ble_controller_init (via Veneer)
</UL>

<P><STRONG><a name="[f4]"></a>rom_llc_set_get_rssi_callback</STRONG> (Thumb, 0 bytes, Stack size 0 bytes, ht32f675x5_rom_lib_cp_r2.lib(ABSOLUTE))
<BR><BR>[Called By]<UL><LI><a href="#[dc]">&gt;&gt;</a>&nbsp;&nbsp;&nbsp;ble_interface_init (via Veneer)
</UL>

<P><STRONG><a name="[eb]"></a>rom_llc_set_llp_clock_accuracy_callback</STRONG> (Thumb, 0 bytes, Stack size 0 bytes, ht32f675x5_rom_lib_cp_r2.lib(ABSOLUTE))
<BR><BR>[Called By]<UL><LI><a href="#[dc]">&gt;&gt;</a>&nbsp;&nbsp;&nbsp;ble_interface_init (via Veneer)
</UL>

<P><STRONG><a name="[b9]"></a>rom_llc_set_send_msg_to_llc_task_callback</STRONG> (Thumb, 0 bytes, Stack size 0 bytes, ht32f675x5_rom_lib_cp_r2.lib(ABSOLUTE))
<BR><BR>[Called By]<UL><LI><a href="#[ab]">&gt;&gt;</a>&nbsp;&nbsp;&nbsp;ble_controller_init (via Veneer)
</UL>

<P><STRONG><a name="[ec]"></a>rom_llc_set_start_adv_fragment_callback</STRONG> (Thumb, 0 bytes, Stack size 0 bytes, ht32f675x5_rom_lib_cp_r2.lib(ABSOLUTE))
<BR><BR>[Called By]<UL><LI><a href="#[dd]">&gt;&gt;</a>&nbsp;&nbsp;&nbsp;patch_ble_init (via Veneer)
<LI><a href="#[dc]">&gt;&gt;</a>&nbsp;&nbsp;&nbsp;ble_interface_init (via Veneer)
</UL>

<P><STRONG><a name="[ee]"></a>rom_llc_set_start_init_fragment_callback</STRONG> (Thumb, 0 bytes, Stack size 0 bytes, ht32f675x5_rom_lib_cp_r2.lib(ABSOLUTE))
<BR><BR>[Called By]<UL><LI><a href="#[dd]">&gt;&gt;</a>&nbsp;&nbsp;&nbsp;patch_ble_init (via Veneer)
<LI><a href="#[dc]">&gt;&gt;</a>&nbsp;&nbsp;&nbsp;ble_interface_init (via Veneer)
</UL>

<P><STRONG><a name="[f0]"></a>rom_llc_set_start_master_fragment_callback</STRONG> (Thumb, 0 bytes, Stack size 0 bytes, ht32f675x5_rom_lib_cp_r2.lib(ABSOLUTE))
<BR><BR>[Called By]<UL><LI><a href="#[dd]">&gt;&gt;</a>&nbsp;&nbsp;&nbsp;patch_ble_init (via Veneer)
<LI><a href="#[dc]">&gt;&gt;</a>&nbsp;&nbsp;&nbsp;ble_interface_init (via Veneer)
</UL>

<P><STRONG><a name="[ed]"></a>rom_llc_set_start_scan_fragment_callback</STRONG> (Thumb, 0 bytes, Stack size 0 bytes, ht32f675x5_rom_lib_cp_r2.lib(ABSOLUTE))
<BR><BR>[Called By]<UL><LI><a href="#[dd]">&gt;&gt;</a>&nbsp;&nbsp;&nbsp;patch_ble_init (via Veneer)
<LI><a href="#[dc]">&gt;&gt;</a>&nbsp;&nbsp;&nbsp;ble_interface_init (via Veneer)
</UL>

<P><STRONG><a name="[ef]"></a>rom_llc_set_start_slave_fragment_callback</STRONG> (Thumb, 0 bytes, Stack size 0 bytes, ht32f675x5_rom_lib_cp_r2.lib(ABSOLUTE))
<BR><BR>[Called By]<UL><LI><a href="#[dd]">&gt;&gt;</a>&nbsp;&nbsp;&nbsp;patch_ble_init (via Veneer)
<LI><a href="#[dc]">&gt;&gt;</a>&nbsp;&nbsp;&nbsp;ble_interface_init (via Veneer)
</UL>

<P><STRONG><a name="[f1]"></a>rom_llc_set_stop_fragment_callback</STRONG> (Thumb, 0 bytes, Stack size 0 bytes, ht32f675x5_rom_lib_cp_r2.lib(ABSOLUTE))
<BR><BR>[Called By]<UL><LI><a href="#[dc]">&gt;&gt;</a>&nbsp;&nbsp;&nbsp;ble_interface_init (via Veneer)
</UL>

<P><STRONG><a name="[e9]"></a>rom_llc_set_timer_enable_callback</STRONG> (Thumb, 0 bytes, Stack size 0 bytes, ht32f675x5_rom_lib_cp_r2.lib(ABSOLUTE))
<BR><BR>[Called By]<UL><LI><a href="#[dc]">&gt;&gt;</a>&nbsp;&nbsp;&nbsp;ble_interface_init (via Veneer)
</UL>

<P><STRONG><a name="[ea]"></a>rom_llc_set_timer_get_count_callback</STRONG> (Thumb, 0 bytes, Stack size 0 bytes, ht32f675x5_rom_lib_cp_r2.lib(ABSOLUTE))
<BR><BR>[Called By]<UL><LI><a href="#[dc]">&gt;&gt;</a>&nbsp;&nbsp;&nbsp;ble_interface_init (via Veneer)
</UL>

<P><STRONG><a name="[e8]"></a>rom_llc_set_trig_schedule_report_callback</STRONG> (Thumb, 0 bytes, Stack size 0 bytes, ht32f675x5_rom_lib_cp_r2.lib(ABSOLUTE))
<BR><BR>[Called By]<UL><LI><a href="#[dc]">&gt;&gt;</a>&nbsp;&nbsp;&nbsp;ble_interface_init (via Veneer)
</UL>

<P><STRONG><a name="[f3]"></a>rom_llc_set_update_rx_pdu_callback</STRONG> (Thumb, 0 bytes, Stack size 0 bytes, ht32f675x5_rom_lib_cp_r2.lib(ABSOLUTE))
<BR><BR>[Called By]<UL><LI><a href="#[dc]">&gt;&gt;</a>&nbsp;&nbsp;&nbsp;ble_interface_init (via Veneer)
</UL>

<P><STRONG><a name="[f2]"></a>rom_llc_set_update_tx_pdu_callback</STRONG> (Thumb, 0 bytes, Stack size 0 bytes, ht32f675x5_rom_lib_cp_r2.lib(ABSOLUTE))
<BR><BR>[Called By]<UL><LI><a href="#[dc]">&gt;&gt;</a>&nbsp;&nbsp;&nbsp;ble_interface_init (via Veneer)
</UL>

<P><STRONG><a name="[157]"></a>rom_llc_timer_get_count</STRONG> (Thumb, 0 bytes, Stack size 0 bytes, ht32f675x5_rom_lib_cp_r2.lib(ABSOLUTE))
<BR><BR>[Called By]<UL><LI><a href="#[155]">&gt;&gt;</a>&nbsp;&nbsp;&nbsp;patch_llc_feature_exchange_procedure_peer_initiated_init (via Veneer)
</UL>

<P><STRONG><a name="[14f]"></a>rom_llc_tool_read_little_endian_uint64</STRONG> (Thumb, 0 bytes, Stack size 0 bytes, ht32f675x5_rom_lib_cp_r2.lib(ABSOLUTE))
<BR><BR>[Called By]<UL><LI><a href="#[5d]">&gt;&gt;</a>&nbsp;&nbsp;&nbsp;patch_llc_feature_exchange_procedure_on_recv_ctrl_pdu (via Veneer)
</UL>

<P><STRONG><a name="[188]"></a>rom_llc_version_exchange_procedure_peer_initiated_init</STRONG> (Thumb, 0 bytes, Stack size 0 bytes, ht32f675x5_rom_lib_cp_r2.lib(ABSOLUTE))
<BR><BR>[Called By]<UL><LI><a href="#[5b]">&gt;&gt;</a>&nbsp;&nbsp;&nbsp;patch_on_prefix_llc_ctrl_procedure_check_and_init_peer_initiated_procedure_by_first_pdu (via Veneer)
</UL>

<P><STRONG><a name="[b1]"></a>rom_llc_white_list_init</STRONG> (Thumb, 0 bytes, Stack size 0 bytes, ht32f675x5_rom_lib_cp_r2.lib(ABSOLUTE))
<BR><BR>[Called By]<UL><LI><a href="#[ab]">&gt;&gt;</a>&nbsp;&nbsp;&nbsp;ble_controller_init (via Veneer)
</UL>

<P><STRONG><a name="[a7]"></a>mlog_0</STRONG> (Thumb, 0 bytes, Stack size 0 bytes, ht32f675x5_rom_lib_cp_r2.lib(ABSOLUTE))
<BR><BR>[Called By]<UL><LI><a href="#[bf]">&gt;&gt;</a>&nbsp;&nbsp;&nbsp;patch_gatts_api_add_char (via Veneer)
<LI><a href="#[be]">&gt;&gt;</a>&nbsp;&nbsp;&nbsp;patch_gatts_api_add_service_start (via Veneer)
<LI><a href="#[120]">&gt;&gt;</a>&nbsp;&nbsp;&nbsp;patch_handle_write_request (via Veneer)
<LI><a href="#[119]">&gt;&gt;</a>&nbsp;&nbsp;&nbsp;patch_handle_read_request (via Veneer)
<LI><a href="#[117]">&gt;&gt;</a>&nbsp;&nbsp;&nbsp;patch_handle_read_by_type_request (via Veneer)
<LI><a href="#[11b]">&gt;&gt;</a>&nbsp;&nbsp;&nbsp;patch_handle_read_blob_request (via Veneer)
<LI><a href="#[122]">&gt;&gt;</a>&nbsp;&nbsp;&nbsp;patch_handle_prepare_write_request (via Veneer)
<LI><a href="#[124]">&gt;&gt;</a>&nbsp;&nbsp;&nbsp;patch_handle_execute_write_request (via Veneer)
<LI><a href="#[53]">&gt;&gt;</a>&nbsp;&nbsp;&nbsp;patch_att_packet_handler (via Veneer)
<LI><a href="#[cd]">&gt;&gt;</a>&nbsp;&nbsp;&nbsp;patch_gatts_api_init (via Veneer)
<LI><a href="#[31]">&gt;&gt;</a>&nbsp;&nbsp;&nbsp;send_msg_to_bleStackTask (via Veneer)
<LI><a href="#[30]">&gt;&gt;</a>&nbsp;&nbsp;&nbsp;bleStack_task (via Veneer)
<LI><a href="#[cc]">&gt;&gt;</a>&nbsp;&nbsp;&nbsp;ble_host_init (via Veneer)
</UL>

<P><STRONG><a name="[a3]"></a>mlog_16</STRONG> (Thumb, 0 bytes, Stack size 0 bytes, ht32f675x5_rom_lib_cp_r2.lib(ABSOLUTE))
<BR><BR>[Called By]<UL><LI><a href="#[c0]">&gt;&gt;</a>&nbsp;&nbsp;&nbsp;patch_gatts_api_add_service_end (via Veneer)
<LI><a href="#[bf]">&gt;&gt;</a>&nbsp;&nbsp;&nbsp;patch_gatts_api_add_char (via Veneer)
<LI><a href="#[be]">&gt;&gt;</a>&nbsp;&nbsp;&nbsp;patch_gatts_api_add_service_start (via Veneer)
<LI><a href="#[117]">&gt;&gt;</a>&nbsp;&nbsp;&nbsp;patch_handle_read_by_type_request (via Veneer)
<LI><a href="#[53]">&gt;&gt;</a>&nbsp;&nbsp;&nbsp;patch_att_packet_handler (via Veneer)
<LI><a href="#[2f]">&gt;&gt;</a>&nbsp;&nbsp;&nbsp;ble_event_handler (via Veneer)
<LI><a href="#[cd]">&gt;&gt;</a>&nbsp;&nbsp;&nbsp;patch_gatts_api_init (via Veneer)
<LI><a href="#[31]">&gt;&gt;</a>&nbsp;&nbsp;&nbsp;send_msg_to_bleStackTask (via Veneer)
<LI><a href="#[30]">&gt;&gt;</a>&nbsp;&nbsp;&nbsp;bleStack_task (via Veneer)
<LI><a href="#[155]">&gt;&gt;</a>&nbsp;&nbsp;&nbsp;patch_llc_feature_exchange_procedure_peer_initiated_init (via Veneer)
<LI><a href="#[5d]">&gt;&gt;</a>&nbsp;&nbsp;&nbsp;patch_llc_feature_exchange_procedure_on_recv_ctrl_pdu (via Veneer)
</UL>

<P><STRONG><a name="[c9]"></a>mlog_1616</STRONG> (Thumb, 0 bytes, Stack size 0 bytes, ht32f675x5_rom_lib_cp_r2.lib(ABSOLUTE))
<BR><BR>[Called By]<UL><LI><a href="#[c0]">&gt;&gt;</a>&nbsp;&nbsp;&nbsp;patch_gatts_api_add_service_end (via Veneer)
<LI><a href="#[bf]">&gt;&gt;</a>&nbsp;&nbsp;&nbsp;patch_gatts_api_add_char (via Veneer)
<LI><a href="#[be]">&gt;&gt;</a>&nbsp;&nbsp;&nbsp;patch_gatts_api_add_service_start (via Veneer)
<LI><a href="#[117]">&gt;&gt;</a>&nbsp;&nbsp;&nbsp;patch_handle_read_by_type_request (via Veneer)
<LI><a href="#[2f]">&gt;&gt;</a>&nbsp;&nbsp;&nbsp;ble_event_handler (via Veneer)
<LI><a href="#[10b]">&gt;&gt;</a>&nbsp;&nbsp;&nbsp;patch_att_copy_value (via Veneer)
</UL>

<P><STRONG><a name="[c5]"></a>mlog_161616</STRONG> (Thumb, 0 bytes, Stack size 0 bytes, ht32f675x5_rom_lib_cp_r2.lib(ABSOLUTE))
<BR><BR>[Called By]<UL><LI><a href="#[2f]">&gt;&gt;</a>&nbsp;&nbsp;&nbsp;ble_event_handler (via Veneer)
</UL>

<P><STRONG><a name="[c4]"></a>mlog_1688</STRONG> (Thumb, 0 bytes, Stack size 0 bytes, ht32f675x5_rom_lib_cp_r2.lib(ABSOLUTE))
<BR><BR>[Called By]<UL><LI><a href="#[2f]">&gt;&gt;</a>&nbsp;&nbsp;&nbsp;ble_event_handler (via Veneer)
</UL>

<P><STRONG><a name="[154]"></a>mlog_32</STRONG> (Thumb, 0 bytes, Stack size 0 bytes, ht32f675x5_rom_lib_cp_r2.lib(ABSOLUTE))
<BR><BR>[Called By]<UL><LI><a href="#[5d]">&gt;&gt;</a>&nbsp;&nbsp;&nbsp;patch_llc_feature_exchange_procedure_on_recv_ctrl_pdu (via Veneer)
</UL>

<P><STRONG><a name="[c3]"></a>mlog_3216</STRONG> (Thumb, 0 bytes, Stack size 0 bytes, ht32f675x5_rom_lib_cp_r2.lib(ABSOLUTE))
<BR><BR>[Called By]<UL><LI><a href="#[2f]">&gt;&gt;</a>&nbsp;&nbsp;&nbsp;ble_event_handler (via Veneer)
</UL>

<P><STRONG><a name="[c6]"></a>mlog_88</STRONG> (Thumb, 0 bytes, Stack size 0 bytes, ht32f675x5_rom_lib_cp_r2.lib(ABSOLUTE))
<BR><BR>[Called By]<UL><LI><a href="#[53]">&gt;&gt;</a>&nbsp;&nbsp;&nbsp;patch_att_packet_handler (via Veneer)
<LI><a href="#[2f]">&gt;&gt;</a>&nbsp;&nbsp;&nbsp;ble_event_handler (via Veneer)
</UL>

<P><STRONG><a name="[c8]"></a>mlog_x</STRONG> (Thumb, 0 bytes, Stack size 0 bytes, ht32f675x5_rom_lib_cp_r2.lib(ABSOLUTE))
<BR><BR>[Called By]<UL><LI><a href="#[bf]">&gt;&gt;</a>&nbsp;&nbsp;&nbsp;patch_gatts_api_add_char (via Veneer)
<LI><a href="#[be]">&gt;&gt;</a>&nbsp;&nbsp;&nbsp;patch_gatts_api_add_service_start (via Veneer)
<LI><a href="#[2f]">&gt;&gt;</a>&nbsp;&nbsp;&nbsp;ble_event_handler (via Veneer)
</UL>

<P><STRONG><a name="[80]"></a>rom_delay_us</STRONG> (Thumb, 0 bytes, Stack size 0 bytes, ht32f675x5_rom_lib_cp_r2.lib(ABSOLUTE))
<BR><BR>[Called By]<UL><LI><a href="#[25]">&gt;&gt;</a>&nbsp;&nbsp;&nbsp;STIM1_IRQ3_Handler (via Veneer)
<LI><a href="#[51]">&gt;&gt;</a>&nbsp;&nbsp;&nbsp;idle_task_sys_idle_process (via Veneer)
<LI><a href="#[66]">&gt;&gt;</a>&nbsp;&nbsp;&nbsp;patch_llp_hook_prefix_sleep_wakeup (via Veneer)
</UL>

<P><STRONG><a name="[c2]"></a>rom_little_endian_read_32</STRONG> (Thumb, 0 bytes, Stack size 0 bytes, ht32f675x5_rom_lib_cp_r2.lib(ABSOLUTE))
<BR><BR>[Called By]<UL><LI><a href="#[2f]">&gt;&gt;</a>&nbsp;&nbsp;&nbsp;ble_event_handler (via Veneer)
</UL>

<P><STRONG><a name="[90]"></a>rom_rand_init</STRONG> (Thumb, 0 bytes, Stack size 0 bytes, ht32f675x5_rom_lib_cp_r2.lib(ABSOLUTE))
<BR><BR>[Called By]<UL><LI><a href="#[52]">&gt;&gt;</a>&nbsp;&nbsp;&nbsp;app_main (via Veneer)
</UL>

<P><STRONG><a name="[110]"></a>ble_callback_send_event</STRONG> (Thumb, 0 bytes, Stack size 0 bytes, ht32f675x5_rom_lib_cp_r2.lib(ABSOLUTE))
<BR><BR>[Called By]<UL><LI><a href="#[53]">&gt;&gt;</a>&nbsp;&nbsp;&nbsp;patch_att_packet_handler (via Veneer)
</UL>

<P><STRONG><a name="[ca]"></a>ble_callback_set_host_stack_send_event_callback</STRONG> (Thumb, 0 bytes, Stack size 0 bytes, ht32f675x5_rom_lib_cp_r2.lib(ABSOLUTE))
<BR><BR>[Called By]<UL><LI><a href="#[94]">&gt;&gt;</a>&nbsp;&nbsp;&nbsp;ble_event_init (via Veneer)
</UL>

<P><STRONG><a name="[d0]"></a>ble_callback_set_send_msg_to_stack_task_callback</STRONG> (Thumb, 0 bytes, Stack size 0 bytes, ht32f675x5_rom_lib_cp_r2.lib(ABSOLUTE))
<BR><BR>[Called By]<UL><LI><a href="#[cc]">&gt;&gt;</a>&nbsp;&nbsp;&nbsp;ble_host_init (via Veneer)
</UL>

<P><STRONG><a name="[d9]"></a>ble_callback_set_send_timer_delete_callback</STRONG> (Thumb, 0 bytes, Stack size 0 bytes, ht32f675x5_rom_lib_cp_r2.lib(ABSOLUTE))
<BR><BR>[Called By]<UL><LI><a href="#[cc]">&gt;&gt;</a>&nbsp;&nbsp;&nbsp;ble_host_init (via Veneer)
</UL>

<P><STRONG><a name="[d8]"></a>ble_callback_set_send_timer_stop_callback</STRONG> (Thumb, 0 bytes, Stack size 0 bytes, ht32f675x5_rom_lib_cp_r2.lib(ABSOLUTE))
<BR><BR>[Called By]<UL><LI><a href="#[cc]">&gt;&gt;</a>&nbsp;&nbsp;&nbsp;ble_host_init (via Veneer)
</UL>

<P><STRONG><a name="[d6]"></a>ble_callback_set_timer_create_callback</STRONG> (Thumb, 0 bytes, Stack size 0 bytes, ht32f675x5_rom_lib_cp_r2.lib(ABSOLUTE))
<BR><BR>[Called By]<UL><LI><a href="#[cc]">&gt;&gt;</a>&nbsp;&nbsp;&nbsp;ble_host_init (via Veneer)
</UL>

<P><STRONG><a name="[d7]"></a>ble_callback_set_timer_start_callback</STRONG> (Thumb, 0 bytes, Stack size 0 bytes, ht32f675x5_rom_lib_cp_r2.lib(ABSOLUTE))
<BR><BR>[Called By]<UL><LI><a href="#[cc]">&gt;&gt;</a>&nbsp;&nbsp;&nbsp;ble_host_init (via Veneer)
</UL>

<P><STRONG><a name="[136]"></a>rom_att_db_util_add_characteristic_uuid128</STRONG> (Thumb, 0 bytes, Stack size 0 bytes, ht32f675x5_rom_lib_cp_r2.lib(ABSOLUTE))
<BR><BR>[Called By]<UL><LI><a href="#[bf]">&gt;&gt;</a>&nbsp;&nbsp;&nbsp;patch_gatts_api_add_char (via Veneer)
</UL>

<P><STRONG><a name="[137]"></a>rom_att_db_util_add_characteristic_uuid16</STRONG> (Thumb, 0 bytes, Stack size 0 bytes, ht32f675x5_rom_lib_cp_r2.lib(ABSOLUTE))
<BR><BR>[Called By]<UL><LI><a href="#[bf]">&gt;&gt;</a>&nbsp;&nbsp;&nbsp;patch_gatts_api_add_char (via Veneer)
</UL>

<P><STRONG><a name="[13a]"></a>rom_att_db_util_add_service_uuid128</STRONG> (Thumb, 0 bytes, Stack size 0 bytes, ht32f675x5_rom_lib_cp_r2.lib(ABSOLUTE))
<BR><BR>[Called By]<UL><LI><a href="#[be]">&gt;&gt;</a>&nbsp;&nbsp;&nbsp;patch_gatts_api_add_service_start (via Veneer)
</UL>

<P><STRONG><a name="[13b]"></a>rom_att_db_util_add_service_uuid16</STRONG> (Thumb, 0 bytes, Stack size 0 bytes, ht32f675x5_rom_lib_cp_r2.lib(ABSOLUTE))
<BR><BR>[Called By]<UL><LI><a href="#[be]">&gt;&gt;</a>&nbsp;&nbsp;&nbsp;patch_gatts_api_add_service_start (via Veneer)
</UL>

<P><STRONG><a name="[138]"></a>rom_att_db_util_get_last_handle</STRONG> (Thumb, 0 bytes, Stack size 0 bytes, ht32f675x5_rom_lib_cp_r2.lib(ABSOLUTE))
<BR><BR>[Called By]<UL><LI><a href="#[c0]">&gt;&gt;</a>&nbsp;&nbsp;&nbsp;patch_gatts_api_add_service_end (via Veneer)
</UL>

<P><STRONG><a name="[139]"></a>rom_att_db_util_get_size</STRONG> (Thumb, 0 bytes, Stack size 0 bytes, ht32f675x5_rom_lib_cp_r2.lib(ABSOLUTE))
<BR><BR>[Called By]<UL><LI><a href="#[c0]">&gt;&gt;</a>&nbsp;&nbsp;&nbsp;patch_gatts_api_add_service_end (via Veneer)
</UL>

<P><STRONG><a name="[13c]"></a>rom_att_db_util_init</STRONG> (Thumb, 0 bytes, Stack size 0 bytes, ht32f675x5_rom_lib_cp_r2.lib(ABSOLUTE))
<BR><BR>[Called By]<UL><LI><a href="#[cd]">&gt;&gt;</a>&nbsp;&nbsp;&nbsp;patch_gatts_api_init (via Veneer)
</UL>

<P><STRONG><a name="[141]"></a>rom_att_find_handle</STRONG> (Thumb, 0 bytes, Stack size 0 bytes, ht32f675x5_rom_lib_cp_r2.lib(ABSOLUTE))
<BR><BR>[Called By]<UL><LI><a href="#[120]">&gt;&gt;</a>&nbsp;&nbsp;&nbsp;patch_handle_write_request (via Veneer)
<LI><a href="#[129]">&gt;&gt;</a>&nbsp;&nbsp;&nbsp;patch_handle_write_command (via Veneer)
<LI><a href="#[119]">&gt;&gt;</a>&nbsp;&nbsp;&nbsp;patch_handle_read_request (via Veneer)
<LI><a href="#[11b]">&gt;&gt;</a>&nbsp;&nbsp;&nbsp;patch_handle_read_blob_request (via Veneer)
<LI><a href="#[122]">&gt;&gt;</a>&nbsp;&nbsp;&nbsp;patch_handle_prepare_write_request (via Veneer)
</UL>

<P><STRONG><a name="[149]"></a>rom_att_iterator_fetch_next</STRONG> (Thumb, 0 bytes, Stack size 0 bytes, ht32f675x5_rom_lib_cp_r2.lib(ABSOLUTE))
<BR><BR>[Called By]<UL><LI><a href="#[117]">&gt;&gt;</a>&nbsp;&nbsp;&nbsp;patch_handle_read_by_type_request (via Veneer)
</UL>

<P><STRONG><a name="[148]"></a>rom_att_iterator_has_next</STRONG> (Thumb, 0 bytes, Stack size 0 bytes, ht32f675x5_rom_lib_cp_r2.lib(ABSOLUTE))
<BR><BR>[Called By]<UL><LI><a href="#[117]">&gt;&gt;</a>&nbsp;&nbsp;&nbsp;patch_handle_read_by_type_request (via Veneer)
</UL>

<P><STRONG><a name="[147]"></a>rom_att_iterator_init</STRONG> (Thumb, 0 bytes, Stack size 0 bytes, ht32f675x5_rom_lib_cp_r2.lib(ABSOLUTE))
<BR><BR>[Called By]<UL><LI><a href="#[117]">&gt;&gt;</a>&nbsp;&nbsp;&nbsp;patch_handle_read_by_type_request (via Veneer)
</UL>

<P><STRONG><a name="[14a]"></a>rom_att_iterator_match_uuid</STRONG> (Thumb, 0 bytes, Stack size 0 bytes, ht32f675x5_rom_lib_cp_r2.lib(ABSOLUTE))
<BR><BR>[Called By]<UL><LI><a href="#[117]">&gt;&gt;</a>&nbsp;&nbsp;&nbsp;patch_handle_read_by_type_request (via Veneer)
</UL>

<P><STRONG><a name="[140]"></a>rom_att_tx_buffer_commit</STRONG> (Thumb, 0 bytes, Stack size 0 bytes, ht32f675x5_rom_lib_cp_r2.lib(ABSOLUTE))
<BR><BR>[Called By]<UL><LI><a href="#[120]">&gt;&gt;</a>&nbsp;&nbsp;&nbsp;patch_handle_write_request (via Veneer)
<LI><a href="#[119]">&gt;&gt;</a>&nbsp;&nbsp;&nbsp;patch_handle_read_request (via Veneer)
<LI><a href="#[117]">&gt;&gt;</a>&nbsp;&nbsp;&nbsp;patch_handle_read_by_type_request (via Veneer)
<LI><a href="#[11b]">&gt;&gt;</a>&nbsp;&nbsp;&nbsp;patch_handle_read_blob_request (via Veneer)
<LI><a href="#[122]">&gt;&gt;</a>&nbsp;&nbsp;&nbsp;patch_handle_prepare_write_request (via Veneer)
<LI><a href="#[124]">&gt;&gt;</a>&nbsp;&nbsp;&nbsp;patch_handle_execute_write_request (via Veneer)
</UL>

<P><STRONG><a name="[144]"></a>rom_att_validate_security</STRONG> (Thumb, 0 bytes, Stack size 0 bytes, ht32f675x5_rom_lib_cp_r2.lib(ABSOLUTE))
<BR><BR>[Called By]<UL><LI><a href="#[120]">&gt;&gt;</a>&nbsp;&nbsp;&nbsp;patch_handle_write_request (via Veneer)
<LI><a href="#[129]">&gt;&gt;</a>&nbsp;&nbsp;&nbsp;patch_handle_write_command (via Veneer)
<LI><a href="#[119]">&gt;&gt;</a>&nbsp;&nbsp;&nbsp;patch_handle_read_request (via Veneer)
<LI><a href="#[117]">&gt;&gt;</a>&nbsp;&nbsp;&nbsp;patch_handle_read_by_type_request (via Veneer)
<LI><a href="#[11b]">&gt;&gt;</a>&nbsp;&nbsp;&nbsp;patch_handle_read_blob_request (via Veneer)
<LI><a href="#[122]">&gt;&gt;</a>&nbsp;&nbsp;&nbsp;patch_handle_prepare_write_request (via Veneer)
</UL>

<P><STRONG><a name="[d1]"></a>rom_ble_host_stack_mem_init</STRONG> (Thumb, 0 bytes, Stack size 0 bytes, ht32f675x5_rom_lib_cp_r2.lib(ABSOLUTE))
<BR><BR>[Called By]<UL><LI><a href="#[cc]">&gt;&gt;</a>&nbsp;&nbsp;&nbsp;ble_host_init (via Veneer)
</UL>

<P><STRONG><a name="[d4]"></a>rom_ble_host_stack_timer_init</STRONG> (Thumb, 0 bytes, Stack size 0 bytes, ht32f675x5_rom_lib_cp_r2.lib(ABSOLUTE))
<BR><BR>[Called By]<UL><LI><a href="#[cc]">&gt;&gt;</a>&nbsp;&nbsp;&nbsp;ble_host_init (via Veneer)
</UL>

<P><STRONG><a name="[100]"></a>rom_gap_api_set_advertising_data</STRONG> (Thumb, 0 bytes, Stack size 0 bytes, ht32f675x5_rom_lib_cp_r2.lib(ABSOLUTE))
<BR><BR>[Called By]<UL><LI><a href="#[95]">&gt;&gt;</a>&nbsp;&nbsp;&nbsp;ble_peripheral_init (via Veneer)
</UL>

<P><STRONG><a name="[c7]"></a>rom_gap_api_set_advertising_enable</STRONG> (Thumb, 0 bytes, Stack size 0 bytes, ht32f675x5_rom_lib_cp_r2.lib(ABSOLUTE))
<BR><BR>[Called By]<UL><LI><a href="#[2f]">&gt;&gt;</a>&nbsp;&nbsp;&nbsp;ble_event_handler (via Veneer)
<LI><a href="#[95]">&gt;&gt;</a>&nbsp;&nbsp;&nbsp;ble_peripheral_init (via Veneer)
</UL>

<P><STRONG><a name="[ff]"></a>rom_gap_api_set_advertising_parameters</STRONG> (Thumb, 0 bytes, Stack size 0 bytes, ht32f675x5_rom_lib_cp_r2.lib(ABSOLUTE))
<BR><BR>[Called By]<UL><LI><a href="#[95]">&gt;&gt;</a>&nbsp;&nbsp;&nbsp;ble_peripheral_init (via Veneer)
</UL>

<P><STRONG><a name="[fe]"></a>rom_gap_api_set_public_device_address</STRONG> (Thumb, 0 bytes, Stack size 0 bytes, ht32f675x5_rom_lib_cp_r2.lib(ABSOLUTE))
<BR><BR>[Called By]<UL><LI><a href="#[95]">&gt;&gt;</a>&nbsp;&nbsp;&nbsp;ble_peripheral_init (via Veneer)
</UL>

<P><STRONG><a name="[101]"></a>rom_gap_api_set_scan_response_data</STRONG> (Thumb, 0 bytes, Stack size 0 bytes, ht32f675x5_rom_lib_cp_r2.lib(ABSOLUTE))
<BR><BR>[Called By]<UL><LI><a href="#[95]">&gt;&gt;</a>&nbsp;&nbsp;&nbsp;ble_peripheral_init (via Veneer)
</UL>

<P><STRONG><a name="[102]"></a>rom_gap_api_sm_bond_info_save_by_app_config_only_for_legacy_pair</STRONG> (Thumb, 0 bytes, Stack size 0 bytes, ht32f675x5_rom_lib_cp_r2.lib(ABSOLUTE))
<BR><BR>[Called By]<UL><LI><a href="#[95]">&gt;&gt;</a>&nbsp;&nbsp;&nbsp;ble_peripheral_init (via Veneer)
</UL>

<P><STRONG><a name="[d5]"></a>rom_gap_api_sm_init</STRONG> (Thumb, 0 bytes, Stack size 0 bytes, ht32f675x5_rom_lib_cp_r2.lib(ABSOLUTE))
<BR><BR>[Called By]<UL><LI><a href="#[cc]">&gt;&gt;</a>&nbsp;&nbsp;&nbsp;ble_host_init (via Veneer)
</UL>

<P><STRONG><a name="[103]"></a>rom_gap_api_update_pair_para</STRONG> (Thumb, 0 bytes, Stack size 0 bytes, ht32f675x5_rom_lib_cp_r2.lib(ABSOLUTE))
<BR><BR>[Called By]<UL><LI><a href="#[95]">&gt;&gt;</a>&nbsp;&nbsp;&nbsp;ble_peripheral_init (via Veneer)
</UL>

<P><STRONG><a name="[10e]"></a>rom_gatt_client_handle_error_response</STRONG> (Thumb, 0 bytes, Stack size 0 bytes, ht32f675x5_rom_lib_cp_r2.lib(ABSOLUTE))
<BR><BR>[Called By]<UL><LI><a href="#[53]">&gt;&gt;</a>&nbsp;&nbsp;&nbsp;patch_att_packet_handler (via Veneer)
</UL>

[...]
<BR><BR>[Stack]<UL><LI>Max Depth = 8<LI>Call Chain = rom_llc_ext_initiator_is_white_list_in_use
</UL>
<BR>[Calls]<UL><LI><a href="#[193]">&gt;&gt;</a>&nbsp;&nbsp;&nbsp;rom_llc_ext_initiator_get_instance
</UL>
<BR>[Called By]<UL><LI><a href="#[63]">&gt;&gt;</a>&nbsp;&nbsp;&nbsp;patch_llc_hook_prefix_white_list_remove_device
<LI><a href="#[65]">&gt;&gt;</a>&nbsp;&nbsp;&nbsp;patch_llc_hook_prefix_white_list_clear
<LI><a href="#[64]">&gt;&gt;</a>&nbsp;&nbsp;&nbsp;patch_llc_hook_prefix_white_list_add_device
</UL>

<P><STRONG><a name="[194]"></a>rom_llc_ext_scan_get_instance</STRONG> (Thumb, 12 bytes, Stack size 0 bytes, llc_ext_scan.o(.text.rom_llc_ext_scan_get_instance))
<BR><BR>[Called By]<UL><LI><a href="#[169]">&gt;&gt;</a>&nbsp;&nbsp;&nbsp;rom_llc_ext_scan_is_white_list_in_use
<LI><a href="#[158]">&gt;&gt;</a>&nbsp;&nbsp;&nbsp;rom_llc_ext_scan_is_enabled
</UL>

<P><STRONG><a name="[158]"></a>rom_llc_ext_scan_is_enabled</STRONG> (Thumb, 26 bytes, Stack size 8 bytes, llc_ext_scan.o(.text.rom_llc_ext_scan_is_enabled))
<BR><BR>[Stack]<UL><LI>Max Depth = 8<LI>Call Chain = rom_llc_ext_scan_is_enabled
</UL>
<BR>[Calls]<UL><LI><a href="#[194]">&gt;&gt;</a>&nbsp;&nbsp;&nbsp;rom_llc_ext_scan_get_instance
</UL>
<BR>[Called By]<UL><LI><a href="#[5a]">&gt;&gt;</a>&nbsp;&nbsp;&nbsp;patch_llc_hook_prefix_address_set_random_address
<LI><a href="#[62]">&gt;&gt;</a>&nbsp;&nbsp;&nbsp;patch_llc_hook_prefix_privacy_is_adv_scan_init_active
</UL>

<P><STRONG><a name="[169]"></a>rom_llc_ext_scan_is_white_list_in_use</STRONG> (Thumb, 42 bytes, Stack size 8 bytes, llc_ext_scan.o(.text.rom_llc_ext_scan_is_white_list_in_use))
<BR><BR>[Stack]<UL><LI>Max Depth = 8<LI>Call Chain = rom_llc_ext_scan_is_white_list_in_use
</UL>
<BR>[Calls]<UL><LI><a href="#[194]">&gt;&gt;</a>&nbsp;&nbsp;&nbsp;rom_llc_ext_scan_get_instance
</UL>
<BR>[Called By]<UL><LI><a href="#[63]">&gt;&gt;</a>&nbsp;&nbsp;&nbsp;patch_llc_hook_prefix_white_list_remove_device
<LI><a href="#[65]">&gt;&gt;</a>&nbsp;&nbsp;&nbsp;patch_llc_hook_prefix_white_list_clear
<LI><a href="#[64]">&gt;&gt;</a>&nbsp;&nbsp;&nbsp;patch_llc_hook_prefix_white_list_add_device
</UL>

<P><STRONG><a name="[15a]"></a>rom_llc_priority_ext_adv_on_event_added</STRONG> (Thumb, 2 bytes, Stack size 0 bytes, llc_priority_ext_adv.o(.text.rom_llc_priority_ext_adv_on_event_added))
<BR><BR>[Called By]<UL><LI><a href="#[61]">&gt;&gt;</a>&nbsp;&nbsp;&nbsp;patch_llc_hook_prefix_priority_on_event_added
</UL>

<P><STRONG><a name="[15d]"></a>rom_llc_priority_ext_adv_on_event_blocked</STRONG> (Thumb, 2 bytes, Stack size 0 bytes, llc_priority_ext_adv.o(.text.rom_llc_priority_ext_adv_on_event_blocked))
<BR><BR>[Called By]<UL><LI><a href="#[5f]">&gt;&gt;</a>&nbsp;&nbsp;&nbsp;patch_llc_hook_prefix_priority_on_event_blocked
</UL>

<P><STRONG><a name="[160]"></a>rom_llc_priority_ext_adv_on_event_config_failed</STRONG> (Thumb, 2 bytes, Stack size 0 bytes, llc_priority_ext_adv.o(.text.rom_llc_priority_ext_adv_on_event_config_failed))
<BR><BR>[Called By]<UL><LI><a href="#[60]">&gt;&gt;</a>&nbsp;&nbsp;&nbsp;patch_llc_hook_prefix_priority_on_event_config_failed
</UL>

<P><STRONG><a name="[164]"></a>rom_llc_priority_ext_adv_on_event_stopped</STRONG> (Thumb, 2 bytes, Stack size 0 bytes, llc_priority_ext_adv.o(.text.rom_llc_priority_ext_adv_on_event_stopped))
<BR><BR>[Called By]<UL><LI><a href="#[5e]">&gt;&gt;</a>&nbsp;&nbsp;&nbsp;patch_llc_hook_prefix_priority_on_event_stopped
</UL>

<P><STRONG><a name="[15b]"></a>rom_llc_priority_ext_initiator_on_event_added</STRONG> (Thumb, 6 bytes, Stack size 0 bytes, llc_priority_ext_initiator.o(.text.rom_llc_priority_ext_initiator_on_event_added))
<BR><BR>[Called By]<UL><LI><a href="#[61]">&gt;&gt;</a>&nbsp;&nbsp;&nbsp;patch_llc_hook_prefix_priority_on_event_added
</UL>

<P><STRONG><a name="[15e]"></a>rom_llc_priority_ext_initiator_on_event_blocked</STRONG> (Thumb, 2 bytes, Stack size 0 bytes, llc_priority_ext_initiator.o(.text.rom_llc_priority_ext_initiator_on_event_blocked))
<BR><BR>[Called By]<UL><LI><a href="#[5f]">&gt;&gt;</a>&nbsp;&nbsp;&nbsp;patch_llc_hook_prefix_priority_on_event_blocked
</UL>

<P><STRONG><a name="[161]"></a>rom_llc_priority_ext_initiator_on_event_config_failed</STRONG> (Thumb, 2 bytes, Stack size 0 bytes, llc_priority_ext_initiator.o(.text.rom_llc_priority_ext_initiator_on_event_config_failed))
<BR><BR>[Called By]<UL><LI><a href="#[60]">&gt;&gt;</a>&nbsp;&nbsp;&nbsp;patch_llc_hook_prefix_priority_on_event_config_failed
</UL>

<P><STRONG><a name="[165]"></a>rom_llc_priority_ext_initiator_on_event_stopped</STRONG> (Thumb, 2 bytes, Stack size 0 bytes, llc_priority_ext_initiator.o(.text.rom_llc_priority_ext_initiator_on_event_stopped))
<BR><BR>[Called By]<UL><LI><a href="#[5e]">&gt;&gt;</a>&nbsp;&nbsp;&nbsp;patch_llc_hook_prefix_priority_on_event_stopped
</UL>

<P><STRONG><a name="[15c]"></a>rom_llc_priority_ext_scan_on_event_added</STRONG> (Thumb, 20 bytes, Stack size 0 bytes, llc_priority_ext_scan.o(.text.rom_llc_priority_ext_scan_on_event_added))
<BR><BR>[Called By]<UL><LI><a href="#[61]">&gt;&gt;</a>&nbsp;&nbsp;&nbsp;patch_llc_hook_prefix_priority_on_event_added
</UL>

<P><STRONG><a name="[15f]"></a>rom_llc_priority_ext_scan_on_event_blocked</STRONG> (Thumb, 62 bytes, Stack size 16 bytes, llc_priority_ext_scan.o(.text.rom_llc_priority_ext_scan_on_event_blocked))
<BR><BR>[Stack]<UL><LI>Max Depth = 16<LI>Call Chain = rom_llc_priority_ext_scan_on_event_blocked
</UL>
<BR>[Calls]<UL><LI><a href="#[195]">&gt;&gt;</a>&nbsp;&nbsp;&nbsp;rom_llc_priority_get_sub_level
</UL>
<BR>[Called By]<UL><LI><a href="#[5f]">&gt;&gt;</a>&nbsp;&nbsp;&nbsp;patch_llc_hook_prefix_priority_on_event_blocked
</UL>

<P><STRONG><a name="[162]"></a>rom_llc_priority_ext_scan_on_event_config_failed</STRONG> (Thumb, 38 bytes, Stack size 16 bytes, llc_priority_ext_scan.o(.text.rom_llc_priority_ext_scan_on_event_config_failed))
<BR><BR>[Stack]<UL><LI>Max Depth = 16<LI>Call Chain = rom_llc_priority_ext_scan_on_event_config_failed
</UL>
<BR>[Calls]<UL><LI><a href="#[195]">&gt;&gt;</a>&nbsp;&nbsp;&nbsp;rom_llc_priority_get_sub_level
</UL>
<BR>[Called By]<UL><LI><a href="#[60]">&gt;&gt;</a>&nbsp;&nbsp;&nbsp;patch_llc_hook_prefix_priority_on_event_config_failed
</UL>

<P><STRONG><a name="[166]"></a>rom_llc_priority_ext_scan_on_event_stopped</STRONG> (Thumb, 38 bytes, Stack size 16 bytes, llc_priority_ext_scan.o(.text.rom_llc_priority_ext_scan_on_event_stopped))
<BR><BR>[Stack]<UL><LI>Max Depth = 16<LI>Call Chain = rom_llc_priority_ext_scan_on_event_stopped
</UL>
<BR>[Calls]<UL><LI><a href="#[196]">&gt;&gt;</a>&nbsp;&nbsp;&nbsp;rom_llc_priority_get_add_level
</UL>
<BR>[Called By]<UL><LI><a href="#[5e]">&gt;&gt;</a>&nbsp;&nbsp;&nbsp;patch_llc_hook_prefix_priority_on_event_stopped
</UL>

<P><STRONG><a name="[196]"></a>rom_llc_priority_get_add_level</STRONG> (Thumb, 12 bytes, Stack size 0 bytes, patch_llc_priority.o(.text.rom_llc_priority_get_add_level))
<BR><BR>[Called By]<UL><LI><a href="#[166]">&gt;&gt;</a>&nbsp;&nbsp;&nbsp;rom_llc_priority_ext_scan_on_event_stopped
</UL>

<P><STRONG><a name="[195]"></a>rom_llc_priority_get_sub_level</STRONG> (Thumb, 12 bytes, Stack size 0 bytes, patch_llc_priority.o(.text.rom_llc_priority_get_sub_level))
<BR><BR>[Called By]<UL><LI><a href="#[162]">&gt;&gt;</a>&nbsp;&nbsp;&nbsp;rom_llc_priority_ext_scan_on_event_config_failed
<LI><a href="#[15f]">&gt;&gt;</a>&nbsp;&nbsp;&nbsp;rom_llc_priority_ext_scan_on_event_blocked
</UL>

<P><STRONG><a name="[4f]"></a>system_error_handler</STRONG> (Thumb, 44 bytes, Stack size 0 bytes, err_debug.o(.text.system_error_handler))
<BR><BR>[Stack]<UL><LI>Max Depth = 32<LI>Call Chain = system_error_handler &rArr; app_debug_reinit
</UL>
<BR>[Calls]<UL><LI><a href="#[76]">&gt;&gt;</a>&nbsp;&nbsp;&nbsp;app_debug_reinit
<LI><a href="#[79]">&gt;&gt;</a>&nbsp;&nbsp;&nbsp;app_debug_printf
<LI><a href="#[78]">&gt;&gt;</a>&nbsp;&nbsp;&nbsp;puts
<LI><a href="#[77]">&gt;&gt;</a>&nbsp;&nbsp;&nbsp;__2printf
</UL>
<BR>[Address Reference Count : 1]<UL><LI> err_debug.o(.text.err_debug_init)
</UL>
<P><STRONG><a name="[19c]"></a>__0printf$8</STRONG> (Thumb, 24 bytes, Stack size 24 bytes, printf8.o(i.__0printf$8), UNUSED)
<BR><BR>[Calls]<UL><LI><a href="#[19d]">&gt;&gt;</a>&nbsp;&nbsp;&nbsp;_printf_core
</UL>

<P><STRONG><a name="[1b0]"></a>__1printf$8</STRONG> (Thumb, 0 bytes, Stack size 24 bytes, printf8.o(i.__0printf$8), UNUSED)

<P><STRONG><a name="[77]"></a>__2printf</STRONG> (Thumb, 0 bytes, Stack size 24 bytes, printf8.o(i.__0printf$8))
<BR><BR>[Stack]<UL><LI>Max Depth = 24<LI>Call Chain = __2printf
</UL>
<BR>[Called By]<UL><LI><a href="#[29]">&gt;&gt;</a>&nbsp;&nbsp;&nbsp;NMI_Handler_Proc
<LI><a href="#[2a]">&gt;&gt;</a>&nbsp;&nbsp;&nbsp;HardFault_Handler_Proc
<LI><a href="#[4f]">&gt;&gt;</a>&nbsp;&nbsp;&nbsp;system_error_handler
<LI><a href="#[50]">&gt;&gt;</a>&nbsp;&nbsp;&nbsp;os_error_handler
<LI><a href="#[52]">&gt;&gt;</a>&nbsp;&nbsp;&nbsp;app_main
<LI><a href="#[2f]">&gt;&gt;</a>&nbsp;&nbsp;&nbsp;ble_event_handler
<LI><a href="#[2e]">&gt;&gt;</a>&nbsp;&nbsp;&nbsp;send_msg_to_llc_task
<LI><a href="#[2d]">&gt;&gt;</a>&nbsp;&nbsp;&nbsp;llc_task
</UL>

<P><STRONG><a name="[78]"></a>puts</STRONG> (Thumb, 28 bytes, Stack size 8 bytes, puts.o(i.puts))
<BR><BR>[Stack]<UL><LI>Max Depth = 24<LI>Call Chain = puts &rArr; fputc
</UL>
<BR>[Calls]<UL><LI><a href="#[68]">&gt;&gt;</a>&nbsp;&nbsp;&nbsp;fputc
</UL>
<BR>[Called By]<UL><LI><a href="#[2a]">&gt;&gt;</a>&nbsp;&nbsp;&nbsp;HardFault_Handler_Proc
<LI><a href="#[97]">&gt;&gt;</a>&nbsp;&nbsp;&nbsp;ble_dis_init
<LI><a href="#[4f]">&gt;&gt;</a>&nbsp;&nbsp;&nbsp;system_error_handler
<LI><a href="#[50]">&gt;&gt;</a>&nbsp;&nbsp;&nbsp;os_error_handler
<LI><a href="#[ab]">&gt;&gt;</a>&nbsp;&nbsp;&nbsp;ble_controller_init
<LI><a href="#[93]">&gt;&gt;</a>&nbsp;&nbsp;&nbsp;ble_init
</UL>
<P>
<H3>
Local Symbols
</H3>
<P><STRONG><a name="[51]"></a>idle_task_sys_idle_process</STRONG> (Thumb, 20 bytes, Stack size 8 bytes, idle_task.o(.text.idle_task_sys_idle_process))
<BR><BR>[Stack]<UL><LI>Max Depth = 32<LI>Call Chain = idle_task_sys_idle_process &rArr; app_debug_printf
</UL>
<BR>[Calls]<UL><LI><a href="#[80]">&gt;&gt;</a>&nbsp;&nbsp;&nbsp;rom_delay_us (via Veneer)
<LI><a href="#[71]">&gt;&gt;</a>&nbsp;&nbsp;&nbsp;lpwr_ctrl_goto_sleep
<LI><a href="#[79]">&gt;&gt;</a>&nbsp;&nbsp;&nbsp;app_debug_printf
</UL>
<BR>[Address Reference Count : 1]<UL><LI> idle_task.o(.text.idle_task_init)
</UL>
<P><STRONG><a name="[82]"></a>timer_config</STRONG> (Thumb, 264 bytes, Stack size 40 bytes, app_timer.o(.text.timer_config))
<BR><BR>[Stack]<UL><LI>Max Depth = 96<LI>Call Chain = timer_config &rArr; __aeabi_uldivmod &rArr; __aeabi_llsr
</UL>
<BR>[Calls]<UL><LI><a href="#[83]">&gt;&gt;</a>&nbsp;&nbsp;&nbsp;rom_hw_stim_get_count (via Veneer)
<LI><a href="#[199]">&gt;&gt;</a>&nbsp;&nbsp;&nbsp;rom_hw_crg_get_lpwr_clk_src (via Veneer)
<LI><a href="#[19a]">&gt;&gt;</a>&nbsp;&nbsp;&nbsp;rom_hw_crg_get_32k_cycles_of_dcxo_hclk (via Veneer)
<LI><a href="#[19b]">&gt;&gt;</a>&nbsp;&nbsp;&nbsp;__aeabi_lmul
<LI><a href="#[73]">&gt;&gt;</a>&nbsp;&nbsp;&nbsp;__aeabi_uldivmod
</UL>
<BR>[Called By]<UL><LI><a href="#[25]">&gt;&gt;</a>&nbsp;&nbsp;&nbsp;STIM1_IRQ3_Handler
</UL>

<P><STRONG><a name="[6b]"></a>ble_gap_get_attr_len_cb</STRONG> (Thumb, 12 bytes, Stack size 0 bytes, ble_gap_service.o(.text.ble_gap_get_attr_len_cb))
<BR>[Address Reference Count : 1]<UL><LI> ble_gap_service.o(.rodata.m_stGattCBs)
</UL>
<P><STRONG><a name="[6c]"></a>ble_gap_read_attr_cb</STRONG> (Thumb, 24 bytes, Stack size 0 bytes, ble_gap_service.o(.text.ble_gap_read_attr_cb))
<BR>[Address Reference Count : 1]<UL><LI> ble_gap_service.o(.rodata.m_stGattCBs)
</UL>
<P><STRONG><a name="[6d]"></a>ble_gap_write_attr_cb</STRONG> (Thumb, 4 bytes, Stack size 0 bytes, ble_gap_service.o(.text.ble_gap_write_attr_cb))
<BR>[Address Reference Count : 1]<UL><LI> ble_gap_service.o(.rodata.m_stGattCBs)
</UL>
<P><STRONG><a name="[69]"></a>ble_dis_get_attr_len_cb</STRONG> (Thumb, 16 bytes, Stack size 0 bytes, ble_dis.o(.text.ble_dis_get_attr_len_cb))
<BR>[Address Reference Count : 1]<UL><LI> ble_dis.o(.rodata.devInfoServiceCBs)
</UL>
<P><STRONG><a name="[6a]"></a>ble_dis_read_attr_cb</STRONG> (Thumb, 56 bytes, Stack size 8 bytes, ble_dis.o(.text.ble_dis_read_attr_cb))
<BR><BR>[Stack]<UL><LI>Max Depth = 8<LI>Call Chain = ble_dis_read_attr_cb
</UL>
<BR>[Address Reference Count : 1]<UL><LI> ble_dis.o(.rodata.devInfoServiceCBs)
</UL>
<P><STRONG><a name="[2d]"></a>llc_task</STRONG> (Thumb, 44 bytes, Stack size 8 bytes, ble_controller_init.o(.text.llc_task))
<BR><BR>[Stack]<UL><LI>Max Depth = 32<LI>Call Chain = llc_task &rArr; __2printf
</UL>
<BR>[Calls]<UL><LI><a href="#[a4]">&gt;&gt;</a>&nbsp;&nbsp;&nbsp;osMessageQueueGet (via Veneer)
<LI><a href="#[105]">&gt;&gt;</a>&nbsp;&nbsp;&nbsp;rom_llc_on_llc_task_received_msg (via Veneer)
<LI><a href="#[77]">&gt;&gt;</a>&nbsp;&nbsp;&nbsp;__2printf
</UL>
<BR>[Address Reference Count : 1]<UL><LI> ble_controller_init.o(.text.ble_controller_init)
</UL>
<P><STRONG><a name="[2e]"></a>send_msg_to_llc_task</STRONG> (Thumb, 56 bytes, Stack size 16 bytes, ble_controller_init.o(.text.send_msg_to_llc_task))
<BR><BR>[Stack]<UL><LI>Max Depth = 40<LI>Call Chain = send_msg_to_llc_task &rArr; __2printf
</UL>
<BR>[Calls]<UL><LI><a href="#[198]">&gt;&gt;</a>&nbsp;&nbsp;&nbsp;osMessageQueuePut (via Veneer)
<LI><a href="#[77]">&gt;&gt;</a>&nbsp;&nbsp;&nbsp;__2printf
</UL>
<BR>[Address Reference Count : 1]<UL><LI> ble_controller_init.o(.text.ble_controller_init)
</UL>
<P><STRONG><a name="[30]"></a>bleStack_task</STRONG> (Thumb, 68 bytes, Stack size 16 bytes, ble_host_init.o(.text.bleStack_task))
<BR><BR>[Stack]<UL><LI>Max Depth = 16<LI>Call Chain = bleStack_task
</UL>
<BR>[Calls]<UL><LI><a href="#[a4]">&gt;&gt;</a>&nbsp;&nbsp;&nbsp;osMessageQueueGet (via Veneer)
<LI><a href="#[a6]">&gt;&gt;</a>&nbsp;&nbsp;&nbsp;osMemoryPoolFree (via Veneer)
<LI><a href="#[a3]">&gt;&gt;</a>&nbsp;&nbsp;&nbsp;mlog_16 (via Veneer)
<LI><a href="#[a7]">&gt;&gt;</a>&nbsp;&nbsp;&nbsp;mlog_0 (via Veneer)
<LI><a href="#[a5]">&gt;&gt;</a>&nbsp;&nbsp;&nbsp;rom_st_ctrl_task_handler (via Veneer)
</UL>
<BR>[Address Reference Count : 1]<UL><LI> ble_host_init.o(.text.ble_host_init)
</UL>
<P><STRONG><a name="[31]"></a>send_msg_to_bleStackTask</STRONG> (Thumb, 200 bytes, Stack size 40 bytes, ble_host_init.o(.text.send_msg_to_bleStackTask))
<BR><BR>[Stack]<UL><LI>Max Depth = 40<LI>Call Chain = send_msg_to_bleStackTask
</UL>
<BR>[Calls]<UL><LI><a href="#[198]">&gt;&gt;</a>&nbsp;&nbsp;&nbsp;osMessageQueuePut (via Veneer)
<LI><a href="#[197]">&gt;&gt;</a>&nbsp;&nbsp;&nbsp;osMemoryPoolAlloc (via Veneer)
<LI><a href="#[a3]">&gt;&gt;</a>&nbsp;&nbsp;&nbsp;mlog_16 (via Veneer)
<LI><a href="#[a7]">&gt;&gt;</a>&nbsp;&nbsp;&nbsp;mlog_0 (via Veneer)
<LI><a href="#[cb]">&gt;&gt;</a>&nbsp;&nbsp;&nbsp;__aeabi_memcpy
</UL>
<BR>[Address Reference Count : 1]<UL><LI> ble_host_init.o(.text.ble_host_init)
</UL>
<P><STRONG><a name="[32]"></a>ble_app_timer_create</STRONG> (Thumb, 16 bytes, Stack size 8 bytes, ble_host_init.o(.text.ble_app_timer_create))
<BR><BR>[Stack]<UL><LI>Max Depth = 24<LI>Call Chain = ble_app_timer_create &rArr; app_timer_create
</UL>
<BR>[Calls]<UL><LI><a href="#[a8]">&gt;&gt;</a>&nbsp;&nbsp;&nbsp;app_timer_create
</UL>
<BR>[Address Reference Count : 1]<UL><LI> ble_host_init.o(.text.ble_host_init)
</UL>
<P><STRONG><a name="[33]"></a>ble_app_timer_start</STRONG> (Thumb, 12 bytes, Stack size 8 bytes, ble_host_init.o(.text.ble_app_timer_start))
<BR><BR>[Stack]<UL><LI>Max Depth = 16<LI>Call Chain = ble_app_timer_start &rArr; app_timer_start
</UL>
<BR>[Calls]<UL><LI><a href="#[a2]">&gt;&gt;</a>&nbsp;&nbsp;&nbsp;app_timer_start
</UL>
<BR>[Address Reference Count : 1]<UL><LI> ble_host_init.o(.text.ble_host_init)
</UL>
<P><STRONG><a name="[34]"></a>ble_app_timer_stop</STRONG> (Thumb, 12 bytes, Stack size 8 bytes, ble_host_init.o(.text.ble_app_timer_stop))
<BR><BR>[Stack]<UL><LI>Max Depth = 8<LI>Call Chain = ble_app_timer_stop
</UL>
<BR>[Calls]<UL><LI><a href="#[aa]">&gt;&gt;</a>&nbsp;&nbsp;&nbsp;app_timer_stop
</UL>
<BR>[Address Reference Count : 1]<UL><LI> ble_host_init.o(.text.ble_host_init)
</UL>
<P><STRONG><a name="[35]"></a>ble_app_timer_delete</STRONG> (Thumb, 12 bytes, Stack size 8 bytes, ble_host_init.o(.text.ble_app_timer_delete))
<BR><BR>[Stack]<UL><LI>Max Depth = 8<LI>Call Chain = ble_app_timer_delete
</UL>
<BR>[Calls]<UL><LI><a href="#[a9]">&gt;&gt;</a>&nbsp;&nbsp;&nbsp;app_timer_delete
</UL>
<BR>[Address Reference Count : 1]<UL><LI> ble_host_init.o(.text.ble_host_init)
</UL>
<P><STRONG><a name="[2f]"></a>ble_event_handler</STRONG> (Thumb, 876 bytes, Stack size 16 bytes, ble_event.o(.text.ble_event_handler))
<BR><BR>[Stack]<UL><LI>Max Depth = 40<LI>Call Chain = ble_event_handler &rArr; __2printf
</UL>
<BR>[Calls]<UL><LI><a href="#[c7]">&gt;&gt;</a>&nbsp;&nbsp;&nbsp;rom_gap_api_set_advertising_enable (via Veneer)
<LI><a href="#[c2]">&gt;&gt;</a>&nbsp;&nbsp;&nbsp;rom_little_endian_read_32 (via Veneer)
<LI><a href="#[c8]">&gt;&gt;</a>&nbsp;&nbsp;&nbsp;mlog_x (via Veneer)
<LI><a href="#[c6]">&gt;&gt;</a>&nbsp;&nbsp;&nbsp;mlog_88 (via Veneer)
<LI><a href="#[c3]">&gt;&gt;</a>&nbsp;&nbsp;&nbsp;mlog_3216 (via Veneer)
<LI><a href="#[c4]">&gt;&gt;</a>&nbsp;&nbsp;&nbsp;mlog_1688 (via Veneer)
<LI><a href="#[c5]">&gt;&gt;</a>&nbsp;&nbsp;&nbsp;mlog_161616 (via Veneer)
<LI><a href="#[c9]">&gt;&gt;</a>&nbsp;&nbsp;&nbsp;mlog_1616 (via Veneer)
<LI><a href="#[a3]">&gt;&gt;</a>&nbsp;&nbsp;&nbsp;mlog_16 (via Veneer)
<LI><a href="#[77]">&gt;&gt;</a>&nbsp;&nbsp;&nbsp;__2printf
</UL>
<BR>[Address Reference Count : 1]<UL><LI> ble_event.o(.text.ble_event_init)
</UL>
<P><STRONG><a name="[2b]"></a>lpwr_before_sleep</STRONG> (Thumb, 34 bytes, Stack size 8 bytes, app_main.o(.text.lpwr_before_sleep))
<BR><BR>[Stack]<UL><LI>Max Depth = 24<LI>Call Chain = lpwr_before_sleep &rArr; app_debug_deinit
</UL>
<BR>[Calls]<UL><LI><a href="#[108]">&gt;&gt;</a>&nbsp;&nbsp;&nbsp;OS_Tick_Disable (via Veneer)
<LI><a href="#[107]">&gt;&gt;</a>&nbsp;&nbsp;&nbsp;app_debug_print_complete
<LI><a href="#[85]">&gt;&gt;</a>&nbsp;&nbsp;&nbsp;app_debug_deinit
<LI><a href="#[de]">&gt;&gt;</a>&nbsp;&nbsp;&nbsp;ble_init_is_system_sleep_allowed
</UL>
<BR>[Address Reference Count : 1]<UL><LI> app_main.o(.text.app_main)
</UL>
<P><STRONG><a name="[2c]"></a>lpwr_after_wakeup</STRONG> (Thumb, 12 bytes, Stack size 8 bytes, app_main.o(.text.lpwr_after_wakeup))
<BR><BR>[Stack]<UL><LI>Max Depth = 40<LI>Call Chain = lpwr_after_wakeup &rArr; app_debug_reinit
</UL>
<BR>[Calls]<UL><LI><a href="#[106]">&gt;&gt;</a>&nbsp;&nbsp;&nbsp;OS_Tick_Enable (via Veneer)
<LI><a href="#[76]">&gt;&gt;</a>&nbsp;&nbsp;&nbsp;app_debug_reinit
</UL>
<BR>[Address Reference Count : 1]<UL><LI> app_main.o(.text.app_main)
</UL>
<P><STRONG><a name="[54]"></a>patch_ble_impl_get_comp_id</STRONG> (Thumb, 12 bytes, Stack size 0 bytes, patch_ble_impl.o(.text.patch_ble_impl_get_comp_id))
<BR>[Address Reference Count : 1]<UL><LI> patch_ble_impl.o(.text.patch_ble_impl)
</UL>
<P><STRONG><a name="[19d]"></a>_printf_core</STRONG> (Thumb, 1020 bytes, Stack size 104 bytes, printf8.o(i._printf_core), UNUSED)
<BR><BR>[Calls]<UL><LI><a href="#[73]">&gt;&gt;</a>&nbsp;&nbsp;&nbsp;__aeabi_uldivmod
<LI><a href="#[19e]">&gt;&gt;</a>&nbsp;&nbsp;&nbsp;_printf_pre_padding
<LI><a href="#[19f]">&gt;&gt;</a>&nbsp;&nbsp;&nbsp;_printf_post_padding
</UL>
<BR>[Called By]<UL><LI><a href="#[19c]">&gt;&gt;</a>&nbsp;&nbsp;&nbsp;__0printf$8
</UL>

<P><STRONG><a name="[19f]"></a>_printf_post_padding</STRONG> (Thumb, 32 bytes, Stack size 24 bytes, printf8.o(i._printf_post_padding), UNUSED)
<BR><BR>[Called By]<UL><LI><a href="#[19d]">&gt;&gt;</a>&nbsp;&nbsp;&nbsp;_printf_core
</UL>

<P><STRONG><a name="[19e]"></a>_printf_pre_padding</STRONG> (Thumb, 44 bytes, Stack size 40 bytes, printf8.o(i._printf_pre_padding), UNUSED)
<BR><BR>[Called By]<UL><LI><a href="#[19d]">&gt;&gt;</a>&nbsp;&nbsp;&nbsp;_printf_core
</UL>
<P>
<H3>
Undefined Global Symbols
</H3><HR></body></html>
