Component: ARM Compiler 6.15 Tool: armlink [5dd79300]

==============================================================================

Section Cross References

    startup_armcm0plus.o(RESET) refers to startup_armcm0plus.o(STACK) for __initial_sp
    startup_armcm0plus.o(RESET) refers to startup_armcm0plus.o(.text) for Reset_Handler
    startup_armcm0plus.o(RESET) refers to ble_init.o(.text.LLC_IRQ_Handler) for LLC_IRQ_Handler
    startup_armcm0plus.o(RESET) refers to app_main.o(.text.PMU_IRQ_Handler) for PMU_IRQ_Handler
    startup_armcm0plus.o(RESET) refers to app_timer.o(.text.STIM1_IRQ3_Handler) for STIM1_IRQ3_Handler
    startup_armcm0plus.o(.text) refers to system_armcm0plus.o(.text.SystemInit) for SystemInit
    startup_armcm0plus.o(.text) refers to entry.o(.ARM.Collect$$$$00000000) for __main
    startup_armcm0plus.o(.text) refers to err_debug.o(.text.NMI_Handler_Proc) for NMI_Handler_Proc
    startup_armcm0plus.o(.text) refers to err_debug.o(.text.HardFault_Handler_Proc) for HardFault_Handler_Proc
    system_armcm0plus.o(.text.SystemInit) refers to startup_armcm0plus.o(RESET) for __Vectors
    system_armcm0plus.o(.ARM.exidx.text.SystemInit) refers to system_armcm0plus.o(.text.SystemInit) for [Anonymous Symbol]
    idle_task.o(.text.idle_task_init) refers to idle_task.o(.text.idle_task_sys_idle_process) for idle_task_sys_idle_process
    idle_task.o(.ARM.exidx.text.idle_task_init) refers to idle_task.o(.text.idle_task_init) for [Anonymous Symbol]
    idle_task.o(.text.idle_task_sys_idle_process) refers to app_debug.o(.text.app_debug_printf) for app_debug_printf
    idle_task.o(.text.idle_task_sys_idle_process) refers to lpwr_ctrl.o(.ram.function) for lpwr_ctrl_goto_sleep
    idle_task.o(.ARM.exidx.text.idle_task_sys_idle_process) refers to idle_task.o(.text.idle_task_sys_idle_process) for [Anonymous Symbol]
    app_timer.o(.text.STIM1_IRQ3_Handler) refers to app_timer.o(.text.timer_trig_schedule) for timer_trig_schedule
    app_timer.o(.text.STIM1_IRQ3_Handler) refers to app_timer.o(.text.timer_config) for timer_config
    app_timer.o(.text.STIM1_IRQ3_Handler) refers to app_timer.o(.bss.m_stTimerHead) for [Anonymous Symbol]
    app_timer.o(.ARM.exidx.text.STIM1_IRQ3_Handler) refers to app_timer.o(.text.STIM1_IRQ3_Handler) for [Anonymous Symbol]
    app_timer.o(.text.timer_trig_schedule) refers to app_timer.o(.text.__NVIC_SetPendingIRQ) for __NVIC_SetPendingIRQ
    app_timer.o(.ARM.exidx.text.timer_trig_schedule) refers to app_timer.o(.text.timer_trig_schedule) for [Anonymous Symbol]
    app_timer.o(.text.timer_config) refers to app_timer.o(.text.timer_compare) for timer_compare
    app_timer.o(.text.timer_config) refers to app_timer.o(.bss.m_stTimerHead) for [Anonymous Symbol]
    app_timer.o(.text.timer_config) refers to app_timer.o(.bss.m_stTimerTail) for [Anonymous Symbol]
    app_timer.o(.ARM.exidx.text.timer_config) refers to app_timer.o(.text.timer_config) for [Anonymous Symbol]
    app_timer.o(.text.app_timer_init) refers to app_timer.o(.text.__NVIC_ClearPendingIRQ) for __NVIC_ClearPendingIRQ
    app_timer.o(.text.app_timer_init) refers to app_timer.o(.text.__NVIC_SetPriority) for __NVIC_SetPriority
    app_timer.o(.text.app_timer_init) refers to app_timer.o(.text.__NVIC_EnableIRQ) for __NVIC_EnableIRQ
    app_timer.o(.text.app_timer_init) refers to app_timer.o(.bss.m_stTimerHead) for [Anonymous Symbol]
    app_timer.o(.text.app_timer_init) refers to app_timer.o(.bss.m_stTimerTail) for [Anonymous Symbol]
    app_timer.o(.ARM.exidx.text.app_timer_init) refers to app_timer.o(.text.app_timer_init) for [Anonymous Symbol]
    app_timer.o(.ARM.exidx.text.__NVIC_ClearPendingIRQ) refers to app_timer.o(.text.__NVIC_ClearPendingIRQ) for [Anonymous Symbol]
    app_timer.o(.ARM.exidx.text.__NVIC_SetPriority) refers to app_timer.o(.text.__NVIC_SetPriority) for [Anonymous Symbol]
    app_timer.o(.ARM.exidx.text.__NVIC_EnableIRQ) refers to app_timer.o(.text.__NVIC_EnableIRQ) for [Anonymous Symbol]
    app_timer.o(.text.app_timer_create) refers to app_timer.o(.bss.m_stTimerHead) for [Anonymous Symbol]
    app_timer.o(.text.app_timer_create) refers to app_timer.o(.bss.m_stTimerTail) for [Anonymous Symbol]
    app_timer.o(.ARM.exidx.text.app_timer_create) refers to app_timer.o(.text.app_timer_create) for [Anonymous Symbol]
    app_timer.o(.text.app_timer_start) refers to app_timer.o(.text.timer_trig_schedule) for timer_trig_schedule
    app_timer.o(.ARM.exidx.text.app_timer_start) refers to app_timer.o(.text.app_timer_start) for [Anonymous Symbol]
    app_timer.o(.text.app_timer_stop) refers to app_timer.o(.text.timer_trig_schedule) for timer_trig_schedule
    app_timer.o(.ARM.exidx.text.app_timer_stop) refers to app_timer.o(.text.app_timer_stop) for [Anonymous Symbol]
    app_timer.o(.text.app_timer_delete) refers to app_timer.o(.text.timer_trig_schedule) for timer_trig_schedule
    app_timer.o(.ARM.exidx.text.app_timer_delete) refers to app_timer.o(.text.app_timer_delete) for [Anonymous Symbol]
[...]
    Long Thumb to Thumb Veneer to osThreadTerminate 0x20006af9   Thumb Code    12  anon$$obj.o(Veneer$$Code)
    Long Thumb to Thumb Veneer to rom_hw_stim_set_prescale 0x20006b05   Thumb Code    12  anon$$obj.o(Veneer$$Code)
    Long Thumb to Thumb Veneer to rom_hw_sys_ctrl_enable_peri_int 0x20006b11   Thumb Code    12  anon$$obj.o(Veneer$$Code)
    Long Thumb to Thumb Veneer to rom_hw_stim_enable_wakeup 0x20006b1d   Thumb Code    12  anon$$obj.o(Veneer$$Code)
    Long Thumb to Thumb Veneer to rom_hw_stim_enable_interrupt 0x20006b29   Thumb Code    12  anon$$obj.o(Veneer$$Code)
    Long Thumb to Thumb Veneer to rom_hw_stim_disable_tick_overflow_interrupt 0x20006b35   Thumb Code    12  anon$$obj.o(Veneer$$Code)
    Long Thumb to Thumb Veneer to rom_hw_stim_start 0x20006b41   Thumb Code    12  anon$$obj.o(Veneer$$Code)
    Long Thumb to Thumb Veneer to osMessageQueueNew 0x20006b4d   Thumb Code    12  anon$$obj.o(Veneer$$Code)
    Long Thumb to Thumb Veneer to osThreadNew 0x20006b59   Thumb Code    12  anon$$obj.o(Veneer$$Code)
    Long Thumb to Thumb Veneer to rom_host_interface_set_hci_event_parameter_max_length 0x20006b65   Thumb Code    12  anon$$obj.o(Veneer$$Code)
    Long Thumb to Thumb Veneer to ble_callback_set_send_msg_to_stack_task_callback 0x20006b71   Thumb Code    12  anon$$obj.o(Veneer$$Code)
    Long Thumb to Thumb Veneer to mlog_0     0x20006b7d   Thumb Code    12  anon$$obj.o(Veneer$$Code)
    Long Thumb to Thumb Veneer to mlog_16    0x20006b89   Thumb Code    12  anon$$obj.o(Veneer$$Code)
    Long Thumb to Thumb Veneer to osMessageQueueGet 0x20006b95   Thumb Code    12  anon$$obj.o(Veneer$$Code)
    Long Thumb to Thumb Veneer to rom_st_ctrl_task_handler 0x20006ba1   Thumb Code    12  anon$$obj.o(Veneer$$Code)
    Long Thumb to Thumb Veneer to osMemoryPoolFree 0x20006bad   Thumb Code    12  anon$$obj.o(Veneer$$Code)
    Long Thumb to Thumb Veneer to osMemoryPoolNew 0x20006bb9   Thumb Code    12  anon$$obj.o(Veneer$$Code)
    Long Thumb to Thumb Veneer to rom_llp_init 0x20006bc5   Thumb Code    12  anon$$obj.o(Veneer$$Code)
    Long Thumb to Thumb Veneer to rom_llp_set_clock_accuracy_ppm 0x20006bd1   Thumb Code    12  anon$$obj.o(Veneer$$Code)
    Long Thumb to Thumb Veneer to rom_llp_sleep_set_time 0x20006bdd   Thumb Code    12  anon$$obj.o(Veneer$$Code)
    Long Thumb to Thumb Veneer to rom_llc_init 0x20006be9   Thumb Code    12  anon$$obj.o(Veneer$$Code)
    Long Thumb to Thumb Veneer to rom_gatts_api_get_last_attribute_handle 0x20006bf5   Thumb Code    12  anon$$obj.o(Veneer$$Code)
    Long Thumb to Thumb Veneer to mlog_88    0x20006c01   Thumb Code    12  anon$$obj.o(Veneer$$Code)
    Long Thumb to Thumb Veneer to rom_gap_api_set_advertising_enable 0x20006c0d   Thumb Code    12  anon$$obj.o(Veneer$$Code)
    Long Thumb to Thumb Veneer to mlog_1688  0x20006c19   Thumb Code    12  anon$$obj.o(Veneer$$Code)
    Long Thumb to Thumb Veneer to mlog_x     0x20006c25   Thumb Code    12  anon$$obj.o(Veneer$$Code)
    Long Thumb to Thumb Veneer to mlog_161616 0x20006c31   Thumb Code    12  anon$$obj.o(Veneer$$Code)
    Long Thumb to Thumb Veneer to mlog_1616  0x20006c3d   Thumb Code    12  anon$$obj.o(Veneer$$Code)
    Long Thumb to Thumb Veneer to rom_little_endian_read_32 0x20006c49   Thumb Code    12  anon$$obj.o(Veneer$$Code)
    Long Thumb to Thumb Veneer to mlog_3216  0x20006c55   Thumb Code    12  anon$$obj.o(Veneer$$Code)
    Long Thumb to Thumb Veneer to ble_callback_set_host_stack_send_event_callback 0x20006c61   Thumb Code    12  anon$$obj.o(Veneer$$Code)
    Long Thumb to Thumb Veneer to rom_ble_host_stack_mem_init 0x20006c6d   Thumb Code    12  anon$$obj.o(Veneer$$Code)
    Long Thumb to Thumb Veneer to rom_host_stack_mem_ctrl_init 0x20006c79   Thumb Code    12  anon$$obj.o(Veneer$$Code)
    Long Thumb to Thumb Veneer to rom_host_stack_mem_acl_data_mem_init 0x20006c85   Thumb Code    12  anon$$obj.o(Veneer$$Code)
    Long Thumb to Thumb Veneer to rom_ble_host_stack_timer_init 0x20006c91   Thumb Code    12  anon$$obj.o(Veneer$$Code)
    Long Thumb to Thumb Veneer to rom_gap_api_sm_init 0x20006c9d   Thumb Code    12  anon$$obj.o(Veneer$$Code)
    Long Thumb to Thumb Veneer to ble_callback_set_timer_create_callback 0x20006ca9   Thumb Code    12  anon$$obj.o(Veneer$$Code)
    Long Thumb to Thumb Veneer to ble_callback_set_timer_start_callback 0x20006cb5   Thumb Code    12  anon$$obj.o(Veneer$$Code)
    Long Thumb to Thumb Veneer to ble_callback_set_send_timer_stop_callback 0x20006cc1   Thumb Code    12  anon$$obj.o(Veneer$$Code)
    Long Thumb to Thumb Veneer to ble_callback_set_send_timer_delete_callback 0x20006ccd   Thumb Code    12  anon$$obj.o(Veneer$$Code)
    Long Thumb to Thumb Veneer to rom_hw_pmu_set_wakeup_source 0x20006cd9   Thumb Code    12  anon$$obj.o(Veneer$$Code)
    Long Thumb to Thumb Veneer to rom_llp_is_system_sleep_allowed 0x20006ce5   Thumb Code    12  anon$$obj.o(Veneer$$Code)
    Long Thumb to Thumb Veneer to rom_llp_sleep_on_system_wakeup_by_llc 0x20006cf1   Thumb Code    12  anon$$obj.o(Veneer$$Code)
    Long Thumb to Thumb Veneer to rom_llp_set_schedule_report_callback 0x20006cfd   Thumb Code    12  anon$$obj.o(Veneer$$Code)
    Long Thumb to Thumb Veneer to rom_llp_set_fragment_start_report_callback 0x20006d09   Thumb Code    12  anon$$obj.o(Veneer$$Code)
    Long Thumb to Thumb Veneer to rom_llp_set_fragment_stop_report_callback 0x20006d15   Thumb Code    12  anon$$obj.o(Veneer$$Code)
    Long Thumb to Thumb Veneer to rom_llp_set_tx_end_report_callback 0x20006d21   Thumb Code    12  anon$$obj.o(Veneer$$Code)
    Long Thumb to Thumb Veneer to rom_llp_set_rx_end_report_callback 0x20006d2d   Thumb Code    12  anon$$obj.o(Veneer$$Code)
    Long Thumb to Thumb Veneer to rom_llp_set_rf_rx_calib_callback 0x20006d39   Thumb Code    12  anon$$obj.o(Veneer$$Code)
    Long Thumb to Thumb Veneer to rom_llp_set_rf_tx_calib_callback 0x20006d45   Thumb Code    12  anon$$obj.o(Veneer$$Code)
    Long Thumb to Thumb Veneer to rom_llc_set_trig_schedule_report_callback 0x20006d51   Thumb Code    12  anon$$obj.o(Veneer$$Code)
    Long Thumb to Thumb Veneer to rom_llc_set_timer_enable_callback 0x20006d5d   Thumb Code    12  anon$$obj.o(Veneer$$Code)
    Long Thumb to Thumb Veneer to rom_llc_set_timer_get_count_callback 0x20006d69   Thumb Code    12  anon$$obj.o(Veneer$$Code)
    Long Thumb to Thumb Veneer to rom_llc_set_llp_clock_accuracy_callback 0x20006d75   Thumb Code    12  anon$$obj.o(Veneer$$Code)
    Long Thumb to Thumb Veneer to rom_llc_set_start_adv_fragment_callback 0x20006d81   Thumb Code    12  anon$$obj.o(Veneer$$Code)
    Long Thumb to Thumb Veneer to rom_llc_set_start_scan_fragment_callback 0x20006d8d   Thumb Code    12  anon$$obj.o(Veneer$$Code)
    Long Thumb to Thumb Veneer to rom_llc_set_start_init_fragment_callback 0x20006d99   Thumb Code    12  anon$$obj.o(Veneer$$Code)
    Long Thumb to Thumb Veneer to rom_llc_set_start_slave_fragment_callback 0x20006da5   Thumb Code    12  anon$$obj.o(Veneer$$Code)
    Long Thumb to Thumb Veneer to rom_llc_set_start_master_fragment_callback 0x20006db1   Thumb Code    12  anon$$obj.o(Veneer$$Code)
    Long Thumb to Thumb Veneer to rom_llc_set_stop_fragment_callback 0x20006dbd   Thumb Code    12  anon$$obj.o(Veneer$$Code)
    Long Thumb to Thumb Veneer to rom_llc_set_update_tx_pdu_callback 0x20006dc9   Thumb Code    12  anon$$obj.o(Veneer$$Code)
    Long Thumb to Thumb Veneer to rom_llc_set_update_rx_pdu_callback 0x20006dd5   Thumb Code    12  anon$$obj.o(Veneer$$Code)
    Long Thumb to Thumb Veneer to rom_llc_set_get_rssi_callback 0x20006de1   Thumb Code    12  anon$$obj.o(Veneer$$Code)
    Long Thumb to Thumb Veneer to rom_hci_set_get_event_paramter_max_length_callback 0x20006ded   Thumb Code    12  anon$$obj.o(Veneer$$Code)
    Long Thumb to Thumb Veneer to rom_hci_set_host_send_command_packet_callback 0x20006df9   Thumb Code    12  anon$$obj.o(Veneer$$Code)
    Long Thumb to Thumb Veneer to rom_hci_set_host_send_acl_data_callback 0x20006e05   Thumb Code    12  anon$$obj.o(Veneer$$Code)
    Long Thumb to Thumb Veneer to rom_hci_set_controller_report_event_callback 0x20006e11   Thumb Code    12  anon$$obj.o(Veneer$$Code)
    Long Thumb to Thumb Veneer to rom_hci_set_controller_report_acl_data_callback 0x20006e1d   Thumb Code    12  anon$$obj.o(Veneer$$Code)
    Long Thumb to Thumb Veneer to rom_controller_event_mask_set_event_mask 0x20006e29   Thumb Code    12  anon$$obj.o(Veneer$$Code)
    Long Thumb to Thumb Veneer to rom_controller_event_mask_set_le_event_mask 0x20006e35   Thumb Code    12  anon$$obj.o(Veneer$$Code)
    Long Thumb to Thumb Veneer to rom_hal_rf_tx_power_set 0x20006e41   Thumb Code    12  anon$$obj.o(Veneer$$Code)
    Long Thumb to Thumb Veneer to rom_gap_api_set_public_device_address 0x20006e4d   Thumb Code    12  anon$$obj.o(Veneer$$Code)
    Long Thumb to Thumb Veneer to rom_gap_api_set_advertising_parameters 0x20006e59   Thumb Code    12  anon$$obj.o(Veneer$$Code)
    Long Thumb to Thumb Veneer to rom_gap_api_set_advertising_data 0x20006e65   Thumb Code    12  anon$$obj.o(Veneer$$Code)
    Long Thumb to Thumb Veneer to rom_gap_api_set_scan_response_data 0x20006e71   Thumb Code    12  anon$$obj.o(Veneer$$Code)
    Long Thumb to Thumb Veneer to rom_gap_api_sm_bond_info_save_by_app_config_only_for_legacy_pair 0x20006e7d   Thumb Code    12  anon$$obj.o(Veneer$$Code)
    Long Thumb to Thumb Veneer to rom_gap_api_update_pair_para 0x20006e89   Thumb Code    12  anon$$obj.o(Veneer$$Code)
    Long Thumb to Thumb Veneer to rom_hw_efuse_read_bytes 0x20006e95   Thumb Code    12  anon$$obj.o(Veneer$$Code)
    Long Thumb to Thumb Veneer to rom_llc_legacy_adv_mem_init 0x20006ea1   Thumb Code    12  anon$$obj.o(Veneer$$Code)
    Long Thumb to Thumb Veneer to rom_llc_legacy_scan_mem_init 0x20006ead   Thumb Code    12  anon$$obj.o(Veneer$$Code)
    Long Thumb to Thumb Veneer to rom_llc_legacy_initiator_mem_init 0x20006eb9   Thumb Code    12  anon$$obj.o(Veneer$$Code)
    Long Thumb to Thumb Veneer to rom_llc_connection_role_mem_init 0x20006ec5   Thumb Code    12  anon$$obj.o(Veneer$$Code)
    Long Thumb to Thumb Veneer to rom_llc_scheduler_mem_init 0x20006ed1   Thumb Code    12  anon$$obj.o(Veneer$$Code)
    Long Thumb to Thumb Veneer to rom_llc_white_list_init 0x20006edd   Thumb Code    12  anon$$obj.o(Veneer$$Code)
    Long Thumb to Thumb Veneer to rom_llc_privacy_init 0x20006ee9   Thumb Code    12  anon$$obj.o(Veneer$$Code)
    Long Thumb to Thumb Veneer to rom_llc_adv_channel_pdu_mem_init 0x20006ef5   Thumb Code    12  anon$$obj.o(Veneer$$Code)
    Long Thumb to Thumb Veneer to rom_llc_data_channel_pdu_mem_init 0x20006f01   Thumb Code    12  anon$$obj.o(Veneer$$Code)
    Long Thumb to Thumb Veneer to rom_llc_acl_data_mem_init 0x20006f0d   Thumb Code    12  anon$$obj.o(Veneer$$Code)
    Long Thumb to Thumb Veneer to rom_llc_hci_command_mem_init 0x20006f19   Thumb Code    12  anon$$obj.o(Veneer$$Code)
    Long Thumb to Thumb Veneer to rom_llc_set_send_msg_to_llc_task_callback 0x20006f25   Thumb Code    12  anon$$obj.o(Veneer$$Code)
    Long Thumb to Thumb Veneer to rom_hw_uart_transmit 0x20006f31   Thumb Code    12  anon$$obj.o(Veneer$$Code)
    Long Thumb to Thumb Veneer to rom_llc_on_llc_task_received_msg 0x20006f3d   Thumb Code    12  anon$$obj.o(Veneer$$Code)
    Long Thumb to Thumb Veneer to OS_Tick_Enable 0x20006f49   Thumb Code    12  anon$$obj.o(Veneer$$Code)
    Long Thumb to Thumb Veneer to OS_Tick_Disable 0x20006f55   Thumb Code    12  anon$$obj.o(Veneer$$Code)
    Long Thumb to Thumb Veneer to osKernelInitialize 0x20006f61   Thumb Code    12  anon$$obj.o(Veneer$$Code)
    Long Thumb to Thumb Veneer to osKernelStart 0x20006f6d   Thumb Code    12  anon$$obj.o(Veneer$$Code)
    Long Thumb to Thumb Veneer to rom_host_connection_for_handle 0x20006f79   Thumb Code    12  anon$$obj.o(Veneer$$Code)
    Long Thumb to Thumb Veneer to rom_gatt_client_handle_error_response 0x20006f85   Thumb Code    12  anon$$obj.o(Veneer$$Code)
    Long Thumb to Thumb Veneer to rom_handle_exchange_mtu_request 0x20006f91   Thumb Code    12  anon$$obj.o(Veneer$$Code)
    Long Thumb to Thumb Veneer to ble_callback_send_event 0x20006f9d   Thumb Code    12  anon$$obj.o(Veneer$$Code)
    Long Thumb to Thumb Veneer to rom_stack_utility_little_endian_read_16 0x20006fa9   Thumb Code    12  anon$$obj.o(Veneer$$Code)
    Long Thumb to Thumb Veneer to rom_gatt_client_handle_exchange_mtu_response 0x20006fb5   Thumb Code    12  anon$$obj.o(Veneer$$Code)
    Long Thumb to Thumb Veneer to rom_handle_find_information_request 0x20006fc1   Thumb Code    12  anon$$obj.o(Veneer$$Code)
    Long Thumb to Thumb Veneer to rom_gatt_client_handle_find_information_reply 0x20006fcd   Thumb Code    12  anon$$obj.o(Veneer$$Code)
    Long Thumb to Thumb Veneer to rom_handle_find_by_type_value_request 0x20006fd9   Thumb Code    12  anon$$obj.o(Veneer$$Code)
    Long Thumb to Thumb Veneer to rom_gatt_client_handle_find_by_type_value_response 0x20006fe5   Thumb Code    12  anon$$obj.o(Veneer$$Code)
    Long Thumb to Thumb Veneer to rom_gatt_client_handle_read_by_type_response 0x20006ff1   Thumb Code    12  anon$$obj.o(Veneer$$Code)
    Long Thumb to Thumb Veneer to rom_gatt_client_handle_read_response 0x20006ffd   Thumb Code    12  anon$$obj.o(Veneer$$Code)
    Long Thumb to Thumb Veneer to rom_gatt_client_handle_read_blob_response 0x20007009   Thumb Code    12  anon$$obj.o(Veneer$$Code)
    Long Thumb to Thumb Veneer to rom_handle_rfu_request_opcode 0x20007015   Thumb Code    12  anon$$obj.o(Veneer$$Code)
    Long Thumb to Thumb Veneer to rom_handle_read_by_group_type_request 0x20007021   Thumb Code    12  anon$$obj.o(Veneer$$Code)
    Long Thumb to Thumb Veneer to rom_gatt_client_handle_read_by_group_type_response 0x2000702d   Thumb Code    12  anon$$obj.o(Veneer$$Code)
    Long Thumb to Thumb Veneer to rom_gatt_client_handle_write_response 0x20007039   Thumb Code    12  anon$$obj.o(Veneer$$Code)
    Long Thumb to Thumb Veneer to rom_gatt_client_handle_prepare_write_response 0x20007045   Thumb Code    12  anon$$obj.o(Veneer$$Code)
    Long Thumb to Thumb Veneer to rom_gatt_client_handle_execute_write_response 0x20007051   Thumb Code    12  anon$$obj.o(Veneer$$Code)
    Long Thumb to Thumb Veneer to rom_gatt_client_handle_value_notification 0x2000705d   Thumb Code    12  anon$$obj.o(Veneer$$Code)
    Long Thumb to Thumb Veneer to rom_gatt_client_handle_value_indication 0x20007069   Thumb Code    12  anon$$obj.o(Veneer$$Code)
    Long Thumb to Thumb Veneer to rom_gatt_client_run 0x20007075   Thumb Code    12  anon$$obj.o(Veneer$$Code)
    Long Thumb to Thumb Veneer to rom_att_db_util_add_characteristic_uuid128 0x20007081   Thumb Code    12  anon$$obj.o(Veneer$$Code)
    Long Thumb to Thumb Veneer to rom_att_db_util_add_characteristic_uuid16 0x2000708d   Thumb Code    12  anon$$obj.o(Veneer$$Code)
    Long Thumb to Thumb Veneer to rom_att_db_util_get_last_handle 0x20007099   Thumb Code    12  anon$$obj.o(Veneer$$Code)
    Long Thumb to Thumb Veneer to rom_att_db_util_get_size 0x200070a5   Thumb Code    12  anon$$obj.o(Veneer$$Code)
    Long Thumb to Thumb Veneer to rom_att_db_util_add_service_uuid128 0x200070b1   Thumb Code    12  anon$$obj.o(Veneer$$Code)
    Long Thumb to Thumb Veneer to rom_att_db_util_add_service_uuid16 0x200070bd   Thumb Code    12  anon$$obj.o(Veneer$$Code)
    Long Thumb to Thumb Veneer to rom_att_db_util_init 0x200070c9   Thumb Code    12  anon$$obj.o(Veneer$$Code)
    Long Thumb to Thumb Veneer to rom_l2cap_get_avail_data_buffer 0x200070d5   Thumb Code    12  anon$$obj.o(Veneer$$Code)
    Long Thumb to Thumb Veneer to rom_setup_error 0x200070e1   Thumb Code    12  anon$$obj.o(Veneer$$Code)
    Long Thumb to Thumb Veneer to rom_att_tx_buffer_commit 0x200070ed   Thumb Code    12  anon$$obj.o(Veneer$$Code)
    Long Thumb to Thumb Veneer to rom_att_find_handle 0x200070f9   Thumb Code    12  anon$$obj.o(Veneer$$Code)
    Long Thumb to Thumb Veneer to rom_setup_error_write_not_permitted 0x20007105   Thumb Code    12  anon$$obj.o(Veneer$$Code)
    Long Thumb to Thumb Veneer to rom_setup_error_invalid_handle 0x20007111   Thumb Code    12  anon$$obj.o(Veneer$$Code)
    Long Thumb to Thumb Veneer to rom_att_validate_security 0x2000711d   Thumb Code    12  anon$$obj.o(Veneer$$Code)
    Long Thumb to Thumb Veneer to rom_setup_error_read_not_permitted 0x20007129   Thumb Code    12  anon$$obj.o(Veneer$$Code)
    Long Thumb to Thumb Veneer to rom_setup_error_invalid_offset 0x20007135   Thumb Code    12  anon$$obj.o(Veneer$$Code)
    Long Thumb to Thumb Veneer to rom_att_iterator_init 0x20007141   Thumb Code    12  anon$$obj.o(Veneer$$Code)
    Long Thumb to Thumb Veneer to rom_att_iterator_has_next 0x2000714d   Thumb Code    12  anon$$obj.o(Veneer$$Code)
    Long Thumb to Thumb Veneer to rom_att_iterator_fetch_next 0x20007159   Thumb Code    12  anon$$obj.o(Veneer$$Code)
    Long Thumb to Thumb Veneer to rom_att_iterator_match_uuid 0x20007165   Thumb Code    12  anon$$obj.o(Veneer$$Code)
    Long Thumb to Thumb Veneer to rom_stack_utility_little_endian_store_16 0x20007171   Thumb Code    12  anon$$obj.o(Veneer$$Code)
    Long Thumb to Thumb Veneer to rom_setup_error_atribute_not_found 0x2000717d   Thumb Code    12  anon$$obj.o(Veneer$$Code)
    Long Thumb to Thumb Veneer to rom_setup_error_invalid_value_length 0x20007189   Thumb Code    12  anon$$obj.o(Veneer$$Code)
    Long Thumb to Thumb Veneer to rom_llc_tool_read_little_endian_uint64 0x20007195   Thumb Code    12  anon$$obj.o(Veneer$$Code)
    Long Thumb to Thumb Veneer to rom_controller_event_HCI_LE_Read_Remote_Features_Complete 0x200071a1   Thumb Code    12  anon$$obj.o(Veneer$$Code)
    Long Thumb to Thumb Veneer to rom_llc_feature_exchange_procedure_alloc_rsp_pdu 0x200071ad   Thumb Code    12  anon$$obj.o(Veneer$$Code)
    Long Thumb to Thumb Veneer to rom_llc_ctrl_procedure_send_ctrl_pdu 0x200071b9   Thumb Code    12  anon$$obj.o(Veneer$$Code)
    Long Thumb to Thumb Veneer to rom_llc_ctrl_procedure_rsp_unknown 0x200071c5   Thumb Code    12  anon$$obj.o(Veneer$$Code)
    Long Thumb to Thumb Veneer to mlog_32    0x200071d1   Thumb Code    12  anon$$obj.o(Veneer$$Code)
    Long Thumb to Thumb Veneer to system_error 0x200071dd   Thumb Code    12  anon$$obj.o(Veneer$$Code)
    Long Thumb to Thumb Veneer to rom_llc_timer_get_count 0x200071e9   Thumb Code    12  anon$$obj.o(Veneer$$Code)
    Long Thumb to Thumb Veneer to rom_llp_hw_set_work_time_us 0x200071f5   Thumb Code    12  anon$$obj.o(Veneer$$Code)
    Long Thumb to Thumb Veneer to rom_llp_hw_set_ifs 0x20007201   Thumb Code    12  anon$$obj.o(Veneer$$Code)
    Long Thumb to Thumb Veneer to rom_llp_hw_set_trx_param 0x2000720d   Thumb Code    12  anon$$obj.o(Veneer$$Code)
    Long Thumb to Thumb Veneer to rom_llp_hw_set_tx_pdu 0x20007219   Thumb Code    12  anon$$obj.o(Veneer$$Code)
    Long Thumb to Thumb Veneer to rom_llp_hw_set_rx_pdu 0x20007225   Thumb Code    12  anon$$obj.o(Veneer$$Code)
    Long Thumb to Thumb Veneer to rom_llp_hw_set_trt_mode_start_time 0x20007231   Thumb Code    12  anon$$obj.o(Veneer$$Code)
    Long Thumb to Thumb Veneer to rom_llp_hw_set_adv_mode 0x2000723d   Thumb Code    12  anon$$obj.o(Veneer$$Code)
    Long Thumb to Thumb Veneer to rom_llp_is_idle 0x20007249   Thumb Code    12  anon$$obj.o(Veneer$$Code)
    Long Thumb to Thumb Veneer to rom_llp_hw_sleep_cycles_of_low_clk 0x20007255   Thumb Code    12  anon$$obj.o(Veneer$$Code)
    Long Thumb to Thumb Veneer to rom_llp_hw_wakeup 0x20007261   Thumb Code    12  anon$$obj.o(Veneer$$Code)
    Long Thumb to Thumb Veneer to rom_llp_hw_set_rtr_mode_start_time 0x2000726d   Thumb Code    12  anon$$obj.o(Veneer$$Code)
    Long Thumb to Thumb Veneer to rom_llp_hw_set_init_mode 0x20007279   Thumb Code    12  anon$$obj.o(Veneer$$Code)
    Long Thumb to Thumb Veneer to rom_llp_hw_set_master_mode 0x20007285   Thumb Code    12  anon$$obj.o(Veneer$$Code)
    Long Thumb to Thumb Veneer to rom_llp_hw_set_scan_mode 0x20007291   Thumb Code    12  anon$$obj.o(Veneer$$Code)
    Long Thumb to Thumb Veneer to rom_llp_hw_set_slave_rx_window 0x2000729d   Thumb Code    12  anon$$obj.o(Veneer$$Code)
    Long Thumb to Thumb Veneer to rom_llp_hw_set_slave_mode 0x200072a9   Thumb Code    12  anon$$obj.o(Veneer$$Code)
    Long Thumb to Thumb Veneer to rom_llp_sleep_wakeup 0x200072b5   Thumb Code    12  anon$$obj.o(Veneer$$Code)
    Long Thumb to Thumb Veneer to rom_llp_sleep_on_fragment_config_succeed 0x200072c1   Thumb Code    12  anon$$obj.o(Veneer$$Code)
    Long Thumb to Thumb Veneer to rom_llp_scan_init_start_time_adjust 0x200072cd   Thumb Code    12  anon$$obj.o(Veneer$$Code)
    Long Thumb to Thumb Veneer to rom_llp_scan_init_work_time_adjust 0x200072d9   Thumb Code    12  anon$$obj.o(Veneer$$Code)
    Long Thumb to Thumb Veneer to rom_llp_scan_init_mode_rx_en_time_adjust 0x200072e5   Thumb Code    12  anon$$obj.o(Veneer$$Code)
    Long Thumb to Thumb Veneer to rom_llc_encryption_procedure_peer_initiated_init 0x200072f1   Thumb Code    12  anon$$obj.o(Veneer$$Code)
    Long Thumb to Thumb Veneer to rom_llc_connection_update_procedure_peer_initiated_init 0x200072fd   Thumb Code    12  anon$$obj.o(Veneer$$Code)
    Long Thumb to Thumb Veneer to rom_llc_channel_map_update_procedure_peer_initiated_init 0x20007309   Thumb Code    12  anon$$obj.o(Veneer$$Code)
    Long Thumb to Thumb Veneer to rom_llc_version_exchange_procedure_peer_initiated_init 0x20007315   Thumb Code    12  anon$$obj.o(Veneer$$Code)
    Long Thumb to Thumb Veneer to rom_llc_data_length_update_procedure_peer_initiated_init 0x20007321   Thumb Code    12  anon$$obj.o(Veneer$$Code)
    Long Thumb to Thumb Veneer to rom_llc_phy_update_procedure_peer_initiated_init 0x2000732d   Thumb Code    12  anon$$obj.o(Veneer$$Code)
    Long Thumb to Thumb Veneer to rom_hw_sys_ctrl_peri_int_ctrl 0x20007339   Thumb Code    12  anon$$obj.o(Veneer$$Code)
    Long Thumb to Thumb Veneer to rom_hw_trng_gen_32bit 0x20007345   Thumb Code    12  anon$$obj.o(Veneer$$Code)
    Long Thumb to Thumb Veneer to rom_rand_init 0x20007351   Thumb Code    12  anon$$obj.o(Veneer$$Code)
    Long Thumb to Thumb Veneer to rom_hal_rf_cali_init 0x2000735d   Thumb Code    12  anon$$obj.o(Veneer$$Code)
    Long Thumb to Thumb Veneer to rom_hal_rf_tx_cali 0x20007369   Thumb Code    12  anon$$obj.o(Veneer$$Code)
    Long Thumb to Thumb Veneer to rom_hal_rf_rx_cali 0x20007375   Thumb Code    12  anon$$obj.o(Veneer$$Code)
    Long Thumb to Thumb Veneer to rom_hal_rf_rx_dc_cal_sweep 0x20007381   Thumb Code    12  anon$$obj.o(Veneer$$Code)
    Long Thumb to Thumb Veneer to rom_hal_rf_tx_power_table_init 0x2000738d   Thumb Code    12  anon$$obj.o(Veneer$$Code)
    Long Thumb to Thumb Veneer to rom_hw_rf_tx_pa_h2_config 0x20007399   Thumb Code    12  anon$$obj.o(Veneer$$Code)
    Long Thumb to Thumb Veneer to osMemoryPoolAlloc 0x200073a5   Thumb Code    12  anon$$obj.o(Veneer$$Code)
    Long Thumb to Thumb Veneer to osMessageQueuePut 0x200073b1   Thumb Code    12  anon$$obj.o(Veneer$$Code)
    Long Thumb to Thumb Veneer to rom_hw_crg_get_lpwr_clk_src 0x200073bd   Thumb Code    12  anon$$obj.o(Veneer$$Code)
    Long Thumb to Thumb Veneer to rom_hw_crg_get_32k_cycles_of_dcxo_hclk 0x200073c9   Thumb Code    12  anon$$obj.o(Veneer$$Code)
    __0printf$8                              0x200073d5   Thumb Code    24  printf8.o(i.__0printf$8)
    __1printf$8                              0x200073d5   Thumb Code     0  printf8.o(i.__0printf$8)
    __2printf                                0x200073d5   Thumb Code     0  printf8.o(i.__0printf$8)
    puts                                     0x20007869   Thumb Code    28  puts.o(i.puts)
    __stdout                                 0x20007d10   Data           4  stdout.o(.data)
    bleStackTaskId                           0x20007d64   Data           4  ble_host_init.o(.bss.bleStackTaskId)
    bleStackTaskMsgQueueId                   0x20007d9c   Data           4  ble_host_init.o(.bss.bleStackTaskMsgQueueId)
    g_pstAclDataMem                          0x20008c00   Data          64  ble_controller_init.o(.bss.g_pstAclDataMem)
    g_pstConnectionRoleMem                   0x20008c40   Data        1136  ble_controller_init.o(.bss.g_pstConnectionRoleMem)
    g_pstHciCommandMemBuffer                 0x200090b0   Data          32  ble_controller_init.o(.bss.g_pstHciCommandMemBuffer)
    g_pstLegacyAdvMemBuffer                  0x200090d0   Data         408  ble_controller_init.o(.bss.g_pstLegacyAdvMemBuffer)
    g_pstLegacyInitiatorMemBuffer            0x20009268   Data         296  ble_controller_init.o(.bss.g_pstLegacyInitiatorMemBuffer)
    g_pstLlcExtAdvMem                        0x20009390   Data           4  llc_ext_adv.o(.bss.g_pstLlcExtAdvMem)
    g_pstLlcExtInitiatorMem                  0x20009394   Data           4  llc_ext_initiator.o(.bss.g_pstLlcExtInitiatorMem)
    g_pstLlcExtScanMem                       0x20009398   Data           4  llc_ext_scan.o(.bss.g_pstLlcExtScanMem)
    g_pstLlcLegacyScanMemBuffer              0x200093a0   Data         232  ble_controller_init.o(.bss.g_pstLlcLegacyScanMemBuffer)
    g_pstLongAdvChannelPduMem                0x20009488   Data         112  ble_controller_init.o(.bss.g_pstLongAdvChannelPduMem)
    g_pstLongRxDataChannelPduMem             0x200094f8   Data          96  ble_controller_init.o(.bss.g_pstLongRxDataChannelPduMem)
    g_pstLongTxDataChannelPduMem             0x20009558   Data          96  ble_controller_init.o(.bss.g_pstLongTxDataChannelPduMem)
    g_pstResolvingListBuffer                 0x200095b8   Data          96  ble_controller_init.o(.bss.g_pstResolvingListBuffer)
    g_pstSchedulerEventArrayBuffer           0x20009618   Data          16  ble_controller_init.o(.bss.g_pstSchedulerEventArrayBuffer)
    g_pstSchedulerEventTempArrayBuffer       0x20009628   Data          16  ble_controller_init.o(.bss.g_pstSchedulerEventTempArrayBuffer)
    g_pstShortAdvChannelPduMem               0x20009638   Data         112  ble_controller_init.o(.bss.g_pstShortAdvChannelPduMem)
    g_pstShortRxDataChannelPduMem            0x200096a8   Data         192  ble_controller_init.o(.bss.g_pstShortRxDataChannelPduMem)
    g_pstShortTxDataChannelPduMem            0x20009768   Data         192  ble_controller_init.o(.bss.g_pstShortTxDataChannelPduMem)
    g_pstWhiteListBuffer                     0x20009828   Data          48  ble_controller_init.o(.bss.g_pstWhiteListBuffer)
    g_pu8AclDataPayloadMem                   0x20009858   Data         512  ble_controller_init.o(.bss.g_pu8AclDataPayloadMem)
    g_pu8HciCommandParametersBuffer          0x20009a58   Data         512  ble_controller_init.o(.bss.g_pu8HciCommandParametersBuffer)
    g_pu8LongAdvChannelPduPayloadMem         0x20009c58   Data        1024  ble_controller_init.o(.bss.g_pu8LongAdvChannelPduPayloadMem)
    g_pu8LongRxDataChannelPduPayloadMem      0x2000a058   Data         520  ble_controller_init.o(.bss.g_pu8LongRxDataChannelPduPayloadMem)
    g_pu8LongTxDataChannelPduPayloadMem      0x2000a260   Data         520  ble_controller_init.o(.bss.g_pu8LongTxDataChannelPduPayloadMem)
    g_pu8ShortAdvChannelPduPayloadMem        0x2000a468   Data         160  ble_controller_init.o(.bss.g_pu8ShortAdvChannelPduPayloadMem)
    g_pu8ShortRxDataChannelPduPayloadMem     0x2000a508   Data         176  ble_controller_init.o(.bss.g_pu8ShortRxDataChannelPduPayloadMem)
    g_pu8ShortTxDataChannelPduPayloadMem     0x2000a5b8   Data         176  ble_controller_init.o(.bss.g_pu8ShortTxDataChannelPduPayloadMem)
    g_u8LlcExtAdvMaxNum                      0x2000a66a   Data           1  llc_ext_adv.o(.bss.g_u8LlcExtAdvMaxNum)
    gu64BleImplFeatureSet                    0x2000a670   Data           8  patch_llc_feature_exchange_procedure.o(.bss.gu64BleImplFeatureSet)
    llcTaskId                                0x2000a6bc   Data           4  ble_controller_init.o(.bss.llcTaskId)
    llcTaskMsgQueueId                        0x2000a6f4   Data           4  ble_controller_init.o(.bss.llcTaskMsgQueueId)
    __stack_limit                            0x20016000   Data           0  startup_armcm0plus.o(STACK)
    __initial_sp                             0x20017000   Data           0  startup_armcm0plus.o(STACK)



==============================================================================

Memory Map of the image

  Image Entry point : 0x200031b1

  Load Region LOAD_CODE (Base: 0x20003000, Size: 0x00004d20, Max: 0x00014000, ABSOLUTE)

    Execution Region CP_APP_CODE (Exec base: 0x20003000, Load base: 0x20003000, Size: 0x00000128, Max: 0xffffffff, ABSOLUTE)

    Exec Addr    Load Addr    Size         Type   Attr      Idx    E Section Name        Object

    0x20003000   0x20003000   0x000000c0   Data   RO            3    RESET               startup_armcm0plus.o
    0x200030c0   0x200030c0   0x00000000   Code   RO         1630  * .ARM.Collect$$$$00000000  mc_p.l(entry.o)
    0x200030c0   0x200030c0   0x00000004   Code   RO         1916    .ARM.Collect$$$$00000001  mc_p.l(entry2.o)
    0x200030c4   0x200030c4   0x00000004   Code   RO         1919    .ARM.Collect$$$$00000004  mc_p.l(entry5.o)
    0x200030c8   0x200030c8   0x00000000   Code   RO         1921    .ARM.Collect$$$$00000008  mc_p.l(entry7b.o)
    0x200030c8   0x200030c8   0x00000000   Code   RO         1923    .ARM.Collect$$$$0000000A  mc_p.l(entry8b.o)
    0x200030c8   0x200030c8   0x00000008   Code   RO         1924    .ARM.Collect$$$$0000000B  mc_p.l(entry9a.o)
    0x200030d0   0x200030d0   0x00000000   Code   RO         1926    .ARM.Collect$$$$0000000D  mc_p.l(entry10a.o)
    0x200030d0   0x200030d0   0x00000000   Code   RO         1928    .ARM.Collect$$$$0000000F  mc_p.l(entry11a.o)
    0x200030d0   0x200030d0   0x00000004   Code   RO         1917    .ARM.Collect$$$$00002712  mc_p.l(entry2.o)
    0x200030d4   0x200030d4   0x00000024   Code   RO         1956    .text               mc_p.l(init.o)
    0x200030f8   0x200030f8   0x0000000e   Code   RO         1966    i.__scatterload_copy  mc_p.l(handlers.o)
    0x20003106   0x20003106   0x00000002   Code   RO         1967    i.__scatterload_null  mc_p.l(handlers.o)
    0x20003108   0x20003108   0x0000000e   Code   RO         1968    i.__scatterload_zeroinit  mc_p.l(handlers.o)
    0x20003116   0x20003116   0x00000002   PAD
    0x20003118   0x20003118   0x00000010   Data   RO         1965    Region$$Table       anon$$obj.o


    Execution Region ER_CP_APP_CODE (Exec base: 0x20003128, Load base: 0x20003128, Size: 0x00004be8, Max: 0xffffffff, ABSOLUTE)

    Exec Addr    Load Addr    Size         Type   Attr      Idx    E Section Name        Object

    0x20003128   0x20003128   0x00000088   Code   RO          130    .ram.function       lpwr_ctrl.o
    0x200031b0   0x200031b0   0x00000078   Code   RO            4  * .text               startup_armcm0plus.o
    0x20003228   0x20003228   0x00000060   Code   RO         1645    .text               mc_p.l(uldiv.o)
    0x20003288   0x20003288   0x00000030   Code   RO         1647    .text               mc_p.l(llmul.o)
    0x200032b8   0x200032b8   0x00000024   Code   RO         1649    .text               mc_p.l(memcpya.o)
    0x200032dc   0x200032dc   0x0000003e   Code   RO         1935    .text               mc_p.l(uidiv_div0.o)
    0x2000331a   0x2000331a   0x00000020   Code   RO         1941    .text               mc_p.l(llshl.o)
    0x2000333a   0x2000333a   0x00000022   Code   RO         1943    .text               mc_p.l(llushr.o)
    0x2000335c   0x2000335c   0x00000134   Code   RO          105    .text.HardFault_Handler_Proc  err_debug.o
    0x20003490   0x20003490   0x00000008   Code   RO          314    .text.LLC_IRQ_Handler  ble_init.o
    0x20003498   0x20003498   0x0000003c   Code   RO          103    .text.NMI_Handler_Proc  err_debug.o
    0x200034d4   0x200034d4   0x00000020   Code   RO          488    .text.PMU_IRQ_Handler  app_main.o
    0x200034f4   0x200034f4   0x000000e4   Code   RO           30    .text.STIM1_IRQ3_Handler  app_timer.o
    0x200035d8   0x200035d8   0x00000010   Code   RO           11    .text.SystemInit    system_armcm0plus.o
    0x200035e8   0x200035e8   0x0000000c   Code   RO           38    .text.__NVIC_ClearPendingIRQ  app_timer.o
    0x200035f4   0x200035f4   0x00000008   Code   RO          318    .text.__NVIC_ClearPendingIRQ  ble_init.o
    0x200035fc   0x200035fc   0x00000010   Code   RO          500    .text.__NVIC_ClearPendingIRQ  app_main.o
    0x2000360c   0x2000360c   0x0000000c   Code   RO           42    .text.__NVIC_EnableIRQ  app_timer.o
    0x20003618   0x20003618   0x00000008   Code   RO          322    .text.__NVIC_EnableIRQ  ble_init.o
    0x20003620   0x20003620   0x00000010   Code   RO          504    .text.__NVIC_EnableIRQ  app_main.o
    0x20003630   0x20003630   0x00000010   Code   RO           52    .text.__NVIC_SetPendingIRQ  app_timer.o
    0x20003640   0x20003640   0x00000018   Code   RO           40    .text.__NVIC_SetPriority  app_timer.o
    0x20003658   0x20003658   0x00000014   Code   RO          320    .text.__NVIC_SetPriority  ble_init.o
    0x2000366c   0x2000366c   0x00000014   Code   RO          502    .text.__NVIC_SetPriority  app_main.o
    0x20003680   0x20003680   0x0000003c   Code   RO           73    .text.app_debug_deinit  app_debug.o
    0x200036bc   0x200036bc   0x00000058   Code   RO           69    .text.app_debug_init  app_debug.o
    0x20003714   0x20003714   0x0000001c   Code   RO           75    .text.app_debug_print_complete  app_debug.o
    0x20003730   0x20003730   0x00000058   Code   RO           77    .text.app_debug_printf  app_debug.o
    0x20003788   0x20003788   0x0000007c   Code   RO           71    .text.app_debug_reinit  app_debug.o
    0x20003804   0x20003804   0x0000002c   Code   RO          490    .text.app_main      app_main.o
    0x20003830   0x20003830   0x00000058   Code   RO           44    .text.app_timer_create  app_timer.o
    0x20003888   0x20003888   0x0000001e   Code   RO           50    .text.app_timer_delete  app_timer.o
    0x200038a6   0x200038a6   0x00000002   PAD
    0x200038a8   0x200038a8   0x00000060   Code   RO           36    .text.app_timer_init  app_timer.o
    0x20003908   0x20003908   0x00000034   Code   RO           46    .text.app_timer_start  app_timer.o
    0x2000393c   0x2000393c   0x0000001e   Code   RO           48    .text.app_timer_stop  app_timer.o
    0x2000395a   0x2000395a   0x00000002   PAD
    0x2000395c   0x2000395c   0x00000088   Code   RO          390    .text.bleStackTask_init  ble_host_init.o
    0x200039e4   0x200039e4   0x0000004c   Code   RO          402    .text.bleStack_task  ble_host_init.o
    0x20003a30   0x20003a30   0x00000068   Code   RO          400    .text.bleStack_task_init_MemPool  ble_host_init.o
    0x20003a98   0x20003a98   0x00000010   Code   RO          392    .text.ble_app_timer_create  ble_host_init.o
    0x20003aa8   0x20003aa8   0x0000000c   Code   RO          398    .text.ble_app_timer_delete  ble_host_init.o
    0x20003ab4   0x20003ab4   0x0000000c   Code   RO          394    .text.ble_app_timer_start  ble_host_init.o
    0x20003ac0   0x20003ac0   0x0000000c   Code   RO          396    .text.ble_app_timer_stop  ble_host_init.o
    0x20003acc   0x20003acc   0x00000038   Code   RO          341    .text.ble_controller_init  ble_controller_init.o
    0x20003b04   0x20003b04   0x00000010   Code   RO          239    .text.ble_dis_get_attr_len_cb  ble_dis.o
    0x20003b14   0x20003b14   0x00000164   Code   RO          233    .text.ble_dis_init  ble_dis.o
    0x20003c78   0x20003c78   0x00000040   Code   RO          241    .text.ble_dis_read_attr_cb  ble_dis.o
    0x20003cb8   0x20003cb8   0x00000480   Code   RO          461    .text.ble_event_handler  ble_event.o
    0x20004138   0x20004138   0x00000010   Code   RO          459    .text.ble_event_init  ble_event.o
    0x20004148   0x20004148   0x0000000c   Code   RO          215    .text.ble_gap_get_attr_len_cb  ble_gap_service.o
    0x20004154   0x20004154   0x00000018   Code   RO          217    .text.ble_gap_read_attr_cb  ble_gap_service.o
    0x2000416c   0x2000416c   0x000000a0   Code   RO          211    .text.ble_gap_service_init  ble_gap_service.o
    0x2000420c   0x2000420c   0x00000004   Code   RO          219    .text.ble_gap_write_attr_cb  ble_gap_service.o
    0x20004210   0x20004210   0x00000090   Code   RO          388    .text.ble_host_init  ble_host_init.o
    0x200042a0   0x200042a0   0x00000088   Code   RO          316    .text.ble_init      ble_init.o
    0x20004328   0x20004328   0x00000008   Code   RO          324    .text.ble_init_is_system_sleep_allowed  ble_init.o
    0x20004330   0x20004330   0x00000008   Code   RO          326    .text.ble_init_on_system_wakeup_by_llc  ble_init.o
    0x20004338   0x20004338   0x00000114   Code   RO          435    .text.ble_interface_init  ble_interface_init.o
    0x2000444c   0x2000444c   0x0000008c   Code   RO          443    .text.ble_peripheral_init  ble_peripheral.o
    0x200044d8   0x200044d8   0x00000060   Code   RO          445    .text.ble_peripheral_set_device_addr  ble_peripheral.o
    0x20004538   0x20004538   0x00000030   Code   RO          496    .text.ble_profile_init  app_main.o
    0x20004568   0x20004568   0x000001e8   Code   RO          343    .text.controller_mem_init  ble_controller_init.o
    0x20004750   0x20004750   0x000000a8   Code   RO          335    .text.controller_task_init  ble_controller_init.o
    0x200047f8   0x200047f8   0x00000020   Code   RO          113    .text.err_debug_init  err_debug.o
    0x20004818   0x20004818   0x00000048   Code   RO           85    .text.fputc         app_debug.o
    0x20004860   0x20004860   0x00000010   Code   RO           19    .text.idle_task_init  idle_task.o
    0x20004870   0x20004870   0x00000014   Code   RO           21    .text.idle_task_sys_idle_process  idle_task.o
    0x20004884   0x20004884   0x0000004c   Code   RO          337    .text.llc_task      ble_controller_init.o
    0x200048d0   0x200048d0   0x0000000c   Code   RO          508    .text.lpwr_after_wakeup  app_main.o
    0x200048dc   0x200048dc   0x00000022   Code   RO          506    .text.lpwr_before_sleep  app_main.o
    0x200048fe   0x200048fe   0x00000002   PAD
    0x20004900   0x20004900   0x00000034   Code   RO          128    .text.lpwr_ctrl_init  lpwr_ctrl.o
    0x20004934   0x20004934   0x00000030   Code   RO          475    .text.main          main.o
    0x20004964   0x20004964   0x0000005c   Code   RO          107    .text.os_error_handler  err_debug.o
    0x200049c0   0x200049c0   0x00000060   Code   RO          792    .text.patch_att_copy_value  ht32f675x5_patch_lib_cp_r2.lib(patch_att_db.o)
    0x20004a20   0x20004a20   0x000002a0   Code   RO          559    .text.patch_att_packet_handler  ht32f675x5_patch_lib_cp_r2.lib(patch_att_server.o)
    0x20004cc0   0x20004cc0   0x00000010   Code   RO          561    .text.patch_att_packet_handler_init  ht32f675x5_patch_lib_cp_r2.lib(patch_att_server.o)
    0x20004cd0   0x20004cd0   0x00000014   Code   RO          790    .text.patch_att_update_value_len  ht32f675x5_patch_lib_cp_r2.lib(patch_att_db.o)
    0x20004ce4   0x20004ce4   0x00000010   Code   RO          738    .text.patch_ble_impl  ht32f675x5_patch_lib_cp_r2.lib(patch_ble_impl.o)
    0x20004cf4   0x20004cf4   0x0000000c   Code   RO          740    .text.patch_ble_impl_get_comp_id  ht32f675x5_patch_lib_cp_r2.lib(patch_ble_impl.o)
    0x20004d00   0x20004d00   0x0000005c   Code   RO          520    .text.patch_ble_init  ht32f675x5_patch_lib_cp_r2.lib(patch_ble.o)
    0x20004d5c   0x20004d5c   0x00000048   Code   RO          531    .text.patch_gatt_find_server  ht32f675x5_patch_lib_cp_r2.lib(patch_gatts_api.o)
    0x20004da4   0x20004da4   0x00000064   Code   RO          547    .text.patch_gatts_api_add_char  ht32f675x5_patch_lib_cp_r2.lib(patch_gatts_api.o)
    0x20004e08   0x20004e08   0x00000074   Code   RO          545    .text.patch_gatts_api_add_service_end  ht32f675x5_patch_lib_cp_r2.lib(patch_gatts_api.o)
    0x20004e7c   0x20004e7c   0x000000bc   Code   RO          541    .text.patch_gatts_api_add_service_start  ht32f675x5_patch_lib_cp_r2.lib(patch_gatts_api.o)
    0x20004f38   0x20004f38   0x00000060   Code   RO          539    .text.patch_gatts_api_init  ht32f675x5_patch_lib_cp_r2.lib(patch_gatts_api.o)
    0x20004f98   0x20004f98   0x00000064   Code   RO          808    .text.patch_handle_execute_write_request  ht32f675x5_patch_lib_cp_r2.lib(patch_att_db.o)
    0x20004ffc   0x20004ffc   0x000000d0   Code   RO          804    .text.patch_handle_prepare_write_request  ht32f675x5_patch_lib_cp_r2.lib(patch_att_db.o)
    0x200050cc   0x200050cc   0x000000dc   Code   RO          798    .text.patch_handle_read_blob_request  ht32f675x5_patch_lib_cp_r2.lib(patch_att_db.o)
    0x200051a8   0x200051a8   0x000001ec   Code   RO          794    .text.patch_handle_read_by_type_request  ht32f675x5_patch_lib_cp_r2.lib(patch_att_db.o)
    0x20005394   0x20005394   0x000000b8   Code   RO          796    .text.patch_handle_read_request  ht32f675x5_patch_lib_cp_r2.lib(patch_att_db.o)
    0x2000544c   0x2000544c   0x0000001e   Code   RO          806    .text.patch_handle_value_indication  ht32f675x5_patch_lib_cp_r2.lib(patch_att_db.o)
    0x2000546a   0x2000546a   0x00000058   Code   RO          810    .text.patch_handle_write_command  ht32f675x5_patch_lib_cp_r2.lib(patch_att_db.o)
    0x200054c2   0x200054c2   0x00000002   PAD
    0x200054c4   0x200054c4   0x000000e8   Code   RO          802    .text.patch_handle_write_request  ht32f675x5_patch_lib_cp_r2.lib(patch_att_db.o)
    0x200055ac   0x200055ac   0x00000030   Code   RO          533    .text.patch_ht32_att_get_attribute_length_callback  ht32f675x5_patch_lib_cp_r2.lib(patch_gatts_api.o)
    0x200055dc   0x200055dc   0x00000040   Code   RO          535    .text.patch_ht32_att_read_callback  ht32f675x5_patch_lib_cp_r2.lib(patch_gatts_api.o)
    0x2000561c   0x2000561c   0x0000004c   Code   RO          537    .text.patch_ht32_att_write_callback  ht32f675x5_patch_lib_cp_r2.lib(patch_gatts_api.o)
    0x20005668   0x20005668   0x0000000c   Code   RO          648    .text.patch_llc_address  ht32f675x5_patch_lib_cp_r2.lib(patch_llc_address.o)
    0x20005674   0x20005674   0x00000024   Code   RO          660    .text.patch_llc_ctrl_procedure  ht32f675x5_patch_lib_cp_r2.lib(patch_llc_ctrl_procedure.o)
    0x20005698   0x20005698   0x00000380   Code   RO         1033    .text.patch_llc_feature_exchange_procedure_on_recv_ctrl_pdu  ht32f675x5_patch_lib_cp_r2.lib(patch_llc_feature_exchange_procedure.o)
    0x20005a18   0x20005a18   0x00000080   Code   RO         1031    .text.patch_llc_feature_exchange_procedure_peer_initiated_init  ht32f675x5_patch_lib_cp_r2.lib(patch_llc_feature_exchange_procedure.o)
    0x20005a98   0x20005a98   0x00000026   Code   RO          646    .text.patch_llc_hook_prefix_address_set_random_address  ht32f675x5_patch_lib_cp_r2.lib(patch_llc_address.o)
    0x20005abe   0x20005abe   0x00000002   PAD
    0x20005ac0   0x20005ac0   0x00000064   Code   RO          596    .text.patch_llc_hook_prefix_priority_on_event_added  ht32f675x5_patch_lib_cp_r2.lib(patch_llc_priority.o)
    0x20005b24   0x20005b24   0x00000058   Code   RO          600    .text.patch_llc_hook_prefix_priority_on_event_blocked  ht32f675x5_patch_lib_cp_r2.lib(patch_llc_priority.o)
    0x20005b7c   0x20005b7c   0x00000090   Code   RO          598    .text.patch_llc_hook_prefix_priority_on_event_config_failed  ht32f675x5_patch_lib_cp_r2.lib(patch_llc_priority.o)
    0x20005c0c   0x20005c0c   0x0000009c   Code   RO          602    .text.patch_llc_hook_prefix_priority_on_event_stopped  ht32f675x5_patch_lib_cp_r2.lib(patch_llc_priority.o)
    0x20005ca8   0x20005ca8   0x0000002a   Code   RO          618    .text.patch_llc_hook_prefix_privacy_is_adv_scan_init_active  ht32f675x5_patch_lib_cp_r2.lib(patch_llc_privacy.o)
    0x20005cd2   0x20005cd2   0x0000002e   Code   RO          632    .text.patch_llc_hook_prefix_white_list_add_device  ht32f675x5_patch_lib_cp_r2.lib(patch_llc_white_list.o)
    0x20005d00   0x20005d00   0x0000002e   Code   RO          630    .text.patch_llc_hook_prefix_white_list_clear  ht32f675x5_patch_lib_cp_r2.lib(patch_llc_white_list.o)
    0x20005d2e   0x20005d2e   0x0000002c   Code   RO          634    .text.patch_llc_hook_prefix_white_list_remove_device  ht32f675x5_patch_lib_cp_r2.lib(patch_llc_white_list.o)
    0x20005d5a   0x20005d5a   0x00000002   PAD
    0x20005d5c   0x20005d5c   0x00000034   Code   RO          608    .text.patch_llc_priority  ht32f675x5_patch_lib_cp_r2.lib(patch_llc_priority.o)
    0x20005d90   0x20005d90   0x0000000c   Code   RO          620    .text.patch_llc_privacy  ht32f675x5_patch_lib_cp_r2.lib(patch_llc_privacy.o)
    0x20005d9c   0x20005d9c   0x00000020   Code   RO          636    .text.patch_llc_white_list  ht32f675x5_patch_lib_cp_r2.lib(patch_llc_white_list.o)
    0x20005dbc   0x20005dbc   0x00000002   Code   RO          766    .text.patch_llp     ht32f675x5_patch_lib_cp_r2.lib(patch_llp.o)
    0x20005dbe   0x20005dbe   0x00000002   PAD
    0x20005dc0   0x20005dc0   0x00000080   Code   RO         1044    .text.patch_llp_adv_fragment_start  ht32f675x5_patch_lib_cp_r2.lib(patch_llp_adv.o)
    0x20005e40   0x20005e40   0x000000b0   Code   RO          778    .text.patch_llp_hook_prefix_sleep_is_system_sleep_allowed  ht32f675x5_patch_lib_cp_r2.lib(patch_llp_sleep.o)
    0x20005ef0   0x20005ef0   0x00000054   Code   RO          776    .text.patch_llp_hook_prefix_sleep_wakeup  ht32f675x5_patch_lib_cp_r2.lib(patch_llp_sleep.o)
    0x20005f44   0x20005f44   0x00000080   Code   RO         1062    .text.patch_llp_initiator_fragment_start  ht32f675x5_patch_lib_cp_r2.lib(patch_llp_initiator.o)
    0x20005fc4   0x20005fc4   0x00000084   Code   RO         1080    .text.patch_llp_master_fragment_start  ht32f675x5_patch_lib_cp_r2.lib(patch_llp_master.o)
    0x20006048   0x20006048   0x00000080   Code   RO         1053    .text.patch_llp_scan_fragment_start  ht32f675x5_patch_lib_cp_r2.lib(patch_llp_scan.o)
    0x200060c8   0x200060c8   0x00000090   Code   RO         1071    .text.patch_llp_slave_fragment_start  ht32f675x5_patch_lib_cp_r2.lib(patch_llp_slave.o)
    0x20006158   0x20006158   0x00000018   Code   RO          780    .text.patch_llp_sleep  ht32f675x5_patch_lib_cp_r2.lib(patch_llp_sleep.o)
    0x20006170   0x20006170   0x00000038   Code   RO          750    .text.patch_llp_start_adv_fragment  ht32f675x5_patch_lib_cp_r2.lib(patch_llp.o)
    0x200061a8   0x200061a8   0x0000005c   Code   RO          754    .text.patch_llp_start_init_fragment  ht32f675x5_patch_lib_cp_r2.lib(patch_llp.o)
    0x20006204   0x20006204   0x00000038   Code   RO          758    .text.patch_llp_start_master_fragment  ht32f675x5_patch_lib_cp_r2.lib(patch_llp.o)
    0x2000623c   0x2000623c   0x0000005c   Code   RO          752    .text.patch_llp_start_scan_fragment  ht32f675x5_patch_lib_cp_r2.lib(patch_llp.o)
    0x20006298   0x20006298   0x0000003c   Code   RO          756    .text.patch_llp_start_slave_fragment  ht32f675x5_patch_lib_cp_r2.lib(patch_llp.o)
    0x200062d4   0x200062d4   0x0000007e   Code   RO          658    .text.patch_on_prefix_llc_ctrl_procedure_check_and_init_peer_initiated_procedure_by_first_pdu  ht32f675x5_patch_lib_cp_r2.lib(patch_llc_ctrl_procedure.o)
    0x20006352   0x20006352   0x00000002   PAD
    0x20006354   0x20006354   0x000000a4   Code   RO          494    .text.peripheral_init  app_main.o
    0x200063f8   0x200063f8   0x00000034   Code   RO          305    .text.rf_init       rf_init.o
    0x2000642c   0x2000642c   0x00000028   Code   RO          824    .text.rom_llc_ext_adv_get_instance_by_index  ht32f675x5_patch_lib_cp_r2.lib(llc_ext_adv.o)
    0x20006454   0x20006454   0x0000000c   Code   RO          822    .text.rom_llc_ext_adv_get_num  ht32f675x5_patch_lib_cp_r2.lib(llc_ext_adv.o)
    0x20006460   0x20006460   0x00000066   Code   RO          872    .text.rom_llc_ext_adv_is_any_advertising_set_enabled  ht32f675x5_patch_lib_cp_r2.lib(llc_ext_adv.o)
    0x200064c6   0x200064c6   0x00000002   PAD
    0x200064c8   0x200064c8   0x00000070   Code   RO          874    .text.rom_llc_ext_adv_is_white_list_in_use  ht32f675x5_patch_lib_cp_r2.lib(llc_ext_adv.o)
    0x20006538   0x20006538   0x0000000c   Code   RO          904    .text.rom_llc_ext_initiator_get_instance  ht32f675x5_patch_lib_cp_r2.lib(llc_ext_initiator.o)
    0x20006544   0x20006544   0x0000001a   Code   RO          908    .text.rom_llc_ext_initiator_is_enabled  ht32f675x5_patch_lib_cp_r2.lib(llc_ext_initiator.o)
    0x2000655e   0x2000655e   0x00000026   Code   RO          910    .text.rom_llc_ext_initiator_is_white_list_in_use  ht32f675x5_patch_lib_cp_r2.lib(llc_ext_initiator.o)
    0x20006584   0x20006584   0x0000000c   Code   RO          947    .text.rom_llc_ext_scan_get_instance  ht32f675x5_patch_lib_cp_r2.lib(llc_ext_scan.o)
    0x20006590   0x20006590   0x0000001a   Code   RO          951    .text.rom_llc_ext_scan_is_enabled  ht32f675x5_patch_lib_cp_r2.lib(llc_ext_scan.o)
    0x200065aa   0x200065aa   0x0000002a   Code   RO          953    .text.rom_llc_ext_scan_is_white_list_in_use  ht32f675x5_patch_lib_cp_r2.lib(llc_ext_scan.o)
    0x200065d4   0x200065d4   0x00000002   Code   RO          974    .text.rom_llc_priority_ext_adv_on_event_added  ht32f675x5_patch_lib_cp_r2.lib(llc_priority_ext_adv.o)
    0x200065d6   0x200065d6   0x00000002   Code   RO          978    .text.rom_llc_priority_ext_adv_on_event_blocked  ht32f675x5_patch_lib_cp_r2.lib(llc_priority_ext_adv.o)
    0x200065d8   0x200065d8   0x00000002   Code   RO          976    .text.rom_llc_priority_ext_adv_on_event_config_failed  ht32f675x5_patch_lib_cp_r2.lib(llc_priority_ext_adv.o)
    0x200065da   0x200065da   0x00000002   Code   RO          980    .text.rom_llc_priority_ext_adv_on_event_stopped  ht32f675x5_patch_lib_cp_r2.lib(llc_priority_ext_adv.o)
    0x200065dc   0x200065dc   0x00000006   Code   RO          998    .text.rom_llc_priority_ext_initiator_on_event_added  ht32f675x5_patch_lib_cp_r2.lib(llc_priority_ext_initiator.o)
    0x200065e2   0x200065e2   0x00000002   Code   RO         1002    .text.rom_llc_priority_ext_initiator_on_event_blocked  ht32f675x5_patch_lib_cp_r2.lib(llc_priority_ext_initiator.o)
    0x200065e4   0x200065e4   0x00000002   Code   RO         1000    .text.rom_llc_priority_ext_initiator_on_event_config_failed  ht32f675x5_patch_lib_cp_r2.lib(llc_priority_ext_initiator.o)
    0x200065e6   0x200065e6   0x00000002   Code   RO         1004    .text.rom_llc_priority_ext_initiator_on_event_stopped  ht32f675x5_patch_lib_cp_r2.lib(llc_priority_ext_initiator.o)
    0x200065e8   0x200065e8   0x00000014   Code   RO         1013    .text.rom_llc_priority_ext_scan_on_event_added  ht32f675x5_patch_lib_cp_r2.lib(llc_priority_ext_scan.o)
    0x200065fc   0x200065fc   0x0000003e   Code   RO         1017    .text.rom_llc_priority_ext_scan_on_event_blocked  ht32f675x5_patch_lib_cp_r2.lib(llc_priority_ext_scan.o)
    0x2000663a   0x2000663a   0x00000026   Code   RO         1015    .text.rom_llc_priority_ext_scan_on_event_config_failed  ht32f675x5_patch_lib_cp_r2.lib(llc_priority_ext_scan.o)
    0x20006660   0x20006660   0x00000026   Code   RO         1019    .text.rom_llc_priority_ext_scan_on_event_stopped  ht32f675x5_patch_lib_cp_r2.lib(llc_priority_ext_scan.o)
    0x20006686   0x20006686   0x0000000c   Code   RO          604    .text.rom_llc_priority_get_add_level  ht32f675x5_patch_lib_cp_r2.lib(patch_llc_priority.o)
    0x20006692   0x20006692   0x0000000c   Code   RO          606    .text.rom_llc_priority_get_sub_level  ht32f675x5_patch_lib_cp_r2.lib(patch_llc_priority.o)
    0x2000669e   0x2000669e   0x00000002   PAD
    0x200066a0   0x200066a0   0x000000e4   Code   RO          404    .text.send_msg_to_bleStackTask  ble_host_init.o
    0x20006784   0x20006784   0x00000068   Code   RO          339    .text.send_msg_to_llc_task  ble_controller_init.o
    0x200067ec   0x200067ec   0x00000046   Code   RO          492    .text.system_clock_init  app_main.o
    0x20006832   0x20006832   0x00000002   PAD
    0x20006834   0x20006834   0x00000080   Code   RO          111    .text.system_error_handler  err_debug.o
    0x200068b4   0x200068b4   0x0000002c   Code   RO          498    .text.system_lpwr_init  app_main.o
    0x200068e0   0x200068e0   0x0000001c   Code   RO           54    .text.timer_compare  app_timer.o
    0x200068fc   0x200068fc   0x000000c8   Code   RO           34    .text.timer_config  app_timer.o
    0x200069c4   0x200069c4   0x00000054   Code   RO           56    .text.timer_get_ms_counter_dcxo  app_timer.o
    0x20006a18   0x20006a18   0x00000008   Code   RO           32    .text.timer_trig_schedule  app_timer.o
    0x20006a20   0x20006a20   0x0000000c   Ven    RO         1972    Veneer$$Code        anon$$obj.o
    0x20006a2c   0x20006a2c   0x0000000c   Ven    RO         1973    Veneer$$Code        anon$$obj.o
    0x20006a38   0x20006a38   0x0000000c   Ven    RO         1974    Veneer$$Code        anon$$obj.o
    0x20006a44   0x20006a44   0x0000000c   Ven    RO         1975    Veneer$$Code        anon$$obj.o
    0x20006a50   0x20006a50   0x0000000c   Ven    RO         1976    Veneer$$Code        anon$$obj.o
    0x20006a5c   0x20006a5c   0x0000000c   Ven    RO         1977    Veneer$$Code        anon$$obj.o
    0x20006a68   0x20006a68   0x0000000c   Ven    RO         1978    Veneer$$Code        anon$$obj.o
    0x20006a74   0x20006a74   0x0000000c   Ven    RO         1979    Veneer$$Code        anon$$obj.o
    0x20006a80   0x20006a80   0x0000000c   Ven    RO         1980    Veneer$$Code        anon$$obj.o
    0x20006a8c   0x20006a8c   0x0000000c   Ven    RO         1981    Veneer$$Code        anon$$obj.o
    0x20006a98   0x20006a98   0x0000000c   Ven    RO         1982    Veneer$$Code        anon$$obj.o
    0x20006aa4   0x20006aa4   0x0000000c   Ven    RO         1983    Veneer$$Code        anon$$obj.o
    0x20006ab0   0x20006ab0   0x0000000c   Ven    RO         1984    Veneer$$Code        anon$$obj.o
    0x20006abc   0x20006abc   0x0000000c   Ven    RO         1985    Veneer$$Code        anon$$obj.o
    0x20006ac8   0x20006ac8   0x0000000c   Ven    RO         1986    Veneer$$Code        anon$$obj.o
    0x20006ad4   0x20006ad4   0x0000000c   Ven    RO         1987    Veneer$$Code        anon$$obj.o
    0x20006ae0   0x20006ae0   0x0000000c   Ven    RO         1988    Veneer$$Code        anon$$obj.o
    0x20006aec   0x20006aec   0x0000000c   Ven    RO         1989    Veneer$$Code        anon$$obj.o
    0x20006af8   0x20006af8   0x0000000c   Ven    RO         1990    Veneer$$Code        anon$$obj.o
    0x20006b04   0x20006b04   0x0000000c   Ven    RO         1991    Veneer$$Code        anon$$obj.o
    0x20006b10   0x20006b10   0x0000000c   Ven    RO         1992    Veneer$$Code        anon$$obj.o
    0x20006b1c   0x20006b1c   0x0000000c   Ven    RO         1993    Veneer$$Code        anon$$obj.o
    0x20006b28   0x20006b28   0x0000000c   Ven    RO         1994    Veneer$$Code        anon$$obj.o
    0x20006b34   0x20006b34   0x0000000c   Ven    RO         1995    Veneer$$Code        anon$$obj.o
    0x20006b40   0x20006b40   0x0000000c   Ven    RO         1996    Veneer$$Code        anon$$obj.o
    0x20006b4c   0x20006b4c   0x0000000c   Ven    RO         1997    Veneer$$Code        anon$$obj.o
    0x20006b58   0x20006b58   0x0000000c   Ven    RO         1998    Veneer$$Code        anon$$obj.o
    0x20006b64   0x20006b64   0x0000000c   Ven    RO         1999    Veneer$$Code        anon$$obj.o
    0x20006b70   0x20006b70   0x0000000c   Ven    RO         2000    Veneer$$Code        anon$$obj.o
    0x20006b7c   0x20006b7c   0x0000000c   Ven    RO         2001    Veneer$$Code        anon$$obj.o
    0x20006b88   0x20006b88   0x0000000c   Ven    RO         2002    Veneer$$Code        anon$$obj.o
    0x20006b94   0x20006b94   0x0000000c   Ven    RO         2003    Veneer$$Code        anon$$obj.o
    0x20006ba0   0x20006ba0   0x0000000c   Ven    RO         2004    Veneer$$Code        anon$$obj.o
    0x20006bac   0x20006bac   0x0000000c   Ven    RO         2005    Veneer$$Code        anon$$obj.o
    0x20006bb8   0x20006bb8   0x0000000c   Ven    RO         2006    Veneer$$Code        anon$$obj.o
    0x20006bc4   0x20006bc4   0x0000000c   Ven    RO         2007    Veneer$$Code        anon$$obj.o
    0x20006bd0   0x20006bd0   0x0000000c   Ven    RO         2008    Veneer$$Code        anon$$obj.o
    0x20006bdc   0x20006bdc   0x0000000c   Ven    RO         2009    Veneer$$Code        anon$$obj.o
    0x20006be8   0x20006be8   0x0000000c   Ven    RO         2010    Veneer$$Code        anon$$obj.o
    0x20006bf4   0x20006bf4   0x0000000c   Ven    RO         2011    Veneer$$Code        anon$$obj.o
    0x20006c00   0x20006c00   0x0000000c   Ven    RO         2012    Veneer$$Code        anon$$obj.o
    0x20006c0c   0x20006c0c   0x0000000c   Ven    RO         2013    Veneer$$Code        anon$$obj.o
    0x20006c18   0x20006c18   0x0000000c   Ven    RO         2014    Veneer$$Code        anon$$obj.o
    0x20006c24   0x20006c24   0x0000000c   Ven    RO         2015    Veneer$$Code        anon$$obj.o
    0x20006c30   0x20006c30   0x0000000c   Ven    RO         2016    Veneer$$Code        anon$$obj.o
    0x20006c3c   0x20006c3c   0x0000000c   Ven    RO         2017    Veneer$$Code        anon$$obj.o
    0x20006c48   0x20006c48   0x0000000c   Ven    RO         2018    Veneer$$Code        anon$$obj.o
    0x20006c54   0x20006c54   0x0000000c   Ven    RO         2019    Veneer$$Code        anon$$obj.o
    0x20006c60   0x20006c60   0x0000000c   Ven    RO         2020    Veneer$$Code        anon$$obj.o
    0x20006c6c   0x20006c6c   0x0000000c   Ven    RO         2021    Veneer$$Code        anon$$obj.o
    0x20006c78   0x20006c78   0x0000000c   Ven    RO         2022    Veneer$$Code        anon$$obj.o
    0x20006c84   0x20006c84   0x0000000c   Ven    RO         2023    Veneer$$Code        anon$$obj.o
    0x20006c90   0x20006c90   0x0000000c   Ven    RO         2024    Veneer$$Code        anon$$obj.o
    0x20006c9c   0x20006c9c   0x0000000c   Ven    RO         2025    Veneer$$Code        anon$$obj.o
    0x20006ca8   0x20006ca8   0x0000000c   Ven    RO         2026    Veneer$$Code        anon$$obj.o
    0x20006cb4   0x20006cb4   0x0000000c   Ven    RO         2027    Veneer$$Code        anon$$obj.o
    0x20006cc0   0x20006cc0   0x0000000c   Ven    RO         2028    Veneer$$Code        anon$$obj.o
    0x20006ccc   0x20006ccc   0x0000000c   Ven    RO         2029    Veneer$$Code        anon$$obj.o
    0x20006cd8   0x20006cd8   0x0000000c   Ven    RO         2030    Veneer$$Code        anon$$obj.o
    0x20006ce4   0x20006ce4   0x0000000c   Ven    RO         2031    Veneer$$Code        anon$$obj.o
    0x20006cf0   0x20006cf0   0x0000000c   Ven    RO         2032    Veneer$$Code        anon$$obj.o
    0x20006cfc   0x20006cfc   0x0000000c   Ven    RO         2033    Veneer$$Code        anon$$obj.o
    0x20006d08   0x20006d08   0x0000000c   Ven    RO         2034    Veneer$$Code        anon$$obj.o
    0x20006d14   0x20006d14   0x0000000c   Ven    RO         2035    Veneer$$Code        anon$$obj.o
    0x20006d20   0x20006d20   0x0000000c   Ven    RO         2036    Veneer$$Code        anon$$obj.o
    0x20006d2c   0x20006d2c   0x0000000c   Ven    RO         2037    Veneer$$Code        anon$$obj.o
    0x20006d38   0x20006d38   0x0000000c   Ven    RO         2038    Veneer$$Code        anon$$obj.o
    0x20006d44   0x20006d44   0x0000000c   Ven    RO         2039    Veneer$$Code        anon$$obj.o
    0x20006d50   0x20006d50   0x0000000c   Ven    RO         2040    Veneer$$Code        anon$$obj.o
    0x20006d5c   0x20006d5c   0x0000000c   Ven    RO         2041    Veneer$$Code        anon$$obj.o
    0x20006d68   0x20006d68   0x0000000c   Ven    RO         2042    Veneer$$Code        anon$$obj.o
    0x20006d74   0x20006d74   0x0000000c   Ven    RO         2043    Veneer$$Code        anon$$obj.o
    0x20006d80   0x20006d80   0x0000000c   Ven    RO         2044    Veneer$$Code        anon$$obj.o
    0x20006d8c   0x20006d8c   0x0000000c   Ven    RO         2045    Veneer$$Code        anon$$obj.o
    0x20006d98   0x20006d98   0x0000000c   Ven    RO         2046    Veneer$$Code        anon$$obj.o
    0x20006da4   0x20006da4   0x0000000c   Ven    RO         2047    Veneer$$Code        anon$$obj.o
    0x20006db0   0x20006db0   0x0000000c   Ven    RO         2048    Veneer$$Code        anon$$obj.o
    0x20006dbc   0x20006dbc   0x0000000c   Ven    RO         2049    Veneer$$Code        anon$$obj.o
    0x20006dc8   0x20006dc8   0x0000000c   Ven    RO         2050    Veneer$$Code        anon$$obj.o
    0x20006dd4   0x20006dd4   0x0000000c   Ven    RO         2051    Veneer$$Code        anon$$obj.o
    0x20006de0   0x20006de0   0x0000000c   Ven    RO         2052    Veneer$$Code        anon$$obj.o
    0x20006dec   0x20006dec   0x0000000c   Ven    RO         2053    Veneer$$Code        anon$$obj.o
    0x20006df8   0x20006df8   0x0000000c   Ven    RO         2054    Veneer$$Code        anon$$obj.o
    0x20006e04   0x20006e04   0x0000000c   Ven    RO         2055    Veneer$$Code        anon$$obj.o
    0x20006e10   0x20006e10   0x0000000c   Ven    RO         2056    Veneer$$Code        anon$$obj.o
    0x20006e1c   0x20006e1c   0x0000000c   Ven    RO         2057    Veneer$$Code        anon$$obj.o
    0x20006e28   0x20006e28   0x0000000c   Ven    RO         2058    Veneer$$Code        anon$$obj.o
    0x20006e34   0x20006e34   0x0000000c   Ven    RO         2059    Veneer$$Code        anon$$obj.o
    0x20006e40   0x20006e40   0x0000000c   Ven    RO         2060    Veneer$$Code        anon$$obj.o
    0x20006e4c   0x20006e4c   0x0000000c   Ven    RO         2061    Veneer$$Code        anon$$obj.o
    0x20006e58   0x20006e58   0x0000000c   Ven    RO         2062    Veneer$$Code        anon$$obj.o
    0x20006e64   0x20006e64   0x0000000c   Ven    RO         2063    Veneer$$Code        anon$$obj.o
    0x20006e70   0x20006e70   0x0000000c   Ven    RO         2064    Veneer$$Code        anon$$obj.o
    0x20006e7c   0x20006e7c   0x0000000c   Ven    RO         2065    Veneer$$Code        anon$$obj.o
    0x20006e88   0x20006e88   0x0000000c   Ven    RO         2066    Veneer$$Code        anon$$obj.o
    0x20006e94   0x20006e94   0x0000000c   Ven    RO         2067    Veneer$$Code        anon$$obj.o
    0x20006ea0   0x20006ea0   0x0000000c   Ven    RO         2068    Veneer$$Code        anon$$obj.o
    0x20006eac   0x20006eac   0x0000000c   Ven    RO         2069    Veneer$$Code        anon$$obj.o
    0x20006eb8   0x20006eb8   0x0000000c   Ven    RO         2070    Veneer$$Code        anon$$obj.o
    0x20006ec4   0x20006ec4   0x0000000c   Ven    RO         2071    Veneer$$Code        anon$$obj.o
    0x20006ed0   0x20006ed0   0x0000000c   Ven    RO         2072    Veneer$$Code        anon$$obj.o
    0x20006edc   0x20006edc   0x0000000c   Ven    RO         2073    Veneer$$Code        anon$$obj.o
    0x20006ee8   0x20006ee8   0x0000000c   Ven    RO         2074    Veneer$$Code        anon$$obj.o
    0x20006ef4   0x20006ef4   0x0000000c   Ven    RO         2075    Veneer$$Code        anon$$obj.o
    0x20006f00   0x20006f00   0x0000000c   Ven    RO         2076    Veneer$$Code        anon$$obj.o
    0x20006f0c   0x20006f0c   0x0000000c   Ven    RO         2077    Veneer$$Code        anon$$obj.o
    0x20006f18   0x20006f18   0x0000000c   Ven    RO         2078    Veneer$$Code        anon$$obj.o
    0x20006f24   0x20006f24   0x0000000c   Ven    RO         2079    Veneer$$Code        anon$$obj.o
    0x20006f30   0x20006f30   0x0000000c   Ven    RO         2080    Veneer$$Code        anon$$obj.o
    0x20006f3c   0x20006f3c   0x0000000c   Ven    RO         2081    Veneer$$Code        anon$$obj.o
    0x20006f48   0x20006f48   0x0000000c   Ven    RO         2082    Veneer$$Code        anon$$obj.o
    0x20006f54   0x20006f54   0x0000000c   Ven    RO         2083    Veneer$$Code        anon$$obj.o
    0x20006f60   0x20006f60   0x0000000c   Ven    RO         2084    Veneer$$Code        anon$$obj.o
    0x20006f6c   0x20006f6c   0x0000000c   Ven    RO         2085    Veneer$$Code        anon$$obj.o
    0x20006f78   0x20006f78   0x0000000c   Ven    RO         2086    Veneer$$Code        anon$$obj.o
    0x20006f84   0x20006f84   0x0000000c   Ven    RO         2087    Veneer$$Code        anon$$obj.o
    0x20006f90   0x20006f90   0x0000000c   Ven    RO         2088    Veneer$$Code        anon$$obj.o
    0x20006f9c   0x20006f9c   0x0000000c   Ven    RO         2089    Veneer$$Code        anon$$obj.o
    0x20006fa8   0x20006fa8   0x0000000c   Ven    RO         2090    Veneer$$Code        anon$$obj.o
    0x20006fb4   0x20006fb4   0x0000000c   Ven    RO         2091    Veneer$$Code        anon$$obj.o
    0x20006fc0   0x20006fc0   0x0000000c   Ven    RO         2092    Veneer$$Code        anon$$obj.o
    0x20006fcc   0x20006fcc   0x0000000c   Ven    RO         2093    Veneer$$Code        anon$$obj.o
    0x20006fd8   0x20006fd8   0x0000000c   Ven    RO         2094    Veneer$$Code        anon$$obj.o
    0x20006fe4   0x20006fe4   0x0000000c   Ven    RO         2095    Veneer$$Code        anon$$obj.o
    0x20006ff0   0x20006ff0   0x0000000c   Ven    RO         2096    Veneer$$Code        anon$$obj.o
    0x20006ffc   0x20006ffc   0x0000000c   Ven    RO         2097    Veneer$$Code        anon$$obj.o
    0x20007008   0x20007008   0x0000000c   Ven    RO         2098    Veneer$$Code        anon$$obj.o
    0x20007014   0x20007014   0x0000000c   Ven    RO         2099    Veneer$$Code        anon$$obj.o
    0x20007020   0x20007020   0x0000000c   Ven    RO         2100    Veneer$$Code        anon$$obj.o
    0x2000702c   0x2000702c   0x0000000c   Ven    RO         2101    Veneer$$Code        anon$$obj.o
    0x20007038   0x20007038   0x0000000c   Ven    RO         2102    Veneer$$Code        anon$$obj.o
    0x20007044   0x20007044   0x0000000c   Ven    RO         2103    Veneer$$Code        anon$$obj.o
    0x20007050   0x20007050   0x0000000c   Ven    RO         2104    Veneer$$Code        anon$$obj.o
    0x2000705c   0x2000705c   0x0000000c   Ven    RO         2105    Veneer$$Code        anon$$obj.o
    0x20007068   0x20007068   0x0000000c   Ven    RO         2106    Veneer$$Code        anon$$obj.o
    0x20007074   0x20007074   0x0000000c   Ven    RO         2107    Veneer$$Code        anon$$obj.o
    0x20007080   0x20007080   0x0000000c   Ven    RO         2108    Veneer$$Code        anon$$obj.o
    0x2000708c   0x2000708c   0x0000000c   Ven    RO         2109    Veneer$$Code        anon$$obj.o
    0x20007098   0x20007098   0x0000000c   Ven    RO         2110    Veneer$$Code        anon$$obj.o
    0x200070a4   0x200070a4   0x0000000c   Ven    RO         2111    Veneer$$Code        anon$$obj.o
    0x200070b0   0x200070b0   0x0000000c   Ven    RO         2112    Veneer$$Code        anon$$obj.o
    0x200070bc   0x200070bc   0x0000000c   Ven    RO         2113    Veneer$$Code        anon$$obj.o
    0x200070c8   0x200070c8   0x0000000c   Ven    RO         2114    Veneer$$Code        anon$$obj.o
    0x200070d4   0x200070d4   0x0000000c   Ven    RO         2115    Veneer$$Code        anon$$obj.o
    0x200070e0   0x200070e0   0x0000000c   Ven    RO         2116    Veneer$$Code        anon$$obj.o
    0x200070ec   0x200070ec   0x0000000c   Ven    RO         2117    Veneer$$Code        anon$$obj.o
    0x200070f8   0x200070f8   0x0000000c   Ven    RO         2118    Veneer$$Code        anon$$obj.o
    0x20007104   0x20007104   0x0000000c   Ven    RO         2119    Veneer$$Code        anon$$obj.o
    0x20007110   0x20007110   0x0000000c   Ven    RO         2120    Veneer$$Code        anon$$obj.o
    0x2000711c   0x2000711c   0x0000000c   Ven    RO         2121    Veneer$$Code        anon$$obj.o
    0x20007128   0x20007128   0x0000000c   Ven    RO         2122    Veneer$$Code        anon$$obj.o
    0x20007134   0x20007134   0x0000000c   Ven    RO         2123    Veneer$$Code        anon$$obj.o
    0x20007140   0x20007140   0x0000000c   Ven    RO         2124    Veneer$$Code        anon$$obj.o
    0x2000714c   0x2000714c   0x0000000c   Ven    RO         2125    Veneer$$Code        anon$$obj.o
    0x20007158   0x20007158   0x0000000c   Ven    RO         2126    Veneer$$Code        anon$$obj.o
    0x20007164   0x20007164   0x0000000c   Ven    RO         2127    Veneer$$Code        anon$$obj.o
    0x20007170   0x20007170   0x0000000c   Ven    RO         2128    Veneer$$Code        anon$$obj.o
    0x2000717c   0x2000717c   0x0000000c   Ven    RO         2129    Veneer$$Code        anon$$obj.o
    0x20007188   0x20007188   0x0000000c   Ven    RO         2130    Veneer$$Code        anon$$obj.o
    0x20007194   0x20007194   0x0000000c   Ven    RO         2131    Veneer$$Code        anon$$obj.o
    0x200071a0   0x200071a0   0x0000000c   Ven    RO         2132    Veneer$$Code        anon$$obj.o
    0x200071ac   0x200071ac   0x0000000c   Ven    RO         2133    Veneer$$Code        anon$$obj.o
    0x200071b8   0x200071b8   0x0000000c   Ven    RO         2134    Veneer$$Code        anon$$obj.o
    0x200071c4   0x200071c4   0x0000000c   Ven    RO         2135    Veneer$$Code        anon$$obj.o
    0x200071d0   0x200071d0   0x0000000c   Ven    RO         2136    Veneer$$Code        anon$$obj.o
    0x200071dc   0x200071dc   0x0000000c   Ven    RO         2137    Veneer$$Code        anon$$obj.o
    0x200071e8   0x200071e8   0x0000000c   Ven    RO         2138    Veneer$$Code        anon$$obj.o
    0x200071f4   0x200071f4   0x0000000c   Ven    RO         2139    Veneer$$Code        anon$$obj.o
    0x20007200   0x20007200   0x0000000c   Ven    RO         2140    Veneer$$Code        anon$$obj.o
    0x2000720c   0x2000720c   0x0000000c   Ven    RO         2141    Veneer$$Code        anon$$obj.o
    0x20007218   0x20007218   0x0000000c   Ven    RO         2142    Veneer$$Code        anon$$obj.o
    0x20007224   0x20007224   0x0000000c   Ven    RO         2143    Veneer$$Code        anon$$obj.o
    0x20007230   0x20007230   0x0000000c   Ven    RO         2144    Veneer$$Code        anon$$obj.o
    0x2000723c   0x2000723c   0x0000000c   Ven    RO         2145    Veneer$$Code        anon$$obj.o
    0x20007248   0x20007248   0x0000000c   Ven    RO         2146    Veneer$$Code        anon$$obj.o
    0x20007254   0x20007254   0x0000000c   Ven    RO         2147    Veneer$$Code        anon$$obj.o
    0x20007260   0x20007260   0x0000000c   Ven    RO         2148    Veneer$$Code        anon$$obj.o
    0x2000726c   0x2000726c   0x0000000c   Ven    RO         2149    Veneer$$Code        anon$$obj.o
    0x20007278   0x20007278   0x0000000c   Ven    RO         2150    Veneer$$Code        anon$$obj.o
    0x20007284   0x20007284   0x0000000c   Ven    RO         2151    Veneer$$Code        anon$$obj.o
    0x20007290   0x20007290   0x0000000c   Ven    RO         2152    Veneer$$Code        anon$$obj.o
    0x2000729c   0x2000729c   0x0000000c   Ven    RO         2153    Veneer$$Code        anon$$obj.o
    0x200072a8   0x200072a8   0x0000000c   Ven    RO         2154    Veneer$$Code        anon$$obj.o
    0x200072b4   0x200072b4   0x0000000c   Ven    RO         2155    Veneer$$Code        anon$$obj.o
    0x200072c0   0x200072c0   0x0000000c   Ven    RO         2156    Veneer$$Code        anon$$obj.o
    0x200072cc   0x200072cc   0x0000000c   Ven    RO         2157    Veneer$$Code        anon$$obj.o
    0x200072d8   0x200072d8   0x0000000c   Ven    RO         2158    Veneer$$Code        anon$$obj.o
    0x200072e4   0x200072e4   0x0000000c   Ven    RO         2159    Veneer$$Code        anon$$obj.o
    0x200072f0   0x200072f0   0x0000000c   Ven    RO         2160    Veneer$$Code        anon$$obj.o
    0x200072fc   0x200072fc   0x0000000c   Ven    RO         2161    Veneer$$Code        anon$$obj.o
    0x20007308   0x20007308   0x0000000c   Ven    RO         2162    Veneer$$Code        anon$$obj.o
    0x20007314   0x20007314   0x0000000c   Ven    RO         2163    Veneer$$Code        anon$$obj.o
    0x20007320   0x20007320   0x0000000c   Ven    RO         2164    Veneer$$Code        anon$$obj.o
    0x2000732c   0x2000732c   0x0000000c   Ven    RO         2165    Veneer$$Code        anon$$obj.o
    0x20007338   0x20007338   0x0000000c   Ven    RO         2166    Veneer$$Code        anon$$obj.o
    0x20007344   0x20007344   0x0000000c   Ven    RO         2167    Veneer$$Code        anon$$obj.o
    0x20007350   0x20007350   0x0000000c   Ven    RO         2168    Veneer$$Code        anon$$obj.o
    0x2000735c   0x2000735c   0x0000000c   Ven    RO         2169    Veneer$$Code        anon$$obj.o
    0x20007368   0x20007368   0x0000000c   Ven    RO         2170    Veneer$$Code        anon$$obj.o
    0x20007374   0x20007374   0x0000000c   Ven    RO         2171    Veneer$$Code        anon$$obj.o
    0x20007380   0x20007380   0x0000000c   Ven    RO         2172    Veneer$$Code        anon$$obj.o
    0x2000738c   0x2000738c   0x0000000c   Ven    RO         2173    Veneer$$Code        anon$$obj.o
    0x20007398   0x20007398   0x0000000c   Ven    RO         2174    Veneer$$Code        anon$$obj.o
    0x200073a4   0x200073a4   0x0000000c   Ven    RO         2175    Veneer$$Code        anon$$obj.o
    0x200073b0   0x200073b0   0x0000000c   Ven    RO         2176    Veneer$$Code        anon$$obj.o
    0x200073bc   0x200073bc   0x0000000c   Ven    RO         2177    Veneer$$Code        anon$$obj.o
    0x200073c8   0x200073c8   0x0000000c   Ven    RO         2178    Veneer$$Code        anon$$obj.o
    0x200073d4   0x200073d4   0x00000020   Code   RO         1862    i.__0printf$8       mc_p.l(printf8.o)
    0x200073f4   0x200073f4   0x00000428   Code   RO         1869    i._printf_core      mc_p.l(printf8.o)
    0x2000781c   0x2000781c   0x00000020   Code   RO         1870    i._printf_post_padding  mc_p.l(printf8.o)
    0x2000783c   0x2000783c   0x0000002c   Code   RO         1871    i._printf_pre_padding  mc_p.l(printf8.o)
    0x20007868   0x20007868   0x00000020   Code   RO         1633    i.puts              mc_p.l(puts.o)
    0x20007888   0x20007888   0x00000018   Data   RO          416    .rodata..L__const.bleStackTask_init.bleStackTask_msg_queue_attr  ble_host_init.o
    0x200078a0   0x200078a0   0x00000024   Data   RO          419    .rodata..L__const.bleStackTask_init.bleStackTask_task_attr  ble_host_init.o
    0x200078c4   0x200078c4   0x00000018   Data   RO          425    .rodata..L__const.bleStack_task_init_MemPool.MemPoolLongAttr  ble_host_init.o
    0x200078dc   0x200078dc   0x00000018   Data   RO          422    .rodata..L__const.bleStack_task_init_MemPool.MemPoolShortAttr  ble_host_init.o
    0x200078f4   0x200078f4   0x0000000f   Data   RO          447    .rodata..L__const.ble_peripheral_init.stAdvParam  ble_peripheral.o
    0x20007903   0x20007903   0x00000006   Data   RO          450    .rodata..L__const.ble_peripheral_set_device_addr.au8Mac  ble_peripheral.o
    0x20007909   0x20007909   0x00000003   PAD
    0x2000790c   0x2000790c   0x00000010   Data   RO          378    .rodata..L__const.controller_mem_init.stLlcAdvChannelPduMemCfg  ble_controller_init.o
    0x2000791c   0x2000791c   0x00000020   Data   RO          379    .rodata..L__const.controller_mem_init.stLlcDataChannelPduMemCfg  ble_controller_init.o
    0x2000793c   0x2000793c   0x00000024   Data   RO          352    .rodata..L__const.controller_task_init.llc_task_attr  ble_controller_init.o
    0x20007960   0x20007960   0x00000018   Data   RO          348    .rodata..L__const.controller_task_init.llc_task_msg_queue_attr  ble_controller_init.o
    0x20007978   0x20007978   0x00000024   Data   RO          480    .rodata..L__const.main.attr  main.o
    0x2000799c   0x2000799c   0x0000000c   Data   RO          243    .rodata.devInfoServiceCBs  ble_dis.o
    0x200079a8   0x200079a8   0x0000000c   Data   RO          223    .rodata.m_stGattCBs  ble_gap_service.o
    0x200079b4   0x200079b4   0x0000000e   Data   RO          251    .rodata.m_u811073Cert  ble_dis.o
    0x200079c2   0x200079c2   0x00000002   PAD
    0x200079c4   0x200079c4   0x00000012   Data   RO          247    .rodata.m_u8FirmwareRev  ble_dis.o
    0x200079d6   0x200079d6   0x00000002   PAD
    0x200079d8   0x200079d8   0x00000012   Data   RO          248    .rodata.m_u8HardwareRev  ble_dis.o
    0x200079ea   0x200079ea   0x00000002   PAD
    0x200079ec   0x200079ec   0x00000012   Data   RO          250    .rodata.m_u8MfrName  ble_dis.o
    0x200079fe   0x200079fe   0x00000002   PAD
    0x20007a00   0x20007a00   0x0000000d   Data   RO          245    .rodata.m_u8ModelNumber  ble_dis.o
    0x20007a0d   0x20007a0d   0x00000003   PAD
    0x20007a10   0x20007a10   0x0000000e   Data   RO          246    .rodata.m_u8SerialNumber  ble_dis.o
    0x20007a1e   0x20007a1e   0x00000002   PAD
    0x20007a20   0x20007a20   0x00000012   Data   RO          249    .rodata.m_u8SoftwareRev  ble_dis.o
    0x20007a32   0x20007a32   0x0000005d   Data   RO          115    .rodata.str1.1      err_debug.o
    0x20007a8f   0x20007a8f   0x0000001c   Data   RO          345    .rodata.str1.1      ble_controller_init.o
    0x20007aab   0x20007aab   0x00000055   Data   RO          413    .rodata.str1.1      ble_host_init.o
    0x20007b00   0x20007b00   0x000001ea   Data   RO          466    .rodata.str1.1      ble_event.o
    0x20007cea   0x20007cea   0x00000009   Data   RO          477    .rodata.str1.1      main.o
    0x20007cf3   0x20007cf3   0x00000001   PAD
    0x20007cf4   0x20007cf4   0x0000001a   Data   RO          449    .rodata.str1.4      ble_peripheral.o


    Execution Region CP_RAM_DATA (Exec base: 0x20007d10, Load base: 0x20007d10, Size: 0x000064cc, Max: 0xffffffff, ABSOLUTE)

    Exec Addr    Load Addr    Size         Type   Attr      Idx    E Section Name        Object

    0x20007d10   0x20007d10   0x00000004   Data   RW         1930    .data               mc_p.l(stdout.o)
    0x20007d14   0x20007d14   0x00000007   Data   RW          252    .data.m_u8PnpId     ble_dis.o
    0x20007d1b   0x20007d1b   0x00000005   PAD
    0x20007d20        -       0x00000044   Zero   RW          417    .bss.bleStackTaskCb  ble_host_init.o
    0x20007d64        -       0x00000004   Zero   RW          411    .bss.bleStackTaskId  ble_host_init.o
    0x20007d68        -       0x00000034   Zero   RW          414    .bss.bleStackTaskMsgQueueCb  ble_host_init.o
    0x20007d9c        -       0x00000004   Zero   RW          412    .bss.bleStackTaskMsgQueueId  ble_host_init.o
    0x20007da0        -       0x00000600   Zero   RW          415    .bss.bleStackTaskMsgQueueMem  ble_host_init.o
    0x200083a0        -       0x00000800   Zero   RW          418    .bss.bleStackTaskStack  ble_host_init.o
    0x20008ba0        -       0x00000060   Zero   RW          410    .bss.g_appTimerNode  ble_host_init.o
    0x20008c00        -       0x00000040   Zero   RW          374    .bss.g_pstAclDataMem  ble_controller_init.o
    0x20008c40        -       0x00000470   Zero   RW          357    .bss.g_pstConnectionRoleMem  ble_controller_init.o
    0x200090b0        -       0x00000020   Zero   RW          376    .bss.g_pstHciCommandMemBuffer  ble_controller_init.o
    0x200090d0        -       0x00000198   Zero   RW          354    .bss.g_pstLegacyAdvMemBuffer  ble_controller_init.o
    0x20009268        -       0x00000128   Zero   RW          356    .bss.g_pstLegacyInitiatorMemBuffer  ble_controller_init.o
    0x20009390        -       0x00000004   Zero   RW          878    .bss.g_pstLlcExtAdvMem  ht32f675x5_patch_lib_cp_r2.lib(llc_ext_adv.o)
    0x20009394        -       0x00000004   Zero   RW          920    .bss.g_pstLlcExtInitiatorMem  ht32f675x5_patch_lib_cp_r2.lib(llc_ext_initiator.o)
    0x20009398        -       0x00000004   Zero   RW          961    .bss.g_pstLlcExtScanMem  ht32f675x5_patch_lib_cp_r2.lib(llc_ext_scan.o)
    0x2000939c   0x20007d1b   0x00000004   PAD
    0x200093a0        -       0x000000e8   Zero   RW          355    .bss.g_pstLlcLegacyScanMemBuffer  ble_controller_init.o
    0x20009488        -       0x00000070   Zero   RW          362    .bss.g_pstLongAdvChannelPduMem  ble_controller_init.o
    0x200094f8        -       0x00000060   Zero   RW          370    .bss.g_pstLongRxDataChannelPduMem  ble_controller_init.o
    0x20009558        -       0x00000060   Zero   RW          366    .bss.g_pstLongTxDataChannelPduMem  ble_controller_init.o
    0x200095b8        -       0x00000060   Zero   RW          361    .bss.g_pstResolvingListBuffer  ble_controller_init.o
    0x20009618        -       0x00000010   Zero   RW          358    .bss.g_pstSchedulerEventArrayBuffer  ble_controller_init.o
    0x20009628        -       0x00000010   Zero   RW          359    .bss.g_pstSchedulerEventTempArrayBuffer  ble_controller_init.o
    0x20009638        -       0x00000070   Zero   RW          364    .bss.g_pstShortAdvChannelPduMem  ble_controller_init.o
    0x200096a8        -       0x000000c0   Zero   RW          372    .bss.g_pstShortRxDataChannelPduMem  ble_controller_init.o
    0x20009768        -       0x000000c0   Zero   RW          368    .bss.g_pstShortTxDataChannelPduMem  ble_controller_init.o
    0x20009828        -       0x00000030   Zero   RW          360    .bss.g_pstWhiteListBuffer  ble_controller_init.o
    0x20009858        -       0x00000200   Zero   RW          375    .bss.g_pu8AclDataPayloadMem  ble_controller_init.o
    0x20009a58        -       0x00000200   Zero   RW          377    .bss.g_pu8HciCommandParametersBuffer  ble_controller_init.o
    0x20009c58        -       0x00000400   Zero   RW          363    .bss.g_pu8LongAdvChannelPduPayloadMem  ble_controller_init.o
    0x2000a058        -       0x00000208   Zero   RW          371    .bss.g_pu8LongRxDataChannelPduPayloadMem  ble_controller_init.o
    0x2000a260        -       0x00000208   Zero   RW          367    .bss.g_pu8LongTxDataChannelPduPayloadMem  ble_controller_init.o
    0x2000a468        -       0x000000a0   Zero   RW          365    .bss.g_pu8ShortAdvChannelPduPayloadMem  ble_controller_init.o
    0x2000a508        -       0x000000b0   Zero   RW          373    .bss.g_pu8ShortRxDataChannelPduPayloadMem  ble_controller_init.o
    0x2000a5b8        -       0x000000b0   Zero   RW          369    .bss.g_pu8ShortTxDataChannelPduPayloadMem  ble_controller_init.o
    0x2000a668        -       0x00000002   Zero   RW          549    .bss.g_u16_gatts_serv_info_num  ht32f675x5_patch_lib_cp_r2.lib(patch_gatts_api.o)
    0x2000a66a        -       0x00000001   Zero   RW          879    .bss.g_u8LlcExtAdvMaxNum  ht32f675x5_patch_lib_cp_r2.lib(llc_ext_adv.o)
    0x2000a66b   0x20007d1b   0x00000001   PAD
    0x2000a66c        -       0x00000004   Zero   RW          550    .bss.gpst_gatt_serv_info  ht32f675x5_patch_lib_cp_r2.lib(patch_gatts_api.o)
    0x2000a670        -       0x00000008   Zero   RW         1035    .bss.gu64BleImplFeatureSet  ht32f675x5_patch_lib_cp_r2.lib(patch_llc_feature_exchange_procedure.o)
    0x2000a678        -       0x00000044   Zero   RW          350    .bss.llcTaskCb      ble_controller_init.o
    0x2000a6bc        -       0x00000004   Zero   RW          353    .bss.llcTaskId      ble_controller_init.o
    0x2000a6c0        -       0x00000034   Zero   RW          346    .bss.llcTaskMsgQueueCb  ble_controller_init.o
    0x2000a6f4        -       0x00000004   Zero   RW          349    .bss.llcTaskMsgQueueId  ble_controller_init.o
    0x2000a6f8        -       0x00000500   Zero   RW          347    .bss.llcTaskMsgQueueMem  ble_controller_init.o
    0x2000abf8        -       0x00000800   Zero   RW          351    .bss.llcTaskStack   ble_controller_init.o
    0x2000b3f8        -       0x00000400   Zero   RW          424    .bss.m_au32PoolMemLong  ble_host_init.o
    0x2000b7f8        -       0x00000240   Zero   RW          421    .bss.m_au32PoolMemShort  ble_host_init.o
    0x2000ba38        -       0x00000002   Zero   RW          222    .bss.m_au8Apperance  ble_gap_service.o
    0x2000ba3a   0x20007d1b   0x00000002   PAD
    0x2000ba3c        -       0x00000020   Zero   RW          221    .bss.m_au8DevName   ble_gap_service.o
    0x2000ba5c        -       0x00000001   Zero   RW          132    .bss.m_enLpwrMode   lpwr_ctrl.o
    0x2000ba5d   0x20007d1b   0x00000003   PAD
    0x2000ba60        -       0x00000004   Zero   RW          426    .bss.m_pMemPoolLong  ble_host_init.o
    0x2000ba64        -       0x00000004   Zero   RW          423    .bss.m_pMemPoolShort  ble_host_init.o
    0x2000ba68        -       0x00000004   Zero   RW           87    .bss.m_pstDebugBuf  app_debug.o
    0x2000ba6c        -       0x00000004   Zero   RW           91    .bss.m_pstDebugGpioHandle  app_debug.o
    0x2000ba70        -       0x00000004   Zero   RW           90    .bss.m_pstDebugUartHandle  app_debug.o
    0x2000ba74        -       0x00000008   Zero   RW          511    .bss.m_stDebugBuf   app_main.o
    0x2000ba7c        -       0x00000080   Zero   RW          407    .bss.m_stGattsServInfo  ble_host_init.o
    0x2000bafc        -       0x00000004   Zero   RW           58    .bss.m_stTimerHead  app_timer.o
    0x2000bb00        -       0x00000004   Zero   RW           59    .bss.m_stTimerTail  app_timer.o
    0x2000bb04        -       0x00000002   Zero   RW          224    .bss.m_u16BleGapServiceHandle.2  ble_gap_service.o
    0x2000bb06        -       0x00000002   Zero   RW          465    .bss.m_u16ConnHandle  ble_event.o
    0x2000bb08        -       0x00000002   Zero   RW           89    .bss.m_u16DebugRxIdx  app_debug.o
    0x2000bb0a        -       0x00000002   Zero   RW           88    .bss.m_u16DebugTxIdx  app_debug.o
    0x2000bb0c        -       0x00000002   Zero   RW           60    .bss.m_u16LastFi    app_timer.o
    0x2000bb0e        -       0x00000002   Zero   RW          244    .bss.m_u16ServiceHandle  ble_dis.o
    0x2000bb10        -       0x00000004   Zero   RW           92    .bss.m_u32DebugIoTx  app_debug.o
    0x2000bb14        -       0x00000004   Zero   RW           93    .bss.m_u32DebugUartBps  app_debug.o
    0x2000bb18        -       0x00000400   Zero   RW          479    .bss.m_u64AppMainStack  main.o
    0x2000bf18        -       0x00000168   Zero   RW          408    .bss.m_u8CtrlPool   ble_host_init.o
    0x2000c080        -       0x00001000   Zero   RW          510    .bss.m_u8DebugBuf   app_main.o
    0x2000d080        -       0x00000400   Zero   RW          406    .bss.m_u8ProfileBuf  ble_host_init.o
    0x2000d480        -       0x00000cc0   Zero   RW          409    .bss.m_u8StackDataPool  ble_host_init.o
    0x2000e140        -       0x00000008   Zero   RW          253    .bss.m_u8SystemId   ble_dis.o
    0x2000e148        -       0x00000048   Zero   RW          420    .bss.os.mempool.cb  ble_host_init.o
    0x2000e190        -       0x00000044   Zero   RW          478    .bss.os.thread.cb   main.o
    0x2000e1d4        -       0x00000004   Zero   RW          134    .bss.pfnLpwrCtrlAfterWakeup  lpwr_ctrl.o
    0x2000e1d8        -       0x00000004   Zero   RW          133    .bss.pfnLpwrCtrlBeforeSleep  lpwr_ctrl.o


    Execution Region CP_STACK_HEAP (Exec base: 0x20016000, Load base: 0x20007d20, Size: 0x00001000, Max: 0x00001000, ABSOLUTE, UNINIT)

    Exec Addr    Load Addr    Size         Type   Attr      Idx    E Section Name        Object

    0x20016000        -       0x00001000   Zero   RW            1    STACK               startup_armcm0plus.o


==============================================================================

Image component sizes


      Code (inc. data)   RO Data    RW Data    ZI Data      Debug   Object Name

       460         56          0          0         24      10229   app_debug.o
       500        140          0          0       4104       7307   app_main.o
       908         52          0          0         10      11025   app_timer.o
       892        252        136          0      10200      22597   ble_controller_init.o
       436         88        125          7         10       3923   ble_dis.o
      1168        462        490          0          2       6822   ble_event.o
       200         16         12          0         36       3530   ble_gap_service.o
       740        100        193          0      10264       9055   ble_host_init.o
       196         56          0          0          0       4239   ble_init.o
       276        100          0          0          0        601   ble_interface_init.o
       236         12         47          0          0       3569   ble_peripheral.o
       620        364         93          0          0       2637   err_debug.o
        36          8          0          0          0        748   idle_task.o
       188         28          0          0          9       4412   lpwr_ctrl.o
        48          8         45          0       1092       3679   main.o
        52          4          0          0          0       1260   rf_init.o
       120         16        192          0       4096       2004   startup_armcm0plus.o
        16          8          0          0          0       1071   system_armcm0plus.o

    ----------------------------------------------------------------------
      9584       2598       1368          8      29856      98708   Object Totals
      2484        828         16          0          0          0   (incl. Generated)
         8          0         19          1          9          0   (incl. Padding)

    ----------------------------------------------------------------------

      Code (inc. data)   RO Data    RW Data    ZI Data      Debug   Library Member Name

       266         12          0          0          5      40597   llc_ext_adv.o
        76          4          0          0          4      32299   llc_ext_initiator.o
        80          4          0          0          4      20426   llc_ext_scan.o
         8          0          0          0          0      10431   llc_priority_ext_adv.o
        12          0          0          0          0       4091   llc_priority_ext_initiator.o
       158          0          0          0          0       9473   llc_priority_ext_scan.o
      1670         28          0          0          0      10268   patch_att_db.o
       688        176          0          0          0      14873   patch_att_server.o
        92         20          0          0          0        667   patch_ble.o
        28         12          0          0          0       2800   patch_ble_impl.o
       760         32          0          0          6       6215   patch_gatts_api.o
        50          4          0          0          0       7806   patch_llc_address.o
       162         36          0          0          0      20665   patch_llc_ctrl_procedure.o
      1024         36          0          0          8      24257   patch_llc_feature_exchange_procedure.o
       564         44          0          0          0      13205   patch_llc_priority.o
        54          4          0          0          0       5670   patch_llc_privacy.o
       168         16          0          0          0       8271   patch_llc_white_list.o
       358         24          0          0          0       6379   patch_llp.o
       128          4          0          0          0       2584   patch_llp_adv.o
       128          4          0          0          0       2600   patch_llp_initiator.o
       132          4          0          0          0       2599   patch_llp_master.o
       128          4          0          0          0       2598   patch_llp_scan.o
       144          4          0          0          0       2643   patch_llp_slave.o
       284         36          0          0          0       3859   patch_llp_sleep.o
         0          0          0          0          0          0   entry.o
         0          0          0          0          0          0   entry10a.o
         0          0          0          0          0          0   entry11a.o
         8          4          0          0          0          0   entry2.o
         4          0          0          0          0          0   entry5.o
         0          0          0          0          0          0   entry7b.o
         0          0          0          0          0          0   entry8b.o
         8          4          0          0          0          0   entry9a.o
        30          0          0          0          0          0   handlers.o
        36          8          0          0          0         68   init.o
        48          0          0          0          0         72   llmul.o
        32          0          0          0          0         68   llshl.o
        34          0          0          0          0         68   llushr.o
        36          0          0          0          0         60   memcpya.o
      1172         52          0          0          0        324   printf8.o
        32          4          0          0          0         68   puts.o
         0          0          0          4          0          0   stdout.o
        62          0          0          0          0         72   uidiv_div0.o
        96          0          0          0          0         84   uldiv.o

    ----------------------------------------------------------------------
      8776        580          0          4         32     256160   Library Totals
        16          0          0          0          5          0   (incl. Padding)

    ----------------------------------------------------------------------

      Code (inc. data)   RO Data    RW Data    ZI Data      Debug   Library Name

      7162        508          0          0         27     255276   ht32f675x5_patch_lib_cp_r2.lib
      1598         72          0          4          0        884   mc_p.l

    ----------------------------------------------------------------------
      8776        580          0          4         32     256160   Library Totals

    ----------------------------------------------------------------------

==============================================================================


      Code (inc. data)   RO Data    RW Data    ZI Data      Debug   

     18360       3178       1368         12      29888     353984   Grand Totals
     18360       3178       1368         12      29888     353984   ELF Image Totals
     18360       3178       1368         12          0          0   ROM Totals

==============================================================================

    Total RO  Size (Code + RO Data)                19728 (  19.27kB)
    Total RW  Size (RW Data + ZI Data)             29900 (  29.20kB)
    Total ROM Size (Code + RO Data + RW Data)      19740 (  19.28kB)

==============================================================================

