"File: Afe.c         Assembler  Version HGASM0202      Page 1


   1  0000              ; Generated by holtek-gcc v3.19, Mon Jul 14 16:56:28 2025
   2  0000              ; 
   3  0000              ; Configuration:
   4  0000              ;       with long instruction
   5  0000              ;       Single ROM, Multi-RAM
   6  0000              ;       bits_per_rom_unit:16
   7  0000              ;       with mp1
   8  0000              ;       with tbhp, address(0x9)
   9  0000              ;          Use tabrd-const
  10  0000              ;       
  11  0000              ; SFR address of long-instruction arch:
  12  0000              ;    mp0 = -1,1,0
  13  0000              ;    mp1 = 4,3,2
  14  0000              ;    mp2 = 14,13,12
  15  0000              ;    tbp = 9,7,8
  16  0000              ;    acc = 5
  17  0000              ;    pcl = 6
  18  0000              ;    status = 10
  19  0000              ;    bp = 11
  20  0000              ;    intc = 32
  21  0000              ;       
  22  0000              ;       
  23  0000              ; use 'tabrdc' instead of 'tabrd'
  24  0000              ;       
  25  0000              
  26  0000              #pragma translator "holtek-gcc 4.6.4" "3.19" "build 20130711"
  27  0000              ; Rebuild 718
  28  0000              
  29  0000              ir equ [2]
  30  0000              mp equ [3]
  31  0000              sbp equ [4]
  32  0000              acc equ [5]
  33  0000              bp equ [11]
  34  0000              tblp equ [7]
  35  0000              tbhp equ [9]
  36  0000              status equ [10]
  37  0000              c equ [10].0
  38  0000              ac equ [10].1
  39  0000              z equ [10].2
  40  0000              ov equ [10].3
  41  0000              cz equ [10].6
  42  0000              sc equ [10].7
  43  0000              intc equ [32]
  44  0000              
  45  0000              extern ra:byte
  46  0000              extern rb:byte
  47  0000              extern rc:byte
  48  0000              extern rd:byte
  49  0000              extern re:byte
  50  0000              extern rf:byte
  51  0000              extern rg:byte
  52  0000              extern rh:byte
  53  0000              extern _Crom2Prom:near
  54  0000              extern _Crom2PromNext:near
  55  0000              
  56  0000              RAMBANK 0 @BITDATASEC, @BITDATASEC1
  57  0000              @HCCINIT	.section 'data'
  58  0000              @HCCINIT0	.section 'data'
  59  0000              @BITDATASEC	 .section 'data'
"File: Afe.ASM       Assembler  Version HGASM0202      Page 2

  60  0000              @BITDATASEC1	 .section 'data'
  61  0000              
  62  0000              #pragma debug scope 1 1
  63  0000              	extern __DELAY3:near
  64  0000              	extern __DELAYX3:near
  65  0000              	extern __DELAYX6:near
  66  0000              	extern __DELAYY5:near
  67  0000              	extern __DELAYY3:near
  68  0000              	extern _builtin_holtek_delay_2:byte
  69  0000              ___irefc equ [69]
  70  0000              ___pvref equ [70]
  71  0000              public _VirefCfg
  72  0000              #pragma debug scope 2 1

  37  0000              #line 37 "d:\d200\product\git\bh66f2455_evm_cgm\2.code\bh66f2455_driver\driver\Afe.c"
  37  0000              _VirefCfg .section 'code'
  37  0000              _VirefCfg proc
  37  0000              public _VirefCfg_2
  37  0000  000D[           local _VirefCfg_2 db 13 dup(?)	; 13,0
            00
            ]
  37  000D              #pragma debug struct_end
  37  000D              #pragma debug struct_end
  37  000D              #pragma debug struct_end
  37  000D              #pragma debug struct_end
  37  000D              #pragma debug variable 43 2 _VirefCfg_2+0 "afePower"
  38  000D              #line 38 "d:\d200\product\git\bh66f2455_evm_cgm\2.code\bh66f2455_driver\driver\Afe.c"
  38  0000  0FFC        	mov a,252
  38  0001  06C5        	andm a,[69]
  39  0002              #line 39 "d:\d200\product\git\bh66f2455_evm_cgm\2.code\bh66f2455_driver\driver\Afe.c"
  39  0002  0700     R  	mov a,_VirefCfg_2[0]
  39  0003  05C5        	orm a,[69]
  40  0004              #line 40 "d:\d200\product\git\bh66f2455_evm_cgm\2.code\bh66f2455_driver\driver\Afe.c"
  40  0004  0700     R  	mov a,_VirefCfg_2[1]
  40  0005  0E01        	and a,1
  40  0006  0080     E  	mov rb,a
  40  0007  1F00     E  	clr ra
  40  0008  1080     E  	sz rb
  40  0009  3000     E  	set ra.2
  40  000A  3545        	clr [69].2
  40  000B  0700     E  	mov a,ra
  40  000C  05C5        	orm a,[69]
  41  000D              #line 41 "d:\d200\product\git\bh66f2455_evm_cgm\2.code\bh66f2455_driver\driver\Afe.c"
  41  000D  0700     R  	mov a,_VirefCfg_2[2]
  41  000E  00C6        	mov [70],a
  42  000F              #line 42 "d:\d200\product\git\bh66f2455_evm_cgm\2.code\bh66f2455_driver\driver\Afe.c"
  42  000F  0700     R  	mov a,_VirefCfg_2[3]
  42  0010  0E01        	and a,1
  42  0011  0080     E  	mov ra,a
  42  0012  1100     E  	swapa ra
  42  0013  0EF0        	and a,0f0h 
  42  0014  0080     E  	mov ra,a
  42  0015  3645        	clr [69].4
  42  0016  0700     E  	mov a,ra
  42  0017  05C5        	orm a,[69]
  42  0018  0003        	ret
  42  0019              _VirefCfg endp
  42  0019              #line 42 "d:\d200\product\git\bh66f2455_evm_cgm\2.code\bh66f2455_driver\driver\Afe.c"
  42  0019              #pragma debug scope 1 1
  42  0019              ___afeda1l equ [74]
"File: Afe.c         Assembler  Version HGASM0202      Page 3

  42  0019              ___afeda1h equ [75]
  42  0019              ___afeda1c equ [73]
  42  0019              public _Dac1Cfg
  42  0019              #pragma debug scope 3 1
  46  0019              #line 46 "d:\d200\product\git\bh66f2455_evm_cgm\2.code\bh66f2455_driver\driver\Afe.c"
  46  0000              _Dac1Cfg .section 'code'
  46  0000              _Dac1Cfg proc
  46  0000              public _Dac1Cfg_2
  46  0000  0003[           local _Dac1Cfg_2 db 3 dup(?)	; 3,0
            00
            ]
  46  0003              #pragma debug struct_end
  46  0003              #pragma debug struct_end
  46  0003              #pragma debug variable 44 3 _Dac1Cfg_2+0 "dac"
  46  0000  0700     R  	mov a,_Dac1Cfg_2[1]
  46  0001  0080     E  	mov rb,a
  46  0002  0700     R  	mov a,_Dac1Cfg_2[2]
  46  0003  0080     E  	mov rc,a
  47  0004              #line 47 "d:\d200\product\git\bh66f2455_evm_cgm\2.code\bh66f2455_driver\driver\Afe.c"
  47  0004  0700     E  	mov a,rb
  47  0005  0080     E  	mov ra,a
  47  0006  1100     E  	swapa ra
  47  0007  0EF0        	and a,0f0h 
  47  0008  0080     E  	mov ra,a
  47  0009  0700     E  	mov a,ra
  47  000A  00CA        	mov [74],a
  48  000B              #line 48 "d:\d200\product\git\bh66f2455_evm_cgm\2.code\bh66f2455_driver\driver\Afe.c"
  48  000B  0F04        	mov a,4
  48  000C              _LI1:
  48  000C  340A        	clr c
  48  000D  1B80     E  	rrc rc
  48  000E  1B80     E  	rrc rb
  48  000F  1785        	sdz acc
  48  0010  2800     R  	jmp _LI1
  48  0011  0700     E  	mov a,rb
  48  0012  00CB        	mov [75],a
  49  0013              #line 49 "d:\d200\product\git\bh66f2455_evm_cgm\2.code\bh66f2455_driver\driver\Afe.c"
  49  0013  0700     R  	mov a,_Dac1Cfg_2[0]
  49  0014  00C9        	mov [73],a
  49  0015  0003        	ret
  49  0016              _Dac1Cfg endp
  49  0016              #line 49 "d:\d200\product\git\bh66f2455_evm_cgm\2.code\bh66f2455_driver\driver\Afe.c"
  49  0016              #pragma debug scope 1 1
  49  0016              ___afeda2l equ [77]
  49  0016              ___afeda2h equ [78]
  49  0016              ___afeda2c equ [76]
  49  0016              public _Dac2Cfg
  49  0016              #pragma debug scope 4 1
  53  0016              #line 53 "d:\d200\product\git\bh66f2455_evm_cgm\2.code\bh66f2455_driver\driver\Afe.c"
  53  0000              _Dac2Cfg .section 'code'
  53  0000              _Dac2Cfg proc
  53  0000              public _Dac2Cfg_2
  53  0000  0003[           local _Dac2Cfg_2 db 3 dup(?)	; 3,0
            00
            ]
  53  0003              #pragma debug struct_end
  53  0003              #pragma debug struct_end
  53  0003              #pragma debug variable 45 4 _Dac2Cfg_2+0 "dac"
  53  0000  0700     R  	mov a,_Dac2Cfg_2[1]
  53  0001  0080     E  	mov rb,a
"File: Afe.c         Assembler  Version HGASM0202      Page 4

  53  0002  0700     R  	mov a,_Dac2Cfg_2[2]
  53  0003  0080     E  	mov rc,a
  54  0004              #line 54 "d:\d200\product\git\bh66f2455_evm_cgm\2.code\bh66f2455_driver\driver\Afe.c"
  54  0004  0700     E  	mov a,rb
  54  0005  0080     E  	mov ra,a
  54  0006  1100     E  	swapa ra
  54  0007  0EF0        	and a,0f0h 
  54  0008  0080     E  	mov ra,a
  54  0009  0700     E  	mov a,ra
  54  000A  00CD        	mov [77],a
  55  000B              #line 55 "d:\d200\product\git\bh66f2455_evm_cgm\2.code\bh66f2455_driver\driver\Afe.c"
  55  000B  0F04        	mov a,4
  55  000C              _LI2:
  55  000C  340A        	clr c
  55  000D  1B80     E  	rrc rc
  55  000E  1B80     E  	rrc rb
  55  000F  1785        	sdz acc
  55  0010  2800     R  	jmp _LI2
  55  0011  0700     E  	mov a,rb
  55  0012  00CE        	mov [78],a
  56  0013              #line 56 "d:\d200\product\git\bh66f2455_evm_cgm\2.code\bh66f2455_driver\driver\Afe.c"
  56  0013  0700     R  	mov a,_Dac2Cfg_2[0]
  56  0014  00CC        	mov [76],a
  56  0015  0003        	ret
  56  0016              _Dac2Cfg endp
  56  0016              #line 56 "d:\d200\product\git\bh66f2455_evm_cgm\2.code\bh66f2455_driver\driver\Afe.c"
  56  0016              #pragma debug scope 1 1
  56  0016              ___afeda3l equ [80]
  56  0016              ___afeda3h equ [81]
  56  0016              ___afeda3c equ [79]
  56  0016              public _Dac3Cfg
  56  0016              #pragma debug scope 5 1
  60  0016              #line 60 "d:\d200\product\git\bh66f2455_evm_cgm\2.code\bh66f2455_driver\driver\Afe.c"
  60  0000              _Dac3Cfg .section 'code'
  60  0000              _Dac3Cfg proc
  60  0000              public _Dac3Cfg_2
  60  0000  0003[           local _Dac3Cfg_2 db 3 dup(?)	; 3,0
            00
            ]
  60  0003              #pragma debug struct_end
  60  0003              #pragma debug struct_end
  60  0003              #pragma debug variable 46 5 _Dac3Cfg_2+0 "dac"
  60  0000  0700     R  	mov a,_Dac3Cfg_2[1]
  60  0001  0080     E  	mov rb,a
  60  0002  0700     R  	mov a,_Dac3Cfg_2[2]
  60  0003  0080     E  	mov rc,a
  61  0004              #line 61 "d:\d200\product\git\bh66f2455_evm_cgm\2.code\bh66f2455_driver\driver\Afe.c"
  61  0004  0700     E  	mov a,rb
  61  0005  0080     E  	mov ra,a
  61  0006  1100     E  	swapa ra
  61  0007  0EF0        	and a,0f0h 
  61  0008  0080     E  	mov ra,a
  61  0009  0700     E  	mov a,ra
  61  000A  00D0        	mov [80],a
  62  000B              #line 62 "d:\d200\product\git\bh66f2455_evm_cgm\2.code\bh66f2455_driver\driver\Afe.c"
  62  000B  0F04        	mov a,4
  62  000C              _LI3:
  62  000C  340A        	clr c
  62  000D  1B80     E  	rrc rc
  62  000E  1B80     E  	rrc rb
"File: Afe.c         Assembler  Version HGASM0202      Page 5

  62  000F  1785        	sdz acc
  62  0010  2800     R  	jmp _LI3
  62  0011  0700     E  	mov a,rb
  62  0012  00D1        	mov [81],a
  63  0013              #line 63 "d:\d200\product\git\bh66f2455_evm_cgm\2.code\bh66f2455_driver\driver\Afe.c"
  63  0013  0700     R  	mov a,_Dac3Cfg_2[0]
  63  0014  00CF        	mov [79],a
  63  0015  0003        	ret
  63  0016              _Dac3Cfg endp
  63  0016              #line 63 "d:\d200\product\git\bh66f2455_evm_cgm\2.code\bh66f2455_driver\driver\Afe.c"
  63  0016              #pragma debug scope 1 1
  63  0016              ___opac equ [71]
  63  0016              ___gsc1 equ [72]
  63  0016              ___fbrc equ [82]
  63  0016              public _Opa1Cfg
  63  0016              #pragma debug scope 6 1
  67  0016              #line 67 "d:\d200\product\git\bh66f2455_evm_cgm\2.code\bh66f2455_driver\driver\Afe.c"
  67  0000              _Opa1Cfg .section 'code'
  67  0000              _Opa1Cfg proc
  67  0000              public _Opa1Cfg_2
  67  0000  0003[           local _Opa1Cfg_2 db 3 dup(?)	; 2,1
            00
            ]
  67  0003              #pragma debug struct_end
  67  0003              #pragma debug struct_end
  67  0003              #pragma debug variable 47 6 _Opa1Cfg_2+0 "opa"
  67  0000  0700     R  	mov a,_Opa1Cfg_2[1]
  67  0001  0080     R  	mov _Opa1Cfg_2[2],a
  69  0002              #line 69 "d:\d200\product\git\bh66f2455_evm_cgm\2.code\bh66f2455_driver\driver\Afe.c"
  69  0002  0700     R  	mov a,_Opa1Cfg_2[0]
  69  0003  0E01        	and a,1
  69  0004  0080     E  	mov ra,a
  69  0005  0700     E  	mov a,ra
  69  0006  0080     E  	mov rb,a
  69  0007  1100     E  	swapa rb
  69  0008  1885        	rl acc
  69  0009  0EE0        	and a,0e0h
  69  000A  0080     E  	mov rb,a
  69  000B  36C7        	clr [71].5
  69  000C  0700     E  	mov a,rb
  69  000D  05C7        	orm a,[71]
  70  000E              #line 70 "d:\d200\product\git\bh66f2455_evm_cgm\2.code\bh66f2455_driver\driver\Afe.c"
  70  000E  3448        	clr [72].0
  70  000F  0700     E  	mov a,ra
  70  0010  05C8        	orm a,[72]
  71  0011              #line 71 "d:\d200\product\git\bh66f2455_evm_cgm\2.code\bh66f2455_driver\driver\Afe.c"
  71  0011  1600     R  	siza _Opa1Cfg_2[2]
  71  0012  2800     R  	jmp _L6
  73  0013              #line 73 "d:\d200\product\git\bh66f2455_evm_cgm\2.code\bh66f2455_driver\driver\Afe.c"
  73  0013  37D2        	clr [82].7
  73  0014  2800     R  	jmp _L5
  73  0015              _L6:
  77  0015              #line 77 "d:\d200\product\git\bh66f2455_evm_cgm\2.code\bh66f2455_driver\driver\Afe.c"
  77  0015  33D2        	set [82].7
  79  0016              #line 79 "d:\d200\product\git\bh66f2455_evm_cgm\2.code\bh66f2455_driver\driver\Afe.c"
  79  0016  0700     R  	mov a,_Opa1Cfg_2[2]
  79  0017  0A00        	sub a,0
  79  0018  3D0A        	sz z
  79  0019  2800     R  	jmp _L8
  79  001A  0A01        	sub a,(1)-(0)
"File: Afe.c         Assembler  Version HGASM0202      Page 6

  79  001B  3D0A        	sz z
  79  001C  2800     R  	jmp _L9
  79  001D  0700     R  	mov a,_Opa1Cfg_2[2]
  79  001E  0A02        	sub a,2
  79  001F  3D0A        	sz z
  79  0020  2800     R  	jmp _L10
  79  0021  0A01        	sub a,(3)-(2)
  79  0022  3D0A        	sz z
  79  0023  2800     R  	jmp _L11
  79  0024  0700     R  	mov a,_Opa1Cfg_2[2]
  79  0025  0A04        	sub a,4
  79  0026  390A        	snz z
  79  0027  2800     R  	jmp _L5
  90  0028              #line 90 "d:\d200\product\git\bh66f2455_evm_cgm\2.code\bh66f2455_driver\driver\Afe.c"
  90  0028  3352        	set [82].6
  90  0029  2800     R  	jmp _L14
  90  002A              _L8:
  90  002A              #pragma debug scope 7 6
  90  002A              ;begin block, line: 90.-1
  90  002A              #pragma debug scope 8 7
  90  002A              ;begin block, line: 90.-1
  82  002A              #line 82 "d:\d200\product\git\bh66f2455_evm_cgm\2.code\bh66f2455_driver\driver\Afe.c"
  82  002A  3752        	clr [82].6
  82  002B  2800     R  	jmp _L14
  82  002C              _L9:
  82  002C              #pragma debug scope 7 6
  82  002C              #pragma debug scope 6 1
  84  002C              #line 84 "d:\d200\product\git\bh66f2455_evm_cgm\2.code\bh66f2455_driver\driver\Afe.c"
  84  002C  3752        	clr [82].6
  84  002D  36D2        	clr [82].5
  84  002E  2800     R  	jmp _L15
  84  002F              _L10:
  86  002F              #line 86 "d:\d200\product\git\bh66f2455_evm_cgm\2.code\bh66f2455_driver\driver\Afe.c"
  86  002F  3752        	clr [82].6
  86  0030  32D2        	set [82].5
  86  0031  2800     R  	jmp _L13
  86  0032              _L11:
  88  0032              #line 88 "d:\d200\product\git\bh66f2455_evm_cgm\2.code\bh66f2455_driver\driver\Afe.c"
  88  0032  3752        	clr [82].6
  88  0033  32D2        	set [82].5
  88  0034              _L15:
  88  0034  3252        	set [82].4
  88  0035  2800     R  	jmp _L5
  88  0036              _L14:
  90  0036              #line 90 "d:\d200\product\git\bh66f2455_evm_cgm\2.code\bh66f2455_driver\driver\Afe.c"
  90  0036  36D2        	clr [82].5
  90  0037              _L13:
  90  0037  3652        	clr [82].4
  90  0038              _L5:
  90  0038  0003        	ret
  90  0039              _Opa1Cfg endp
  90  0039              #line 90 "d:\d200\product\git\bh66f2455_evm_cgm\2.code\bh66f2455_driver\driver\Afe.c"
  90  0039              #pragma debug scope 1 1
  90  0039              public _Opa2Cfg
  90  0039              #pragma debug scope 9 1
  99  0039              #line 99 "d:\d200\product\git\bh66f2455_evm_cgm\2.code\bh66f2455_driver\driver\Afe.c"
  99  0000              _Opa2Cfg .section 'code'
  99  0000              _Opa2Cfg proc
  99  0000              public _Opa2Cfg_2
  99  0000  0003[           local _Opa2Cfg_2 db 3 dup(?)	; 2,1
"File: Afe.c         Assembler  Version HGASM0202      Page 7

            00
            ]
  99  0003              #pragma debug struct_end
  99  0003              #pragma debug struct_end
  99  0003              #pragma debug variable 48 9 _Opa2Cfg_2+0 "opa"
  99  0000  0700     R  	mov a,_Opa2Cfg_2[1]
  99  0001  0080     R  	mov _Opa2Cfg_2[2],a
 101  0002              #line 101 "d:\d200\product\git\bh66f2455_evm_cgm\2.code\bh66f2455_driver\driver\Afe.c"
 101  0002  0700     R  	mov a,_Opa2Cfg_2[0]
 101  0003  0E01        	and a,1
 101  0004  0080     E  	mov ra,a
 101  0005  0700     E  	mov a,ra
 101  0006  0080     E  	mov rb,a
 101  0007  1900     E  	rra rb
 101  0008  1985        	rr acc
 101  0009  0EC0        	and a,0c0h
 101  000A  0080     E  	mov rb,a
 101  000B  3747        	clr [71].6
 101  000C  0700     E  	mov a,rb
 101  000D  05C7        	orm a,[71]
 102  000E              #line 102 "d:\d200\product\git\bh66f2455_evm_cgm\2.code\bh66f2455_driver\driver\Afe.c"
 102  000E  0700     E  	mov a,ra
 102  000F  0380     E  	addm a,ra
 102  0010  34C8        	clr [72].1
 102  0011  0700     E  	mov a,ra
 102  0012  05C8        	orm a,[72]
 103  0013              #line 103 "d:\d200\product\git\bh66f2455_evm_cgm\2.code\bh66f2455_driver\driver\Afe.c"
 103  0013  1600     R  	siza _Opa2Cfg_2[2]
 103  0014  2800     R  	jmp _L18
 105  0015              #line 105 "d:\d200\product\git\bh66f2455_evm_cgm\2.code\bh66f2455_driver\driver\Afe.c"
 105  0015  35D2        	clr [82].3
 105  0016  2800     R  	jmp _L17
 105  0017              _L18:
 109  0017              #line 109 "d:\d200\product\git\bh66f2455_evm_cgm\2.code\bh66f2455_driver\driver\Afe.c"
 109  0017  31D2        	set [82].3
 111  0018              #line 111 "d:\d200\product\git\bh66f2455_evm_cgm\2.code\bh66f2455_driver\driver\Afe.c"
 111  0018  0700     R  	mov a,_Opa2Cfg_2[2]
 111  0019  0A00        	sub a,0
 111  001A  3D0A        	sz z
 111  001B  2800     R  	jmp _L20
 111  001C  0A01        	sub a,(1)-(0)
 111  001D  3D0A        	sz z
 111  001E  2800     R  	jmp _L21
 111  001F  0700     R  	mov a,_Opa2Cfg_2[2]
 111  0020  0A02        	sub a,2
 111  0021  3D0A        	sz z
 111  0022  2800     R  	jmp _L22
 111  0023  0A01        	sub a,(3)-(2)
 111  0024  3D0A        	sz z
 111  0025  2800     R  	jmp _L23
 111  0026  0700     R  	mov a,_Opa2Cfg_2[2]
 111  0027  0A04        	sub a,4
 111  0028  390A        	snz z
 111  0029  2800     R  	jmp _L17
 122  002A              #line 122 "d:\d200\product\git\bh66f2455_evm_cgm\2.code\bh66f2455_driver\driver\Afe.c"
 122  002A  3152        	set [82].2
 122  002B  2800     R  	jmp _L26
 122  002C              _L20:
 114  002C              #line 114 "d:\d200\product\git\bh66f2455_evm_cgm\2.code\bh66f2455_driver\driver\Afe.c"
 114  002C  3552        	clr [82].2
"File: Afe.c         Assembler  Version HGASM0202      Page 8

 114  002D  2800     R  	jmp _L26
 114  002E              _L21:
 116  002E              #line 116 "d:\d200\product\git\bh66f2455_evm_cgm\2.code\bh66f2455_driver\driver\Afe.c"
 116  002E  3552        	clr [82].2
 116  002F  34D2        	clr [82].1
 116  0030  2800     R  	jmp _L27
 116  0031              _L22:
 118  0031              #line 118 "d:\d200\product\git\bh66f2455_evm_cgm\2.code\bh66f2455_driver\driver\Afe.c"
 118  0031  3552        	clr [82].2
 118  0032  30D2        	set [82].1
 118  0033  2800     R  	jmp _L25
 118  0034              _L23:
 120  0034              #line 120 "d:\d200\product\git\bh66f2455_evm_cgm\2.code\bh66f2455_driver\driver\Afe.c"
 120  0034  3552        	clr [82].2
 120  0035  30D2        	set [82].1
 120  0036              _L27:
 120  0036  3052        	set [82].0
 120  0037  2800     R  	jmp _L17
 120  0038              _L26:
 122  0038              #line 122 "d:\d200\product\git\bh66f2455_evm_cgm\2.code\bh66f2455_driver\driver\Afe.c"
 122  0038  34D2        	clr [82].1
 122  0039              _L25:
 122  0039  3452        	clr [82].0
 122  003A              _L17:
 122  003A  0003        	ret
 122  003B              _Opa2Cfg endp
 122  003B              #line 122 "d:\d200\product\git\bh66f2455_evm_cgm\2.code\bh66f2455_driver\driver\Afe.c"
 122  003B              #pragma debug scope 1 1
 122  003B              public _Opa3Cfg
 122  003B              #pragma debug scope 10 1
 131  003B              #line 131 "d:\d200\product\git\bh66f2455_evm_cgm\2.code\bh66f2455_driver\driver\Afe.c"
 131  0000              _Opa3Cfg .section 'code'
 131  0000              _Opa3Cfg proc
 131  0000              public _Opa3Cfg_2
 131  0000  0005[           local _Opa3Cfg_2 db 5 dup(?)	; 5,0
            00
            ]
 131  0005              #pragma debug struct_end
 131  0005              #pragma debug struct_end
 131  0005              #pragma debug struct_end
 131  0005              #pragma debug struct_end
 131  0005              #pragma debug variable 50 10 _Opa3Cfg_2+0 "opa"
 133  0005              #line 133 "d:\d200\product\git\bh66f2455_evm_cgm\2.code\bh66f2455_driver\driver\Afe.c"
 133  0000  0700     R  	mov a,_Opa3Cfg_2[4]
 133  0001  0E01        	and a,1
 133  0002  0080     E  	mov ra,a
 133  0003  0700     E  	mov a,ra
 133  0004  0080     E  	mov rb,a
 133  0005  1B80     E  	rrc rb
 133  0006  1F00     E  	clr rb
 133  0007  1B80     E  	rrc rb
 133  0008  37C7        	clr [71].7
 133  0009  0700     E  	mov a,rb
 133  000A  05C7        	orm a,[71]
 134  000B              #line 134 "d:\d200\product\git\bh66f2455_evm_cgm\2.code\bh66f2455_driver\driver\Afe.c"
 134  000B  1F00     E  	clr rb
 134  000C  1080     E  	sz ra
 134  000D  3000     E  	set rb.2
 134  000E  3548        	clr [72].2
 134  000F  0700     E  	mov a,rb
"File: Afe.c         Assembler  Version HGASM0202      Page 9

 134  0010  05C8        	orm a,[72]
 134  0011  0003        	ret
 134  0012              _Opa3Cfg endp
 134  0012              #line 134 "d:\d200\product\git\bh66f2455_evm_cgm\2.code\bh66f2455_driver\driver\Afe.c"
 134  0012              #pragma debug scope 1 1
 134  0012              public _TwoElAfeCfg
 134  0012              #pragma debug scope 11 1
 138  0012              #line 138 "d:\d200\product\git\bh66f2455_evm_cgm\2.code\bh66f2455_driver\driver\Afe.c"
 138  0000              _TwoElAfeCfg .section 'code'
 138  0000              _TwoElAfeCfg proc
 138  0000              public _TwoElAfeCfg_2
 138  0000  0012[           local _TwoElAfeCfg_2 db 18 dup(?)	; 18,0
            00
            ]
 138  0012              #pragma debug struct_end
 138  0012              #pragma debug struct_end
 138  0012              #pragma debug struct_end
 138  0012              #pragma debug struct_end
 138  0012              #pragma debug variable 52 11 _TwoElAfeCfg_2+0 "afePower"
 138  0012              #pragma debug struct_end
 138  0012              #pragma debug struct_end
 138  0012              #pragma debug struct_end
 138  0012              #pragma debug struct_end
 138  0012              #pragma debug variable 54 11 _TwoElAfeCfg_2+13 "opa"
 140  0012              #line 140 "d:\d200\product\git\bh66f2455_evm_cgm\2.code\bh66f2455_driver\driver\Afe.c"
 140  0000  0700     R  	mov a,_TwoElAfeCfg_2[0]
 140  0001  0080     R  	mov _VirefCfg_2[0],a
 140  0002  0700     R  	mov a,_TwoElAfeCfg_2[1]
 140  0003  0080     R  	mov _VirefCfg_2[1],a
 140  0004  0700     R  	mov a,_TwoElAfeCfg_2[2]
 140  0005  0080     R  	mov _VirefCfg_2[2],a
 140  0006  0700     R  	mov a,_TwoElAfeCfg_2[3]
 140  0007  0080     R  	mov _VirefCfg_2[3],a
 140  0008  0700     R  	mov a,_TwoElAfeCfg_2[4]
 140  0009  0080     R  	mov _VirefCfg_2[4],a
 140  000A  0700     R  	mov a,_TwoElAfeCfg_2[5]
 140  000B  0080     R  	mov _VirefCfg_2[5],a
 140  000C  0700     R  	mov a,_TwoElAfeCfg_2[6]
 140  000D  0080     R  	mov _VirefCfg_2[6],a
 140  000E  0700     R  	mov a,_TwoElAfeCfg_2[7]
 140  000F  0080     R  	mov _VirefCfg_2[7],a
 140  0010  0700     R  	mov a,_TwoElAfeCfg_2[8]
 140  0011  0080     R  	mov _VirefCfg_2[8],a
 140  0012  0700     R  	mov a,_TwoElAfeCfg_2[9]
 140  0013  0080     R  	mov _VirefCfg_2[9],a
 140  0014  0700     R  	mov a,_TwoElAfeCfg_2[10]
 140  0015  0080     R  	mov _VirefCfg_2[10],a
 140  0016  0700     R  	mov a,_TwoElAfeCfg_2[11]
 140  0017  0080     R  	mov _VirefCfg_2[11],a
 140  0018  0700     R  	mov a,_TwoElAfeCfg_2[12]
 140  0019  0080     R  	mov _VirefCfg_2[12],a
 140  001A  2000     R  	call _VirefCfg
 143  001B              #line 143 "d:\d200\product\git\bh66f2455_evm_cgm\2.code\bh66f2455_driver\driver\Afe.c"
 143  001B  0700     R  	mov a,_TwoElAfeCfg_2[4]
 143  001C  0080     R  	mov _Dac1Cfg_2[0],a
 143  001D  0700     R  	mov a,_TwoElAfeCfg_2[5]
 143  001E  0080     R  	mov _Dac1Cfg_2[1],a
 143  001F  0700     R  	mov a,_TwoElAfeCfg_2[6]
 143  0020  0080     R  	mov _Dac1Cfg_2[2],a
 143  0021  2000     R  	call _Dac1Cfg
"File: Afe.c         Assembler  Version HGASM0202      Page 10

 146  0022              #line 146 "d:\d200\product\git\bh66f2455_evm_cgm\2.code\bh66f2455_driver\driver\Afe.c"
 146  0022  0700     R  	mov a,_TwoElAfeCfg_2[13]
 146  0023  0080     R  	mov _Opa1Cfg_2[0],a
 146  0024  0700     R  	mov a,_TwoElAfeCfg_2[14]
 146  0025  0080     R  	mov _Opa1Cfg_2[1],a
 146  0026  2000     R  	call _Opa1Cfg
 146  0027  0003        	ret
 146  0028              _TwoElAfeCfg endp
 146  0028              #line 146 "d:\d200\product\git\bh66f2455_evm_cgm\2.code\bh66f2455_driver\driver\Afe.c"
 146  0028              #pragma debug scope 1 1
 146  0028              public _ThirdElAfeCfg
 146  0028              #pragma debug scope 12 1
 150  0028              #line 150 "d:\d200\product\git\bh66f2455_evm_cgm\2.code\bh66f2455_driver\driver\Afe.c"
 150  0000              _ThirdElAfeCfg .section 'code'
 150  0000              _ThirdElAfeCfg proc
 150  0000              public _ThirdElAfeCfg_2
 150  0000  0012[           local _ThirdElAfeCfg_2 db 18 dup(?)	; 18,0
            00
            ]
 150  0012              #pragma debug struct_end
 150  0012              #pragma debug struct_end
 150  0012              #pragma debug struct_end
 150  0012              #pragma debug struct_end
 150  0012              #pragma debug variable 56 12 _ThirdElAfeCfg_2+0 "afePower"
 150  0012              #pragma debug struct_end
 150  0012              #pragma debug struct_end
 150  0012              #pragma debug struct_end
 150  0012              #pragma debug struct_end
 150  0012              #pragma debug variable 58 12 _ThirdElAfeCfg_2+13 "opa"
 162  0012              #line 162 "d:\d200\product\git\bh66f2455_evm_cgm\2.code\bh66f2455_driver\driver\Afe.c"
 162  0000  0700     R  	mov a,_ThirdElAfeCfg_2[0]
 162  0001  0080     R  	mov _VirefCfg_2[0],a
 162  0002  0700     R  	mov a,_ThirdElAfeCfg_2[1]
 162  0003  0080     R  	mov _VirefCfg_2[1],a
 162  0004  0700     R  	mov a,_ThirdElAfeCfg_2[2]
 162  0005  0080     R  	mov _VirefCfg_2[2],a
 162  0006  0700     R  	mov a,_ThirdElAfeCfg_2[3]
 162  0007  0080     R  	mov _VirefCfg_2[3],a
 162  0008  0700     R  	mov a,_ThirdElAfeCfg_2[4]
 162  0009  0080     R  	mov _VirefCfg_2[4],a
 162  000A  0700     R  	mov a,_ThirdElAfeCfg_2[5]
 162  000B  0080     R  	mov _VirefCfg_2[5],a
 162  000C  0700     R  	mov a,_ThirdElAfeCfg_2[6]
 162  000D  0080     R  	mov _VirefCfg_2[6],a
 162  000E  0700     R  	mov a,_ThirdElAfeCfg_2[7]
 162  000F  0080     R  	mov _VirefCfg_2[7],a
 162  0010  0700     R  	mov a,_ThirdElAfeCfg_2[8]
 162  0011  0080     R  	mov _VirefCfg_2[8],a
 162  0012  0700     R  	mov a,_ThirdElAfeCfg_2[9]
 162  0013  0080     R  	mov _VirefCfg_2[9],a
 162  0014  0700     R  	mov a,_ThirdElAfeCfg_2[10]
 162  0015  0080     R  	mov _VirefCfg_2[10],a
 162  0016  0700     R  	mov a,_ThirdElAfeCfg_2[11]
 162  0017  0080     R  	mov _VirefCfg_2[11],a
 162  0018  0700     R  	mov a,_ThirdElAfeCfg_2[12]
 162  0019  0080     R  	mov _VirefCfg_2[12],a
 162  001A  2000     R  	call _VirefCfg
 165  001B              #line 165 "d:\d200\product\git\bh66f2455_evm_cgm\2.code\bh66f2455_driver\driver\Afe.c"
 165  001B  0700     R  	mov a,_ThirdElAfeCfg_2[4]
 165  001C  0080     R  	mov _Dac1Cfg_2[0],a
"File: Afe.c         Assembler  Version HGASM0202      Page 11

 165  001D  0700     R  	mov a,_ThirdElAfeCfg_2[5]
 165  001E  0080     R  	mov _Dac1Cfg_2[1],a
 165  001F  0700     R  	mov a,_ThirdElAfeCfg_2[6]
 165  0020  0080     R  	mov _Dac1Cfg_2[2],a
 165  0021  2000     R  	call _Dac1Cfg
 167  0022              #line 167 "d:\d200\product\git\bh66f2455_evm_cgm\2.code\bh66f2455_driver\driver\Afe.c"
 167  0022  0700     R  	mov a,_ThirdElAfeCfg_2[10]
 167  0023  0080     R  	mov _Dac3Cfg_2[0],a
 167  0024  0700     R  	mov a,_ThirdElAfeCfg_2[11]
 167  0025  0080     R  	mov _Dac3Cfg_2[1],a
 167  0026  0700     R  	mov a,_ThirdElAfeCfg_2[12]
 167  0027  0080     R  	mov _Dac3Cfg_2[2],a
 167  0028  2000     R  	call _Dac3Cfg
 170  0029              #line 170 "d:\d200\product\git\bh66f2455_evm_cgm\2.code\bh66f2455_driver\driver\Afe.c"
 170  0029  0700     R  	mov a,_ThirdElAfeCfg_2[13]
 170  002A  0080     R  	mov _Opa1Cfg_2[0],a
 170  002B  0700     R  	mov a,_ThirdElAfeCfg_2[14]
 170  002C  0080     R  	mov _Opa1Cfg_2[1],a
 170  002D  2000     R  	call _Opa1Cfg
 172  002E              #line 172 "d:\d200\product\git\bh66f2455_evm_cgm\2.code\bh66f2455_driver\driver\Afe.c"
 172  002E  0700     R  	mov a,_ThirdElAfeCfg_2[13]
 172  002F  0080     R  	mov _Opa3Cfg_2[0],a
 172  0030  0700     R  	mov a,_ThirdElAfeCfg_2[14]
 172  0031  0080     R  	mov _Opa3Cfg_2[1],a
 172  0032  0700     R  	mov a,_ThirdElAfeCfg_2[15]
 172  0033  0080     R  	mov _Opa3Cfg_2[2],a
 172  0034  0700     R  	mov a,_ThirdElAfeCfg_2[16]
 172  0035  0080     R  	mov _Opa3Cfg_2[3],a
 172  0036  0700     R  	mov a,_ThirdElAfeCfg_2[17]
 172  0037  0080     R  	mov _Opa3Cfg_2[4],a
 172  0038  2000     R  	call _Opa3Cfg
 172  0039  0003        	ret
 172  003A              _ThirdElAfeCfg endp
 172  003A              #line 172 "d:\d200\product\git\bh66f2455_evm_cgm\2.code\bh66f2455_driver\driver\Afe.c"
 172  003A              #pragma debug scope 1 1
 172  003A              public _FourElAfeCfg
 172  003A              #pragma debug scope 13 1
 176  003A              #line 176 "d:\d200\product\git\bh66f2455_evm_cgm\2.code\bh66f2455_driver\driver\Afe.c"
 176  0000              _FourElAfeCfg .section 'code'
 176  0000              _FourElAfeCfg proc
 176  0000              public _FourElAfeCfg_2
 176  0000  0012[           local _FourElAfeCfg_2 db 18 dup(?)	; 18,0
            00
            ]
 176  0012              #pragma debug struct_end
 176  0012              #pragma debug struct_end
 176  0012              #pragma debug struct_end
 176  0012              #pragma debug struct_end
 176  0012              #pragma debug variable 60 13 _FourElAfeCfg_2+0 "afePower"
 176  0012              #pragma debug struct_end
 176  0012              #pragma debug struct_end
 176  0012              #pragma debug struct_end
 176  0012              #pragma debug struct_end
 176  0012              #pragma debug variable 62 13 _FourElAfeCfg_2+13 "opa"
 178  0012              #line 178 "d:\d200\product\git\bh66f2455_evm_cgm\2.code\bh66f2455_driver\driver\Afe.c"
 178  0000  0700     R  	mov a,_FourElAfeCfg_2[0]
 178  0001  0080     R  	mov _VirefCfg_2[0],a
 178  0002  0700     R  	mov a,_FourElAfeCfg_2[1]
 178  0003  0080     R  	mov _VirefCfg_2[1],a
 178  0004  0700     R  	mov a,_FourElAfeCfg_2[2]
"File: Afe.c         Assembler  Version HGASM0202      Page 12

 178  0005  0080     R  	mov _VirefCfg_2[2],a
 178  0006  0700     R  	mov a,_FourElAfeCfg_2[3]
 178  0007  0080     R  	mov _VirefCfg_2[3],a
 178  0008  0700     R  	mov a,_FourElAfeCfg_2[4]
 178  0009  0080     R  	mov _VirefCfg_2[4],a
 178  000A  0700     R  	mov a,_FourElAfeCfg_2[5]
 178  000B  0080     R  	mov _VirefCfg_2[5],a
 178  000C  0700     R  	mov a,_FourElAfeCfg_2[6]
 178  000D  0080     R  	mov _VirefCfg_2[6],a
 178  000E  0700     R  	mov a,_FourElAfeCfg_2[7]
 178  000F  0080     R  	mov _VirefCfg_2[7],a
 178  0010  0700     R  	mov a,_FourElAfeCfg_2[8]
 178  0011  0080     R  	mov _VirefCfg_2[8],a
 178  0012  0700     R  	mov a,_FourElAfeCfg_2[9]
 178  0013  0080     R  	mov _VirefCfg_2[9],a
 178  0014  0700     R  	mov a,_FourElAfeCfg_2[10]
 178  0015  0080     R  	mov _VirefCfg_2[10],a
 178  0016  0700     R  	mov a,_FourElAfeCfg_2[11]
 178  0017  0080     R  	mov _VirefCfg_2[11],a
 178  0018  0700     R  	mov a,_FourElAfeCfg_2[12]
 178  0019  0080     R  	mov _VirefCfg_2[12],a
 178  001A  2000     R  	call _VirefCfg
 181  001B              #line 181 "d:\d200\product\git\bh66f2455_evm_cgm\2.code\bh66f2455_driver\driver\Afe.c"
 181  001B  0700     R  	mov a,_FourElAfeCfg_2[4]
 181  001C  0080     R  	mov _Dac1Cfg_2[0],a
 181  001D  0700     R  	mov a,_FourElAfeCfg_2[5]
 181  001E  0080     R  	mov _Dac1Cfg_2[1],a
 181  001F  0700     R  	mov a,_FourElAfeCfg_2[6]
 181  0020  0080     R  	mov _Dac1Cfg_2[2],a
 181  0021  2000     R  	call _Dac1Cfg
 183  0022              #line 183 "d:\d200\product\git\bh66f2455_evm_cgm\2.code\bh66f2455_driver\driver\Afe.c"
 183  0022  0700     R  	mov a,_FourElAfeCfg_2[10]
 183  0023  0080     R  	mov _Dac3Cfg_2[0],a
 183  0024  0700     R  	mov a,_FourElAfeCfg_2[11]
 183  0025  0080     R  	mov _Dac3Cfg_2[1],a
 183  0026  0700     R  	mov a,_FourElAfeCfg_2[12]
 183  0027  0080     R  	mov _Dac3Cfg_2[2],a
 183  0028  2000     R  	call _Dac3Cfg
 185  0029              #line 185 "d:\d200\product\git\bh66f2455_evm_cgm\2.code\bh66f2455_driver\driver\Afe.c"
 185  0029  0700     R  	mov a,_FourElAfeCfg_2[7]
 185  002A  0080     R  	mov _Dac2Cfg_2[0],a
 185  002B  0700     R  	mov a,_FourElAfeCfg_2[8]
 185  002C  0080     R  	mov _Dac2Cfg_2[1],a
 185  002D  0700     R  	mov a,_FourElAfeCfg_2[9]
 185  002E  0080     R  	mov _Dac2Cfg_2[2],a
 185  002F  2000     R  	call _Dac2Cfg
 188  0030              #line 188 "d:\d200\product\git\bh66f2455_evm_cgm\2.code\bh66f2455_driver\driver\Afe.c"
 188  0030  0700     R  	mov a,_FourElAfeCfg_2[13]
 188  0031  0080     R  	mov _Opa1Cfg_2[0],a
 188  0032  0700     R  	mov a,_FourElAfeCfg_2[14]
 188  0033  0080     R  	mov _Opa1Cfg_2[1],a
 188  0034  2000     R  	call _Opa1Cfg
 190  0035              #line 190 "d:\d200\product\git\bh66f2455_evm_cgm\2.code\bh66f2455_driver\driver\Afe.c"
 190  0035  0700     R  	mov a,_FourElAfeCfg_2[13]
 190  0036  0080     R  	mov _Opa3Cfg_2[0],a
 190  0037  0700     R  	mov a,_FourElAfeCfg_2[14]
 190  0038  0080     R  	mov _Opa3Cfg_2[1],a
 190  0039  0700     R  	mov a,_FourElAfeCfg_2[15]
 190  003A  0080     R  	mov _Opa3Cfg_2[2],a
 190  003B  0700     R  	mov a,_FourElAfeCfg_2[16]
"File: Afe.c         Assembler  Version HGASM0202      Page 13

 190  003C  0080     R  	mov _Opa3Cfg_2[3],a
 190  003D  0700     R  	mov a,_FourElAfeCfg_2[17]
 190  003E  0080     R  	mov _Opa3Cfg_2[4],a
 190  003F  2000     R  	call _Opa3Cfg
 192  0040              #line 192 "d:\d200\product\git\bh66f2455_evm_cgm\2.code\bh66f2455_driver\driver\Afe.c"
 192  0040  0700     R  	mov a,_FourElAfeCfg_2[15]
 192  0041  0080     R  	mov _Opa2Cfg_2[0],a
 192  0042  0700     R  	mov a,_FourElAfeCfg_2[16]
 192  0043  0080     R  	mov _Opa2Cfg_2[1],a
 192  0044  2000     R  	call _Opa2Cfg
 192  0045  0003        	ret
 192  0046              _FourElAfeCfg endp
 192  0046              #line 192 "d:\d200\product\git\bh66f2455_evm_cgm\2.code\bh66f2455_driver\driver\Afe.c"
 192  0046              #pragma debug scope 1 1
 192  0046              public _Disable_AFE
 192  0046              #pragma debug scope 14 1
 196  0046              #line 196 "d:\d200\product\git\bh66f2455_evm_cgm\2.code\bh66f2455_driver\driver\Afe.c"
 196  0000              _Disable_AFE .section 'code'
 196  0000              _Disable_AFE proc
 196  0000  0012[           local _Disable_AFE_2 db 18 dup(?)	; 0,18
            00
            ]
 196  0012              #pragma debug struct_end
 196  0012              #pragma debug struct_end
 196  0012              #pragma debug struct_end
 196  0012              #pragma debug struct_end
 196  0012              #pragma debug variable 64 14 _Disable_AFE_2+0 "afePower"
 196  0012              #pragma debug struct_end
 196  0012              #pragma debug struct_end
 196  0012              #pragma debug struct_end
 196  0012              #pragma debug struct_end
 196  0012              #pragma debug variable 66 14 _Disable_AFE_2+13 "opa"
 206  0012              #line 206 "d:\d200\product\git\bh66f2455_evm_cgm\2.code\bh66f2455_driver\driver\Afe.c"
 206  0000  1F00     R  	clr _FourElAfeCfg_2[13]
 206  0001  0700     R  	mov a,_Disable_AFE_2[14]
 206  0002  0080     R  	mov _FourElAfeCfg_2[14],a
 206  0003  1F00     R  	clr _FourElAfeCfg_2[15]
 206  0004  0700     R  	mov a,_Disable_AFE_2[16]
 206  0005  0080     R  	mov _FourElAfeCfg_2[16],a
 206  0006  1F00     R  	clr _FourElAfeCfg_2[17]
 206  0007  0700     R  	mov a,_Disable_AFE_2[0]
 206  0008  0080     R  	mov _FourElAfeCfg_2[0],a
 206  0009  0700     R  	mov a,_Disable_AFE_2[1]
 206  000A  0080     R  	mov _FourElAfeCfg_2[1],a
 206  000B  0700     R  	mov a,_Disable_AFE_2[2]
 206  000C  0080     R  	mov _FourElAfeCfg_2[2],a
 206  000D  1F00     R  	clr _FourElAfeCfg_2[3]
 206  000E  1F00     R  	clr _FourElAfeCfg_2[4]
 206  000F  0700     R  	mov a,_Disable_AFE_2[5]
 206  0010  0080     R  	mov _FourElAfeCfg_2[5],a
 206  0011  0700     R  	mov a,_Disable_AFE_2[6]
 206  0012  0080     R  	mov _FourElAfeCfg_2[6],a
 206  0013  1F00     R  	clr _FourElAfeCfg_2[7]
 206  0014  0700     R  	mov a,_Disable_AFE_2[8]
 206  0015  0080     R  	mov _FourElAfeCfg_2[8],a
 206  0016  0700     R  	mov a,_Disable_AFE_2[9]
 206  0017  0080     R  	mov _FourElAfeCfg_2[9],a
 206  0018  1F00     R  	clr _FourElAfeCfg_2[10]
 206  0019  0700     R  	mov a,_Disable_AFE_2[11]
 206  001A  0080     R  	mov _FourElAfeCfg_2[11],a
"File: Afe.c         Assembler  Version HGASM0202      Page 14

 206  001B  0700     R  	mov a,_Disable_AFE_2[12]
 206  001C  0080     R  	mov _FourElAfeCfg_2[12],a
 206  001D  2000     R  	call _FourElAfeCfg
 206  001E  0003        	ret
 206  001F              _Disable_AFE endp
 206  001F              #line 206 "d:\d200\product\git\bh66f2455_evm_cgm\2.code\bh66f2455_driver\driver\Afe.c"
 206  001F              #pragma debug scope 1 1
 206  001F              public _ConfigureViref
 206  001F              #pragma debug scope 15 1
 211  001F              #line 211 "d:\d200\product\git\bh66f2455_evm_cgm\2.code\bh66f2455_driver\driver\Afe.c"
 211  0000              _ConfigureViref .section 'code'
 211  0000              _ConfigureViref proc
 211  0000  000E[           local _ConfigureViref_2 db 14 dup(?)	; 0,14
            00
            ]
 211  0000  0080     E  	mov ra,a
 211  0001              #pragma debug variable 8 15 _ConfigureViref_2+13 "data"
 211  0001              #pragma debug struct_end
 211  0001              #pragma debug struct_end
 211  0001              #pragma debug struct_end
 211  0001              #pragma debug struct_end
 211  0001              #pragma debug variable 68 15 _ConfigureViref_2+0 "afePower"
 215  0001              #line 215 "d:\d200\product\git\bh66f2455_evm_cgm\2.code\bh66f2455_driver\driver\Afe.c"
 215  0001  0700     E  	mov a,ra
 215  0002  0080     R  	mov _ConfigureViref_2[2],a
 218  0003              #line 218 "d:\d200\product\git\bh66f2455_evm_cgm\2.code\bh66f2455_driver\driver\Afe.c"
 218  0003  0F01        	mov a,1
 218  0004  0080     R  	mov _VirefCfg_2[0],a
 218  0005  1F00     R  	clr _VirefCfg_2[1]
 218  0006  0700     R  	mov a,_ConfigureViref_2[2]
 218  0007  0080     R  	mov _VirefCfg_2[2],a
 218  0008  0F01        	mov a,1
 218  0009  0080     R  	mov _VirefCfg_2[3],a
 218  000A  0700     R  	mov a,_ConfigureViref_2[4]
 218  000B  0080     R  	mov _VirefCfg_2[4],a
 218  000C  0700     R  	mov a,_ConfigureViref_2[5]
 218  000D  0080     R  	mov _VirefCfg_2[5],a
 218  000E  0700     R  	mov a,_ConfigureViref_2[6]
 218  000F  0080     R  	mov _VirefCfg_2[6],a
 218  0010  0700     R  	mov a,_ConfigureViref_2[7]
 218  0011  0080     R  	mov _VirefCfg_2[7],a
 218  0012  0700     R  	mov a,_ConfigureViref_2[8]
 218  0013  0080     R  	mov _VirefCfg_2[8],a
 218  0014  0700     R  	mov a,_ConfigureViref_2[9]
 218  0015  0080     R  	mov _VirefCfg_2[9],a
 218  0016  0700     R  	mov a,_ConfigureViref_2[10]
 218  0017  0080     R  	mov _VirefCfg_2[10],a
 218  0018  0700     R  	mov a,_ConfigureViref_2[11]
 218  0019  0080     R  	mov _VirefCfg_2[11],a
 218  001A  0700     R  	mov a,_ConfigureViref_2[12]
 218  001B  0080     R  	mov _VirefCfg_2[12],a
 218  001C  2000     R  	call _VirefCfg
 218  001D  0003        	ret
 218  001E              _ConfigureViref endp
 218  001E              #line 218 "d:\d200\product\git\bh66f2455_evm_cgm\2.code\bh66f2455_driver\driver\Afe.c"
 218  001E              #pragma debug scope 1 1
 218  001E              public _ConfigureDAC1
 218  001E              #pragma debug scope 16 1
 223  001E              #line 223 "d:\d200\product\git\bh66f2455_evm_cgm\2.code\bh66f2455_driver\driver\Afe.c"
 223  0000              _ConfigureDAC1 .section 'code'
"File: Afe.c         Assembler  Version HGASM0202      Page 15

 223  0000              _ConfigureDAC1 proc
 223  0000              public _ConfigureDAC1_2
 223  0000  0005[           local _ConfigureDAC1_2 db 5 dup(?)	; 2,3
            00
            ]
 223  0005              #pragma debug variable 12 16 _ConfigureDAC1_2+0 "data"
 223  0005              #pragma debug struct_end
 223  0005              #pragma debug struct_end
 223  0005              #pragma debug variable 69 16 _ConfigureDAC1_2+2 "dac"
 226  0005              #line 226 "d:\d200\product\git\bh66f2455_evm_cgm\2.code\bh66f2455_driver\driver\Afe.c"
 226  0000  0700     R  	mov a,_ConfigureDAC1_2[0]
 226  0001  0080     R  	mov _ConfigureDAC1_2[3],a
 226  0002  0700     R  	mov a,_ConfigureDAC1_2[1]
 226  0003  0080     R  	mov _ConfigureDAC1_2[4],a
 227  0004              #line 227 "d:\d200\product\git\bh66f2455_evm_cgm\2.code\bh66f2455_driver\driver\Afe.c"
 227  0004  0F01        	mov a,1
 227  0005  0080     R  	mov _Dac1Cfg_2[0],a
 227  0006  0700     R  	mov a,_ConfigureDAC1_2[3]
 227  0007  0080     R  	mov _Dac1Cfg_2[1],a
 227  0008  0700     R  	mov a,_ConfigureDAC1_2[4]
 227  0009  0080     R  	mov _Dac1Cfg_2[2],a
 227  000A  2000     R  	call _Dac1Cfg
 227  000B  0003        	ret
 227  000C              _ConfigureDAC1 endp
 227  000C              #line 227 "d:\d200\product\git\bh66f2455_evm_cgm\2.code\bh66f2455_driver\driver\Afe.c"
 227  000C              #pragma debug scope 1 1
 227  000C              public _ConfigureDAC2
 227  000C              #pragma debug scope 17 1
 232  000C              #line 232 "d:\d200\product\git\bh66f2455_evm_cgm\2.code\bh66f2455_driver\driver\Afe.c"
 232  0000              _ConfigureDAC2 .section 'code'
 232  0000              _ConfigureDAC2 proc
 232  0000              public _ConfigureDAC2_2
 232  0000  0005[           local _ConfigureDAC2_2 db 5 dup(?)	; 2,3
            00
            ]
 232  0005              #pragma debug variable 12 17 _ConfigureDAC2_2+0 "data"
 232  0005              #pragma debug struct_end
 232  0005              #pragma debug struct_end
 232  0005              #pragma debug variable 70 17 _ConfigureDAC2_2+2 "dac"
 235  0005              #line 235 "d:\d200\product\git\bh66f2455_evm_cgm\2.code\bh66f2455_driver\driver\Afe.c"
 235  0000  0700     R  	mov a,_ConfigureDAC2_2[0]
 235  0001  0080     R  	mov _ConfigureDAC2_2[3],a
 235  0002  0700     R  	mov a,_ConfigureDAC2_2[1]
 235  0003  0080     R  	mov _ConfigureDAC2_2[4],a
 236  0004              #line 236 "d:\d200\product\git\bh66f2455_evm_cgm\2.code\bh66f2455_driver\driver\Afe.c"
 236  0004  0F01        	mov a,1
 236  0005  0080     R  	mov _Dac2Cfg_2[0],a
 236  0006  0700     R  	mov a,_ConfigureDAC2_2[3]
 236  0007  0080     R  	mov _Dac2Cfg_2[1],a
 236  0008  0700     R  	mov a,_ConfigureDAC2_2[4]
 236  0009  0080     R  	mov _Dac2Cfg_2[2],a
 236  000A  2000     R  	call _Dac2Cfg
 236  000B  0003        	ret
 236  000C              _ConfigureDAC2 endp
 236  000C              #line 236 "d:\d200\product\git\bh66f2455_evm_cgm\2.code\bh66f2455_driver\driver\Afe.c"
 236  000C              #pragma debug scope 1 1
 236  000C              public _ConfigureDAC3
 236  000C              #pragma debug scope 18 1
 241  000C              #line 241 "d:\d200\product\git\bh66f2455_evm_cgm\2.code\bh66f2455_driver\driver\Afe.c"
 241  0000              _ConfigureDAC3 .section 'code'
"File: Afe.c         Assembler  Version HGASM0202      Page 16

 241  0000              _ConfigureDAC3 proc
 241  0000              public _ConfigureDAC3_2
 241  0000  0005[           local _ConfigureDAC3_2 db 5 dup(?)	; 2,3
            00
            ]
 241  0005              #pragma debug variable 12 18 _ConfigureDAC3_2+0 "data"
 241  0005              #pragma debug struct_end
 241  0005              #pragma debug struct_end
 241  0005              #pragma debug variable 71 18 _ConfigureDAC3_2+2 "dac"
 244  0005              #line 244 "d:\d200\product\git\bh66f2455_evm_cgm\2.code\bh66f2455_driver\driver\Afe.c"
 244  0000  0700     R  	mov a,_ConfigureDAC3_2[0]
 244  0001  0080     R  	mov _ConfigureDAC3_2[3],a
 244  0002  0700     R  	mov a,_ConfigureDAC3_2[1]
 244  0003  0080     R  	mov _ConfigureDAC3_2[4],a
 245  0004              #line 245 "d:\d200\product\git\bh66f2455_evm_cgm\2.code\bh66f2455_driver\driver\Afe.c"
 245  0004  0F01        	mov a,1
 245  0005  0080     R  	mov _Dac3Cfg_2[0],a
 245  0006  0700     R  	mov a,_ConfigureDAC3_2[3]
 245  0007  0080     R  	mov _Dac3Cfg_2[1],a
 245  0008  0700     R  	mov a,_ConfigureDAC3_2[4]
 245  0009  0080     R  	mov _Dac3Cfg_2[2],a
 245  000A  2000     R  	call _Dac3Cfg
 245  000B  0003        	ret
 245  000C              _ConfigureDAC3 endp
 245  000C              #line 245 "d:\d200\product\git\bh66f2455_evm_cgm\2.code\bh66f2455_driver\driver\Afe.c"
 245  000C              #pragma debug scope 1 1
 245  000C              #pragma debug struct_end
 245  000C              #pragma debug struct_end
 245  000C              #pragma debug union_end
 245  000C              #pragma debug union_end
 245  000C              #pragma debug variable 73 1 ___irefc "__irefc" 1
 245  000C              #pragma debug variable 8 1 ___pvref "__pvref" 1
 245  000C              #pragma debug struct_end
 245  000C              #pragma debug struct_end
 245  000C              #pragma debug union_end
 245  000C              #pragma debug union_end
 245  000C              #pragma debug variable 75 1 ___opac "__opac" 1
 245  000C              #pragma debug struct_end
 245  000C              #pragma debug struct_end
 245  000C              #pragma debug union_end
 245  000C              #pragma debug union_end
 245  000C              #pragma debug variable 77 1 ___gsc1 "__gsc1" 1
 245  000C              #pragma debug struct_end
 245  000C              #pragma debug struct_end
 245  000C              #pragma debug union_end
 245  000C              #pragma debug union_end
 245  000C              #pragma debug variable 79 1 ___afeda1c "__afeda1c" 1
 245  000C              #pragma debug variable 8 1 ___afeda1l "__afeda1l" 1
 245  000C              #pragma debug variable 8 1 ___afeda1h "__afeda1h" 1
 245  000C              #pragma debug struct_end
 245  000C              #pragma debug struct_end
 245  000C              #pragma debug union_end
 245  000C              #pragma debug union_end
 245  000C              #pragma debug variable 81 1 ___afeda2c "__afeda2c" 1
 245  000C              #pragma debug variable 8 1 ___afeda2l "__afeda2l" 1
 245  000C              #pragma debug variable 8 1 ___afeda2h "__afeda2h" 1
 245  000C              #pragma debug struct_end
 245  000C              #pragma debug struct_end
 245  000C              #pragma debug union_end
 245  000C              #pragma debug union_end
"File: Afe.c         Assembler  Version HGASM0202      Page 17

 245  000C              #pragma debug variable 83 1 ___afeda3c "__afeda3c" 1
 245  000C              #pragma debug variable 8 1 ___afeda3l "__afeda3l" 1
 245  000C              #pragma debug variable 8 1 ___afeda3h "__afeda3h" 1
 245  000C              #pragma debug struct_end
 245  000C              #pragma debug struct_end
 245  000C              #pragma debug union_end
 245  000C              #pragma debug union_end
 245  000C              #pragma debug variable 85 1 ___fbrc "__fbrc" 1
 245  000C              
 245  000C              ; 
 245  000C              ; Generated by holtek-gcc v3.19, Mon Jul 14 16:56:28 2025
 245  000C              ; Rebuild 718
 245  000C              ; end of file


        0 Errors, 0