"File: main.c        Assembler  Version HGASM0202      Page 1


   1  0000              ; Generated by holtek-gcc v3.19, Mon Jul 14 16:56:27 2025
   2  0000              ; 
   3  0000              ; Configuration:
   4  0000              ;       with long instruction
   5  0000              ;       Single ROM, Multi-RAM
   6  0000              ;       bits_per_rom_unit:16
   7  0000              ;       with mp1
   8  0000              ;       with tbhp, address(0x9)
   9  0000              ;          Use tabrd-const
  10  0000              ;       
  11  0000              ; SFR address of long-instruction arch:
  12  0000              ;    mp0 = -1,1,0
  13  0000              ;    mp1 = 4,3,2
  14  0000              ;    mp2 = 14,13,12
  15  0000              ;    tbp = 9,7,8
  16  0000              ;    acc = 5
  17  0000              ;    pcl = 6
  18  0000              ;    status = 10
  19  0000              ;    bp = 11
  20  0000              ;    intc = 32
  21  0000              ;       
  22  0000              ;       
  23  0000              ; use 'tabrdc' instead of 'tabrd'
  24  0000              ;       
  25  0000              
  26  0000              #pragma translator "holtek-gcc 4.6.4" "3.19" "build 20130711"
  27  0000              ; Rebuild 718
  28  0000              
  29  0000              ir equ [2]
  30  0000              mp equ [3]
  31  0000              sbp equ [4]
  32  0000              acc equ [5]
  33  0000              bp equ [11]
  34  0000              tblp equ [7]
  35  0000              tbhp equ [9]
  36  0000              status equ [10]
  37  0000              c equ [10].0
  38  0000              ac equ [10].1
  39  0000              z equ [10].2
  40  0000              ov equ [10].3
  41  0000              cz equ [10].6
  42  0000              sc equ [10].7
  43  0000              intc equ [32]
  44  0000              
  45  0000              extern ra:byte
  46  0000              extern rb:byte
  47  0000              extern rc:byte
  48  0000              extern rd:byte
  49  0000              extern re:byte
  50  0000              extern rf:byte
  51  0000              extern rg:byte
  52  0000              extern rh:byte
  53  0000              extern _Crom2Prom:near
  54  0000              extern _Crom2PromNext:near
  55  0000              
  56  0000              RAMBANK 0 @BITDATASEC, @BITDATASEC1
  57  0000              @HCCINIT	.section 'data'
  58  0000              @HCCINIT0	.section 'data'
  59  0000              @BITDATASEC	 .section 'data'
"File: main.ASM      Assembler  Version HGASM0202      Page 2

  60  0000              @BITDATASEC1	 .section 'data'
  61  0000              
  62  0000              #pragma debug scope 1 1
  63  0000              	extern __DELAY3:near
  64  0000              	extern __DELAYX3:near
  65  0000              	extern __DELAYX6:near
  66  0000              	extern __DELAYY5:near
  67  0000              	extern __DELAYY3:near
  68  0000              	extern _builtin_holtek_delay_2:byte
  69  0000              ___status equ [10]
  70  0000              ___pa equ [20]
  71  0000              public _main
  72  0000              #pragma debug scope 2 1

  48  0000              #line 48 "d:\d200\product\git\bh66f2455_evm_cgm\2.code\bh66f2455_driver\application_projects\source\main.c"
  48  0000              IFDEF WITH_DEFAULT_STARTUP
  48  0000              extern _main_initial0:near
  48  0000              extern _main_startup:near
  48  0000              ENDIF
  48  0000              
  48  0000              ROMBANK 0 @start
  48  0000              @start .section com_l 'code'
  48  0000              _main_startup1:
  48  0000              @start .section com_e 'code'
  48  0000  2800     R  	jmp _main
  48  0001              
  48  0000              _main .section 'code'
  48  0000              _main proc
  48  0000  0004[           local _main_2 db 4 dup(?)
            00
            ]
  51  0004              #line 51 "d:\d200\product\git\bh66f2455_evm_cgm\2.code\bh66f2455_driver\application_projects\source\main.c"
  51  0000  3A8A        	snz [10].5
  51  0001  2800     R  	jmp _L2
  51  0002              #line 51 "d:\d200\product\git\bh66f2455_evm_cgm\2.code\bh66f2455_driver\application_projects\source\main.c"
  51  0002  3E0A        	sz [10].4
  51  0003  2800     R  	jmp _L3
  51  0004              _L2:
  51  0004              #pragma debug scope 3 2
  51  0004              ;begin block, line: 51.-1
  51  0004              #pragma debug variable 14 3 _main_2+0 "restartNum"
  53  0004              #line 53 "d:\d200\product\git\bh66f2455_evm_cgm\2.code\bh66f2455_driver\application_projects\source\main.c"
  53  0004  2000     E  	call _Sys_PowerOnInit
  55  0005              #line 55 "d:\d200\product\git\bh66f2455_evm_cgm\2.code\bh66f2455_driver\application_projects\source\main.c"
  55  0005  2000     E  	call _Sys_ReadCalibratePara
  57  0006              #line 57 "d:\d200\product\git\bh66f2455_evm_cgm\2.code\bh66f2455_driver\application_projects\source\main.c"
  57  0006  2000     E  	call _Init_AFE
  59  0007              #line 59 "d:\d200\product\git\bh66f2455_evm_cgm\2.code\bh66f2455_driver\application_projects\source\main.c"
  59  0007  1F00     R  	clr _main_2[0]
  59  0008  1F00     R  	clr _main_2[1]
  59  0009  1F00     R  	clr _main_2[2]
  59  000A  1F00     R  	clr _main_2[3]
  60  000B              #line 60 "d:\d200\product\git\bh66f2455_evm_cgm\2.code\bh66f2455_driver\application_projects\source\main.c"
  60  000B  0F04        	mov a,4
  60  000C  0080     E  	mov _Eeprom_ReadBuff_2[4],a
  60  000D  1F00     E  	clr _Eeprom_ReadBuff_2[5]
  60  000E  0F00     R  	mov a,low offset _main_2
  60  000F  0080     E  	mov _Eeprom_ReadBuff_2[2],a
  60  0010  0F00     R  	mov a,high offset _main_2
  60  0011  0080     E  	mov _Eeprom_ReadBuff_2[3],a
"File: main.c        Assembler  Version HGASM0202      Page 3

  60  0012  0FFC        	mov a,-4
  60  0013  0080     E  	mov _Eeprom_ReadBuff_2[0],a
  60  0014  0F01        	mov a,1
  60  0015  0080     E  	mov _Eeprom_ReadBuff_2[1],a
  60  0016  2000     E  	call _Eeprom_ReadBuff
  61  0017              #line 61 "d:\d200\product\git\bh66f2455_evm_cgm\2.code\bh66f2455_driver\application_projects\source\main.c"
  61  0017  0F01        	mov a,1
  61  0018  0380     R  	addm a,_main_2[0]
  61  0019  0F00        	mov a,0
  61  001A  1380     R  	adcm a,_main_2[1]
  61  001B  1380     R  	adcm a,_main_2[2]
  61  001C  1380     R  	adcm a,_main_2[3]
  62  001D              #line 62 "d:\d200\product\git\bh66f2455_evm_cgm\2.code\bh66f2455_driver\application_projects\source\main.c"
  62  001D  0F04        	mov a,4
  62  001E  0080     E  	mov _Eeprom_WriteBuf_2[4],a
  62  001F  1F00     E  	clr _Eeprom_WriteBuf_2[5]
  62  0020  0F00     R  	mov a,low offset _main_2
  62  0021  0080     E  	mov _Eeprom_WriteBuf_2[2],a
  62  0022  0F00     R  	mov a,high offset _main_2
  62  0023  0080     E  	mov _Eeprom_WriteBuf_2[3],a
  62  0024  0FFC        	mov a,-4
  62  0025  0080     E  	mov _Eeprom_WriteBuf_2[0],a
  62  0026  0F01        	mov a,1
  62  0027  0080     E  	mov _Eeprom_WriteBuf_2[1],a
  62  0028  2000     E  	call _Eeprom_WriteBuf
  63  0029              #line 63 "d:\d200\product\git\bh66f2455_evm_cgm\2.code\bh66f2455_driver\application_projects\source\main.c"
  63  0029  0F36        	mov a,54
  63  002A  0300     E  	add a,_cgmApiP[0]
  63  002B  0083        	mov mp,a
  63  002C  0F00        	mov a,0
  63  002D  1300     E  	adc a,_cgmApiP[1]
  63  002E  0084        	mov sbp,a
  63  002F  0700     R  	mov a,_main_2[0]
  63  0030  0082        	mov ir,a
  63  0031  1483        	inc mp
  63  0032  0700     R  	mov a,_main_2[1]
  63  0033  0082        	mov ir,a
  63  0034  1483        	inc mp
  63  0035  0700     R  	mov a,_main_2[2]
  63  0036  0082        	mov ir,a
  63  0037  1483        	inc mp
  63  0038  0700     R  	mov a,_main_2[3]
  63  0039  0082        	mov ir,a
  63  003A              #pragma debug scope 2 1
  52  003A              #line 52 "d:\d200\product\git\bh66f2455_evm_cgm\2.code\bh66f2455_driver\application_projects\source\main.c"
  52  003A  2800     R  	jmp _L4
  52  003B              _L3:
  70  003B              #line 70 "d:\d200\product\git\bh66f2455_evm_cgm\2.code\bh66f2455_driver\application_projects\source\main.c"
  70  003B              ;# 70 "d:\d200\product\git\bh66f2455_evm_cgm\2.code\bh66f2455_driver\application_projects\source\main.c" 1
  70  003B  0001        	clr wdt
  70  003C              _L4:
  74  003C              #line 74 "d:\d200\product\git\bh66f2455_evm_cgm\2.code\bh66f2455_driver\application_projects\source\main.c"
  74  003C              ;# 74 "d:\d200\product\git\bh66f2455_evm_cgm\2.code\bh66f2455_driver\application_projects\source\main.c" 1
  74  003C  0001        	clr wdt
  76  003D              #line 76 "d:\d200\product\git\bh66f2455_evm_cgm\2.code\bh66f2455_driver\application_projects\source\main.c"
  76  003D  1F00     R  	clr _isWork[0]
  83  003E              #line 83 "d:\d200\product\git\bh66f2455_evm_cgm\2.code\bh66f2455_driver\application_projects\source\main.c"
  83  003E  3E94        	sz [20].5
  83  003F  2800     R  	jmp _L6
  85  0040              #line 85 "d:\d200\product\git\bh66f2455_evm_cgm\2.code\bh66f2455_driver\application_projects\source\main.c"
"File: main.c        Assembler  Version HGASM0202      Page 4

  85  0040  0F01        	mov a,1
  85  0041  0080     R  	mov _isWork[0],a
  85  0042              _L6:
  89  0042              #line 89 "d:\d200\product\git\bh66f2455_evm_cgm\2.code\bh66f2455_driver\application_projects\source\main.c"
  89  0042  1E00     R  	snz _isWork[0]
  89  0043  2800     R  	jmp _L7
  91  0044              #line 91 "d:\d200\product\git\bh66f2455_evm_cgm\2.code\bh66f2455_driver\application_projects\source\main.c"
  91  0044  2000     E  	call _Protocol_RxLoop
  93  0045              #line 93 "d:\d200\product\git\bh66f2455_evm_cgm\2.code\bh66f2455_driver\application_projects\source\main.c"
  93  0045  2000     E  	call _Work_Mode_Polling
  97  0046              #line 97 "d:\d200\product\git\bh66f2455_evm_cgm\2.code\bh66f2455_driver\application_projects\source\main.c"
  97  0046  2000     E  	call _Protocol_TxLoop
  97  0047  2800     R  	jmp _L4
  97  0048              _L7:
 101  0048              #line 101 "d:\d200\product\git\bh66f2455_evm_cgm\2.code\bh66f2455_driver\application_projects\source\main.c"
 101  0048  2000     E  	call _Enter_Halt
 103  0049              #line 103 "d:\d200\product\git\bh66f2455_evm_cgm\2.code\bh66f2455_driver\application_projects\source\main.c"
 103  0049  2000     E  	call _WakeUpInit
 103  004A  2800     R  	jmp _L4
 103  004B  2800     R  	jmp $
 103  004C              _main endp
 103  004C              
 103  004C              @dummy endp
 103  004C              
 103  004C              #line 103 "d:\d200\product\git\bh66f2455_evm_cgm\2.code\bh66f2455_driver\application_projects\source\main.c"
 103  004C              #pragma debug scope 1 1
  45  004C              #line 45 "d:\d200\product\git\bh66f2455_evm_cgm\2.code\bh66f2455_driver\application_projects\source\main.c"
  45  004C              public _isWork
  45  0000              @HCCINIT0_isWork .section 'data'
  45  0000              _isWork	db 0
  45  0001              #pragma debug variable 8 1 _isWork "isWork"
  45  0001              
  45  0000              @HCCINIT .section 'data'
  45  0000              #pragma debug struct_end
  45  0000              #pragma debug struct_end
  45  0000              #pragma debug union_end
  45  0000              #pragma debug union_end
  45  0000              #pragma debug variable 43 1 ___status "__status" 1
  45  0000              #pragma debug struct_end
  45  0000              #pragma debug struct_end
  45  0000              #pragma debug union_end
  45  0000              #pragma debug union_end
  45  0000              #pragma debug variable 45 1 ___pa "__pa" 1
  45  0000              
  45  0000              ; output external variables
  45  0000              extern _cgmApiP:byte
  48  0000              #line 48 "d:\d200\product\git\bh66f2455_evm_cgm\2.code\bh66f2455_driver\application_projects\source\main.c"
  48  0000              @code .section at 0 'code'
  48  0000  2800     R  	jmp _main_startup1
  48  0001              
  48  0001              extern _Sys_PowerOnInit:near
  48  0001              extern _Sys_ReadCalibratePara:near
  48  0001              extern _Init_AFE:near
  48  0001              extern _Eeprom_ReadBuff_2:byte
  48  0001              extern _Eeprom_ReadBuff:near
  48  0001              extern _Eeprom_WriteBuf_2:byte
  48  0001              extern _Eeprom_WriteBuf:near
  48  0001              extern _Protocol_RxLoop:near
  48  0001              extern _Work_Mode_Polling:near
  48  0001              extern _Protocol_TxLoop:near
"File: main.c        Assembler  Version HGASM0202      Page 5

  48  0001              extern _Enter_Halt:near
  48  0001              extern _WakeUpInit:near
  48  0001              
  48  0001              ; 
  48  0001              ; Generated by holtek-gcc v3.19, Mon Jul 14 16:56:27 2025
  48  0001              ; Rebuild 718
  48  0001              ; end of file


        0 Errors, 0