"File: Oscillators.c  Assembler  Version HGASM0202      Page 1


   1  0000              ; Generated by holtek-gcc v3.19, Mon Jul 14 16:56:27 2025
   2  0000              ; 
   3  0000              ; Configuration:
   4  0000              ;       with long instruction
   5  0000              ;       Single ROM, Multi-RAM
   6  0000              ;       bits_per_rom_unit:16
   7  0000              ;       with mp1
   8  0000              ;       with tbhp, address(0x9)
   9  0000              ;          Use tabrd-const
  10  0000              ;       
  11  0000              ; SFR address of long-instruction arch:
  12  0000              ;    mp0 = -1,1,0
  13  0000              ;    mp1 = 4,3,2
  14  0000              ;    mp2 = 14,13,12
  15  0000              ;    tbp = 9,7,8
  16  0000              ;    acc = 5
  17  0000              ;    pcl = 6
  18  0000              ;    status = 10
  19  0000              ;    bp = 11
  20  0000              ;    intc = 32
  21  0000              ;       
  22  0000              ;       
  23  0000              ; use 'tabrdc' instead of 'tabrd'
  24  0000              ;       
  25  0000              
  26  0000              #pragma translator "holtek-gcc 4.6.4" "3.19" "build 20130711"
  27  0000              ; Rebuild 718
  28  0000              
  29  0000              ir equ [2]
  30  0000              mp equ [3]
  31  0000              sbp equ [4]
  32  0000              acc equ [5]
  33  0000              bp equ [11]
  34  0000              tblp equ [7]
  35  0000              tbhp equ [9]
  36  0000              status equ [10]
  37  0000              c equ [10].0
  38  0000              ac equ [10].1
  39  0000              z equ [10].2
  40  0000              ov equ [10].3
  41  0000              cz equ [10].6
  42  0000              sc equ [10].7
  43  0000              intc equ [32]
  44  0000              
  45  0000              extern ra:byte
  46  0000              extern rb:byte
  47  0000              extern rc:byte
  48  0000              extern rd:byte
  49  0000              extern re:byte
  50  0000              extern rf:byte
  51  0000              extern rg:byte
  52  0000              extern rh:byte
  53  0000              extern _Crom2Prom:near
  54  0000              extern _Crom2PromNext:near
  55  0000              
  56  0000              RAMBANK 0 @BITDATASEC, @BITDATASEC1
  57  0000              @HCCINIT	.section 'data'
  58  0000              @HCCINIT0	.section 'data'
  59  0000              @BITDATASEC	 .section 'data'
"File: Oscillators.ASM  Assembler  Version HGASM0202      Page 2

  60  0000              @BITDATASEC1	 .section 'data'
  61  0000              
  62  0000              #pragma debug scope 1 1
  63  0000              	extern __DELAY3:near
  64  0000              	extern __DELAYX3:near
  65  0000              	extern __DELAYX6:near
  66  0000              	extern __DELAYY5:near
  67  0000              	extern __DELAYY3:near
  68  0000              	extern _builtin_holtek_delay_2:byte
  69  0000              ___scc equ [16]
  70  0000              ___ircc equ [17]
  71  0000              public _Oscillators_Cfg
  72  0000              #pragma debug scope 2 1

  46  0000              #line 46 "d:\d200\product\git\bh66f2455_evm_cgm\2.code\bh66f2455_driver\driver\Oscillators.c"
  46  0000              _Oscillators_Cfg .section 'code'
  46  0000              _Oscillators_Cfg proc
  46  0000              public _Oscillators_Cfg_2
  46  0000  0002[           local _Oscillators_Cfg_2 db 2 dup(?)	; 2,0
            00
            ]
  46  0002              #pragma debug struct_end
  46  0002              #pragma debug struct_end
  46  0002              #pragma debug pointer 43 42 2
  46  0002              #pragma debug pointer 43 42 2
  46  0002              #pragma debug variable 43 2 _Oscillators_Cfg_2+0 "cfg"
  47  0002              #line 47 "d:\d200\product\git\bh66f2455_evm_cgm\2.code\bh66f2455_driver\driver\Oscillators.c"
  47  0000  0700     R  	mov a,_Oscillators_Cfg_2[0]
  47  0001  0080     E  	mov rb,a
  47  0002  0700     R  	mov a,_Oscillators_Cfg_2[1]
  47  0003  0080     E  	mov rc,a
  47  0004  0700     E  	mov a,rb
  47  0005  0083        	mov mp,a
  47  0006  0700     E  	mov a,rc
  47  0007  0084        	mov sbp,a
  47  0008  2000     E  	call _Crom2Prom
  47  0009  0090        	mov [16],a
  48  000A              #line 48 "d:\d200\product\git\bh66f2455_evm_cgm\2.code\bh66f2455_driver\driver\Oscillators.c"
  48  000A  0F01        	mov a,1
  48  000B  0300     E  	add a,rb
  48  000C  0083        	mov mp,a
  48  000D  0F00        	mov a,0
  48  000E  1300     E  	adc a,rc
  48  000F  0084        	mov sbp,a
  48  0010  2000     E  	call _Crom2Prom
  48  0011  0091        	mov [17],a
  48  0012              _L3:
  49  0012              #line 49 "d:\d200\product\git\bh66f2455_evm_cgm\2.code\bh66f2455_driver\driver\Oscillators.c"
  49  0012  3891        	snz [17].1
  49  0013  2800     R  	jmp _L3
  49  0014  0003        	ret
  49  0015              _Oscillators_Cfg endp
  49  0015              #line 49 "d:\d200\product\git\bh66f2455_evm_cgm\2.code\bh66f2455_driver\driver\Oscillators.c"
  49  0015              #pragma debug scope 1 1
  49  0015              public _SetHaltMode
  49  0015              #pragma debug scope 3 1
  53  0015              #line 53 "d:\d200\product\git\bh66f2455_evm_cgm\2.code\bh66f2455_driver\driver\Oscillators.c"
  53  0000              _SetHaltMode .section 'code'
  53  0000              _SetHaltMode proc
  53  0000  00              local _SetHaltMode_2 db 1 dup(?)	; 0,1
"File: Oscillators.c  Assembler  Version HGASM0202      Page 3

  53  0000  0080     E  	mov ra,a
  53  0001              #pragma debug variable 8 3 _SetHaltMode_2+0 "haltMode"
  54  0001              #line 54 "d:\d200\product\git\bh66f2455_evm_cgm\2.code\bh66f2455_driver\driver\Oscillators.c"
  54  0001  0700     E  	mov a,ra
  54  0002  0090        	mov [16],a
  54  0003  0003        	ret
  54  0004              _SetHaltMode endp
  54  0004              #line 54 "d:\d200\product\git\bh66f2455_evm_cgm\2.code\bh66f2455_driver\driver\Oscillators.c"
  54  0004              #pragma debug scope 1 1
  54  0004              #pragma debug struct_end
  54  0004              #pragma debug struct_end
  54  0004              #pragma debug union_end
  54  0004              #pragma debug union_end
  54  0004              #pragma debug variable 45 1 ___scc "__scc" 1
  54  0004              #pragma debug struct_end
  54  0004              #pragma debug struct_end
  54  0004              #pragma debug union_end
  54  0004              #pragma debug union_end
  54  0004              #pragma debug variable 47 1 ___ircc "__ircc" 1
  54  0004              
  54  0004              ; 
  54  0004              ; Generated by holtek-gcc v3.19, Mon Jul 14 16:56:27 2025
  54  0004              ; Rebuild 718
  54  0004              ; end of file


        0 Errors, 0