"File: Ram.c         Assembler  Version HGASM0202      Page 1


   1  0000              ; Generated by holtek-gcc v3.19, Mon Jul 14 16:56:28 2025
   2  0000              ; 
   3  0000              ; Configuration:
   4  0000              ;       with long instruction
   5  0000              ;       Single ROM, Multi-RAM
   6  0000              ;       bits_per_rom_unit:16
   7  0000              ;       with mp1
   8  0000              ;       with tbhp, address(0x9)
   9  0000              ;          Use tabrd-const
  10  0000              ;       
  11  0000              ; SFR address of long-instruction arch:
  12  0000              ;    mp0 = -1,1,0
  13  0000              ;    mp1 = 4,3,2
  14  0000              ;    mp2 = 14,13,12
  15  0000              ;    tbp = 9,7,8
  16  0000              ;    acc = 5
  17  0000              ;    pcl = 6
  18  0000              ;    status = 10
  19  0000              ;    bp = 11
  20  0000              ;    intc = 32
  21  0000              ;       
  22  0000              ;       
  23  0000              ; use 'tabrdc' instead of 'tabrd'
  24  0000              ;       
  25  0000              
  26  0000              #pragma translator "holtek-gcc 4.6.4" "3.19" "build 20130711"
  27  0000              ; Rebuild 718
  28  0000              
  29  0000              ir equ [2]
  30  0000              mp equ [3]
  31  0000              sbp equ [4]
  32  0000              acc equ [5]
  33  0000              bp equ [11]
  34  0000              tblp equ [7]
  35  0000              tbhp equ [9]
  36  0000              status equ [10]
  37  0000              c equ [10].0
  38  0000              ac equ [10].1
  39  0000              z equ [10].2
  40  0000              ov equ [10].3
  41  0000              cz equ [10].6
  42  0000              sc equ [10].7
  43  0000              intc equ [32]
  44  0000              
  45  0000              extern ra:byte
  46  0000              extern rb:byte
  47  0000              extern rc:byte
  48  0000              extern rd:byte
  49  0000              extern re:byte
  50  0000              extern rf:byte
  51  0000              extern rg:byte
  52  0000              extern rh:byte
  53  0000              extern _Crom2Prom:near
  54  0000              extern _Crom2PromNext:near
  55  0000              
  56  0000              RAMBANK 0 @BITDATASEC, @BITDATASEC1
  57  0000              @HCCINIT	.section 'data'
  58  0000              @HCCINIT0	.section 'data'
  59  0000              @BITDATASEC	 .section 'data'
"File: Ram.ASM       Assembler  Version HGASM0202      Page 2

  60  0000              @BITDATASEC1	 .section 'data'
  61  0000              
  62  0000              #pragma debug scope 1 1
  63  0000              	extern __DELAY3:near
  64  0000              	extern __DELAYX3:near
  65  0000              	extern __DELAYX6:near
  66  0000              	extern __DELAYY5:near
  67  0000              	extern __DELAYY3:near
  68  0000              	extern _builtin_holtek_delay_2:byte
  69  0000              ___mp1h equ [4]
  70  0000              ___mp1l equ [3]
  71  0000              ___tblp equ [7]
  72  0000              ___iar1 equ [2]
  73  0000              public _Ram_Clear
  74  0000              #pragma debug scope 2 1

  43  0000              #line 43 "d:\d200\product\git\bh66f2455_evm_cgm\2.code\bh66f2455_driver\driver\Ram.c"
  43  0000              _Ram_Clear .section 'code'
  43  0000              _Ram_Clear proc
  44  0000              #line 44 "d:\d200\product\git\bh66f2455_evm_cgm\2.code\bh66f2455_driver\driver\Ram.c"
  44  0000  1F04        	clr [4]
  45  0001              #line 45 "d:\d200\product\git\bh66f2455_evm_cgm\2.code\bh66f2455_driver\driver\Ram.c"
  45  0001  0F80        	mov a,128
  45  0002  0083        	mov [3],a
  45  0003              _L2:
  46  0003              #line 46 "d:\d200\product\git\bh66f2455_evm_cgm\2.code\bh66f2455_driver\driver\Ram.c"
  46  0003  0F03        	mov a,3
  46  0004  0204        	sub a,[4]
  46  0005  380A        	snz c
  46  0006  2800     R  	jmp _L9
  48  0007              #line 48 "d:\d200\product\git\bh66f2455_evm_cgm\2.code\bh66f2455_driver\driver\Ram.c"
  48  0007  1F07        	clr [7]
  48  0008              _L3:
  48  0008  3F87        	sz [7].7
  48  0009  2800     R  	jmp _L10
  50  000A              #line 50 "d:\d200\product\git\bh66f2455_evm_cgm\2.code\bh66f2455_driver\driver\Ram.c"
  50  000A  1F02        	clr [2]
  51  000B              #line 51 "d:\d200\product\git\bh66f2455_evm_cgm\2.code\bh66f2455_driver\driver\Ram.c"
  51  000B  1483        	inc [3]
  48  000C              #line 48 "d:\d200\product\git\bh66f2455_evm_cgm\2.code\bh66f2455_driver\driver\Ram.c"
  48  000C  1487        	inc [7]
  48  000D  2800     R  	jmp _L3
  48  000E              _L10:
  53  000E              #line 53 "d:\d200\product\git\bh66f2455_evm_cgm\2.code\bh66f2455_driver\driver\Ram.c"
  53  000E  0F80        	mov a,128
  53  000F  0083        	mov [3],a
  54  0010              #line 54 "d:\d200\product\git\bh66f2455_evm_cgm\2.code\bh66f2455_driver\driver\Ram.c"
  54  0010  1484        	inc [4]
  54  0011  2800     R  	jmp _L2
  54  0012              _L9:
  57  0012              #line 57 "d:\d200\product\git\bh66f2455_evm_cgm\2.code\bh66f2455_driver\driver\Ram.c"
  57  0012  0F03        	mov a,3
  57  0013  0084        	mov [4],a
  58  0014              #line 58 "d:\d200\product\git\bh66f2455_evm_cgm\2.code\bh66f2455_driver\driver\Ram.c"
  58  0014  1F03        	clr [3]
  59  0015              #line 59 "d:\d200\product\git\bh66f2455_evm_cgm\2.code\bh66f2455_driver\driver\Ram.c"
  59  0015  1F07        	clr [7]
  59  0016  2800     R  	jmp _L6
  59  0017              _L7:
  61  0017              #line 61 "d:\d200\product\git\bh66f2455_evm_cgm\2.code\bh66f2455_driver\driver\Ram.c"
"File: Ram.c         Assembler  Version HGASM0202      Page 3

  61  0017  1F02        	clr [2]
  62  0018              #line 62 "d:\d200\product\git\bh66f2455_evm_cgm\2.code\bh66f2455_driver\driver\Ram.c"
  62  0018  1483        	inc [3]
  59  0019              #line 59 "d:\d200\product\git\bh66f2455_evm_cgm\2.code\bh66f2455_driver\driver\Ram.c"
  59  0019  1487        	inc [7]
  59  001A              _L6:
  59  001A  0F3F        	mov a,63
  59  001B  0207        	sub a,[7]
  59  001C  3C0A        	sz c
  59  001D  2800     R  	jmp _L7
  59  001E  0003        	ret
  59  001F              _Ram_Clear endp
  59  001F              #line 59 "d:\d200\product\git\bh66f2455_evm_cgm\2.code\bh66f2455_driver\driver\Ram.c"
  59  001F              #pragma debug scope 1 1
  59  001F              #pragma debug variable 8 1 ___mp1l "__mp1l" 1
  59  001F              #pragma debug variable 8 1 ___mp1h "__mp1h" 1
  59  001F              #pragma debug variable 8 1 ___tblp "__tblp" 1
  59  001F              #pragma debug variable 8 1 ___iar1 "__iar1" 1
  59  001F              
  59  001F              ; 
  59  001F              ; Generated by holtek-gcc v3.19, Mon Jul 14 16:56:28 2025
  59  001F              ; Rebuild 718
  59  001F              ; end of file


        0 Errors, 0