"File: Uart.c        Assembler  Version HGASM0202      Page 1


   1  0000              ; Generated by holtek-gcc v3.19, Mon Jul 14 16:56:28 2025
   2  0000              ; 
   3  0000              ; Configuration:
   4  0000              ;       with long instruction
   5  0000              ;       Single ROM, Multi-RAM
   6  0000              ;       bits_per_rom_unit:16
   7  0000              ;       with mp1
   8  0000              ;       with tbhp, address(0x9)
   9  0000              ;          Use tabrd-const
  10  0000              ;       
  11  0000              ; SFR address of long-instruction arch:
  12  0000              ;    mp0 = -1,1,0
  13  0000              ;    mp1 = 4,3,2
  14  0000              ;    mp2 = 14,13,12
  15  0000              ;    tbp = 9,7,8
  16  0000              ;    acc = 5
  17  0000              ;    pcl = 6
  18  0000              ;    status = 10
  19  0000              ;    bp = 11
  20  0000              ;    intc = 32
  21  0000              ;       
  22  0000              ;       
  23  0000              ; use 'tabrdc' instead of 'tabrd'
  24  0000              ;       
  25  0000              
  26  0000              #pragma translator "holtek-gcc 4.6.4" "3.19" "build 20130711"
  27  0000              ; Rebuild 718
  28  0000              
  29  0000              ir equ [2]
  30  0000              mp equ [3]
  31  0000              sbp equ [4]
  32  0000              acc equ [5]
  33  0000              bp equ [11]
  34  0000              tblp equ [7]
  35  0000              tbhp equ [9]
  36  0000              status equ [10]
  37  0000              c equ [10].0
  38  0000              ac equ [10].1
  39  0000              z equ [10].2
  40  0000              ov equ [10].3
  41  0000              cz equ [10].6
  42  0000              sc equ [10].7
  43  0000              intc equ [32]
  44  0000              
  45  0000              extern ra:byte
  46  0000              extern rb:byte
  47  0000              extern rc:byte
  48  0000              extern rd:byte
  49  0000              extern re:byte
  50  0000              extern rf:byte
  51  0000              extern rg:byte
  52  0000              extern rh:byte
  53  0000              extern _Crom2Prom:near
  54  0000              extern _Crom2PromNext:near
  55  0000              
  56  0000              RAMBANK 0 @BITDATASEC, @BITDATASEC1
  57  0000              @HCCINIT	.section 'data'
  58  0000              @HCCINIT0	.section 'data'
  59  0000              @BITDATASEC	 .section 'data'
"File: Uart.ASM      Assembler  Version HGASM0202      Page 2

  60  0000              @BITDATASEC1	 .section 'data'
  61  0000              
  62  0000              #pragma debug scope 1 1
  63  0000              	extern __DELAY3:near
  64  0000              	extern __DELAYX3:near
  65  0000              	extern __DELAYX6:near
  66  0000              	extern __DELAYY5:near
  67  0000              	extern __DELAYY3:near
  68  0000              	extern _builtin_holtek_delay_2:byte
  69  0000              ___pas1 equ [124]
  70  0000              ___ifs0 equ [317]
  71  0000              ___ucr1 equ [48]
  72  0000              ___ircc equ [17]
  73  0000              ___ufcr equ [53]
  74  0000              ___brdl equ [52]
  75  0000              ___brdh equ [51]
  76  0000              ___ucr2 equ [49]
  77  0000              public _Uart_Cfg
  78  0000              #pragma debug scope 2 1

 133  0000              #line 133 "d:\d200\product\git\bh66f2455_evm_cgm\2.code\bh66f2455_driver\driver\Uart.c"
 133  0000              _Uart_Cfg .section 'code'
 133  0000              _Uart_Cfg proc
 133  0000              public _Uart_Cfg_2
 133  0000  0003[           local _Uart_Cfg_2 db 3 dup(?)	; 2,1
            00
            ]
 133  0003              #pragma debug struct_end
 133  0003              #pragma debug struct_end
 133  0003              #pragma debug union_end
 133  0003              #pragma debug union_end
 133  0003              #pragma debug struct_end
 133  0003              #pragma debug struct_end
 133  0003              #pragma debug pointer 45 44 2
 133  0003              #pragma debug pointer 45 44 2
 133  0003              #pragma debug variable 45 2 _Uart_Cfg_2+0 "cfg_t"
 135  0003              #line 135 "d:\d200\product\git\bh66f2455_evm_cgm\2.code\bh66f2455_driver\driver\Uart.c"
 135  0000  32FC        	set [124].5
 135  0001  327C        	set [124].4
 141  0002              #line 141 "d:\d200\product\git\bh66f2455_evm_cgm\2.code\bh66f2455_driver\driver\Uart.c"
 141  0002  33FC        	set [124].7
 141  0003  377C        	clr [124].6
 141  0004  B53D 0001   	lclr [317].2
 147  0006              #line 147 "d:\d200\product\git\bh66f2455_evm_cgm\2.code\bh66f2455_driver\driver\Uart.c"
 147  0006  1F30        	clr [48]
 169  0007              #line 169 "d:\d200\product\git\bh66f2455_evm_cgm\2.code\bh66f2455_driver\driver\Uart.c"
 169  0007  3E11        	sz [17].4
 169  0008  2800     R  	jmp _L2
 171  0009              #line 171 "d:\d200\product\git\bh66f2455_evm_cgm\2.code\bh66f2455_driver\driver\Uart.c"
 171  0009  0F08        	mov a,8
 171  000A  00B5        	mov [53],a
 171  000B  0F68        	mov a,104
 171  000C  00B4        	mov [52],a
 171  000D  2800     R  	jmp _L4
 171  000E              _L2:
 175  000E              #line 175 "d:\d200\product\git\bh66f2455_evm_cgm\2.code\bh66f2455_driver\driver\Uart.c"
 175  000E  0F28        	mov a,40
 175  000F  00B5        	mov [53],a
 175  0010  0F0A        	mov a,10
 175  0011  00B4        	mov [52],a
"File: Uart.c        Assembler  Version HGASM0202      Page 3

 175  0012              _L4:
 175  0012  1F33        	clr [51]
 189  0013              #line 189 "d:\d200\product\git\bh66f2455_evm_cgm\2.code\bh66f2455_driver\driver\Uart.c"
 189  0013  0FFC        	mov a,252
 189  0014  06B5        	andm a,[53]
 190  0015              #line 190 "d:\d200\product\git\bh66f2455_evm_cgm\2.code\bh66f2455_driver\driver\Uart.c"
 190  0015  3035        	set [53].0
 191  0016              #line 191 "d:\d200\product\git\bh66f2455_evm_cgm\2.code\bh66f2455_driver\driver\Uart.c"
 191  0016  0700     R  	mov a,_Uart_Cfg_2[0]
 191  0017  0083        	mov mp,a
 191  0018  0700     R  	mov a,_Uart_Cfg_2[1]
 191  0019  0084        	mov sbp,a
 191  001A  2000     E  	call _Crom2Prom
 191  001B  0080     R  	mov _Uart_Cfg_2[2],a
 191  001C  0700     R  	mov a,_Uart_Cfg_2[2]
 191  001D  0E01        	and a,1
 191  001E  0080     E  	mov ra,a
 191  001F  1100     E  	swapa ra
 191  0020  0EF0        	and a,0f0h 
 191  0021  0080     E  	mov ra,a
 191  0022  3631        	clr [49].4
 191  0023  0700     E  	mov a,ra
 191  0024  05B1        	orm a,[49]
 192  0025              #line 192 "d:\d200\product\git\bh66f2455_evm_cgm\2.code\bh66f2455_driver\driver\Uart.c"
 192  0025  2000     E  	call _Crom2Prom
 192  0026  0080     E  	mov rb,a
 192  0027  1F00     E  	clr ra
 192  0028  3C00     E  	sz rb.1
 192  0029  1480     E  	inc ra
 192  002A  1100     E  	swapa ra
 192  002B  1985        	rr acc
 192  002C  0EF8        	and a,0f8h
 192  002D  0080     E  	mov ra,a
 192  002E  35B1        	clr [49].3
 192  002F  0700     E  	mov a,ra
 192  0030  05B1        	orm a,[49]
 193  0031              #line 193 "d:\d200\product\git\bh66f2455_evm_cgm\2.code\bh66f2455_driver\driver\Uart.c"
 193  0031  3131        	set [49].2
 196  0032              #line 196 "d:\d200\product\git\bh66f2455_evm_cgm\2.code\bh66f2455_driver\driver\Uart.c"
 196  0032  1F00     R  	clr _uartStatus[2]
 197  0033              #line 197 "d:\d200\product\git\bh66f2455_evm_cgm\2.code\bh66f2455_driver\driver\Uart.c"
 197  0033  1F00     R  	clr _uartStatus[0]
 197  0034  1F00     R  	clr _uartStatus[1]
 198  0035              #line 198 "d:\d200\product\git\bh66f2455_evm_cgm\2.code\bh66f2455_driver\driver\Uart.c"
 198  0035  0700     R  	mov a,_uartStatus[5]
 198  0036  0080     R  	mov _queue_in[0],a
 198  0037  0700     R  	mov a,_uartStatus[6]
 198  0038  0080     R  	mov _queue_in[1],a
 199  0039              #line 199 "d:\d200\product\git\bh66f2455_evm_cgm\2.code\bh66f2455_driver\driver\Uart.c"
 199  0039  0700     R  	mov a,_uartStatus[5]
 199  003A  0080     R  	mov _queue_out[0],a
 199  003B  0700     R  	mov a,_uartStatus[6]
 199  003C  0080     R  	mov _queue_out[1],a
 200  003D              #line 200 "d:\d200\product\git\bh66f2455_evm_cgm\2.code\bh66f2455_driver\driver\Uart.c"
 200  003D  3400     R  	clr _uartStatus[3].1
 200  003E  0003        	ret
 200  003F              _Uart_Cfg endp
 200  003F              #line 200 "d:\d200\product\git\bh66f2455_evm_cgm\2.code\bh66f2455_driver\driver\Uart.c"
 200  003F              #pragma debug scope 1 1
 200  003F              ___usr equ [47]
"File: Uart.c        Assembler  Version HGASM0202      Page 4

 200  003F              ___acc equ [5]
 200  003F              ___txr_rxr equ [54]
 200  003F              public _Uart_TxByte_Interrupt
 200  003F              #pragma debug scope 3 1
 213  003F              #line 213 "d:\d200\product\git\bh66f2455_evm_cgm\2.code\bh66f2455_driver\driver\Uart.c"
 213  0000              _Uart_TxByte_Interrupt .section 'code'
 213  0000              _Uart_TxByte_Interrupt proc
 213  0000              public _Uart_TxByte_Interrupt_2
 213  0000  0003[           local _Uart_TxByte_Interrupt_2 db 3 dup(?)	; 3,0
            00
            ]
 213  0003              #pragma debug pointer 46 8 3
 213  0003              #pragma debug pointer 46 8 3
 213  0003              #pragma debug variable 46 3 _Uart_TxByte_Interrupt_2+0 "buf"
 213  0003              #pragma debug variable 8 3 _Uart_TxByte_Interrupt_2+2 "len"
 214  0003              #line 214 "d:\d200\product\git\bh66f2455_evm_cgm\2.code\bh66f2455_driver\driver\Uart.c"
 214  0000  1080     R  	sz _uartStatus[2]
 214  0001  2800     R  	jmp _L8
 221  0002              #line 221 "d:\d200\product\git\bh66f2455_evm_cgm\2.code\bh66f2455_driver\driver\Uart.c"
 221  0002  1500     R  	deca _Uart_TxByte_Interrupt_2[2]
 221  0003  0080     R  	mov _uartStatus[2],a
 222  0004              #line 222 "d:\d200\product\git\bh66f2455_evm_cgm\2.code\bh66f2455_driver\driver\Uart.c"
 222  0004  0700     R  	mov a,_Uart_TxByte_Interrupt_2[0]
 222  0005  0080     R  	mov _uartStatus[0],a
 222  0006  0700     R  	mov a,_Uart_TxByte_Interrupt_2[1]
 222  0007  0080     R  	mov _uartStatus[1],a
 223  0008              #line 223 "d:\d200\product\git\bh66f2455_evm_cgm\2.code\bh66f2455_driver\driver\Uart.c"
 223  0008  072F        	mov a,[47]
 223  0009  0085        	mov [5],a
 224  000A              #line 224 "d:\d200\product\git\bh66f2455_evm_cgm\2.code\bh66f2455_driver\driver\Uart.c"
 224  000A  0700     R  	mov a,_uartStatus[0]
 224  000B  0083        	mov mp,a
 224  000C  0700     R  	mov a,_uartStatus[1]
 224  000D  0084        	mov sbp,a
 224  000E  2000     E  	call _Crom2Prom
 224  000F  00B6        	mov [54],a
 225  0010              #line 225 "d:\d200\product\git\bh66f2455_evm_cgm\2.code\bh66f2455_driver\driver\Uart.c"
 225  0010  3000     R  	set _uartStatus[3].0
 226  0011              #line 226 "d:\d200\product\git\bh66f2455_evm_cgm\2.code\bh66f2455_driver\driver\Uart.c"
 226  0011  30B1        	set [49].1
 226  0012  3031        	set [49].0
 228  0013              #line 228 "d:\d200\product\git\bh66f2455_evm_cgm\2.code\bh66f2455_driver\driver\Uart.c"
 228  0013  0F01        	mov a,1
 228  0014  0080     E  	mov ra,a
 228  0015  2800     R  	jmp _L7
 228  0016              _L8:
 216  0016              #line 216 "d:\d200\product\git\bh66f2455_evm_cgm\2.code\bh66f2455_driver\driver\Uart.c"
 216  0016  1F00     E  	clr ra
 216  0017              _L7:
 230  0017              #line 230 "d:\d200\product\git\bh66f2455_evm_cgm\2.code\bh66f2455_driver\driver\Uart.c"
 230  0017  0700     E  	mov a,ra
 230  0018  0003        	ret
 230  0019              _Uart_TxByte_Interrupt endp
 230  0019              #line 230 "d:\d200\product\git\bh66f2455_evm_cgm\2.code\bh66f2455_driver\driver\Uart.c"
 230  0019              #pragma debug scope 1 1
 230  0019              public _Uart_TxByte_Polling
 230  0019              #pragma debug scope 4 1
 241  0019              #line 241 "d:\d200\product\git\bh66f2455_evm_cgm\2.code\bh66f2455_driver\driver\Uart.c"
 241  0000              _Uart_TxByte_Polling .section 'code'
 241  0000              _Uart_TxByte_Polling proc
"File: Uart.c        Assembler  Version HGASM0202      Page 5

 241  0000              public _Uart_TxByte_Polling_2
 241  0000  0003[           local _Uart_TxByte_Polling_2 db 3 dup(?)	; 3,0
            00
            ]
 241  0003              #pragma debug pointer 47 8 4
 241  0003              #pragma debug pointer 47 8 4
 241  0003              #pragma debug variable 47 4 _Uart_TxByte_Polling_2+0 "byte"
 241  0003              #pragma debug variable 8 4 _Uart_TxByte_Polling_2+2 "len"
 242  0003              #line 242 "d:\d200\product\git\bh66f2455_evm_cgm\2.code\bh66f2455_driver\driver\Uart.c"
 242  0000  34B1        	clr [49].1
 242  0001  3431        	clr [49].0
 244  0002              #line 244 "d:\d200\product\git\bh66f2455_evm_cgm\2.code\bh66f2455_driver\driver\Uart.c"
 244  0002  1F00     E  	clr ra
 244  0003  2800     R  	jmp _L10
 244  0004              _L13:
 247  0004              #line 247 "d:\d200\product\git\bh66f2455_evm_cgm\2.code\bh66f2455_driver\driver\Uart.c"
 247  0004  072F        	mov a,[47]
 247  0005  0085        	mov [5],a
 248  0006              #line 248 "d:\d200\product\git\bh66f2455_evm_cgm\2.code\bh66f2455_driver\driver\Uart.c"
 248  0006  0700     R  	mov a,_Uart_TxByte_Polling_2[0]
 248  0007  0083        	mov mp,a
 248  0008  0700     R  	mov a,_Uart_TxByte_Polling_2[1]
 248  0009  0084        	mov sbp,a
 248  000A  2000     E  	call _Crom2Prom
 248  000B  00B6        	mov [54],a
 248  000C              _L12:
 249  000C              #line 249 "d:\d200\product\git\bh66f2455_evm_cgm\2.code\bh66f2455_driver\driver\Uart.c"
 249  000C  38AF        	snz [47].1
 249  000D  2800     R  	jmp _L12
 251  000E              #line 251 "d:\d200\product\git\bh66f2455_evm_cgm\2.code\bh66f2455_driver\driver\Uart.c"
 251  000E  1480     R  	inc _Uart_TxByte_Polling_2[0]
 251  000F  3D0A        	sz z
 251  0010  1480     R  	inc _Uart_TxByte_Polling_2[1]
 244  0011              #line 244 "d:\d200\product\git\bh66f2455_evm_cgm\2.code\bh66f2455_driver\driver\Uart.c"
 244  0011  1480     E  	inc ra
 244  0012              _L10:
 244  0012  0700     E  	mov a,ra
 244  0013  0200     R  	sub a,_Uart_TxByte_Polling_2[2]
 244  0014  390A        	snz z
 244  0015  2800     R  	jmp _L13
 244  0016  0003        	ret
 244  0017              _Uart_TxByte_Polling endp
 244  0017              #line 244 "d:\d200\product\git\bh66f2455_evm_cgm\2.code\bh66f2455_driver\driver\Uart.c"
 244  0017              #pragma debug scope 1 1
 244  0017              public _Uart_IsAvailable_ReadByte
 244  0017              #pragma debug scope 5 1
 263  0017              #line 263 "d:\d200\product\git\bh66f2455_evm_cgm\2.code\bh66f2455_driver\driver\Uart.c"
 263  0000              _Uart_IsAvailable_ReadByte .section 'code'
 263  0000              _Uart_IsAvailable_ReadByte proc
 263  0000              public _Uart_IsAvailable_ReadByte_2
 263  0000  0002[           local _Uart_IsAvailable_ReadByte_2 db 2 dup(?)	; 2,0
            00
            ]
 263  0002              #pragma debug pointer 48 8 5
 263  0002              #pragma debug pointer 48 8 5
 263  0002              #pragma debug variable 48 5 _Uart_IsAvailable_ReadByte_2+0 "byte"
 264  0002              #line 264 "d:\d200\product\git\bh66f2455_evm_cgm\2.code\bh66f2455_driver\driver\Uart.c"
 264  0000  0700     R  	mov a,_queue_out[0]
 264  0001  0080     E  	mov rb,a
 264  0002  0700     R  	mov a,_queue_out[1]
"File: Uart.c        Assembler  Version HGASM0202      Page 6

 264  0003  0080     E  	mov rc,a
 264  0004  0700     R  	mov a,_queue_in[0]
 264  0005  0200     E  	sub a,rb
 264  0006  0700     R  	mov a,_queue_in[1]
 264  0007  1200     E  	sbc a,rc
 264  0008  3B0A        	snz cz
 264  0009  2800     R  	jmp _L15
 264  000A              #line 264 "d:\d200\product\git\bh66f2455_evm_cgm\2.code\bh66f2455_driver\driver\Uart.c"
 264  000A  3800     R  	snz _uartStatus[3].1
 264  000B  2800     R  	jmp _L18
 264  000C              _L15:
 266  000C              #line 266 "d:\d200\product\git\bh66f2455_evm_cgm\2.code\bh66f2455_driver\driver\Uart.c"
 266  000C  0700     R  	mov a,_uartStatus[4]
 266  000D  0300     R  	add a,_uartStatus[5]
 266  000E  0080     E  	mov rd,a
 266  000F  1F05        	clr acc
 266  0010  1300     R  	adc a,_uartStatus[6]
 266  0011  0080     E  	mov re,a
 266  0012  0700     E  	mov a,rb
 266  0013  0200     E  	sub a,rd
 266  0014  0700     E  	mov a,rc
 266  0015  1200     E  	sbc a,re
 266  0016  380A        	snz c
 266  0017  2800     R  	jmp _L17
 268  0018              #line 268 "d:\d200\product\git\bh66f2455_evm_cgm\2.code\bh66f2455_driver\driver\Uart.c"
 268  0018  0700     R  	mov a,_uartStatus[5]
 268  0019  0080     R  	mov _queue_out[0],a
 268  001A  0700     R  	mov a,_uartStatus[6]
 268  001B  0080     R  	mov _queue_out[1],a
 268  001C              _L17:
 270  001C              #line 270 "d:\d200\product\git\bh66f2455_evm_cgm\2.code\bh66f2455_driver\driver\Uart.c"
 270  001C  0700     R  	mov a,_queue_out[0]
 270  001D  0080     E  	mov rb,a
 270  001E  0700     R  	mov a,_queue_out[1]
 270  001F  0080     E  	mov rc,a
 270  0020  0F01        	mov a,1
 270  0021  0300     E  	add a,rb
 270  0022  0080     R  	mov _queue_out[0],a
 270  0023  0F00        	mov a,0
 270  0024  1300     E  	adc a,rc
 270  0025  0080     R  	mov _queue_out[1],a
 270  0026  0700     E  	mov a,rb
 270  0027  0083        	mov mp,a
 270  0028  0700     E  	mov a,rc
 270  0029  0084        	mov sbp,a
 270  002A  2000     E  	call _Crom2Prom
 270  002B  0080     E  	mov ra,a
 270  002C  0700     R  	mov a,_Uart_IsAvailable_ReadByte_2[0]
 270  002D  0083        	mov mp,a
 270  002E  0700     R  	mov a,_Uart_IsAvailable_ReadByte_2[1]
 270  002F  0084        	mov sbp,a
 270  0030  0700     E  	mov a,ra
 270  0031  0082        	mov ir,a
 272  0032              #line 272 "d:\d200\product\git\bh66f2455_evm_cgm\2.code\bh66f2455_driver\driver\Uart.c"
 272  0032  3400     R  	clr _uartStatus[3].1
 273  0033              #line 273 "d:\d200\product\git\bh66f2455_evm_cgm\2.code\bh66f2455_driver\driver\Uart.c"
 273  0033  0F01        	mov a,1
 273  0034  0080     E  	mov ra,a
 273  0035  2800     R  	jmp _L16
 273  0036              _L18:
"File: Uart.c        Assembler  Version HGASM0202      Page 7

 277  0036              #line 277 "d:\d200\product\git\bh66f2455_evm_cgm\2.code\bh66f2455_driver\driver\Uart.c"
 277  0036  1F00     E  	clr ra
 277  0037              _L16:
 279  0037              #line 279 "d:\d200\product\git\bh66f2455_evm_cgm\2.code\bh66f2455_driver\driver\Uart.c"
 279  0037  0700     E  	mov a,ra
 279  0038  0003        	ret
 279  0039              _Uart_IsAvailable_ReadByte endp
 279  0039              #line 279 "d:\d200\product\git\bh66f2455_evm_cgm\2.code\bh66f2455_driver\driver\Uart.c"
 279  0039              #pragma debug scope 1 1
 279  0039              public _UART_ISR
 279  0039              #pragma debug scope 6 1
 289  0039              #line 289 "d:\d200\product\git\bh66f2455_evm_cgm\2.code\bh66f2455_driver\driver\Uart.c"
 289  0000              @UART_ISR_code .section at 48 'code'
 289  0000              ifdef INTERRUPT_DELAY
 289  0000              	nop
 289  0000              endif
 289  0000  0080     E  	mov r1,a
 289  0001  070A        	mov a,status
 289  0002              ifndef INTERRUPT_DELAY
 289  0002  0080     E  	mov r2,a
 289  0003              endif
 289  0003  2800     R  	jmp _UART_ISR
 289  0004              #pragma debug scope 1 1
 289  0004              @dummy48 endp
 289  0004              #pragma debug scope 7 1
 289  0000              _UART_ISR .section 'code'
 289  0000              _UART_ISR proc
 289  0000              ifdef INTERRUPT_DELAY
 289  0000              	mov r2,a
 289  0000              endif
 289  0000  0703        	mov a,mp
 289  0001  0080     E  	mov r3,a
 289  0002  0704        	mov a,sbp
 289  0003  0080     E  	mov r4,a
 289  0004  0707        	mov a,tblp
 289  0005  0080     E  	mov r5,a
 289  0006  0709        	mov a,tbhp
 289  0007  0080     E  	mov r6,a
 291  0008              #line 291 "d:\d200\product\git\bh66f2455_evm_cgm\2.code\bh66f2455_driver\driver\Uart.c"
 291  0008  1F00     E  	clr ra
 291  0009  3F2F        	sz [47].6
 291  000A  1480     E  	inc ra
 291  000B  1F00     E  	clr rc
 291  000C  3EAF        	sz [47].5
 291  000D  1480     E  	inc rc
 291  000E  1F00     E  	clr rb
 291  000F  3E2F        	sz [47].4
 291  0010  1480     E  	inc rb
 291  0011  0700     E  	mov a,rc
 291  0012  0580     E  	orm a,ra
 291  0013  0700     E  	mov a,rb
 291  0014  0580     E  	orm a,ra
 291  0015  1E00     E  	snz ra
 291  0016  2800     R  	jmp _L20
 293  0017              #line 293 "d:\d200\product\git\bh66f2455_evm_cgm\2.code\bh66f2455_driver\driver\Uart.c"
 293  0017  072F        	mov a,[47]
 293  0018  0085        	mov [5],a
 294  0019              #line 294 "d:\d200\product\git\bh66f2455_evm_cgm\2.code\bh66f2455_driver\driver\Uart.c"
 294  0019  0736        	mov a,[54]
 294  001A  0085        	mov [5],a
"File: Uart.c        Assembler  Version HGASM0202      Page 8

 294  001B              _L20:
 297  001B              #line 297 "d:\d200\product\git\bh66f2455_evm_cgm\2.code\bh66f2455_driver\driver\Uart.c"
 297  001B  382F        	snz [47].0
 297  001C  2800     R  	jmp _L21
 299  001D              #line 299 "d:\d200\product\git\bh66f2455_evm_cgm\2.code\bh66f2455_driver\driver\Uart.c"
 299  001D  1E00     R  	snz _uartStatus[2]
 299  001E  2800     R  	jmp _L22
 301  001F              #line 301 "d:\d200\product\git\bh66f2455_evm_cgm\2.code\bh66f2455_driver\driver\Uart.c"
 301  001F  1480     R  	inc _uartStatus[0]
 301  0020  3D0A        	sz z
 301  0021  1480     R  	inc _uartStatus[1]
 302  0022              #line 302 "d:\d200\product\git\bh66f2455_evm_cgm\2.code\bh66f2455_driver\driver\Uart.c"
 302  0022  0700     R  	mov a,_uartStatus[0]
 302  0023  0083        	mov mp,a
 302  0024  0700     R  	mov a,_uartStatus[1]
 302  0025  0084        	mov sbp,a
 302  0026  2000     E  	call _Crom2Prom
 302  0027  00B6        	mov [54],a
 303  0028              #line 303 "d:\d200\product\git\bh66f2455_evm_cgm\2.code\bh66f2455_driver\driver\Uart.c"
 303  0028  1580     R  	dec _uartStatus[2]
 303  0029  2800     R  	jmp _L21
 303  002A              _L22:
 307  002A              #line 307 "d:\d200\product\git\bh66f2455_evm_cgm\2.code\bh66f2455_driver\driver\Uart.c"
 307  002A  38AF        	snz [47].1
 307  002B  2800     R  	jmp _L21
 309  002C              #line 309 "d:\d200\product\git\bh66f2455_evm_cgm\2.code\bh66f2455_driver\driver\Uart.c"
 309  002C  3400     R  	clr _uartStatus[3].0
 309  002D              _L21:
 314  002D              #line 314 "d:\d200\product\git\bh66f2455_evm_cgm\2.code\bh66f2455_driver\driver\Uart.c"
 314  002D  392F        	snz [47].2
 314  002E  2800     R  	jmp _L19
 316  002F              #line 316 "d:\d200\product\git\bh66f2455_evm_cgm\2.code\bh66f2455_driver\driver\Uart.c"
 316  002F  0700     R  	mov a,_queue_in[0]
 316  0030  0080     E  	mov rb,a
 316  0031  0700     R  	mov a,_queue_in[1]
 316  0032  0080     E  	mov rc,a
 316  0033  0700     R  	mov a,_queue_out[0]
 316  0034  0080     E  	mov rd,a
 316  0035  0700     R  	mov a,_queue_out[1]
 316  0036  0080     E  	mov re,a
 316  0037  0700     E  	mov a,rd
 316  0038  0200     E  	sub a,rb
 316  0039  0700     E  	mov a,re
 316  003A  1200     E  	sbc a,rc
 316  003B  3C0A        	sz c
 316  003C  2800     R  	jmp _L25
 316  003D  0700     E  	mov a,rb
 316  003E  0280     E  	subm a,rd
 316  003F  0700     E  	mov a,rc
 316  0040  1280     E  	sbcm a,re
 316  0041  0700     R  	mov a,_uartStatus[4]
 316  0042  0080     E  	mov rf,a
 316  0043  1F00     E  	clr rg
 316  0044  0700     E  	mov a,rd
 316  0045  0200     E  	sub a,rf
 316  0046  0700     E  	mov a,re
 316  0047  1200     E  	sbc a,rg
 316  0048  3B8A        	snz sc
 316  0049  2800     R  	jmp _L19
 316  004A              _L25:
"File: Uart.c        Assembler  Version HGASM0202      Page 9

 320  004A              #line 320 "d:\d200\product\git\bh66f2455_evm_cgm\2.code\bh66f2455_driver\driver\Uart.c"
 320  004A  3C00     R  	sz _uartStatus[3].1
 320  004B  2800     R  	jmp _L19
 327  004C              #line 327 "d:\d200\product\git\bh66f2455_evm_cgm\2.code\bh66f2455_driver\driver\Uart.c"
 327  004C  0700     R  	mov a,_uartStatus[4]
 327  004D  0300     R  	add a,_uartStatus[5]
 327  004E  0080     E  	mov rd,a
 327  004F  1F05        	clr acc
 327  0050  1300     R  	adc a,_uartStatus[6]
 327  0051  0080     E  	mov re,a
 327  0052  0700     E  	mov a,rb
 327  0053  0200     E  	sub a,rd
 327  0054  0700     E  	mov a,rc
 327  0055  1200     E  	sbc a,re
 327  0056  380A        	snz c
 327  0057  2800     R  	jmp _L27
 329  0058              #line 329 "d:\d200\product\git\bh66f2455_evm_cgm\2.code\bh66f2455_driver\driver\Uart.c"
 329  0058  0700     R  	mov a,_uartStatus[5]
 329  0059  0080     R  	mov _queue_in[0],a
 329  005A  0700     R  	mov a,_uartStatus[6]
 329  005B  0080     R  	mov _queue_in[1],a
 329  005C              _L27:
 331  005C              #line 331 "d:\d200\product\git\bh66f2455_evm_cgm\2.code\bh66f2455_driver\driver\Uart.c"
 331  005C  0700     R  	mov a,_queue_in[0]
 331  005D  0080     E  	mov rb,a
 331  005E  0700     R  	mov a,_queue_in[1]
 331  005F  0080     E  	mov rc,a
 331  0060  0F01        	mov a,1
 331  0061  0300     E  	add a,rb
 331  0062  0080     R  	mov _queue_in[0],a
 331  0063  0F00        	mov a,0
 331  0064  1300     E  	adc a,rc
 331  0065  0080     R  	mov _queue_in[1],a
 331  0066  0700     E  	mov a,rb
 331  0067  0083        	mov mp,a
 331  0068  0700     E  	mov a,rc
 331  0069  0084        	mov sbp,a
 331  006A  0736        	mov a,[54]
 331  006B  0082        	mov ir,a
 332  006C              #line 332 "d:\d200\product\git\bh66f2455_evm_cgm\2.code\bh66f2455_driver\driver\Uart.c"
 332  006C  0700     R  	mov a,_queue_in[0]
 332  006D  0200     R  	sub a,_queue_out[0]
 332  006E  0700     R  	mov a,_queue_in[1]
 332  006F  1200     R  	sbc a,_queue_out[1]
 332  0070  3B0A        	snz cz
 332  0071  2800     R  	jmp _L19
 334  0072              #line 334 "d:\d200\product\git\bh66f2455_evm_cgm\2.code\bh66f2455_driver\driver\Uart.c"
 334  0072  3000     R  	set _uartStatus[3].1
 334  0073              _L19:
 334  0073  0700     E  	mov a,r2
 334  0074  008A        	mov status,a
 334  0075  0700     E  	mov a,r3
 334  0076  0083        	mov mp,a
 334  0077  0700     E  	mov a,r4
 334  0078  0084        	mov sbp,a
 334  0079  0700     E  	mov a,r5
 334  007A  0087        	mov tblp,a
 334  007B  0700     E  	mov a,r6
 334  007C  0089        	mov tbhp,a
 334  007D  1D05        	tabrdc acc
"File: Uart.c        Assembler  Version HGASM0202      Page 10

 334  007E  0700     E  	mov a,r1
 334  007F  0004        	reti
 334  0080              _UART_ISR endp
 334  0080              
 334  0080              #line 334 "d:\d200\product\git\bh66f2455_evm_cgm\2.code\bh66f2455_driver\driver\Uart.c"
 334  0080              #pragma debug scope 1 1
 334  0080              public _IntegerToString
 334  0080              #pragma debug scope 8 1
 348  0080              #line 348 "d:\d200\product\git\bh66f2455_evm_cgm\2.code\bh66f2455_driver\driver\Uart.c"
 348  0000              _IntegerToString .section 'code'
 348  0000              _IntegerToString proc
 348  0000              public _IntegerToString_2
 348  0000  0007[           local _IntegerToString_2 db 7 dup(?)	; 7,0
            00
            ]
 348  0007  00              local cr1 dbit
 348  0008              #pragma debug variable 13 8 _IntegerToString_2+0 "value"
 348  0008              #pragma debug pointer 49 8 8
 348  0008              #pragma debug pointer 49 8 8
 348  0008              #pragma debug variable 49 8 _IntegerToString_2+4 "str"
 348  0008              #pragma debug variable 8 8 _IntegerToString_2+6 "size"
 348  0008              #pragma debug variable 2 8 cr1 "isNotFirst"
 348  0000  0700     R  	mov a,_IntegerToString_2[4]
 348  0001  0080     E  	mov rb,a
 348  0002  0700     R  	mov a,_IntegerToString_2[5]
 348  0003  0080     E  	mov rc,a
 349  0004              #line 349 "d:\d200\product\git\bh66f2455_evm_cgm\2.code\bh66f2455_driver\driver\Uart.c"
 349  0004  3800     R  	snz _IntegerToString_2[3].7
 349  0005  2800     R  	jmp _L38
 351  0006              #line 351 "d:\d200\product\git\bh66f2455_evm_cgm\2.code\bh66f2455_driver\driver\Uart.c"
 351  0006  0F00        	mov a,0
 351  0007  0280     R  	subm a,_IntegerToString_2[0]
 351  0008  0F00        	mov a,0
 351  0009  1280     R  	sbcm a,_IntegerToString_2[1]
 351  000A  0F00        	mov a,0
 351  000B  1280     R  	sbcm a,_IntegerToString_2[2]
 351  000C  0F00        	mov a,0
 351  000D  1280     R  	sbcm a,_IntegerToString_2[3]
 352  000E              #line 352 "d:\d200\product\git\bh66f2455_evm_cgm\2.code\bh66f2455_driver\driver\Uart.c"
 352  000E  0700     E  	mov a,rb
 352  000F  0083        	mov mp,a
 352  0010  0700     E  	mov a,rc
 352  0011  0084        	mov sbp,a
 352  0012  0F2D        	mov a,45
 352  0013  0082        	mov ir,a
 352  0014  2800     R  	jmp _L39
 352  0015              _L38:
 356  0015              #line 356 "d:\d200\product\git\bh66f2455_evm_cgm\2.code\bh66f2455_driver\driver\Uart.c"
 356  0015  0700     E  	mov a,rb
 356  0016  0083        	mov mp,a
 356  0017  0700     E  	mov a,rc
 356  0018  0084        	mov sbp,a
 356  0019  0F20        	mov a,32
 356  001A  0082        	mov ir,a
 356  001B              _L39:
 359  001B              #line 359 "d:\d200\product\git\bh66f2455_evm_cgm\2.code\bh66f2455_driver\driver\Uart.c"
 359  001B  3400     R  	clr cr1
 360  001C              #line 360 "d:\d200\product\git\bh66f2455_evm_cgm\2.code\bh66f2455_driver\driver\Uart.c"
 360  001C  1500     R  	deca _IntegerToString_2[6]
 360  001D  0080     E  	mov ra,a
"File: Uart.c        Assembler  Version HGASM0202      Page 11

 360  001E              _L42:
 363  001E              #line 363 "d:\d200\product\git\bh66f2455_evm_cgm\2.code\bh66f2455_driver\driver\Uart.c"
 363  001E  0700     R  	mov a,_IntegerToString_2[0]  
 363  001F  0080     E  	mov _builtin_holtek_udivmodsi4_2[0],a  
 363  0020  0700     R  	mov a,_IntegerToString_2[1]  
 363  0021  0080     E  	mov _builtin_holtek_udivmodsi4_2[1],a
 363  0022  0700     R  	mov a,_IntegerToString_2[2]  
 363  0023  0080     E  	mov _builtin_holtek_udivmodsi4_2[2],a  
 363  0024  0700     R  	mov a,_IntegerToString_2[3]  
 363  0025  0080     E  	mov _builtin_holtek_udivmodsi4_2[3],a
 363  0026  0F0A        	mov a,10  
 363  0027  0080     E  	mov _builtin_holtek_udivmodsi4_2[4],a  
 363  0028  0F00        	mov a,0  
 363  0029  0080     E  	mov _builtin_holtek_udivmodsi4_2[5],a
 363  002A  0F00        	mov a,0  
 363  002B  0080     E  	mov _builtin_holtek_udivmodsi4_2[6],a  
 363  002C  0F00        	mov a,0  
 363  002D  0080     E  	mov _builtin_holtek_udivmodsi4_2[7],a
 363  002E  2000     E  	call _builtin_holtek_divmodsi4
 363  002F  0700     E  	mov a,_builtin_holtek_udivmodsi4_2[8]  
 363  0030  0080     E  	mov rd,a  
 363  0031  0700     E  	mov a,_builtin_holtek_udivmodsi4_2[9]  
 363  0032  0080     E  	mov re,a
 363  0033  0700     E  	mov a,_builtin_holtek_udivmodsi4_2[10] 
 363  0034  0080     E  	mov rf,a  
 363  0035  0700     E  	mov a,_builtin_holtek_udivmodsi4_2[11] 
 363  0036  0080     E  	mov rg,a
 363  0037  0F30        	mov a,48
 363  0038  0380     E  	addm a,rd
 363  0039  0700     E  	mov a,ra
 363  003A  0300     R  	add a,_IntegerToString_2[4]
 363  003B  0083        	mov mp,a
 363  003C  1F05        	clr acc
 363  003D  1300     R  	adc a,_IntegerToString_2[5]
 363  003E  0084        	mov sbp,a
 363  003F  0700     E  	mov a,rd
 363  0040  0082        	mov ir,a
 364  0041              #line 364 "d:\d200\product\git\bh66f2455_evm_cgm\2.code\bh66f2455_driver\driver\Uart.c"
 364  0041  3800     R  	snz cr1
 364  0042  2800     R  	jmp _L40
 364  0043  0700     R  	mov a,_IntegerToString_2[0]
 364  0044  0500     R  	or a,_IntegerToString_2[1]
 364  0045  0500     R  	or a,_IntegerToString_2[2]
 364  0046  0500     R  	or a,_IntegerToString_2[3]
 364  0047  390A        	snz z
 364  0048  2800     R  	jmp _L40
 366  0049              #line 366 "d:\d200\product\git\bh66f2455_evm_cgm\2.code\bh66f2455_driver\driver\Uart.c"
 366  0049  0F20        	mov a,32
 366  004A  0082        	mov ir,a
 366  004B              _L40:
 368  004B              #line 368 "d:\d200\product\git\bh66f2455_evm_cgm\2.code\bh66f2455_driver\driver\Uart.c"
 368  004B  0700     R  	mov a,_IntegerToString_2[0]  
 368  004C  0080     E  	mov _builtin_holtek_udivmodsi4_2[0],a  
 368  004D  0700     R  	mov a,_IntegerToString_2[1]  
 368  004E  0080     E  	mov _builtin_holtek_udivmodsi4_2[1],a
 368  004F  0700     R  	mov a,_IntegerToString_2[2]  
 368  0050  0080     E  	mov _builtin_holtek_udivmodsi4_2[2],a  
 368  0051  0700     R  	mov a,_IntegerToString_2[3]  
 368  0052  0080     E  	mov _builtin_holtek_udivmodsi4_2[3],a
 368  0053  0F0A        	mov a,10  
"File: Uart.c        Assembler  Version HGASM0202      Page 12

 368  0054  0080     E  	mov _builtin_holtek_udivmodsi4_2[4],a  
 368  0055  0F00        	mov a,0  
 368  0056  0080     E  	mov _builtin_holtek_udivmodsi4_2[5],a
 368  0057  0F00        	mov a,0  
 368  0058  0080     E  	mov _builtin_holtek_udivmodsi4_2[6],a  
 368  0059  0F00        	mov a,0  
 368  005A  0080     E  	mov _builtin_holtek_udivmodsi4_2[7],a
 368  005B  2000     E  	call _builtin_holtek_divmodsi4
 368  005C  0700     E  	mov a,_builtin_holtek_udivmodsi4_2[0]  
 368  005D  0080     R  	mov _IntegerToString_2[0],a  
 368  005E  0700     E  	mov a,_builtin_holtek_udivmodsi4_2[1]  
 368  005F  0080     R  	mov _IntegerToString_2[1],a
 368  0060  0700     E  	mov a,_builtin_holtek_udivmodsi4_2[2]  
 368  0061  0080     R  	mov _IntegerToString_2[2],a  
 368  0062  0700     E  	mov a,_builtin_holtek_udivmodsi4_2[3]  
 368  0063  0080     R  	mov _IntegerToString_2[3],a
 369  0064              #line 369 "d:\d200\product\git\bh66f2455_evm_cgm\2.code\bh66f2455_driver\driver\Uart.c"
 369  0064  1580     E  	dec ra
 370  0065              #line 370 "d:\d200\product\git\bh66f2455_evm_cgm\2.code\bh66f2455_driver\driver\Uart.c"
 370  0065  3000     R  	set cr1
 371  0066              #line 371 "d:\d200\product\git\bh66f2455_evm_cgm\2.code\bh66f2455_driver\driver\Uart.c"
 371  0066  1080     E  	sz ra
 371  0067  2800     R  	jmp _L42
 371  0068  0003        	ret
 371  0069              _IntegerToString endp
 371  0069              #line 371 "d:\d200\product\git\bh66f2455_evm_cgm\2.code\bh66f2455_driver\driver\Uart.c"
 371  0069              #pragma debug scope 1 1
 125  0069              #line 125 "d:\d200\product\git\bh66f2455_evm_cgm\2.code\bh66f2455_driver\driver\Uart.c"
 125  0069              public _queue_out
 125  0000              @HCCINIT0_queue_out .section 'data'
 125  0000  0002[       _queue_out	db 2 dup(0)
            00
            ]
 125  0002              #pragma debug pointer 50 8 1
 125  0002              #pragma debug pointer 50 8 1
 125  0002              #pragma debug variable 50 1 _queue_out "queue_out"
 125  0002              
 125  0000              @HCCINIT .section 'data'
 124  0000              #line 124 "d:\d200\product\git\bh66f2455_evm_cgm\2.code\bh66f2455_driver\driver\Uart.c"
 124  0000              public _queue_in
 124  0000              @HCCINIT0_queue_in .section 'data'
 124  0000  0002[       _queue_in	db 2 dup(0)
            00
            ]
 124  0002              #pragma debug variable 50 1 _queue_in "queue_in"
 124  0002              
 124  0000              @HCCINIT .section 'data'
 123  0000              #line 123 "d:\d200\product\git\bh66f2455_evm_cgm\2.code\bh66f2455_driver\driver\Uart.c"
 123  0000              public _uartStatus
 123  0000              @HCCINIT0_uartStatus .section 'data'
 123  0000  0007[       _uartStatus	db 7 dup(0)
            00
            ]
 123  0007              #pragma debug struct_end
 123  0007              #pragma debug struct_end
 123  0007              #pragma debug union_end
 123  0007              #pragma debug union_end
 123  0007              #pragma debug struct_end
 123  0007              #pragma debug struct_end
 123  0007              #pragma debug variable 53 1 _uartStatus "uartStatus"
"File: Uart.c        Assembler  Version HGASM0202      Page 13

 123  0007              
 123  0000              @HCCINIT .section 'data'
 123  0000              #pragma debug variable 8 1 ___acc "__acc" 1
 123  0000              #pragma debug struct_end
 123  0000              #pragma debug struct_end
 123  0000              #pragma debug union_end
 123  0000              #pragma debug union_end
 123  0000              #pragma debug variable 55 1 ___ircc "__ircc" 1
 123  0000              #pragma debug struct_end
 123  0000              #pragma debug struct_end
 123  0000              #pragma debug union_end
 123  0000              #pragma debug union_end
 123  0000              #pragma debug variable 57 1 ___usr "__usr" 1
 123  0000              #pragma debug struct_end
 123  0000              #pragma debug struct_end
 123  0000              #pragma debug union_end
 123  0000              #pragma debug union_end
 123  0000              #pragma debug variable 59 1 ___ucr1 "__ucr1" 1
 123  0000              #pragma debug struct_end
 123  0000              #pragma debug struct_end
 123  0000              #pragma debug union_end
 123  0000              #pragma debug union_end
 123  0000              #pragma debug variable 61 1 ___ucr2 "__ucr2" 1
 123  0000              #pragma debug variable 8 1 ___brdh "__brdh" 1
 123  0000              #pragma debug variable 8 1 ___brdl "__brdl" 1
 123  0000              #pragma debug struct_end
 123  0000              #pragma debug struct_end
 123  0000              #pragma debug union_end
 123  0000              #pragma debug union_end
 123  0000              #pragma debug variable 63 1 ___ufcr "__ufcr" 1
 123  0000              #pragma debug variable 8 1 ___txr_rxr "__txr_rxr" 1
 123  0000              #pragma debug struct_end
 123  0000              #pragma debug struct_end
 123  0000              #pragma debug union_end
 123  0000              #pragma debug union_end
 123  0000              #pragma debug variable 65 1 ___pas1 "__pas1" 1
 123  0000              #pragma debug struct_end
 123  0000              #pragma debug struct_end
 123  0000              #pragma debug union_end
 123  0000              #pragma debug union_end
 123  0000              #pragma debug variable 67 1 ___ifs0 "__ifs0" 1
 123  0000              extern r1:byte
 123  0000              extern r2:byte
 123  0000              extern r3:byte
 123  0000              extern r4:byte
 123  0000              extern r5:byte
 123  0000              extern r6:byte
 123  0000              extern _builtin_holtek_divmodsi4:near
 123  0000              extern _builtin_holtek_udivmodsi4_2:byte
 123  0000              extern _builtin_holtek_udivmodsi4:near
 123  0000              
 123  0000              ; 
 123  0000              ; Generated by holtek-gcc v3.19, Mon Jul 14 16:56:28 2025
 123  0000              ; Rebuild 718
 123  0000              ; end of file


        0 Errors, 0