<html>
<body>
<pre>
<h1>礦ision Build Log</h1>
<h2>Tool Versions:</h2>
IDE-Version: μVision V5.37.0.0
Copyright (C) 2022 ARM Ltd and ARM Germany GmbH. All rights reserved.
License Information: admin admin, admin, LIC=9WSKC-7FW48-DYAV3-AHZUE-PE1BJ-NPH62
 
Tool Versions:
Toolchain:       MDK-ARM Plus  Version: 5.37.0.0
Toolchain Path:  C:\Keil_v5\ARM\ARMCLANG\Bin
C Compiler:      ArmClang.exe V6.18
Assembler:       Armasm.exe V6.18
Linker/Locator:  ArmLink.exe V6.18
Library Manager: ArmAr.exe V6.18
Hex Converter:   FromElf.exe V6.18
CPU DLL:         
Dialog DLL:      
Target DLL:      CMSIS_AGDI_V8M.DLL V1.7.17.0
Dialog DLL:      TCM.DLL V1.56.1.0
 
<h2>Project:</h2>
C:\Users\crh\Desktop\HT67595固件方案\Prj1V0\projects\ble_examples\app\ht32f675x5_r2\project\mp\ble_peripheral_mp.uvprojx
Project File Date:  07/28/2026

<h2>Output:</h2>
*** Using Compiler 'V6.18', folder: 'C:\Keil_v5\ARM\ARMCLANG\Bin'
Rebuild Project 'ble_peripheral_mp' - Target 'ble_peripheral_mp'
compiling app_code_cp.c...
compiling ht32f675x5_boot2_lib_r2_v1.1.c...
compiling imu9dof.c...
compiling system_ARMCM33.c...
compiling ist8310.c...
assembling startup_ARMCM33.s...
compiling err_debug.c...
compiling app_debug.c...
compiling bsp_spi.c...
compiling lpwr_ctrl.c...
compiling lsm6dsow.c...
compiling bsp_uart_irt.c...
compiling gd60932.c...
compiling main.c...
linking...
Program Size: Code=3508 RO-data=24040 RW-data=0 ZI-data=4408  
FromELF: creating hex file...
After Build - User command #1: .\ble_peripheral_mp.bat ".\Objects\ble_peripheral_mp.axf" "C:\Keil_v5\ARM\ARMCLANG\bin\fromelf.exe"
"Make bin success!"
"Make asm success!"
已复制         1 个文件。
".\Objects\ble_peripheral_mp.axf" - 0 Error(s), 0 Warning(s).

<h2>Software Packages used:</h2>

Package Vendor: ARM
                http://www.keil.com/pack/ARM.CMSIS.5.9.0.pack
                ARM.CMSIS.5.9.0
                CMSIS (Common Microcontroller Software Interface Standard)
   * Component: CORE Version: 5.6.0

Package Vendor: Holtek
                https://mcu.holtek.com.tw/pack/Holtek.HT32F675x5_DFP.1.0.5.pack
                Holtek.HT32F675x5_DFP.1.0.5
                Holtek HT32F675x5 Series Device Support

<h2>Collection of Component include folders:</h2>
  ./RTE/_ble_peripheral_mp
  C:/Users/crh/AppData/Local/Arm/Packs/ARM/CMSIS/5.9.0/CMSIS/Core/Include
  C:/Users/crh/AppData/Local/Arm/Packs/Holtek/HT32F675x5_DFP/1.0.5/Device/Include

<h2>Collection of Component Files used:</h2>

   * Component: ARM::CMSIS:CORE:5.6.0
Build Time Elapsed:  00:00:01
</pre>
</body>
</html>
