<html>
<body>
<pre>
<h1>礦ision Build Log</h1>
<h2>Tool Versions:</h2>
IDE-Version: μVision V5.43.1.0
Copyright (C) 2025 ARM Ltd and ARM Germany GmbH. All rights reserved.
License Information: nd bai, fantopo, LIC=LSNXV-PIX9S-74HS0-BMJ31-3PT1Y-WCZVC
 
Tool Versions:
Toolchain:       MDK-ARM Plus  Version: 5.43.0.0
Toolchain Path:  D:\KEIL5\Keil_v5\ARM\ARMCLANG\Bin
C Compiler:      ArmClang.exe V6.24
Assembler:       Armasm.exe V6.24
Linker/Locator:  ArmLink.exe V6.24
Library Manager: ArmAr.exe V6.24
Hex Converter:   FromElf.exe V6.24
CPU DLL:         
Dialog DLL:      
Target DLL:      Segger\JL2CM3.dll V2.99.45.0
Dialog DLL:      TCM.DLL V1.56.6.0
 
<h2>Project:</h2>
D:\2026-07\非视觉感知模组工程文件夹\Prj1V0\projects\ble_peripheral_ht32f675x5\project\mp\ble_peripheral_mp.uvprojx
Project File Date:  09/15/2026

<h2>Output:</h2>
*** Using Compiler 'V6.24', folder: 'D:\KEIL5\Keil_v5\ARM\ARMCLANG\Bin'
Build target 'ble_peripheral_mp'
Note: source file '..\..\..\..\third_party\tflm-tree\tensorflow\lite\kernels\kernel_util.cc' - object file renamed from '.\Objects\kernel_util_nomicro.o' to '.\Objects\kernel_util_nomicro.o'.
Note: source file '..\..\..\..\third_party\tflm-tree\tensorflow\lite\kernels\internal\reference\portable_tensor_utils.cc' - object file renamed from '.\Objects\ref_portable_tensor_utils.o' to '.\Objects\ref_portable_tensor_utils.o'.
Note: source file '..\..\..\..\third_party\tflm-tree\tensorflow\lite\core\c\common.cc' - object file renamed from '.\Objects\c_common.o' to '.\Objects\c_common.o'.
compiling micro_time.cc...
compiling ble_ota_service.c...
compiling err_debug.c...
compiling ota_manager.c...
compiling main.c...
"../../../../sources/device/ht32f675x5/Source/ARM/startup_ARMCM33.s", line 309: Warning: A1581W: Added 2 bytes of padding at address 0xbe
  309 000000c0                 DCD      __heap_limit
0 Errors, 1 Warning
assembling startup_ARMCM33.s...
compiling kernel_util_nomicro.cc...
linking...
.\Objects\ble_peripheral_mp.axf: Warning: L6320W: Ignoring --keep command. Cannot find argument 'g_u8CpAppCode'.
.\ble_peripheral_mp.sct(41): warning: L6314W: No section matches pattern *(.cp.app.code).
Program Size: Code=109772 RO-data=58536 RW-data=84 ZI-data=74816  
Finished: 0 information, 2 warning and 0 error messages.
FromELF: creating hex file...
After Build - User command #1: .\ble_peripheral_mp.bat ".\Objects\ble_peripheral_mp.axf" "D:\KEIL5\Keil_v5\ARM\ARMCLANG\bin\fromelf.exe"
"Make bin success!"
"Make asm success!"
已复制         1 个文件。
".\Objects\ble_peripheral_mp.axf" - 0 Error(s), 2 Warning(s).

<h2>Software Packages used:</h2>

Package Vendor: Holtek
                https://mcu.holtek.com.tw/pack/Holtek.HT32F675x5_DFP.1.0.5.pack
                Holtek::HT32F675x5_DFP@1.0.5
                Holtek HT32F675x5 Series Device Support

<h2>Collection of Component include folders:</h2>
  D:/Keil5/ARM/Packs/Holtek/HT32F675x5_DFP/1.0.5/Device/Include

<h2>Collection of Component Files used:</h2>
Build Time Elapsed:  00:00:07
</pre>
</body>
</html>
