<html>
<body>
<pre>
<h1>礦ision Build Log</h1>
<h2>Tool Versions:</h2>
IDE-Version: μVision V5.37.0.0
Copyright (C) 2022 ARM Ltd and ARM Germany GmbH. All rights reserved.
License Information: admin admin, admin, LIC=9WSKC-7FW48-DYAV3-AHZUE-PE1BJ-NPH62
 
Tool Versions:
Toolchain:       MDK-ARM Plus  Version: 5.37.0.0
Toolchain Path:  C:\Keil_v5\ARM\ARMCLANG\Bin
C Compiler:      ArmClang.exe V6.18
Assembler:       Armasm.exe V6.18
Linker/Locator:  ArmLink.exe V6.18
Library Manager: ArmAr.exe V6.18
Hex Converter:   FromElf.exe V6.18
CPU DLL:         
Dialog DLL:      
Target DLL:      CMSIS_AGDI_V8M.DLL V1.7.17.0
Dialog DLL:      TCM.DLL V1.56.1.0
 
<h2>Project:</h2>
C:\Users\crh\Desktop\HT67595固件方案\Test1V0\HT32F675x5_FWLib_V1.0.7f_425\projects\peripheral_example\spi\ht32f675x5_r2\project\spi.uvprojx
Project File Date:  07/28/2026

<h2>Output:</h2>
*** Using Compiler 'V6.18', folder: 'C:\Keil_v5\ARM\ARMCLANG\Bin'
Rebuild target 'spi'
assembling startup_ARMCM33.s...
compiling ht32f675x5_boot2_lib_r2_v1.1.c...
compiling system_ARMCM33.c...
compiling app_debug.c...
compiling err_debug.c...
compiling main.c...
linking...
Program Size: Code=8698 RO-data=6266 RW-data=4 ZI-data=4520  
FromELF: creating hex file...
After Build - User command #1: fromelf.exe --text -c -o "C:\Users\crh\Desktop\HT67595固件方案\Test1V0\HT32F675x5_FWLib_V1.0.7f_425\projects\peripheral_example\spi\ht32f675x5_r2\project\Objects\spi.asm"  ".\Objects\spi.axf"
After Build - User command #2: cmd /c copy /y .\Objects\spi.hex ..\hex\spi.hex
已复制         1 个文件。
".\Objects\spi.axf" - 0 Error(s), 0 Warning(s).

<h2>Software Packages used:</h2>

Package Vendor: ARM
                http://www.keil.com/pack/ARM.CMSIS.5.9.0.pack
                ARM.CMSIS.5.9.0
                CMSIS (Common Microcontroller Software Interface Standard)
   * Component: CORE Version: 5.6.0

Package Vendor: Holtek
                https://mcu.holtek.com.tw/pack/Holtek.HT32F675x5_DFP.1.0.5.pack
                Holtek.HT32F675x5_DFP.1.0.5
                Holtek HT32F675x5 Series Device Support

<h2>Collection of Component include folders:</h2>
  ./RTE/_spi
  C:/Users/crh/AppData/Local/Arm/Packs/ARM/CMSIS/5.9.0/CMSIS/Core/Include
  C:/Users/crh/AppData/Local/Arm/Packs/Holtek/HT32F675x5_DFP/1.0.5/Device/Include

<h2>Collection of Component Files used:</h2>

   * Component: ARM::CMSIS:CORE:5.6.0
Build Time Elapsed:  00:00:03
</pre>
</body>
</html>
