<html>
<body>
<pre>
<h1>礦ision Build Log</h1>
<h2>Tool Versions:</h2>
IDE-Version: μVision V5.43.1.0
Copyright (C) 2025 ARM Ltd and ARM Germany GmbH. All rights reserved.
License Information: nd bai, fantopo, LIC=LSNXV-PIX9S-74HS0-BMJ31-3PT1Y-WCZVC
 
Tool Versions:
Toolchain:       MDK-ARM Plus  Version: 5.43.0.0
Toolchain Path:  D:\KEIL5\Keil_v5\ARM\ARMCLANG\Bin
C Compiler:      ArmClang.exe V6.24
Assembler:       Armasm.exe V6.24
Linker/Locator:  ArmLink.exe V6.24
Library Manager: ArmAr.exe V6.24
Hex Converter:   FromElf.exe V6.24
CPU DLL:         
Dialog DLL:      
Target DLL:      Segger\JL2CM3.dll V2.99.45.0
Dialog DLL:      TCM.DLL V1.56.6.0
 
<h2>Project:</h2>
D:\360MoveData\Users\BAI26\Desktop\2026-07\非视觉感知模组示例工程\HT32F675x5_FWLib_V1.0.7f_425\projects\peripheral_example\gpio\ht32f675x5_r2\project\gpio.uvprojx
Project File Date:  09/14/2026

<h2>Output:</h2>
*** Using Compiler 'V6.24', folder: 'D:\KEIL5\Keil_v5\ARM\ARMCLANG\Bin'
Build target 'gpio'
linking...
Program Size: Code=3880 RO-data=5912 RW-data=4 ZI-data=4420  
FromELF: creating hex file...
After Build - User command #1: fromelf.exe --text -c -o "D:\360MoveData\Users\BAI26\Desktop\2026-07\非视觉感知模组示例工程\HT32F675x5_FWLib_V1.0.7f_425\projects\peripheral_example\gpio\ht32f675x5_r2\project\Objects\gpio.asm"  ".\Objects\gpio.axf"
After Build - User command #2: cmd /c copy /y .\Objects\gpio.hex ..\hex\gpio.hex
已复制         1 个文件。
".\Objects\gpio.axf" - 0 Error(s), 0 Warning(s).

<h2>Software Packages used:</h2>

Package Vendor: ARM
                https://www.keil.com/pack/ARM.CMSIS.6.3.0.pack
                ARM::CMSIS@6.3.0
                CMSIS (Common Microcontroller Software Interface Standard)
   * Component: CORE Version: 6.2.0

Package Vendor: Holtek
                https://mcu.holtek.com.tw/pack/Holtek.HT32F675x5_DFP.1.0.5.pack
                Holtek::HT32F675x5_DFP@1.0.5
                Holtek HT32F675x5 Series Device Support

<h2>Collection of Component include folders:</h2>
  ./RTE/_gpio
  D:/Keil5/ARM/Packs/ARM/CMSIS/6.3.0/CMSIS/Core/Include
  D:/Keil5/ARM/Packs/Holtek/HT32F675x5_DFP/1.0.5/Device/Include

<h2>Collection of Component Files used:</h2>

   * Component: ARM::CMSIS:CORE@6.2.0
Build Time Elapsed:  00:00:01
</pre>
</body>
</html>
